<?xml version="1.0" encoding="UTF-8"?>
<testsuites disabled="0" errors="1" failures="128" tests="13238">
  <testsuite name="tests/run-test" tests="17" disabled="0" errors="0" failures="0" skipped="1">
    <testcase name="bug75042-2" classname="tests/run-test.bug75042-2">
    </testcase>
    <testcase name="bug75042-3" classname="tests/run-test.bug75042-3">
    </testcase>
    <testcase name="bug75042" classname="tests/run-test.bug75042">
    </testcase>
    <testcase name="test001" classname="tests/run-test.test001">
    </testcase>
    <testcase name="test002" classname="tests/run-test.test002">
    </testcase>
    <testcase name="test003" classname="tests/run-test.test003">
    </testcase>
    <testcase name="test004" classname="tests/run-test.test004">
    </testcase>
    <testcase name="test005" classname="tests/run-test.test005">
    </testcase>
    <testcase name="test006" classname="tests/run-test.test006">
    </testcase>
    <testcase name="test007" classname="tests/run-test.test007">
    </testcase>
    <testcase name="test008" classname="tests/run-test.test008">
      <skipped message="" />
    </testcase>
    <testcase name="test008a" classname="tests/run-test.test008a">
    </testcase>
    <testcase name="test009" classname="tests/run-test.test009">
    </testcase>
    <testcase name="test010" classname="tests/run-test.test010">
    </testcase>
    <testcase name="test011" classname="tests/run-test.test011">
    </testcase>
    <testcase name="test012" classname="tests/run-test.test012">
    </testcase>
    <testcase name="test013" classname="tests/run-test.test013">
    </testcase>
  </testsuite>
  <testsuite name="tests/basic" tests="81" disabled="0" errors="0" failures="2" skipped="1">
    <testcase name="001" classname="tests/basic.001">
    </testcase>
    <testcase name="002" classname="tests/basic.002">
    </testcase>
    <testcase name="003" classname="tests/basic.003">
    </testcase>
    <testcase name="004" classname="tests/basic.004">
    </testcase>
    <testcase name="005" classname="tests/basic.005">
    </testcase>
    <testcase name="006" classname="tests/basic.006">
    </testcase>
    <testcase name="007" classname="tests/basic.007">
    </testcase>
    <testcase name="008" classname="tests/basic.008">
    </testcase>
    <testcase name="009" classname="tests/basic.009">
    </testcase>
    <testcase name="010" classname="tests/basic.010">
    </testcase>
    <testcase name="011" classname="tests/basic.011">
    </testcase>
    <testcase name="012" classname="tests/basic.012">
    </testcase>
    <testcase name="013" classname="tests/basic.013">
    </testcase>
    <testcase name="014" classname="tests/basic.014">
    </testcase>
    <testcase name="015" classname="tests/basic.015">
    </testcase>
    <testcase name="016" classname="tests/basic.016">
    </testcase>
    <testcase name="017" classname="tests/basic.017">
    </testcase>
    <testcase name="018" classname="tests/basic.018">
    </testcase>
    <testcase name="019" classname="tests/basic.019">
    </testcase>
    <testcase name="020" classname="tests/basic.020">
    </testcase>
    <testcase name="021" classname="tests/basic.021">
    </testcase>
    <testcase name="022" classname="tests/basic.022">
      <failure message="" />
    </testcase>
    <testcase name="023" classname="tests/basic.023">
    </testcase>
    <testcase name="025" classname="tests/basic.025">
    </testcase>
    <testcase name="027" classname="tests/basic.027">
    </testcase>
    <testcase name="028" classname="tests/basic.028">
    </testcase>
    <testcase name="029" classname="tests/basic.029">
    </testcase>
    <testcase name="030" classname="tests/basic.030">
    </testcase>
    <testcase name="031" classname="tests/basic.031">
    </testcase>
    <testcase name="032" classname="tests/basic.032">
    </testcase>
    <testcase name="bug20539" classname="tests/basic.bug20539">
    </testcase>
    <testcase name="bug29971" classname="tests/basic.bug29971">
    </testcase>
    <testcase name="bug31875" classname="tests/basic.bug31875">
    </testcase>
    <testcase name="bug45986" classname="tests/basic.bug45986">
    </testcase>
    <testcase name="bug53180" classname="tests/basic.bug53180">
    </testcase>
    <testcase name="bug54514" classname="tests/basic.bug54514">
    </testcase>
    <testcase name="bug55500" classname="tests/basic.bug55500">
    </testcase>
    <testcase name="bug61000" classname="tests/basic.bug61000">
    </testcase>
    <testcase name="bug67198" classname="tests/basic.bug67198">
    </testcase>
    <testcase name="bug67988" classname="tests/basic.bug67988">
    </testcase>
    <testcase name="bug71273" classname="tests/basic.bug71273">
      <failure message="" />
    </testcase>
    <testcase name="bug73969" classname="tests/basic.bug73969">
    </testcase>
    <testcase name="enable_post_data_reading_01" classname="tests/basic.enable_post_data_reading_01">
    </testcase>
    <testcase name="enable_post_data_reading_02" classname="tests/basic.enable_post_data_reading_02">
    </testcase>
    <testcase name="enable_post_data_reading_03" classname="tests/basic.enable_post_data_reading_03">
    </testcase>
    <testcase name="enable_post_data_reading_04" classname="tests/basic.enable_post_data_reading_04">
    </testcase>
    <testcase name="enable_post_data_reading_05" classname="tests/basic.enable_post_data_reading_05">
    </testcase>
    <testcase name="enable_post_data_reading_06" classname="tests/basic.enable_post_data_reading_06">
    </testcase>
    <testcase name="enable_post_data_reading_07" classname="tests/basic.enable_post_data_reading_07">
    </testcase>
    <testcase name="encoding" classname="tests/basic.encoding">
    </testcase>
    <testcase name="header_register_callback" classname="tests/basic.header_register_callback">
    </testcase>
    <testcase name="precision" classname="tests/basic.precision">
    </testcase>
    <testcase name="req44164" classname="tests/basic.req44164">
    </testcase>
    <testcase name="req60524-win" classname="tests/basic.req60524-win">
      <skipped message="" />
    </testcase>
    <testcase name="req60524" classname="tests/basic.req60524">
    </testcase>
    <testcase name="rfc1867_anonymous_upload" classname="tests/basic.rfc1867_anonymous_upload">
    </testcase>
    <testcase name="rfc1867_array_upload" classname="tests/basic.rfc1867_array_upload">
    </testcase>
    <testcase name="rfc1867_boundary_1" classname="tests/basic.rfc1867_boundary_1">
    </testcase>
    <testcase name="rfc1867_boundary_2" classname="tests/basic.rfc1867_boundary_2">
    </testcase>
    <testcase name="rfc1867_empty_upload" classname="tests/basic.rfc1867_empty_upload">
    </testcase>
    <testcase name="rfc1867_file_upload_disabled" classname="tests/basic.rfc1867_file_upload_disabled">
    </testcase>
    <testcase name="rfc1867_garbled_mime_headers" classname="tests/basic.rfc1867_garbled_mime_headers">
    </testcase>
    <testcase name="rfc1867_invalid_boundary" classname="tests/basic.rfc1867_invalid_boundary">
    </testcase>
    <testcase name="rfc1867_malicious_input" classname="tests/basic.rfc1867_malicious_input">
    </testcase>
    <testcase name="rfc1867_max_file_size" classname="tests/basic.rfc1867_max_file_size">
    </testcase>
    <testcase name="rfc1867_max_file_uploads_empty_files" classname="tests/basic.rfc1867_max_file_uploads_empty_files">
    </testcase>
    <testcase name="rfc1867_missing_boundary" classname="tests/basic.rfc1867_missing_boundary">
    </testcase>
    <testcase name="rfc1867_missing_boundary_2" classname="tests/basic.rfc1867_missing_boundary_2">
    </testcase>
    <testcase name="rfc1867_post_max_filesize" classname="tests/basic.rfc1867_post_max_filesize">
    </testcase>
    <testcase name="rfc1867_post_max_size" classname="tests/basic.rfc1867_post_max_size">
    </testcase>
    <testcase name="timeout_variation_0" classname="tests/basic.timeout_variation_0">
    </testcase>
    <testcase name="timeout_variation_1" classname="tests/basic.timeout_variation_1">
    </testcase>
    <testcase name="timeout_variation_10" classname="tests/basic.timeout_variation_10">
    </testcase>
    <testcase name="timeout_variation_2" classname="tests/basic.timeout_variation_2">
    </testcase>
    <testcase name="timeout_variation_3" classname="tests/basic.timeout_variation_3">
    </testcase>
    <testcase name="timeout_variation_4" classname="tests/basic.timeout_variation_4">
    </testcase>
    <testcase name="timeout_variation_5" classname="tests/basic.timeout_variation_5">
    </testcase>
    <testcase name="timeout_variation_6" classname="tests/basic.timeout_variation_6">
    </testcase>
    <testcase name="timeout_variation_7" classname="tests/basic.timeout_variation_7">
    </testcase>
    <testcase name="timeout_variation_8" classname="tests/basic.timeout_variation_8">
    </testcase>
    <testcase name="timeout_variation_9" classname="tests/basic.timeout_variation_9">
    </testcase>
  </testsuite>
  <testsuite name="tests/classes" tests="292" disabled="0" errors="0" failures="0" skipped="0">
    <testcase name="__call_001" classname="tests/classes.__call_001">
    </testcase>
    <testcase name="__call_002" classname="tests/classes.__call_002">
    </testcase>
    <testcase name="__call_003" classname="tests/classes.__call_003">
    </testcase>
    <testcase name="__call_004" classname="tests/classes.__call_004">
    </testcase>
    <testcase name="__call_005" classname="tests/classes.__call_005">
    </testcase>
    <testcase name="__call_006" classname="tests/classes.__call_006">
    </testcase>
    <testcase name="__call_007" classname="tests/classes.__call_007">
    </testcase>
    <testcase name="__set__get_001" classname="tests/classes.__set__get_001">
    </testcase>
    <testcase name="__set__get_002" classname="tests/classes.__set__get_002">
    </testcase>
    <testcase name="__set__get_003" classname="tests/classes.__set__get_003">
    </testcase>
    <testcase name="__set__get_004" classname="tests/classes.__set__get_004">
    </testcase>
    <testcase name="__set__get_005" classname="tests/classes.__set__get_005">
    </testcase>
    <testcase name="__set_data_corrupt" classname="tests/classes.__set_data_corrupt">
    </testcase>
    <testcase name="abstract" classname="tests/classes.abstract">
    </testcase>
    <testcase name="abstract_by_interface_001" classname="tests/classes.abstract_by_interface_001">
    </testcase>
    <testcase name="abstract_by_interface_002" classname="tests/classes.abstract_by_interface_002">
    </testcase>
    <testcase name="abstract_class" classname="tests/classes.abstract_class">
    </testcase>
    <testcase name="abstract_derived" classname="tests/classes.abstract_derived">
    </testcase>
    <testcase name="abstract_final" classname="tests/classes.abstract_final">
    </testcase>
    <testcase name="abstract_inherit" classname="tests/classes.abstract_inherit">
    </testcase>
    <testcase name="abstract_not_declared" classname="tests/classes.abstract_not_declared">
    </testcase>
    <testcase name="abstract_redeclare" classname="tests/classes.abstract_redeclare">
    </testcase>
    <testcase name="abstract_static" classname="tests/classes.abstract_static">
    </testcase>
    <testcase name="abstract_user_call" classname="tests/classes.abstract_user_call">
    </testcase>
    <testcase name="array_access_001" classname="tests/classes.array_access_001">
    </testcase>
    <testcase name="array_access_002" classname="tests/classes.array_access_002">
    </testcase>
    <testcase name="array_access_003" classname="tests/classes.array_access_003">
    </testcase>
    <testcase name="array_access_004" classname="tests/classes.array_access_004">
    </testcase>
    <testcase name="array_access_005" classname="tests/classes.array_access_005">
    </testcase>
    <testcase name="array_access_006" classname="tests/classes.array_access_006">
    </testcase>
    <testcase name="array_access_007" classname="tests/classes.array_access_007">
    </testcase>
    <testcase name="array_access_008" classname="tests/classes.array_access_008">
    </testcase>
    <testcase name="array_access_009" classname="tests/classes.array_access_009">
    </testcase>
    <testcase name="array_access_010" classname="tests/classes.array_access_010">
    </testcase>
    <testcase name="array_access_011" classname="tests/classes.array_access_011">
    </testcase>
    <testcase name="array_access_012" classname="tests/classes.array_access_012">
    </testcase>
    <testcase name="array_access_013" classname="tests/classes.array_access_013">
    </testcase>
    <testcase name="array_conversion_keys" classname="tests/classes.array_conversion_keys">
    </testcase>
    <testcase name="arrayobject_001" classname="tests/classes.arrayobject_001">
    </testcase>
    <testcase name="assign_op_property_001" classname="tests/classes.assign_op_property_001">
    </testcase>
    <testcase name="autoload_001" classname="tests/classes.autoload_001">
    </testcase>
    <testcase name="autoload_002" classname="tests/classes.autoload_002">
    </testcase>
    <testcase name="autoload_003" classname="tests/classes.autoload_003">
    </testcase>
    <testcase name="autoload_004" classname="tests/classes.autoload_004">
    </testcase>
    <testcase name="autoload_005" classname="tests/classes.autoload_005">
    </testcase>
    <testcase name="autoload_006" classname="tests/classes.autoload_006">
    </testcase>
    <testcase name="autoload_007" classname="tests/classes.autoload_007">
    </testcase>
    <testcase name="autoload_008" classname="tests/classes.autoload_008">
    </testcase>
    <testcase name="autoload_009" classname="tests/classes.autoload_009">
    </testcase>
    <testcase name="autoload_010" classname="tests/classes.autoload_010">
    </testcase>
    <testcase name="autoload_011" classname="tests/classes.autoload_011">
    </testcase>
    <testcase name="autoload_012" classname="tests/classes.autoload_012">
    </testcase>
    <testcase name="autoload_013" classname="tests/classes.autoload_013">
    </testcase>
    <testcase name="autoload_014" classname="tests/classes.autoload_014">
    </testcase>
    <testcase name="autoload_015" classname="tests/classes.autoload_015">
    </testcase>
    <testcase name="autoload_016" classname="tests/classes.autoload_016">
    </testcase>
    <testcase name="autoload_017" classname="tests/classes.autoload_017">
    </testcase>
    <testcase name="autoload_018" classname="tests/classes.autoload_018">
    </testcase>
    <testcase name="autoload_019" classname="tests/classes.autoload_019">
    </testcase>
    <testcase name="autoload_020" classname="tests/classes.autoload_020">
    </testcase>
    <testcase name="autoload_021" classname="tests/classes.autoload_021">
    </testcase>
    <testcase name="bug23951" classname="tests/classes.bug23951">
    </testcase>
    <testcase name="bug24399" classname="tests/classes.bug24399">
    </testcase>
    <testcase name="bug24445" classname="tests/classes.bug24445">
    </testcase>
    <testcase name="bug26737" classname="tests/classes.bug26737">
    </testcase>
    <testcase name="bug27468" classname="tests/classes.bug27468">
    </testcase>
    <testcase name="bug27504" classname="tests/classes.bug27504">
    </testcase>
    <testcase name="bug29446" classname="tests/classes.bug29446">
    </testcase>
    <testcase name="bug63462" classname="tests/classes.bug63462">
    </testcase>
    <testcase name="bug65768" classname="tests/classes.bug65768">
    </testcase>
    <testcase name="bug75765" classname="tests/classes.bug75765">
    </testcase>
    <testcase name="class_abstract" classname="tests/classes.class_abstract">
    </testcase>
    <testcase name="class_example" classname="tests/classes.class_example">
    </testcase>
    <testcase name="class_final" classname="tests/classes.class_final">
    </testcase>
    <testcase name="class_stdclass" classname="tests/classes.class_stdclass">
    </testcase>
    <testcase name="clone_001" classname="tests/classes.clone_001">
    </testcase>
    <testcase name="clone_002" classname="tests/classes.clone_002">
    </testcase>
    <testcase name="clone_003" classname="tests/classes.clone_003">
    </testcase>
    <testcase name="clone_004" classname="tests/classes.clone_004">
    </testcase>
    <testcase name="clone_005" classname="tests/classes.clone_005">
    </testcase>
    <testcase name="clone_006" classname="tests/classes.clone_006">
    </testcase>
    <testcase name="constants_basic_001" classname="tests/classes.constants_basic_001">
    </testcase>
    <testcase name="constants_basic_002" classname="tests/classes.constants_basic_002">
    </testcase>
    <testcase name="constants_basic_003" classname="tests/classes.constants_basic_003">
    </testcase>
    <testcase name="constants_basic_004" classname="tests/classes.constants_basic_004">
    </testcase>
    <testcase name="constants_basic_005" classname="tests/classes.constants_basic_005">
    </testcase>
    <testcase name="constants_basic_006" classname="tests/classes.constants_basic_006">
    </testcase>
    <testcase name="constants_comments_001" classname="tests/classes.constants_comments_001">
    </testcase>
    <testcase name="constants_error_001" classname="tests/classes.constants_error_001">
    </testcase>
    <testcase name="constants_error_002" classname="tests/classes.constants_error_002">
    </testcase>
    <testcase name="constants_error_003" classname="tests/classes.constants_error_003">
    </testcase>
    <testcase name="constants_error_004" classname="tests/classes.constants_error_004">
    </testcase>
    <testcase name="constants_error_005" classname="tests/classes.constants_error_005">
    </testcase>
    <testcase name="constants_error_006" classname="tests/classes.constants_error_006">
    </testcase>
    <testcase name="constants_error_007" classname="tests/classes.constants_error_007">
    </testcase>
    <testcase name="constants_scope_001" classname="tests/classes.constants_scope_001">
    </testcase>
    <testcase name="constants_visibility_001" classname="tests/classes.constants_visibility_001">
    </testcase>
    <testcase name="constants_visibility_002" classname="tests/classes.constants_visibility_002">
    </testcase>
    <testcase name="constants_visibility_003" classname="tests/classes.constants_visibility_003">
    </testcase>
    <testcase name="constants_visibility_004" classname="tests/classes.constants_visibility_004">
    </testcase>
    <testcase name="constants_visibility_005" classname="tests/classes.constants_visibility_005">
    </testcase>
    <testcase name="constants_visibility_006" classname="tests/classes.constants_visibility_006">
    </testcase>
    <testcase name="constants_visibility_007" classname="tests/classes.constants_visibility_007">
    </testcase>
    <testcase name="constants_visibility_008" classname="tests/classes.constants_visibility_008">
    </testcase>
    <testcase name="constants_visibility_error_001" classname="tests/classes.constants_visibility_error_001">
    </testcase>
    <testcase name="constants_visibility_error_002" classname="tests/classes.constants_visibility_error_002">
    </testcase>
    <testcase name="constants_visibility_error_003" classname="tests/classes.constants_visibility_error_003">
    </testcase>
    <testcase name="constants_visibility_error_004" classname="tests/classes.constants_visibility_error_004">
    </testcase>
    <testcase name="ctor_dtor" classname="tests/classes.ctor_dtor">
    </testcase>
    <testcase name="ctor_dtor_inheritance" classname="tests/classes.ctor_dtor_inheritance">
    </testcase>
    <testcase name="ctor_failure" classname="tests/classes.ctor_failure">
    </testcase>
    <testcase name="ctor_in_interface_01" classname="tests/classes.ctor_in_interface_01">
    </testcase>
    <testcase name="ctor_in_interface_02" classname="tests/classes.ctor_in_interface_02">
    </testcase>
    <testcase name="ctor_in_interface_03" classname="tests/classes.ctor_in_interface_03">
    </testcase>
    <testcase name="ctor_in_interface_04" classname="tests/classes.ctor_in_interface_04">
    </testcase>
    <testcase name="ctor_name_clash" classname="tests/classes.ctor_name_clash">
    </testcase>
    <testcase name="ctor_visibility" classname="tests/classes.ctor_visibility">
    </testcase>
    <testcase name="dereferencing_001" classname="tests/classes.dereferencing_001">
    </testcase>
    <testcase name="destructor_and_echo" classname="tests/classes.destructor_and_echo">
    </testcase>
    <testcase name="destructor_and_exceptions" classname="tests/classes.destructor_and_exceptions">
    </testcase>
    <testcase name="destructor_and_globals" classname="tests/classes.destructor_and_globals">
    </testcase>
    <testcase name="destructor_and_references" classname="tests/classes.destructor_and_references">
    </testcase>
    <testcase name="destructor_inheritance" classname="tests/classes.destructor_inheritance">
    </testcase>
    <testcase name="destructor_visibility_001" classname="tests/classes.destructor_visibility_001">
    </testcase>
    <testcase name="destructor_visibility_002" classname="tests/classes.destructor_visibility_002">
    </testcase>
    <testcase name="destructor_visibility_003" classname="tests/classes.destructor_visibility_003">
    </testcase>
    <testcase name="factory_001" classname="tests/classes.factory_001">
    </testcase>
    <testcase name="factory_and_singleton_001" classname="tests/classes.factory_and_singleton_001">
    </testcase>
    <testcase name="factory_and_singleton_002" classname="tests/classes.factory_and_singleton_002">
    </testcase>
    <testcase name="factory_and_singleton_003" classname="tests/classes.factory_and_singleton_003">
    </testcase>
    <testcase name="factory_and_singleton_004" classname="tests/classes.factory_and_singleton_004">
    </testcase>
    <testcase name="factory_and_singleton_005" classname="tests/classes.factory_and_singleton_005">
    </testcase>
    <testcase name="factory_and_singleton_006" classname="tests/classes.factory_and_singleton_006">
    </testcase>
    <testcase name="factory_and_singleton_007" classname="tests/classes.factory_and_singleton_007">
    </testcase>
    <testcase name="factory_and_singleton_008" classname="tests/classes.factory_and_singleton_008">
    </testcase>
    <testcase name="factory_and_singleton_009" classname="tests/classes.factory_and_singleton_009">
    </testcase>
    <testcase name="factory_and_singleton_010" classname="tests/classes.factory_and_singleton_010">
    </testcase>
    <testcase name="final" classname="tests/classes.final">
    </testcase>
    <testcase name="final_abstract" classname="tests/classes.final_abstract">
    </testcase>
    <testcase name="final_ctor1" classname="tests/classes.final_ctor1">
    </testcase>
    <testcase name="final_ctor2" classname="tests/classes.final_ctor2">
    </testcase>
    <testcase name="final_ctor3" classname="tests/classes.final_ctor3">
    </testcase>
    <testcase name="final_redeclare" classname="tests/classes.final_redeclare">
    </testcase>
    <testcase name="implicit_instantiation_001" classname="tests/classes.implicit_instantiation_001">
    </testcase>
    <testcase name="incdec_property_001" classname="tests/classes.incdec_property_001">
    </testcase>
    <testcase name="incdec_property_002" classname="tests/classes.incdec_property_002">
    </testcase>
    <testcase name="incdec_property_003" classname="tests/classes.incdec_property_003">
    </testcase>
    <testcase name="incdec_property_004" classname="tests/classes.incdec_property_004">
    </testcase>
    <testcase name="inheritance" classname="tests/classes.inheritance">
    </testcase>
    <testcase name="inheritance_002" classname="tests/classes.inheritance_002">
    </testcase>
    <testcase name="inheritance_003" classname="tests/classes.inheritance_003">
    </testcase>
    <testcase name="inheritance_004" classname="tests/classes.inheritance_004">
    </testcase>
    <testcase name="inheritance_005" classname="tests/classes.inheritance_005">
    </testcase>
    <testcase name="inheritance_006" classname="tests/classes.inheritance_006">
    </testcase>
    <testcase name="inheritance_007" classname="tests/classes.inheritance_007">
    </testcase>
    <testcase name="interface_and_extends" classname="tests/classes.interface_and_extends">
    </testcase>
    <testcase name="interface_class" classname="tests/classes.interface_class">
    </testcase>
    <testcase name="interface_constant_inheritance_001" classname="tests/classes.interface_constant_inheritance_001">
    </testcase>
    <testcase name="interface_constant_inheritance_002" classname="tests/classes.interface_constant_inheritance_002">
    </testcase>
    <testcase name="interface_constant_inheritance_003" classname="tests/classes.interface_constant_inheritance_003">
    </testcase>
    <testcase name="interface_constant_inheritance_004" classname="tests/classes.interface_constant_inheritance_004">
    </testcase>
    <testcase name="interface_constant_inheritance_005" classname="tests/classes.interface_constant_inheritance_005">
    </testcase>
    <testcase name="interface_constant_inheritance_006" classname="tests/classes.interface_constant_inheritance_006">
    </testcase>
    <testcase name="interface_constant_inheritance_007" classname="tests/classes.interface_constant_inheritance_007">
    </testcase>
    <testcase name="interface_doubled" classname="tests/classes.interface_doubled">
    </testcase>
    <testcase name="interface_implemented" classname="tests/classes.interface_implemented">
    </testcase>
    <testcase name="interface_instantiate" classname="tests/classes.interface_instantiate">
    </testcase>
    <testcase name="interface_member" classname="tests/classes.interface_member">
    </testcase>
    <testcase name="interface_method" classname="tests/classes.interface_method">
    </testcase>
    <testcase name="interface_method_final" classname="tests/classes.interface_method_final">
    </testcase>
    <testcase name="interface_method_private" classname="tests/classes.interface_method_private">
    </testcase>
    <testcase name="interface_must_be_implemented" classname="tests/classes.interface_must_be_implemented">
    </testcase>
    <testcase name="interface_optional_arg" classname="tests/classes.interface_optional_arg">
    </testcase>
    <testcase name="interface_optional_arg_002" classname="tests/classes.interface_optional_arg_002">
    </testcase>
    <testcase name="interface_optional_arg_003" classname="tests/classes.interface_optional_arg_003">
    </testcase>
    <testcase name="interfaces_001" classname="tests/classes.interfaces_001">
    </testcase>
    <testcase name="interfaces_002" classname="tests/classes.interfaces_002">
    </testcase>
    <testcase name="interfaces_003" classname="tests/classes.interfaces_003">
    </testcase>
    <testcase name="iterators_001" classname="tests/classes.iterators_001">
    </testcase>
    <testcase name="iterators_002" classname="tests/classes.iterators_002">
    </testcase>
    <testcase name="iterators_003" classname="tests/classes.iterators_003">
    </testcase>
    <testcase name="iterators_004" classname="tests/classes.iterators_004">
    </testcase>
    <testcase name="iterators_005" classname="tests/classes.iterators_005">
    </testcase>
    <testcase name="iterators_006" classname="tests/classes.iterators_006">
    </testcase>
    <testcase name="iterators_007" classname="tests/classes.iterators_007">
    </testcase>
    <testcase name="iterators_008" classname="tests/classes.iterators_008">
    </testcase>
    <testcase name="method_call_variation_001" classname="tests/classes.method_call_variation_001">
    </testcase>
    <testcase name="method_override_optional_arg_001" classname="tests/classes.method_override_optional_arg_001">
    </testcase>
    <testcase name="method_override_optional_arg_002" classname="tests/classes.method_override_optional_arg_002">
    </testcase>
    <testcase name="object_reference_001" classname="tests/classes.object_reference_001">
    </testcase>
    <testcase name="private_001" classname="tests/classes.private_001">
    </testcase>
    <testcase name="private_002" classname="tests/classes.private_002">
    </testcase>
    <testcase name="private_003" classname="tests/classes.private_003">
    </testcase>
    <testcase name="private_003b" classname="tests/classes.private_003b">
    </testcase>
    <testcase name="private_004" classname="tests/classes.private_004">
    </testcase>
    <testcase name="private_004b" classname="tests/classes.private_004b">
    </testcase>
    <testcase name="private_005" classname="tests/classes.private_005">
    </testcase>
    <testcase name="private_006" classname="tests/classes.private_006">
    </testcase>
    <testcase name="private_006b" classname="tests/classes.private_006b">
    </testcase>
    <testcase name="private_007" classname="tests/classes.private_007">
    </testcase>
    <testcase name="private_007b" classname="tests/classes.private_007b">
    </testcase>
    <testcase name="private_members" classname="tests/classes.private_members">
    </testcase>
    <testcase name="private_members_serialization" classname="tests/classes.private_members_serialization">
    </testcase>
    <testcase name="private_redeclare" classname="tests/classes.private_redeclare">
    </testcase>
    <testcase name="property_override_privateStatic_private" classname="tests/classes.property_override_privateStatic_private">
    </testcase>
    <testcase name="property_override_privateStatic_privateStatic" classname="tests/classes.property_override_privateStatic_privateStatic">
    </testcase>
    <testcase name="property_override_privateStatic_protected" classname="tests/classes.property_override_privateStatic_protected">
    </testcase>
    <testcase name="property_override_privateStatic_protectedStatic" classname="tests/classes.property_override_privateStatic_protectedStatic">
    </testcase>
    <testcase name="property_override_privateStatic_public" classname="tests/classes.property_override_privateStatic_public">
    </testcase>
    <testcase name="property_override_privateStatic_publicStatic" classname="tests/classes.property_override_privateStatic_publicStatic">
    </testcase>
    <testcase name="property_override_private_private" classname="tests/classes.property_override_private_private">
    </testcase>
    <testcase name="property_override_private_privateStatic" classname="tests/classes.property_override_private_privateStatic">
    </testcase>
    <testcase name="property_override_private_protected" classname="tests/classes.property_override_private_protected">
    </testcase>
    <testcase name="property_override_private_protectedStatic" classname="tests/classes.property_override_private_protectedStatic">
    </testcase>
    <testcase name="property_override_private_public" classname="tests/classes.property_override_private_public">
    </testcase>
    <testcase name="property_override_private_publicStatic" classname="tests/classes.property_override_private_publicStatic">
    </testcase>
    <testcase name="property_override_protectedStatic_private" classname="tests/classes.property_override_protectedStatic_private">
    </testcase>
    <testcase name="property_override_protectedStatic_privateStatic" classname="tests/classes.property_override_protectedStatic_privateStatic">
    </testcase>
    <testcase name="property_override_protectedStatic_protected" classname="tests/classes.property_override_protectedStatic_protected">
    </testcase>
    <testcase name="property_override_protectedStatic_protectedStatic" classname="tests/classes.property_override_protectedStatic_protectedStatic">
    </testcase>
    <testcase name="property_override_protectedStatic_public" classname="tests/classes.property_override_protectedStatic_public">
    </testcase>
    <testcase name="property_override_protectedStatic_publicStatic" classname="tests/classes.property_override_protectedStatic_publicStatic">
    </testcase>
    <testcase name="property_override_protected_private" classname="tests/classes.property_override_protected_private">
    </testcase>
    <testcase name="property_override_protected_privateStatic" classname="tests/classes.property_override_protected_privateStatic">
    </testcase>
    <testcase name="property_override_protected_protected" classname="tests/classes.property_override_protected_protected">
    </testcase>
    <testcase name="property_override_protected_protectedStatic" classname="tests/classes.property_override_protected_protectedStatic">
    </testcase>
    <testcase name="property_override_protected_public" classname="tests/classes.property_override_protected_public">
    </testcase>
    <testcase name="property_override_protected_publicStatic" classname="tests/classes.property_override_protected_publicStatic">
    </testcase>
    <testcase name="property_override_publicStatic_private" classname="tests/classes.property_override_publicStatic_private">
    </testcase>
    <testcase name="property_override_publicStatic_privateStatic" classname="tests/classes.property_override_publicStatic_privateStatic">
    </testcase>
    <testcase name="property_override_publicStatic_protected" classname="tests/classes.property_override_publicStatic_protected">
    </testcase>
    <testcase name="property_override_publicStatic_protectedStatic" classname="tests/classes.property_override_publicStatic_protectedStatic">
    </testcase>
    <testcase name="property_override_publicStatic_public" classname="tests/classes.property_override_publicStatic_public">
    </testcase>
    <testcase name="property_override_publicStatic_publicStatic" classname="tests/classes.property_override_publicStatic_publicStatic">
    </testcase>
    <testcase name="property_override_public_private" classname="tests/classes.property_override_public_private">
    </testcase>
    <testcase name="property_override_public_privateStatic" classname="tests/classes.property_override_public_privateStatic">
    </testcase>
    <testcase name="property_override_public_protected" classname="tests/classes.property_override_public_protected">
    </testcase>
    <testcase name="property_override_public_protectedStatic" classname="tests/classes.property_override_public_protectedStatic">
    </testcase>
    <testcase name="property_override_public_public" classname="tests/classes.property_override_public_public">
    </testcase>
    <testcase name="property_override_public_publicStatic" classname="tests/classes.property_override_public_publicStatic">
    </testcase>
    <testcase name="property_recreate_private" classname="tests/classes.property_recreate_private">
    </testcase>
    <testcase name="property_recreate_protected" classname="tests/classes.property_recreate_protected">
    </testcase>
    <testcase name="protected_001" classname="tests/classes.protected_001">
    </testcase>
    <testcase name="protected_001b" classname="tests/classes.protected_001b">
    </testcase>
    <testcase name="protected_002" classname="tests/classes.protected_002">
    </testcase>
    <testcase name="serialize_001" classname="tests/classes.serialize_001">
    </testcase>
    <testcase name="singleton_001" classname="tests/classes.singleton_001">
    </testcase>
    <testcase name="static_mix_1" classname="tests/classes.static_mix_1">
    </testcase>
    <testcase name="static_mix_2" classname="tests/classes.static_mix_2">
    </testcase>
    <testcase name="static_properties_001" classname="tests/classes.static_properties_001">
    </testcase>
    <testcase name="static_properties_003" classname="tests/classes.static_properties_003">
    </testcase>
    <testcase name="static_properties_003_error1" classname="tests/classes.static_properties_003_error1">
    </testcase>
    <testcase name="static_properties_003_error2" classname="tests/classes.static_properties_003_error2">
    </testcase>
    <testcase name="static_properties_003_error3" classname="tests/classes.static_properties_003_error3">
    </testcase>
    <testcase name="static_properties_003_error4" classname="tests/classes.static_properties_003_error4">
    </testcase>
    <testcase name="static_properties_004" classname="tests/classes.static_properties_004">
    </testcase>
    <testcase name="static_properties_undeclared_assign" classname="tests/classes.static_properties_undeclared_assign">
    </testcase>
    <testcase name="static_properties_undeclared_assignInc" classname="tests/classes.static_properties_undeclared_assignInc">
    </testcase>
    <testcase name="static_properties_undeclared_assignRef" classname="tests/classes.static_properties_undeclared_assignRef">
    </testcase>
    <testcase name="static_properties_undeclared_inc" classname="tests/classes.static_properties_undeclared_inc">
    </testcase>
    <testcase name="static_properties_undeclared_isset" classname="tests/classes.static_properties_undeclared_isset">
    </testcase>
    <testcase name="static_properties_undeclared_read" classname="tests/classes.static_properties_undeclared_read">
    </testcase>
    <testcase name="static_this" classname="tests/classes.static_this">
    </testcase>
    <testcase name="this" classname="tests/classes.this">
    </testcase>
    <testcase name="tostring_001" classname="tests/classes.tostring_001">
    </testcase>
    <testcase name="tostring_002" classname="tests/classes.tostring_002">
    </testcase>
    <testcase name="tostring_003" classname="tests/classes.tostring_003">
    </testcase>
    <testcase name="tostring_004" classname="tests/classes.tostring_004">
    </testcase>
    <testcase name="type_hinting_001" classname="tests/classes.type_hinting_001">
    </testcase>
    <testcase name="type_hinting_002" classname="tests/classes.type_hinting_002">
    </testcase>
    <testcase name="type_hinting_003" classname="tests/classes.type_hinting_003">
    </testcase>
    <testcase name="type_hinting_004" classname="tests/classes.type_hinting_004">
    </testcase>
    <testcase name="type_hinting_005a" classname="tests/classes.type_hinting_005a">
    </testcase>
    <testcase name="type_hinting_005c" classname="tests/classes.type_hinting_005c">
    </testcase>
    <testcase name="type_hinting_005d" classname="tests/classes.type_hinting_005d">
    </testcase>
    <testcase name="unset_properties" classname="tests/classes.unset_properties">
    </testcase>
    <testcase name="visibility_000a" classname="tests/classes.visibility_000a">
    </testcase>
    <testcase name="visibility_000b" classname="tests/classes.visibility_000b">
    </testcase>
    <testcase name="visibility_000c" classname="tests/classes.visibility_000c">
    </testcase>
    <testcase name="visibility_001a" classname="tests/classes.visibility_001a">
    </testcase>
    <testcase name="visibility_001b" classname="tests/classes.visibility_001b">
    </testcase>
    <testcase name="visibility_001c" classname="tests/classes.visibility_001c">
    </testcase>
    <testcase name="visibility_002a" classname="tests/classes.visibility_002a">
    </testcase>
    <testcase name="visibility_002b" classname="tests/classes.visibility_002b">
    </testcase>
    <testcase name="visibility_002c" classname="tests/classes.visibility_002c">
    </testcase>
    <testcase name="visibility_003a" classname="tests/classes.visibility_003a">
    </testcase>
    <testcase name="visibility_003b" classname="tests/classes.visibility_003b">
    </testcase>
    <testcase name="visibility_003c" classname="tests/classes.visibility_003c">
    </testcase>
    <testcase name="visibility_004a" classname="tests/classes.visibility_004a">
    </testcase>
    <testcase name="visibility_004b" classname="tests/classes.visibility_004b">
    </testcase>
    <testcase name="visibility_004c" classname="tests/classes.visibility_004c">
    </testcase>
    <testcase name="visibility_005" classname="tests/classes.visibility_005">
    </testcase>
  </testsuite>
  <testsuite name="tests/func" tests="14" disabled="0" errors="0" failures="0" skipped="0">
    <testcase name="001" classname="tests/func.001">
    </testcase>
    <testcase name="002" classname="tests/func.002">
    </testcase>
    <testcase name="003" classname="tests/func.003">
    </testcase>
    <testcase name="004" classname="tests/func.004">
    </testcase>
    <testcase name="005" classname="tests/func.005">
    </testcase>
    <testcase name="005a" classname="tests/func.005a">
    </testcase>
    <testcase name="006" classname="tests/func.006">
    </testcase>
    <testcase name="007" classname="tests/func.007">
    </testcase>
    <testcase name="008" classname="tests/func.008">
    </testcase>
    <testcase name="009" classname="tests/func.009">
    </testcase>
    <testcase name="010" classname="tests/func.010">
    </testcase>
    <testcase name="011" classname="tests/func.011">
    </testcase>
    <testcase name="bug64523" classname="tests/func.bug64523">
    </testcase>
    <testcase name="ini_alter" classname="tests/func.ini_alter">
    </testcase>
  </testsuite>
  <testsuite name="tests/lang" tests="217" disabled="0" errors="0" failures="0" skipped="3">
    <testcase name="001" classname="tests/lang.001">
    </testcase>
    <testcase name="002" classname="tests/lang.002">
    </testcase>
    <testcase name="003" classname="tests/lang.003">
    </testcase>
    <testcase name="004" classname="tests/lang.004">
    </testcase>
    <testcase name="005" classname="tests/lang.005">
    </testcase>
    <testcase name="006" classname="tests/lang.006">
    </testcase>
    <testcase name="007" classname="tests/lang.007">
    </testcase>
    <testcase name="008" classname="tests/lang.008">
    </testcase>
    <testcase name="009" classname="tests/lang.009">
    </testcase>
    <testcase name="010" classname="tests/lang.010">
    </testcase>
    <testcase name="011" classname="tests/lang.011">
    </testcase>
    <testcase name="012" classname="tests/lang.012">
    </testcase>
    <testcase name="013" classname="tests/lang.013">
    </testcase>
    <testcase name="014" classname="tests/lang.014">
    </testcase>
    <testcase name="015" classname="tests/lang.015">
    </testcase>
    <testcase name="016" classname="tests/lang.016">
    </testcase>
    <testcase name="017" classname="tests/lang.017">
    </testcase>
    <testcase name="018" classname="tests/lang.018">
    </testcase>
    <testcase name="019" classname="tests/lang.019">
    </testcase>
    <testcase name="020" classname="tests/lang.020">
    </testcase>
    <testcase name="021" classname="tests/lang.021">
    </testcase>
    <testcase name="022" classname="tests/lang.022">
    </testcase>
    <testcase name="023" classname="tests/lang.023">
    </testcase>
    <testcase name="024" classname="tests/lang.024">
    </testcase>
    <testcase name="025" classname="tests/lang.025">
    </testcase>
    <testcase name="026" classname="tests/lang.026">
    </testcase>
    <testcase name="027" classname="tests/lang.027">
    </testcase>
    <testcase name="028" classname="tests/lang.028">
    </testcase>
    <testcase name="030" classname="tests/lang.030">
    </testcase>
    <testcase name="031" classname="tests/lang.031">
    </testcase>
    <testcase name="032" classname="tests/lang.032">
    </testcase>
    <testcase name="033" classname="tests/lang.033">
    </testcase>
    <testcase name="034" classname="tests/lang.034">
      <skipped message="" />
    </testcase>
    <testcase name="035" classname="tests/lang.035">
    </testcase>
    <testcase name="036" classname="tests/lang.036">
    </testcase>
    <testcase name="037" classname="tests/lang.037">
    </testcase>
    <testcase name="038" classname="tests/lang.038">
    </testcase>
    <testcase name="039" classname="tests/lang.039">
    </testcase>
    <testcase name="040" classname="tests/lang.040">
    </testcase>
    <testcase name="041" classname="tests/lang.041">
    </testcase>
    <testcase name="042" classname="tests/lang.042">
    </testcase>
    <testcase name="043" classname="tests/lang.043">
    </testcase>
    <testcase name="044" classname="tests/lang.044">
    </testcase>
    <testcase name="045" classname="tests/lang.045">
    </testcase>
    <testcase name="array_shortcut_001" classname="tests/lang.array_shortcut_001">
    </testcase>
    <testcase name="array_shortcut_002" classname="tests/lang.array_shortcut_002">
    </testcase>
    <testcase name="array_shortcut_003" classname="tests/lang.array_shortcut_003">
    </testcase>
    <testcase name="array_shortcut_005" classname="tests/lang.array_shortcut_005">
    </testcase>
    <testcase name="bison1" classname="tests/lang.bison1">
    </testcase>
    <testcase name="bug17115" classname="tests/lang.bug17115">
    </testcase>
    <testcase name="bug18872" classname="tests/lang.bug18872">
    </testcase>
    <testcase name="bug19566" classname="tests/lang.bug19566">
    </testcase>
    <testcase name="bug19943" classname="tests/lang.bug19943">
    </testcase>
    <testcase name="bug20175" classname="tests/lang.bug20175">
    </testcase>
    <testcase name="bug21094" classname="tests/lang.bug21094">
    </testcase>
    <testcase name="bug21600" classname="tests/lang.bug21600">
    </testcase>
    <testcase name="bug21669" classname="tests/lang.bug21669">
    </testcase>
    <testcase name="bug21820" classname="tests/lang.bug21820">
    </testcase>
    <testcase name="bug21849" classname="tests/lang.bug21849">
    </testcase>
    <testcase name="bug21961" classname="tests/lang.bug21961">
    </testcase>
    <testcase name="bug22231" classname="tests/lang.bug22231">
    </testcase>
    <testcase name="bug22510" classname="tests/lang.bug22510">
    </testcase>
    <testcase name="bug22592" classname="tests/lang.bug22592">
    </testcase>
    <testcase name="bug22690" classname="tests/lang.bug22690">
    </testcase>
    <testcase name="bug23279" classname="tests/lang.bug23279">
    </testcase>
    <testcase name="bug23384" classname="tests/lang.bug23384">
    </testcase>
    <testcase name="bug23489" classname="tests/lang.bug23489">
    </testcase>
    <testcase name="bug23524" classname="tests/lang.bug23524">
    </testcase>
    <testcase name="bug23584" classname="tests/lang.bug23584">
    </testcase>
    <testcase name="bug23624" classname="tests/lang.bug23624">
    </testcase>
    <testcase name="bug23922" classname="tests/lang.bug23922">
    </testcase>
    <testcase name="bug24054" classname="tests/lang.bug24054">
    </testcase>
    <testcase name="bug24396" classname="tests/lang.bug24396">
    </testcase>
    <testcase name="bug24436" classname="tests/lang.bug24436">
    </testcase>
    <testcase name="bug24499" classname="tests/lang.bug24499">
    </testcase>
    <testcase name="bug24573" classname="tests/lang.bug24573">
    </testcase>
    <testcase name="bug24640" classname="tests/lang.bug24640">
    </testcase>
    <testcase name="bug24652" classname="tests/lang.bug24652">
    </testcase>
    <testcase name="bug24658" classname="tests/lang.bug24658">
    </testcase>
    <testcase name="bug24783" classname="tests/lang.bug24783">
    </testcase>
    <testcase name="bug24908" classname="tests/lang.bug24908">
    </testcase>
    <testcase name="bug24926" classname="tests/lang.bug24926">
    </testcase>
    <testcase name="bug24951" classname="tests/lang.bug24951">
    </testcase>
    <testcase name="bug25145" classname="tests/lang.bug25145">
    </testcase>
    <testcase name="bug25547" classname="tests/lang.bug25547">
    </testcase>
    <testcase name="bug25652" classname="tests/lang.bug25652">
    </testcase>
    <testcase name="bug25922" classname="tests/lang.bug25922">
    </testcase>
    <testcase name="bug26182" classname="tests/lang.bug26182">
    </testcase>
    <testcase name="bug26696" classname="tests/lang.bug26696">
    </testcase>
    <testcase name="bug26866" classname="tests/lang.bug26866">
    </testcase>
    <testcase name="bug26869" classname="tests/lang.bug26869">
    </testcase>
    <testcase name="bug27354" classname="tests/lang.bug27354">
    </testcase>
    <testcase name="bug27439" classname="tests/lang.bug27439">
    </testcase>
    <testcase name="bug27443" classname="tests/lang.bug27443">
    </testcase>
    <testcase name="bug27535" classname="tests/lang.bug27535">
    </testcase>
    <testcase name="bug28213" classname="tests/lang.bug28213">
    </testcase>
    <testcase name="bug28800" classname="tests/lang.bug28800">
    </testcase>
    <testcase name="bug29566" classname="tests/lang.bug29566">
    </testcase>
    <testcase name="bug29893" classname="tests/lang.bug29893">
    </testcase>
    <testcase name="bug29944" classname="tests/lang.bug29944">
    </testcase>
    <testcase name="bug30578" classname="tests/lang.bug30578">
    </testcase>
    <testcase name="bug30638" classname="tests/lang.bug30638">
      <skipped message="" />
    </testcase>
    <testcase name="bug30726" classname="tests/lang.bug30726">
    </testcase>
    <testcase name="bug30862" classname="tests/lang.bug30862">
    </testcase>
    <testcase name="bug32828" classname="tests/lang.bug32828">
    </testcase>
    <testcase name="bug32924" classname="tests/lang.bug32924">
    </testcase>
    <testcase name="bug35176" classname="tests/lang.bug35176">
    </testcase>
    <testcase name="bug35382" classname="tests/lang.bug35382">
    </testcase>
    <testcase name="bug38579" classname="tests/lang.bug38579">
      <skipped message="" />
    </testcase>
    <testcase name="bug43958" classname="tests/lang.bug43958">
    </testcase>
    <testcase name="bug44654" classname="tests/lang.bug44654">
    </testcase>
    <testcase name="bug44827" classname="tests/lang.bug44827">
    </testcase>
    <testcase name="bug45392" classname="tests/lang.bug45392">
    </testcase>
    <testcase name="bug55754" classname="tests/lang.bug55754">
    </testcase>
    <testcase name="bug71897" classname="tests/lang.bug71897">
    </testcase>
    <testcase name="bug73172" classname="tests/lang.bug73172">
    </testcase>
    <testcase name="bug73329" classname="tests/lang.bug73329">
    </testcase>
    <testcase name="bug7515" classname="tests/lang.bug7515">
    </testcase>
    <testcase name="catchable_error_001" classname="tests/lang.catchable_error_001">
    </testcase>
    <testcase name="catchable_error_002" classname="tests/lang.catchable_error_002">
    </testcase>
    <testcase name="comments" classname="tests/lang.comments">
    </testcase>
    <testcase name="comments2" classname="tests/lang.comments2">
    </testcase>
    <testcase name="compare_objects_basic1" classname="tests/lang.compare_objects_basic1">
    </testcase>
    <testcase name="compare_objects_basic2" classname="tests/lang.compare_objects_basic2">
    </testcase>
    <testcase name="each_binary_safety" classname="tests/lang.each_binary_safety">
    </testcase>
    <testcase name="empty_variation" classname="tests/lang.empty_variation">
    </testcase>
    <testcase name="engine_assignExecutionOrder_001" classname="tests/lang.engine_assignExecutionOrder_001">
    </testcase>
    <testcase name="engine_assignExecutionOrder_002" classname="tests/lang.engine_assignExecutionOrder_002">
    </testcase>
    <testcase name="engine_assignExecutionOrder_003" classname="tests/lang.engine_assignExecutionOrder_003">
    </testcase>
    <testcase name="engine_assignExecutionOrder_004" classname="tests/lang.engine_assignExecutionOrder_004">
    </testcase>
    <testcase name="engine_assignExecutionOrder_005" classname="tests/lang.engine_assignExecutionOrder_005">
    </testcase>
    <testcase name="engine_assignExecutionOrder_006" classname="tests/lang.engine_assignExecutionOrder_006">
    </testcase>
    <testcase name="engine_assignExecutionOrder_007" classname="tests/lang.engine_assignExecutionOrder_007">
    </testcase>
    <testcase name="engine_assignExecutionOrder_008" classname="tests/lang.engine_assignExecutionOrder_008">
    </testcase>
    <testcase name="engine_assignExecutionOrder_009" classname="tests/lang.engine_assignExecutionOrder_009">
    </testcase>
    <testcase name="error_2_exception_001" classname="tests/lang.error_2_exception_001">
    </testcase>
    <testcase name="execution_order" classname="tests/lang.execution_order">
    </testcase>
    <testcase name="foreachLoop-001" classname="tests/lang.foreachLoop-001">
    </testcase>
    <testcase name="foreachLoop-002" classname="tests/lang.foreachLoop-002">
    </testcase>
    <testcase name="foreachLoop-003" classname="tests/lang.foreachLoop-003">
    </testcase>
    <testcase name="foreachLoop-004" classname="tests/lang.foreachLoop-004">
    </testcase>
    <testcase name="foreachLoop-005" classname="tests/lang.foreachLoop-005">
    </testcase>
    <testcase name="foreachLoop-006" classname="tests/lang.foreachLoop-006">
    </testcase>
    <testcase name="foreachLoop-009" classname="tests/lang.foreachLoop-009">
    </testcase>
    <testcase name="foreachLoop-010" classname="tests/lang.foreachLoop-010">
    </testcase>
    <testcase name="foreachLoop-011" classname="tests/lang.foreachLoop-011">
    </testcase>
    <testcase name="foreachLoop-012" classname="tests/lang.foreachLoop-012">
    </testcase>
    <testcase name="foreachLoop-013" classname="tests/lang.foreachLoop-013">
    </testcase>
    <testcase name="foreachLoop-014" classname="tests/lang.foreachLoop-014">
    </testcase>
    <testcase name="foreachLoop-015" classname="tests/lang.foreachLoop-015">
    </testcase>
    <testcase name="foreachLoop-016" classname="tests/lang.foreachLoop-016">
    </testcase>
    <testcase name="foreachLoop-017" classname="tests/lang.foreachLoop-017">
    </testcase>
    <testcase name="foreachLoopIterator-001" classname="tests/lang.foreachLoopIterator-001">
    </testcase>
    <testcase name="foreachLoopIterator-002" classname="tests/lang.foreachLoopIterator-002">
    </testcase>
    <testcase name="foreachLoopIteratorAggregate-001" classname="tests/lang.foreachLoopIteratorAggregate-001">
    </testcase>
    <testcase name="foreachLoopIteratorAggregate-002" classname="tests/lang.foreachLoopIteratorAggregate-002">
    </testcase>
    <testcase name="foreachLoopIteratorAggregate-003" classname="tests/lang.foreachLoopIteratorAggregate-003">
    </testcase>
    <testcase name="foreachLoopIteratorAggregate-004" classname="tests/lang.foreachLoopIteratorAggregate-004">
    </testcase>
    <testcase name="foreachLoopObjects-001" classname="tests/lang.foreachLoopObjects-001">
    </testcase>
    <testcase name="foreachLoopObjects-002" classname="tests/lang.foreachLoopObjects-002">
    </testcase>
    <testcase name="foreachLoopObjects-003" classname="tests/lang.foreachLoopObjects-003">
    </testcase>
    <testcase name="foreachLoopObjects-004" classname="tests/lang.foreachLoopObjects-004">
    </testcase>
    <testcase name="foreachLoopObjects-005" classname="tests/lang.foreachLoopObjects-005">
    </testcase>
    <testcase name="foreachLoopObjects-006" classname="tests/lang.foreachLoopObjects-006">
    </testcase>
    <testcase name="foreach_with_object_001" classname="tests/lang.foreach_with_object_001">
    </testcase>
    <testcase name="foreach_with_references_001" classname="tests/lang.foreach_with_references_001">
    </testcase>
    <testcase name="func_get_arg-001" classname="tests/lang.func_get_arg-001">
    </testcase>
    <testcase name="func_get_arg-002" classname="tests/lang.func_get_arg-002">
    </testcase>
    <testcase name="func_get_arg-003" classname="tests/lang.func_get_arg-003">
    </testcase>
    <testcase name="func_get_arg-004" classname="tests/lang.func_get_arg-004">
    </testcase>
    <testcase name="func_get_arg-005" classname="tests/lang.func_get_arg-005">
    </testcase>
    <testcase name="func_get_arg_variation" classname="tests/lang.func_get_arg_variation">
    </testcase>
    <testcase name="func_get_args-001" classname="tests/lang.func_get_args-001">
    </testcase>
    <testcase name="func_get_args-002" classname="tests/lang.func_get_args-002">
    </testcase>
    <testcase name="func_get_args-003" classname="tests/lang.func_get_args-003">
    </testcase>
    <testcase name="func_get_args-004" classname="tests/lang.func_get_args-004">
    </testcase>
    <testcase name="func_num_args-001" classname="tests/lang.func_num_args-001">
    </testcase>
    <testcase name="func_num_args-002" classname="tests/lang.func_num_args-002">
    </testcase>
    <testcase name="func_num_args-003" classname="tests/lang.func_num_args-003">
    </testcase>
    <testcase name="func_num_args-004" classname="tests/lang.func_num_args-004">
    </testcase>
    <testcase name="include_variation1" classname="tests/lang.include_variation1">
    </testcase>
    <testcase name="include_variation2" classname="tests/lang.include_variation2">
    </testcase>
    <testcase name="include_variation3" classname="tests/lang.include_variation3">
    </testcase>
    <testcase name="invalid_octal" classname="tests/lang.invalid_octal">
    </testcase>
    <testcase name="passByReference_001" classname="tests/lang.passByReference_001">
    </testcase>
    <testcase name="passByReference_002" classname="tests/lang.passByReference_002">
    </testcase>
    <testcase name="passByReference_003" classname="tests/lang.passByReference_003">
    </testcase>
    <testcase name="passByReference_004" classname="tests/lang.passByReference_004">
    </testcase>
    <testcase name="passByReference_005" classname="tests/lang.passByReference_005">
    </testcase>
    <testcase name="passByReference_006" classname="tests/lang.passByReference_006">
    </testcase>
    <testcase name="passByReference_007" classname="tests/lang.passByReference_007">
    </testcase>
    <testcase name="passByReference_008" classname="tests/lang.passByReference_008">
    </testcase>
    <testcase name="passByReference_009" classname="tests/lang.passByReference_009">
    </testcase>
    <testcase name="passByReference_010" classname="tests/lang.passByReference_010">
    </testcase>
    <testcase name="passByReference_012" classname="tests/lang.passByReference_012">
    </testcase>
    <testcase name="returnByReference-001" classname="tests/lang.returnByReference-001">
    </testcase>
    <testcase name="returnByReference-002" classname="tests/lang.returnByReference-002">
    </testcase>
    <testcase name="returnByReference-003" classname="tests/lang.returnByReference-003">
    </testcase>
    <testcase name="returnByReference-004" classname="tests/lang.returnByReference-004">
    </testcase>
    <testcase name="returnByReference-005" classname="tests/lang.returnByReference-005">
    </testcase>
    <testcase name="returnByReference-006" classname="tests/lang.returnByReference-006">
    </testcase>
    <testcase name="returnByReference-007" classname="tests/lang.returnByReference-007">
    </testcase>
    <testcase name="returnByReference-008" classname="tests/lang.returnByReference-008">
    </testcase>
    <testcase name="returnByReference-009" classname="tests/lang.returnByReference-009">
    </testcase>
    <testcase name="short_tags-001" classname="tests/lang.short_tags-001">
    </testcase>
    <testcase name="short_tags-002" classname="tests/lang.short_tags-002">
    </testcase>
    <testcase name="short_tags-004" classname="tests/lang.short_tags-004">
    </testcase>
    <testcase name="static_basic_001" classname="tests/lang.static_basic_001">
    </testcase>
    <testcase name="static_basic_002" classname="tests/lang.static_basic_002">
    </testcase>
    <testcase name="static_variation_001" classname="tests/lang.static_variation_001">
    </testcase>
    <testcase name="static_variation_002" classname="tests/lang.static_variation_002">
    </testcase>
    <testcase name="string_decimals_001" classname="tests/lang.string_decimals_001">
    </testcase>
    <testcase name="this_assignment" classname="tests/lang.this_assignment">
    </testcase>
    <testcase name="throw_variation_001" classname="tests/lang.throw_variation_001">
    </testcase>
    <testcase name="type_hints_001" classname="tests/lang.type_hints_001">
    </testcase>
    <testcase name="type_hints_002" classname="tests/lang.type_hints_002">
    </testcase>
    <testcase name="type_hints_003" classname="tests/lang.type_hints_003">
    </testcase>
  </testsuite>
  <testsuite name="tests/lang/constants" tests="2" disabled="0" errors="0" failures="0" skipped="1">
    <testcase name="PHP_INT_32bit" classname="tests/lang/constants.PHP_INT_32bit">
      <skipped message="" />
    </testcase>
    <testcase name="PHP_INT_64bit" classname="tests/lang/constants.PHP_INT_64bit">
    </testcase>
  </testsuite>
  <testsuite name="tests/lang/operators" tests="64" disabled="0" errors="0" failures="0" skipped="6">
    <testcase name="add_basiclong_64bit" classname="tests/lang/operators.add_basiclong_64bit">
    </testcase>
    <testcase name="add_variationStr" classname="tests/lang/operators.add_variationStr">
    </testcase>
    <testcase name="bitwiseAnd_basiclong_64bit" classname="tests/lang/operators.bitwiseAnd_basiclong_64bit">
    </testcase>
    <testcase name="bitwiseAnd_variationStr" classname="tests/lang/operators.bitwiseAnd_variationStr">
    </testcase>
    <testcase name="bitwiseNot_basiclong_64bit" classname="tests/lang/operators.bitwiseNot_basiclong_64bit">
    </testcase>
    <testcase name="bitwiseNot_variationStr" classname="tests/lang/operators.bitwiseNot_variationStr">
    </testcase>
    <testcase name="bitwiseOr_basiclong_64bit" classname="tests/lang/operators.bitwiseOr_basiclong_64bit">
    </testcase>
    <testcase name="bitwiseOr_variationStr" classname="tests/lang/operators.bitwiseOr_variationStr">
    </testcase>
    <testcase name="bitwiseShiftLeft_basiclong_64bit" classname="tests/lang/operators.bitwiseShiftLeft_basiclong_64bit">
    </testcase>
    <testcase name="bitwiseShiftLeft_variationStr" classname="tests/lang/operators.bitwiseShiftLeft_variationStr">
    </testcase>
    <testcase name="bitwiseShiftLeft_variationStr2" classname="tests/lang/operators.bitwiseShiftLeft_variationStr2">
    </testcase>
    <testcase name="bitwiseShiftLeft_variationStr_64bit" classname="tests/lang/operators.bitwiseShiftLeft_variationStr_64bit">
    </testcase>
    <testcase name="bitwiseShiftRight_basiclong_64bit" classname="tests/lang/operators.bitwiseShiftRight_basiclong_64bit">
    </testcase>
    <testcase name="bitwiseShiftRight_variationStr" classname="tests/lang/operators.bitwiseShiftRight_variationStr">
    </testcase>
    <testcase name="bitwiseShiftRight_variationStr2" classname="tests/lang/operators.bitwiseShiftRight_variationStr2">
    </testcase>
    <testcase name="bitwiseXor_basiclong_64bit" classname="tests/lang/operators.bitwiseXor_basiclong_64bit">
    </testcase>
    <testcase name="bitwiseXor_variationStr" classname="tests/lang/operators.bitwiseXor_variationStr">
    </testcase>
    <testcase name="coalesce" classname="tests/lang/operators.coalesce">
    </testcase>
    <testcase name="divide_basiclong_64bit" classname="tests/lang/operators.divide_basiclong_64bit">
    </testcase>
    <testcase name="divide_variationStr" classname="tests/lang/operators.divide_variationStr">
    </testcase>
    <testcase name="modulus_basiclong_64bit" classname="tests/lang/operators.modulus_basiclong_64bit">
    </testcase>
    <testcase name="modulus_variationStr" classname="tests/lang/operators.modulus_variationStr">
    </testcase>
    <testcase name="multiply_basiclong_64bit" classname="tests/lang/operators.multiply_basiclong_64bit">
    </testcase>
    <testcase name="multiply_variationStr" classname="tests/lang/operators.multiply_variationStr">
    </testcase>
    <testcase name="nan-comparison-false" classname="tests/lang/operators.nan-comparison-false">
    </testcase>
    <testcase name="negate_basiclong_64bit" classname="tests/lang/operators.negate_basiclong_64bit">
    </testcase>
    <testcase name="negate_variationStr" classname="tests/lang/operators.negate_variationStr">
    </testcase>
    <testcase name="operator_equals_basic" classname="tests/lang/operators.operator_equals_basic">
    </testcase>
    <testcase name="operator_equals_variation" classname="tests/lang/operators.operator_equals_variation">
      <skipped message="" />
    </testcase>
    <testcase name="operator_equals_variation_64bit" classname="tests/lang/operators.operator_equals_variation_64bit">
    </testcase>
    <testcase name="operator_gt_basic" classname="tests/lang/operators.operator_gt_basic">
    </testcase>
    <testcase name="operator_gt_or_equal_basic" classname="tests/lang/operators.operator_gt_or_equal_basic">
    </testcase>
    <testcase name="operator_gt_or_equal_variation" classname="tests/lang/operators.operator_gt_or_equal_variation">
      <skipped message="" />
    </testcase>
    <testcase name="operator_gt_or_equal_variation_64bit" classname="tests/lang/operators.operator_gt_or_equal_variation_64bit">
    </testcase>
    <testcase name="operator_gt_variation" classname="tests/lang/operators.operator_gt_variation">
    </testcase>
    <testcase name="operator_gt_variation_64bit" classname="tests/lang/operators.operator_gt_variation_64bit">
    </testcase>
    <testcase name="operator_identical_basic" classname="tests/lang/operators.operator_identical_basic">
    </testcase>
    <testcase name="operator_identical_recusion-01" classname="tests/lang/operators.operator_identical_recusion-01">
    </testcase>
    <testcase name="operator_identical_variation" classname="tests/lang/operators.operator_identical_variation">
      <skipped message="" />
    </testcase>
    <testcase name="operator_identical_variation_64bit" classname="tests/lang/operators.operator_identical_variation_64bit">
    </testcase>
    <testcase name="operator_lt_basic" classname="tests/lang/operators.operator_lt_basic">
    </testcase>
    <testcase name="operator_lt_or_equal_basic" classname="tests/lang/operators.operator_lt_or_equal_basic">
    </testcase>
    <testcase name="operator_lt_or_equal_variation" classname="tests/lang/operators.operator_lt_or_equal_variation">
      <skipped message="" />
    </testcase>
    <testcase name="operator_lt_or_equal_variation_64bit" classname="tests/lang/operators.operator_lt_or_equal_variation_64bit">
    </testcase>
    <testcase name="operator_lt_variation" classname="tests/lang/operators.operator_lt_variation">
    </testcase>
    <testcase name="operator_lt_variation_64bit" classname="tests/lang/operators.operator_lt_variation_64bit">
    </testcase>
    <testcase name="operator_notequals_basic" classname="tests/lang/operators.operator_notequals_basic">
    </testcase>
    <testcase name="operator_notequals_variation" classname="tests/lang/operators.operator_notequals_variation">
      <skipped message="" />
    </testcase>
    <testcase name="operator_notequals_variation_64bit" classname="tests/lang/operators.operator_notequals_variation_64bit">
    </testcase>
    <testcase name="operator_notidentical_basic" classname="tests/lang/operators.operator_notidentical_basic">
    </testcase>
    <testcase name="operator_notidentical_variation" classname="tests/lang/operators.operator_notidentical_variation">
      <skipped message="" />
    </testcase>
    <testcase name="operator_notidentical_variation_64bit" classname="tests/lang/operators.operator_notidentical_variation_64bit">
    </testcase>
    <testcase name="operator_spaceship_basic" classname="tests/lang/operators.operator_spaceship_basic">
    </testcase>
    <testcase name="overloaded_property_ref" classname="tests/lang/operators.overloaded_property_ref">
    </testcase>
    <testcase name="postdec_basiclong_64bit" classname="tests/lang/operators.postdec_basiclong_64bit">
    </testcase>
    <testcase name="postdec_variationStr" classname="tests/lang/operators.postdec_variationStr">
    </testcase>
    <testcase name="postinc_basiclong_64bit" classname="tests/lang/operators.postinc_basiclong_64bit">
    </testcase>
    <testcase name="postinc_variationStr" classname="tests/lang/operators.postinc_variationStr">
    </testcase>
    <testcase name="predec_basiclong_64bit" classname="tests/lang/operators.predec_basiclong_64bit">
    </testcase>
    <testcase name="predec_variationStr" classname="tests/lang/operators.predec_variationStr">
    </testcase>
    <testcase name="preinc_basiclong_64bit" classname="tests/lang/operators.preinc_basiclong_64bit">
    </testcase>
    <testcase name="preinc_variationStr" classname="tests/lang/operators.preinc_variationStr">
    </testcase>
    <testcase name="subtract_basiclong_64bit" classname="tests/lang/operators.subtract_basiclong_64bit">
    </testcase>
    <testcase name="subtract_variationStr" classname="tests/lang/operators.subtract_variationStr">
    </testcase>
  </testsuite>
  <testsuite name="tests/lang/string" tests="9" disabled="0" errors="0" failures="0" skipped="0">
    <testcase name="unicode_escape" classname="tests/lang/string.unicode_escape">
    </testcase>
    <testcase name="unicode_escape_empty" classname="tests/lang/string.unicode_escape_empty">
    </testcase>
    <testcase name="unicode_escape_incomplete" classname="tests/lang/string.unicode_escape_incomplete">
    </testcase>
    <testcase name="unicode_escape_large_codepoint" classname="tests/lang/string.unicode_escape_large_codepoint">
    </testcase>
    <testcase name="unicode_escape_legacy" classname="tests/lang/string.unicode_escape_legacy">
    </testcase>
    <testcase name="unicode_escape_sign" classname="tests/lang/string.unicode_escape_sign">
    </testcase>
    <testcase name="unicode_escape_sign2" classname="tests/lang/string.unicode_escape_sign2">
    </testcase>
    <testcase name="unicode_escape_surrogates" classname="tests/lang/string.unicode_escape_surrogates">
    </testcase>
    <testcase name="unicode_escape_whitespace" classname="tests/lang/string.unicode_escape_whitespace">
    </testcase>
  </testsuite>
  <testsuite name="tests/output" tests="88" disabled="0" errors="0" failures="0" skipped="12">
    <testcase name="bug46897" classname="tests/output.bug46897">
    </testcase>
    <testcase name="bug60282" classname="tests/output.bug60282">
    </testcase>
    <testcase name="bug60321" classname="tests/output.bug60321">
    </testcase>
    <testcase name="bug60322" classname="tests/output.bug60322">
    </testcase>
    <testcase name="bug60768" classname="tests/output.bug60768">
    </testcase>
    <testcase name="bug65593" classname="tests/output.bug65593">
    </testcase>
    <testcase name="bug70970" classname="tests/output.bug70970">
    </testcase>
    <testcase name="bug74725" classname="tests/output.bug74725">
    </testcase>
    <testcase name="bug74815" classname="tests/output.bug74815">
    </testcase>
    <testcase name="bug75236" classname="tests/output.bug75236">
    </testcase>
    <testcase name="flush_basic_001" classname="tests/output.flush_basic_001">
    </testcase>
    <testcase name="flush_error_001" classname="tests/output.flush_error_001">
    </testcase>
    <testcase name="ob_001" classname="tests/output.ob_001">
    </testcase>
    <testcase name="ob_002" classname="tests/output.ob_002">
    </testcase>
    <testcase name="ob_003" classname="tests/output.ob_003">
    </testcase>
    <testcase name="ob_004" classname="tests/output.ob_004">
    </testcase>
    <testcase name="ob_005" classname="tests/output.ob_005">
    </testcase>
    <testcase name="ob_006" classname="tests/output.ob_006">
    </testcase>
    <testcase name="ob_007" classname="tests/output.ob_007">
    </testcase>
    <testcase name="ob_008" classname="tests/output.ob_008">
    </testcase>
    <testcase name="ob_009" classname="tests/output.ob_009">
    </testcase>
    <testcase name="ob_010" classname="tests/output.ob_010">
    </testcase>
    <testcase name="ob_011" classname="tests/output.ob_011">
    </testcase>
    <testcase name="ob_012" classname="tests/output.ob_012">
    </testcase>
    <testcase name="ob_013" classname="tests/output.ob_013">
    </testcase>
    <testcase name="ob_014" classname="tests/output.ob_014">
    </testcase>
    <testcase name="ob_015" classname="tests/output.ob_015">
    </testcase>
    <testcase name="ob_017" classname="tests/output.ob_017">
    </testcase>
    <testcase name="ob_018" classname="tests/output.ob_018">
    </testcase>
    <testcase name="ob_020" classname="tests/output.ob_020">
    </testcase>
    <testcase name="ob_clean_basic_001" classname="tests/output.ob_clean_basic_001">
    </testcase>
    <testcase name="ob_clean_error_001" classname="tests/output.ob_clean_error_001">
    </testcase>
    <testcase name="ob_end_clean_basic_001" classname="tests/output.ob_end_clean_basic_001">
    </testcase>
    <testcase name="ob_end_clean_error_001" classname="tests/output.ob_end_clean_error_001">
    </testcase>
    <testcase name="ob_end_flush_basic_001" classname="tests/output.ob_end_flush_basic_001">
    </testcase>
    <testcase name="ob_end_flush_error_001" classname="tests/output.ob_end_flush_error_001">
    </testcase>
    <testcase name="ob_flush_basic_001" classname="tests/output.ob_flush_basic_001">
    </testcase>
    <testcase name="ob_flush_error_001" classname="tests/output.ob_flush_error_001">
    </testcase>
    <testcase name="ob_get_clean_basic_001" classname="tests/output.ob_get_clean_basic_001">
    </testcase>
    <testcase name="ob_get_clean_basic_002" classname="tests/output.ob_get_clean_basic_002">
    </testcase>
    <testcase name="ob_get_clean_error_001" classname="tests/output.ob_get_clean_error_001">
    </testcase>
    <testcase name="ob_get_contents_basic_001" classname="tests/output.ob_get_contents_basic_001">
    </testcase>
    <testcase name="ob_get_contents_error_001" classname="tests/output.ob_get_contents_error_001">
    </testcase>
    <testcase name="ob_get_length_basic_001" classname="tests/output.ob_get_length_basic_001">
    </testcase>
    <testcase name="ob_get_length_error_001" classname="tests/output.ob_get_length_error_001">
    </testcase>
    <testcase name="ob_get_level_basic_001" classname="tests/output.ob_get_level_basic_001">
    </testcase>
    <testcase name="ob_get_level_error_001" classname="tests/output.ob_get_level_error_001">
    </testcase>
    <testcase name="ob_get_status" classname="tests/output.ob_get_status">
    </testcase>
    <testcase name="ob_implicit_flush_basic_001" classname="tests/output.ob_implicit_flush_basic_001">
    </testcase>
    <testcase name="ob_implicit_flush_basic_002" classname="tests/output.ob_implicit_flush_basic_002">
    </testcase>
    <testcase name="ob_implicit_flush_error_001" classname="tests/output.ob_implicit_flush_error_001">
    </testcase>
    <testcase name="ob_implicit_flush_variation_001" classname="tests/output.ob_implicit_flush_variation_001">
    </testcase>
    <testcase name="ob_start_basic_001" classname="tests/output.ob_start_basic_001">
    </testcase>
    <testcase name="ob_start_basic_002" classname="tests/output.ob_start_basic_002">
    </testcase>
    <testcase name="ob_start_basic_003" classname="tests/output.ob_start_basic_003">
    </testcase>
    <testcase name="ob_start_basic_004" classname="tests/output.ob_start_basic_004">
    </testcase>
    <testcase name="ob_start_basic_005" classname="tests/output.ob_start_basic_005">
    </testcase>
    <testcase name="ob_start_basic_006" classname="tests/output.ob_start_basic_006">
    </testcase>
    <testcase name="ob_start_basic_unerasable_001" classname="tests/output.ob_start_basic_unerasable_001">
    </testcase>
    <testcase name="ob_start_basic_unerasable_002" classname="tests/output.ob_start_basic_unerasable_002">
    </testcase>
    <testcase name="ob_start_basic_unerasable_003" classname="tests/output.ob_start_basic_unerasable_003">
    </testcase>
    <testcase name="ob_start_basic_unerasable_004" classname="tests/output.ob_start_basic_unerasable_004">
    </testcase>
    <testcase name="ob_start_basic_unerasable_005" classname="tests/output.ob_start_basic_unerasable_005">
    </testcase>
    <testcase name="ob_start_callbacks" classname="tests/output.ob_start_callbacks">
    </testcase>
    <testcase name="ob_start_error_001" classname="tests/output.ob_start_error_001">
    </testcase>
    <testcase name="ob_start_error_002" classname="tests/output.ob_start_error_002">
    </testcase>
    <testcase name="ob_start_error_003" classname="tests/output.ob_start_error_003">
    </testcase>
    <testcase name="ob_start_error_004" classname="tests/output.ob_start_error_004">
    </testcase>
    <testcase name="ob_start_error_005" classname="tests/output.ob_start_error_005">
    </testcase>
    <testcase name="sapi_windows_vt100_support_notwindows" classname="tests/output.sapi_windows_vt100_support_notwindows">
    </testcase>
    <testcase name="sapi_windows_vt100_support_winko_err" classname="tests/output.sapi_windows_vt100_support_winko_err">
      <skipped message="" />
    </testcase>
    <testcase name="sapi_windows_vt100_support_winko_in-err" classname="tests/output.sapi_windows_vt100_support_winko_in-err">
      <skipped message="" />
    </testcase>
    <testcase name="sapi_windows_vt100_support_winko_in-out-err" classname="tests/output.sapi_windows_vt100_support_winko_in-out-err">
      <skipped message="" />
    </testcase>
    <testcase name="sapi_windows_vt100_support_winko_in-out" classname="tests/output.sapi_windows_vt100_support_winko_in-out">
      <skipped message="" />
    </testcase>
    <testcase name="sapi_windows_vt100_support_winko_out-err" classname="tests/output.sapi_windows_vt100_support_winko_out-err">
      <skipped message="" />
    </testcase>
    <testcase name="sapi_windows_vt100_support_winko_out" classname="tests/output.sapi_windows_vt100_support_winko_out">
      <skipped message="" />
    </testcase>
    <testcase name="sapi_windows_vt100_support_winok_err" classname="tests/output.sapi_windows_vt100_support_winok_err">
      <skipped message="" />
    </testcase>
    <testcase name="sapi_windows_vt100_support_winok_in-err" classname="tests/output.sapi_windows_vt100_support_winok_in-err">
      <skipped message="" />
    </testcase>
    <testcase name="sapi_windows_vt100_support_winok_in-out-err" classname="tests/output.sapi_windows_vt100_support_winok_in-out-err">
      <skipped message="" />
    </testcase>
    <testcase name="sapi_windows_vt100_support_winok_in-out" classname="tests/output.sapi_windows_vt100_support_winok_in-out">
      <skipped message="" />
    </testcase>
    <testcase name="sapi_windows_vt100_support_winok_out-err" classname="tests/output.sapi_windows_vt100_support_winok_out-err">
      <skipped message="" />
    </testcase>
    <testcase name="sapi_windows_vt100_support_winok_out" classname="tests/output.sapi_windows_vt100_support_winok_out">
      <skipped message="" />
    </testcase>
    <testcase name="stream_isatty_err" classname="tests/output.stream_isatty_err">
    </testcase>
    <testcase name="stream_isatty_in-err" classname="tests/output.stream_isatty_in-err">
    </testcase>
    <testcase name="stream_isatty_in-out-err" classname="tests/output.stream_isatty_in-out-err">
    </testcase>
    <testcase name="stream_isatty_in-out" classname="tests/output.stream_isatty_in-out">
    </testcase>
    <testcase name="stream_isatty_out-err" classname="tests/output.stream_isatty_out-err">
    </testcase>
    <testcase name="stream_isatty_out" classname="tests/output.stream_isatty_out">
    </testcase>
  </testsuite>
  <testsuite name="tests/security" tests="48" disabled="0" errors="0" failures="1" skipped="3">
    <testcase name="bug53226" classname="tests/security.bug53226">
    </testcase>
    <testcase name="open_basedir_001" classname="tests/security.open_basedir_001">
    </testcase>
    <testcase name="open_basedir_chdir" classname="tests/security.open_basedir_chdir">
    </testcase>
    <testcase name="open_basedir_chmod" classname="tests/security.open_basedir_chmod">
    </testcase>
    <testcase name="open_basedir_copy" classname="tests/security.open_basedir_copy">
    </testcase>
    <testcase name="open_basedir_copy_variation1" classname="tests/security.open_basedir_copy_variation1">
    </testcase>
    <testcase name="open_basedir_dir" classname="tests/security.open_basedir_dir">
    </testcase>
    <testcase name="open_basedir_disk_free_space" classname="tests/security.open_basedir_disk_free_space">
    </testcase>
    <testcase name="open_basedir_error_log" classname="tests/security.open_basedir_error_log">
    </testcase>
    <testcase name="open_basedir_error_log_variation" classname="tests/security.open_basedir_error_log_variation">
    </testcase>
    <testcase name="open_basedir_file" classname="tests/security.open_basedir_file">
    </testcase>
    <testcase name="open_basedir_file_exists" classname="tests/security.open_basedir_file_exists">
    </testcase>
    <testcase name="open_basedir_file_get_contents" classname="tests/security.open_basedir_file_get_contents">
    </testcase>
    <testcase name="open_basedir_file_put_contents" classname="tests/security.open_basedir_file_put_contents">
    </testcase>
    <testcase name="open_basedir_fileatime" classname="tests/security.open_basedir_fileatime">
    </testcase>
    <testcase name="open_basedir_filectime" classname="tests/security.open_basedir_filectime">
    </testcase>
    <testcase name="open_basedir_filegroup" classname="tests/security.open_basedir_filegroup">
    </testcase>
    <testcase name="open_basedir_fileinode" classname="tests/security.open_basedir_fileinode">
    </testcase>
    <testcase name="open_basedir_filemtime" classname="tests/security.open_basedir_filemtime">
    </testcase>
    <testcase name="open_basedir_fileowner" classname="tests/security.open_basedir_fileowner">
    </testcase>
    <testcase name="open_basedir_fileperms" classname="tests/security.open_basedir_fileperms">
    </testcase>
    <testcase name="open_basedir_filesize" classname="tests/security.open_basedir_filesize">
    </testcase>
    <testcase name="open_basedir_filetype" classname="tests/security.open_basedir_filetype">
    </testcase>
    <testcase name="open_basedir_fopen" classname="tests/security.open_basedir_fopen">
    </testcase>
    <testcase name="open_basedir_glob" classname="tests/security.open_basedir_glob">
    </testcase>
    <testcase name="open_basedir_glob_variation" classname="tests/security.open_basedir_glob_variation">
    </testcase>
    <testcase name="open_basedir_is_dir" classname="tests/security.open_basedir_is_dir">
    </testcase>
    <testcase name="open_basedir_is_executable" classname="tests/security.open_basedir_is_executable">
    </testcase>
    <testcase name="open_basedir_is_file" classname="tests/security.open_basedir_is_file">
    </testcase>
    <testcase name="open_basedir_is_link" classname="tests/security.open_basedir_is_link">
    </testcase>
    <testcase name="open_basedir_is_readable" classname="tests/security.open_basedir_is_readable">
    </testcase>
    <testcase name="open_basedir_is_writable" classname="tests/security.open_basedir_is_writable">
    </testcase>
    <testcase name="open_basedir_link" classname="tests/security.open_basedir_link">
    </testcase>
    <testcase name="open_basedir_linkinfo" classname="tests/security.open_basedir_linkinfo">
      <failure message="" />
    </testcase>
    <testcase name="open_basedir_lstat" classname="tests/security.open_basedir_lstat">
    </testcase>
    <testcase name="open_basedir_mkdir" classname="tests/security.open_basedir_mkdir">
      <skipped message="" />
    </testcase>
    <testcase name="open_basedir_opendir" classname="tests/security.open_basedir_opendir">
    </testcase>
    <testcase name="open_basedir_parse_ini_file" classname="tests/security.open_basedir_parse_ini_file">
      <skipped message="" />
    </testcase>
    <testcase name="open_basedir_readlink" classname="tests/security.open_basedir_readlink">
    </testcase>
    <testcase name="open_basedir_realpath" classname="tests/security.open_basedir_realpath">
      <skipped message="" />
    </testcase>
    <testcase name="open_basedir_rename" classname="tests/security.open_basedir_rename">
    </testcase>
    <testcase name="open_basedir_rmdir" classname="tests/security.open_basedir_rmdir">
    </testcase>
    <testcase name="open_basedir_scandir" classname="tests/security.open_basedir_scandir">
    </testcase>
    <testcase name="open_basedir_stat" classname="tests/security.open_basedir_stat">
    </testcase>
    <testcase name="open_basedir_symlink" classname="tests/security.open_basedir_symlink">
    </testcase>
    <testcase name="open_basedir_tempnam" classname="tests/security.open_basedir_tempnam">
    </testcase>
    <testcase name="open_basedir_touch" classname="tests/security.open_basedir_touch">
    </testcase>
    <testcase name="open_basedir_unlink" classname="tests/security.open_basedir_unlink">
    </testcase>
  </testsuite>
  <testsuite name="tests/strings" tests="11" disabled="0" errors="0" failures="0" skipped="0">
    <testcase name="001" classname="tests/strings.001">
    </testcase>
    <testcase name="002" classname="tests/strings.002">
    </testcase>
    <testcase name="004" classname="tests/strings.004">
    </testcase>
    <testcase name="bug22592" classname="tests/strings.bug22592">
    </testcase>
    <testcase name="bug26703" classname="tests/strings.bug26703">
    </testcase>
    <testcase name="offsets_chaining_1" classname="tests/strings.offsets_chaining_1">
    </testcase>
    <testcase name="offsets_chaining_2" classname="tests/strings.offsets_chaining_2">
    </testcase>
    <testcase name="offsets_chaining_3" classname="tests/strings.offsets_chaining_3">
    </testcase>
    <testcase name="offsets_chaining_4" classname="tests/strings.offsets_chaining_4">
    </testcase>
    <testcase name="offsets_chaining_5" classname="tests/strings.offsets_chaining_5">
    </testcase>
    <testcase name="offsets_general" classname="tests/strings.offsets_general">
    </testcase>
  </testsuite>
  <testsuite name="Zend" tests="1860" disabled="0" errors="0" failures="6" skipped="25">
    <testcase name="001" classname="Zend.001">
    </testcase>
    <testcase name="002" classname="Zend.002">
    </testcase>
    <testcase name="003" classname="Zend.003">
    </testcase>
    <testcase name="004" classname="Zend.004">
    </testcase>
    <testcase name="005" classname="Zend.005">
    </testcase>
    <testcase name="006" classname="Zend.006">
    </testcase>
    <testcase name="007" classname="Zend.007">
    </testcase>
    <testcase name="008" classname="Zend.008">
    </testcase>
    <testcase name="009" classname="Zend.009">
    </testcase>
    <testcase name="010" classname="Zend.010">
    </testcase>
    <testcase name="011" classname="Zend.011">
    </testcase>
    <testcase name="012" classname="Zend.012">
    </testcase>
    <testcase name="013" classname="Zend.013">
    </testcase>
    <testcase name="014" classname="Zend.014">
    </testcase>
    <testcase name="015" classname="Zend.015">
    </testcase>
    <testcase name="016" classname="Zend.016">
    </testcase>
    <testcase name="017" classname="Zend.017">
    </testcase>
    <testcase name="018" classname="Zend.018">
    </testcase>
    <testcase name="019" classname="Zend.019">
    </testcase>
    <testcase name="020" classname="Zend.020">
    </testcase>
    <testcase name="021" classname="Zend.021">
    </testcase>
    <testcase name="022" classname="Zend.022">
    </testcase>
    <testcase name="023" classname="Zend.023">
    </testcase>
    <testcase name="024" classname="Zend.024">
    </testcase>
    <testcase name="025" classname="Zend.025">
    </testcase>
    <testcase name="026" classname="Zend.026">
    </testcase>
    <testcase name="027" classname="Zend.027">
    </testcase>
    <testcase name="028" classname="Zend.028">
    </testcase>
    <testcase name="029" classname="Zend.029">
    </testcase>
    <testcase name="030" classname="Zend.030">
    </testcase>
    <testcase name="031" classname="Zend.031">
    </testcase>
    <testcase name="032" classname="Zend.032">
    </testcase>
    <testcase name="033" classname="Zend.033">
    </testcase>
    <testcase name="034" classname="Zend.034">
    </testcase>
    <testcase name="035" classname="Zend.035">
    </testcase>
    <testcase name="036" classname="Zend.036">
    </testcase>
    <testcase name="037" classname="Zend.037">
    </testcase>
    <testcase name="038" classname="Zend.038">
    </testcase>
    <testcase name="67468" classname="Zend.67468">
      <skipped message="" />
    </testcase>
    <testcase name="ArrayAccess_indirect_append" classname="Zend.ArrayAccess_indirect_append">
    </testcase>
    <testcase name="ErrorException_getSeverity" classname="Zend.ErrorException_getSeverity">
    </testcase>
    <testcase name="abstract-static" classname="Zend.abstract-static">
    </testcase>
    <testcase name="abstract_inheritance_001" classname="Zend.abstract_inheritance_001">
    </testcase>
    <testcase name="abstract_inheritance_002" classname="Zend.abstract_inheritance_002">
    </testcase>
    <testcase name="abstract_inheritance_003" classname="Zend.abstract_inheritance_003">
    </testcase>
    <testcase name="access_modifiers_001" classname="Zend.access_modifiers_001">
    </testcase>
    <testcase name="access_modifiers_002" classname="Zend.access_modifiers_002">
    </testcase>
    <testcase name="access_modifiers_003" classname="Zend.access_modifiers_003">
    </testcase>
    <testcase name="access_modifiers_004" classname="Zend.access_modifiers_004">
    </testcase>
    <testcase name="access_modifiers_005" classname="Zend.access_modifiers_005">
    </testcase>
    <testcase name="access_modifiers_006" classname="Zend.access_modifiers_006">
    </testcase>
    <testcase name="access_modifiers_007" classname="Zend.access_modifiers_007">
    </testcase>
    <testcase name="access_modifiers_008" classname="Zend.access_modifiers_008">
      <failure message="" />
    </testcase>
    <testcase name="access_modifiers_009" classname="Zend.access_modifiers_009">
      <failure message="" />
    </testcase>
    <testcase name="access_modifiers_010" classname="Zend.access_modifiers_010">
    </testcase>
    <testcase name="access_modifiers_011" classname="Zend.access_modifiers_011">
    </testcase>
    <testcase name="access_modifiers_012" classname="Zend.access_modifiers_012">
    </testcase>
    <testcase name="access_modifiers_013" classname="Zend.access_modifiers_013">
    </testcase>
    <testcase name="add_001" classname="Zend.add_001">
    </testcase>
    <testcase name="add_002" classname="Zend.add_002">
    </testcase>
    <testcase name="add_003" classname="Zend.add_003">
    </testcase>
    <testcase name="add_004" classname="Zend.add_004">
    </testcase>
    <testcase name="add_005" classname="Zend.add_005">
    </testcase>
    <testcase name="add_006" classname="Zend.add_006">
    </testcase>
    <testcase name="add_007" classname="Zend.add_007">
    </testcase>
    <testcase name="and_001" classname="Zend.and_001">
    </testcase>
    <testcase name="anonymous_func_001" classname="Zend.anonymous_func_001">
    </testcase>
    <testcase name="anonymous_func_002" classname="Zend.anonymous_func_002">
    </testcase>
    <testcase name="anonymous_func_003" classname="Zend.anonymous_func_003">
    </testcase>
    <testcase name="argument_restriction_001" classname="Zend.argument_restriction_001">
    </testcase>
    <testcase name="argument_restriction_002" classname="Zend.argument_restriction_002">
    </testcase>
    <testcase name="argument_restriction_003" classname="Zend.argument_restriction_003">
    </testcase>
    <testcase name="argument_restriction_004" classname="Zend.argument_restriction_004">
    </testcase>
    <testcase name="argument_restriction_005" classname="Zend.argument_restriction_005">
    </testcase>
    <testcase name="argument_restriction_006" classname="Zend.argument_restriction_006">
    </testcase>
    <testcase name="array_addition_not_commutative" classname="Zend.array_addition_not_commutative">
    </testcase>
    <testcase name="array_append_COW" classname="Zend.array_append_COW">
    </testcase>
    <testcase name="array_hash_zero" classname="Zend.array_hash_zero">
    </testcase>
    <testcase name="array_literal_next_element_error" classname="Zend.array_literal_next_element_error">
    </testcase>
    <testcase name="array_offset" classname="Zend.array_offset">
    </testcase>
    <testcase name="array_unshift_COW" classname="Zend.array_unshift_COW">
    </testcase>
    <testcase name="array_with_refs_identical" classname="Zend.array_with_refs_identical">
    </testcase>
    <testcase name="assign_dim_obj_null_return" classname="Zend.assign_dim_obj_null_return">
    </testcase>
    <testcase name="assign_ref_error_var_handling" classname="Zend.assign_ref_error_var_handling">
    </testcase>
    <testcase name="assign_ref_to_overloaded_prop" classname="Zend.assign_ref_to_overloaded_prop">
    </testcase>
    <testcase name="assign_to_obj_001" classname="Zend.assign_to_obj_001">
    </testcase>
    <testcase name="assign_to_obj_002" classname="Zend.assign_to_obj_002">
    </testcase>
    <testcase name="assign_to_var_001" classname="Zend.assign_to_var_001">
    </testcase>
    <testcase name="assign_to_var_002" classname="Zend.assign_to_var_002">
    </testcase>
    <testcase name="assign_to_var_003" classname="Zend.assign_to_var_003">
    </testcase>
    <testcase name="assign_to_var_004" classname="Zend.assign_to_var_004">
    </testcase>
    <testcase name="ast_serialize_backtick_literal" classname="Zend.ast_serialize_backtick_literal">
    </testcase>
    <testcase name="binary-32bit" classname="Zend.binary-32bit">
      <skipped message="" />
    </testcase>
    <testcase name="binary" classname="Zend.binary">
    </testcase>
    <testcase name="break_error_001" classname="Zend.break_error_001">
    </testcase>
    <testcase name="break_error_002" classname="Zend.break_error_002">
    </testcase>
    <testcase name="break_error_003" classname="Zend.break_error_003">
    </testcase>
    <testcase name="break_error_004" classname="Zend.break_error_004">
    </testcase>
    <testcase name="bug18556" classname="Zend.bug18556">
    </testcase>
    <testcase name="bug19859" classname="Zend.bug19859">
    </testcase>
    <testcase name="bug20240" classname="Zend.bug20240">
    </testcase>
    <testcase name="bug20242" classname="Zend.bug20242">
    </testcase>
    <testcase name="bug21478" classname="Zend.bug21478">
    </testcase>
    <testcase name="bug21888" classname="Zend.bug21888">
    </testcase>
    <testcase name="bug22725" classname="Zend.bug22725">
    </testcase>
    <testcase name="bug22836" classname="Zend.bug22836">
    </testcase>
    <testcase name="bug23104" classname="Zend.bug23104">
    </testcase>
    <testcase name="bug24436" classname="Zend.bug24436">
    </testcase>
    <testcase name="bug24635" classname="Zend.bug24635">
    </testcase>
    <testcase name="bug24699" classname="Zend.bug24699">
    </testcase>
    <testcase name="bug24773" classname="Zend.bug24773">
    </testcase>
    <testcase name="bug24884" classname="Zend.bug24884">
    </testcase>
    <testcase name="bug26010" classname="Zend.bug26010">
    </testcase>
    <testcase name="bug26077" classname="Zend.bug26077">
    </testcase>
    <testcase name="bug26166" classname="Zend.bug26166">
    </testcase>
    <testcase name="bug26229" classname="Zend.bug26229">
    </testcase>
    <testcase name="bug26281" classname="Zend.bug26281">
    </testcase>
    <testcase name="bug26696" classname="Zend.bug26696">
    </testcase>
    <testcase name="bug26697" classname="Zend.bug26697">
    </testcase>
    <testcase name="bug26698" classname="Zend.bug26698">
    </testcase>
    <testcase name="bug26801" classname="Zend.bug26801">
    </testcase>
    <testcase name="bug26802" classname="Zend.bug26802">
    </testcase>
    <testcase name="bug27268" classname="Zend.bug27268">
    </testcase>
    <testcase name="bug27304" classname="Zend.bug27304">
    </testcase>
    <testcase name="bug27598" classname="Zend.bug27598">
    </testcase>
    <testcase name="bug27669" classname="Zend.bug27669">
    </testcase>
    <testcase name="bug27731" classname="Zend.bug27731">
    </testcase>
    <testcase name="bug27798" classname="Zend.bug27798">
    </testcase>
    <testcase name="bug28072" classname="Zend.bug28072">
    </testcase>
    <testcase name="bug28377" classname="Zend.bug28377">
    </testcase>
    <testcase name="bug28442" classname="Zend.bug28442">
    </testcase>
    <testcase name="bug28444" classname="Zend.bug28444">
    </testcase>
    <testcase name="bug29015" classname="Zend.bug29015">
    </testcase>
    <testcase name="bug29104" classname="Zend.bug29104">
    </testcase>
    <testcase name="bug29210" classname="Zend.bug29210">
    </testcase>
    <testcase name="bug29368" classname="Zend.bug29368">
    </testcase>
    <testcase name="bug29368_1" classname="Zend.bug29368_1">
    </testcase>
    <testcase name="bug29505" classname="Zend.bug29505">
    </testcase>
    <testcase name="bug29674" classname="Zend.bug29674">
    </testcase>
    <testcase name="bug29689" classname="Zend.bug29689">
    </testcase>
    <testcase name="bug29883" classname="Zend.bug29883">
    </testcase>
    <testcase name="bug29890" classname="Zend.bug29890">
    </testcase>
    <testcase name="bug29896" classname="Zend.bug29896">
    </testcase>
    <testcase name="bug29944" classname="Zend.bug29944">
    </testcase>
    <testcase name="bug30080" classname="Zend.bug30080">
    </testcase>
    <testcase name="bug30140" classname="Zend.bug30140">
    </testcase>
    <testcase name="bug30161" classname="Zend.bug30161">
    </testcase>
    <testcase name="bug30162" classname="Zend.bug30162">
    </testcase>
    <testcase name="bug30346" classname="Zend.bug30346">
    </testcase>
    <testcase name="bug30394" classname="Zend.bug30394">
    </testcase>
    <testcase name="bug30407" classname="Zend.bug30407">
    </testcase>
    <testcase name="bug30451" classname="Zend.bug30451">
    </testcase>
    <testcase name="bug30519" classname="Zend.bug30519">
    </testcase>
    <testcase name="bug30702" classname="Zend.bug30702">
    </testcase>
    <testcase name="bug30707" classname="Zend.bug30707">
    </testcase>
    <testcase name="bug30725" classname="Zend.bug30725">
    </testcase>
    <testcase name="bug30791" classname="Zend.bug30791">
    </testcase>
    <testcase name="bug30820" classname="Zend.bug30820">
    </testcase>
    <testcase name="bug30828" classname="Zend.bug30828">
    </testcase>
    <testcase name="bug30889" classname="Zend.bug30889">
    </testcase>
    <testcase name="bug30922" classname="Zend.bug30922">
    </testcase>
    <testcase name="bug30998" classname="Zend.bug30998">
    </testcase>
    <testcase name="bug31098" classname="Zend.bug31098">
    </testcase>
    <testcase name="bug31102" classname="Zend.bug31102">
    </testcase>
    <testcase name="bug31177-2" classname="Zend.bug31177-2">
    </testcase>
    <testcase name="bug31177" classname="Zend.bug31177">
    </testcase>
    <testcase name="bug31341" classname="Zend.bug31341">
    </testcase>
    <testcase name="bug31525" classname="Zend.bug31525">
    </testcase>
    <testcase name="bug31683" classname="Zend.bug31683">
    </testcase>
    <testcase name="bug31720" classname="Zend.bug31720">
    </testcase>
    <testcase name="bug32226" classname="Zend.bug32226">
    </testcase>
    <testcase name="bug32252" classname="Zend.bug32252">
    </testcase>
    <testcase name="bug32290" classname="Zend.bug32290">
    </testcase>
    <testcase name="bug32296" classname="Zend.bug32296">
    </testcase>
    <testcase name="bug32322" classname="Zend.bug32322">
    </testcase>
    <testcase name="bug32427" classname="Zend.bug32427">
    </testcase>
    <testcase name="bug32428" classname="Zend.bug32428">
    </testcase>
    <testcase name="bug32429" classname="Zend.bug32429">
    </testcase>
    <testcase name="bug32596" classname="Zend.bug32596">
    </testcase>
    <testcase name="bug32660" classname="Zend.bug32660">
    </testcase>
    <testcase name="bug32674" classname="Zend.bug32674">
    </testcase>
    <testcase name="bug32799" classname="Zend.bug32799">
    </testcase>
    <testcase name="bug32833" classname="Zend.bug32833">
    </testcase>
    <testcase name="bug32993" classname="Zend.bug32993">
    </testcase>
    <testcase name="bug33116" classname="Zend.bug33116">
    </testcase>
    <testcase name="bug33171" classname="Zend.bug33171">
    </testcase>
    <testcase name="bug33257" classname="Zend.bug33257">
    </testcase>
    <testcase name="bug33277" classname="Zend.bug33277">
    </testcase>
    <testcase name="bug33282" classname="Zend.bug33282">
    </testcase>
    <testcase name="bug33318" classname="Zend.bug33318">
    </testcase>
    <testcase name="bug33512" classname="Zend.bug33512">
    </testcase>
    <testcase name="bug33558" classname="Zend.bug33558">
    </testcase>
    <testcase name="bug33710" classname="Zend.bug33710">
    </testcase>
    <testcase name="bug33732" classname="Zend.bug33732">
    </testcase>
    <testcase name="bug33771" classname="Zend.bug33771">
    </testcase>
    <testcase name="bug33802" classname="Zend.bug33802">
    </testcase>
    <testcase name="bug33996" classname="Zend.bug33996">
    </testcase>
    <testcase name="bug33999" classname="Zend.bug33999">
    </testcase>
    <testcase name="bug34045" classname="Zend.bug34045">
    </testcase>
    <testcase name="bug34062" classname="Zend.bug34062">
    </testcase>
    <testcase name="bug34064" classname="Zend.bug34064">
    </testcase>
    <testcase name="bug34065" classname="Zend.bug34065">
    </testcase>
    <testcase name="bug34137" classname="Zend.bug34137">
    </testcase>
    <testcase name="bug34199" classname="Zend.bug34199">
    </testcase>
    <testcase name="bug34260" classname="Zend.bug34260">
    </testcase>
    <testcase name="bug34310" classname="Zend.bug34310">
    </testcase>
    <testcase name="bug34358" classname="Zend.bug34358">
    </testcase>
    <testcase name="bug34467" classname="Zend.bug34467">
    </testcase>
    <testcase name="bug34518" classname="Zend.bug34518">
    </testcase>
    <testcase name="bug34617" classname="Zend.bug34617">
    </testcase>
    <testcase name="bug34678" classname="Zend.bug34678">
    </testcase>
    <testcase name="bug34786" classname="Zend.bug34786">
    </testcase>
    <testcase name="bug34873" classname="Zend.bug34873">
    </testcase>
    <testcase name="bug34879" classname="Zend.bug34879">
    </testcase>
    <testcase name="bug34893" classname="Zend.bug34893">
    </testcase>
    <testcase name="bug35017" classname="Zend.bug35017">
    </testcase>
    <testcase name="bug35106" classname="Zend.bug35106">
    </testcase>
    <testcase name="bug35163" classname="Zend.bug35163">
    </testcase>
    <testcase name="bug35163_2" classname="Zend.bug35163_2">
    </testcase>
    <testcase name="bug35163_3" classname="Zend.bug35163_3">
    </testcase>
    <testcase name="bug35239" classname="Zend.bug35239">
    </testcase>
    <testcase name="bug35393" classname="Zend.bug35393">
    </testcase>
    <testcase name="bug35411" classname="Zend.bug35411">
    </testcase>
    <testcase name="bug35437" classname="Zend.bug35437">
    </testcase>
    <testcase name="bug35470" classname="Zend.bug35470">
    </testcase>
    <testcase name="bug35509" classname="Zend.bug35509">
    </testcase>
    <testcase name="bug35634" classname="Zend.bug35634">
    </testcase>
    <testcase name="bug35655" classname="Zend.bug35655">
    </testcase>
    <testcase name="bug36006" classname="Zend.bug36006">
    </testcase>
    <testcase name="bug36037" classname="Zend.bug36037">
    </testcase>
    <testcase name="bug36071" classname="Zend.bug36071">
    </testcase>
    <testcase name="bug36214" classname="Zend.bug36214">
    </testcase>
    <testcase name="bug36268" classname="Zend.bug36268">
    </testcase>
    <testcase name="bug36303" classname="Zend.bug36303">
    </testcase>
    <testcase name="bug36513" classname="Zend.bug36513">
    </testcase>
    <testcase name="bug36568" classname="Zend.bug36568">
    </testcase>
    <testcase name="bug36759" classname="Zend.bug36759">
    </testcase>
    <testcase name="bug37046" classname="Zend.bug37046">
    </testcase>
    <testcase name="bug37138" classname="Zend.bug37138">
    </testcase>
    <testcase name="bug37144" classname="Zend.bug37144">
    </testcase>
    <testcase name="bug37212" classname="Zend.bug37212">
    </testcase>
    <testcase name="bug37251" classname="Zend.bug37251">
    </testcase>
    <testcase name="bug37632" classname="Zend.bug37632">
    </testcase>
    <testcase name="bug37667" classname="Zend.bug37667">
    </testcase>
    <testcase name="bug37707" classname="Zend.bug37707">
    </testcase>
    <testcase name="bug37715" classname="Zend.bug37715">
    </testcase>
    <testcase name="bug37811" classname="Zend.bug37811">
    </testcase>
    <testcase name="bug38047" classname="Zend.bug38047">
    </testcase>
    <testcase name="bug38146" classname="Zend.bug38146">
    </testcase>
    <testcase name="bug38211" classname="Zend.bug38211">
    </testcase>
    <testcase name="bug38220" classname="Zend.bug38220">
    </testcase>
    <testcase name="bug38234" classname="Zend.bug38234">
    </testcase>
    <testcase name="bug38287" classname="Zend.bug38287">
    </testcase>
    <testcase name="bug38461" classname="Zend.bug38461">
    </testcase>
    <testcase name="bug38469" classname="Zend.bug38469">
    </testcase>
    <testcase name="bug38623" classname="Zend.bug38623">
    </testcase>
    <testcase name="bug38624" classname="Zend.bug38624">
    </testcase>
    <testcase name="bug38772" classname="Zend.bug38772">
    </testcase>
    <testcase name="bug38779" classname="Zend.bug38779">
    </testcase>
    <testcase name="bug38779_1" classname="Zend.bug38779_1">
    </testcase>
    <testcase name="bug38808" classname="Zend.bug38808">
    </testcase>
    <testcase name="bug38942" classname="Zend.bug38942">
    </testcase>
    <testcase name="bug39003" classname="Zend.bug39003">
    </testcase>
    <testcase name="bug39017" classname="Zend.bug39017">
    </testcase>
    <testcase name="bug39018" classname="Zend.bug39018">
    </testcase>
    <testcase name="bug39018_2" classname="Zend.bug39018_2">
    </testcase>
    <testcase name="bug39036" classname="Zend.bug39036">
    </testcase>
    <testcase name="bug39127" classname="Zend.bug39127">
    </testcase>
    <testcase name="bug39297" classname="Zend.bug39297">
    </testcase>
    <testcase name="bug39304" classname="Zend.bug39304">
    </testcase>
    <testcase name="bug39346" classname="Zend.bug39346">
    </testcase>
    <testcase name="bug39438" classname="Zend.bug39438">
    </testcase>
    <testcase name="bug39445" classname="Zend.bug39445">
    </testcase>
    <testcase name="bug39449" classname="Zend.bug39449">
    </testcase>
    <testcase name="bug39542" classname="Zend.bug39542">
    </testcase>
    <testcase name="bug39602" classname="Zend.bug39602">
    </testcase>
    <testcase name="bug39721" classname="Zend.bug39721">
    </testcase>
    <testcase name="bug39775" classname="Zend.bug39775">
    </testcase>
    <testcase name="bug39825" classname="Zend.bug39825">
    </testcase>
    <testcase name="bug39944" classname="Zend.bug39944">
    </testcase>
    <testcase name="bug39990" classname="Zend.bug39990">
    </testcase>
    <testcase name="bug40236" classname="Zend.bug40236">
    </testcase>
    <testcase name="bug40261" classname="Zend.bug40261">
    </testcase>
    <testcase name="bug40509" classname="Zend.bug40509">
    </testcase>
    <testcase name="bug40621" classname="Zend.bug40621">
    </testcase>
    <testcase name="bug40705" classname="Zend.bug40705">
    </testcase>
    <testcase name="bug40757" classname="Zend.bug40757">
    </testcase>
    <testcase name="bug40770" classname="Zend.bug40770">
    </testcase>
    <testcase name="bug40784" classname="Zend.bug40784">
    </testcase>
    <testcase name="bug40809" classname="Zend.bug40809">
    </testcase>
    <testcase name="bug40815" classname="Zend.bug40815">
    </testcase>
    <testcase name="bug40833" classname="Zend.bug40833">
    </testcase>
    <testcase name="bug40899" classname="Zend.bug40899">
    </testcase>
    <testcase name="bug41026" classname="Zend.bug41026">
    </testcase>
    <testcase name="bug41075" classname="Zend.bug41075">
    </testcase>
    <testcase name="bug41117_1" classname="Zend.bug41117_1">
    </testcase>
    <testcase name="bug41209" classname="Zend.bug41209">
    </testcase>
    <testcase name="bug41351" classname="Zend.bug41351">
    </testcase>
    <testcase name="bug41351_2" classname="Zend.bug41351_2">
    </testcase>
    <testcase name="bug41351_3" classname="Zend.bug41351_3">
    </testcase>
    <testcase name="bug41372" classname="Zend.bug41372">
    </testcase>
    <testcase name="bug41401" classname="Zend.bug41401">
    </testcase>
    <testcase name="bug41421" classname="Zend.bug41421">
    </testcase>
    <testcase name="bug41633_1" classname="Zend.bug41633_1">
    </testcase>
    <testcase name="bug41633_2" classname="Zend.bug41633_2">
    </testcase>
    <testcase name="bug41633_3" classname="Zend.bug41633_3">
    </testcase>
    <testcase name="bug41633_4" classname="Zend.bug41633_4">
    </testcase>
    <testcase name="bug41640" classname="Zend.bug41640">
    </testcase>
    <testcase name="bug41813" classname="Zend.bug41813">
    </testcase>
    <testcase name="bug41919" classname="Zend.bug41919">
    </testcase>
    <testcase name="bug41929" classname="Zend.bug41929">
    </testcase>
    <testcase name="bug41961" classname="Zend.bug41961">
    </testcase>
    <testcase name="bug42143" classname="Zend.bug42143">
    </testcase>
    <testcase name="bug42211" classname="Zend.bug42211">
    </testcase>
    <testcase name="bug42767" classname="Zend.bug42767">
    </testcase>
    <testcase name="bug42772" classname="Zend.bug42772">
    </testcase>
    <testcase name="bug42798" classname="Zend.bug42798">
    </testcase>
    <testcase name="bug42802" classname="Zend.bug42802">
    </testcase>
    <testcase name="bug42817" classname="Zend.bug42817">
    </testcase>
    <testcase name="bug42818" classname="Zend.bug42818">
    </testcase>
    <testcase name="bug42819" classname="Zend.bug42819">
    </testcase>
    <testcase name="bug42820" classname="Zend.bug42820">
    </testcase>
    <testcase name="bug42859" classname="Zend.bug42859">
    </testcase>
    <testcase name="bug42937" classname="Zend.bug42937">
    </testcase>
    <testcase name="bug43027" classname="Zend.bug43027">
    </testcase>
    <testcase name="bug43053" classname="Zend.bug43053">
    </testcase>
    <testcase name="bug43128" classname="Zend.bug43128">
    </testcase>
    <testcase name="bug43175" classname="Zend.bug43175">
    </testcase>
    <testcase name="bug43183" classname="Zend.bug43183">
    </testcase>
    <testcase name="bug43200" classname="Zend.bug43200">
    </testcase>
    <testcase name="bug43200_2" classname="Zend.bug43200_2">
    </testcase>
    <testcase name="bug43201" classname="Zend.bug43201">
    </testcase>
    <testcase name="bug43323" classname="Zend.bug43323">
    </testcase>
    <testcase name="bug43332_1" classname="Zend.bug43332_1">
    </testcase>
    <testcase name="bug43332_2" classname="Zend.bug43332_2">
    </testcase>
    <testcase name="bug43343" classname="Zend.bug43343">
    </testcase>
    <testcase name="bug43344_1" classname="Zend.bug43344_1">
    </testcase>
    <testcase name="bug43344_10" classname="Zend.bug43344_10">
    </testcase>
    <testcase name="bug43344_11" classname="Zend.bug43344_11">
    </testcase>
    <testcase name="bug43344_12" classname="Zend.bug43344_12">
    </testcase>
    <testcase name="bug43344_13" classname="Zend.bug43344_13">
    </testcase>
    <testcase name="bug43344_2" classname="Zend.bug43344_2">
    </testcase>
    <testcase name="bug43344_3" classname="Zend.bug43344_3">
    </testcase>
    <testcase name="bug43344_4" classname="Zend.bug43344_4">
    </testcase>
    <testcase name="bug43344_5" classname="Zend.bug43344_5">
    </testcase>
    <testcase name="bug43344_6" classname="Zend.bug43344_6">
    </testcase>
    <testcase name="bug43344_7" classname="Zend.bug43344_7">
    </testcase>
    <testcase name="bug43344_8" classname="Zend.bug43344_8">
    </testcase>
    <testcase name="bug43344_9" classname="Zend.bug43344_9">
    </testcase>
    <testcase name="bug43426" classname="Zend.bug43426">
    </testcase>
    <testcase name="bug43450" classname="Zend.bug43450">
    </testcase>
    <testcase name="bug43483" classname="Zend.bug43483">
    </testcase>
    <testcase name="bug43651" classname="Zend.bug43651">
    </testcase>
    <testcase name="bug43703" classname="Zend.bug43703">
    </testcase>
    <testcase name="bug43851" classname="Zend.bug43851">
    </testcase>
    <testcase name="bug43918" classname="Zend.bug43918">
    </testcase>
    <testcase name="bug44069" classname="Zend.bug44069">
    </testcase>
    <testcase name="bug44141" classname="Zend.bug44141">
    </testcase>
    <testcase name="bug44184" classname="Zend.bug44184">
    </testcase>
    <testcase name="bug44414" classname="Zend.bug44414">
    </testcase>
    <testcase name="bug44653" classname="Zend.bug44653">
    </testcase>
    <testcase name="bug44660" classname="Zend.bug44660">
    </testcase>
    <testcase name="bug44827" classname="Zend.bug44827">
    </testcase>
    <testcase name="bug44830" classname="Zend.bug44830">
    </testcase>
    <testcase name="bug44899" classname="Zend.bug44899">
    </testcase>
    <testcase name="bug44899_2" classname="Zend.bug44899_2">
    </testcase>
    <testcase name="bug44913" classname="Zend.bug44913">
    </testcase>
    <testcase name="bug45147" classname="Zend.bug45147">
    </testcase>
    <testcase name="bug45180" classname="Zend.bug45180">
    </testcase>
    <testcase name="bug45186" classname="Zend.bug45186">
    </testcase>
    <testcase name="bug45186_2" classname="Zend.bug45186_2">
    </testcase>
    <testcase name="bug45742" classname="Zend.bug45742">
    </testcase>
    <testcase name="bug45744" classname="Zend.bug45744">
    </testcase>
    <testcase name="bug45805" classname="Zend.bug45805">
    </testcase>
    <testcase name="bug45862" classname="Zend.bug45862">
    </testcase>
    <testcase name="bug45877" classname="Zend.bug45877">
    </testcase>
    <testcase name="bug45910" classname="Zend.bug45910">
    </testcase>
    <testcase name="bug45910_2" classname="Zend.bug45910_2">
    </testcase>
    <testcase name="bug46106" classname="Zend.bug46106">
    </testcase>
    <testcase name="bug46196" classname="Zend.bug46196">
    </testcase>
    <testcase name="bug46238" classname="Zend.bug46238">
    </testcase>
    <testcase name="bug46241" classname="Zend.bug46241">
    </testcase>
    <testcase name="bug46246" classname="Zend.bug46246">
    </testcase>
    <testcase name="bug46304" classname="Zend.bug46304">
    </testcase>
    <testcase name="bug46308" classname="Zend.bug46308">
    </testcase>
    <testcase name="bug46381" classname="Zend.bug46381">
    </testcase>
    <testcase name="bug46409" classname="Zend.bug46409">
    </testcase>
    <testcase name="bug46665" classname="Zend.bug46665">
    </testcase>
    <testcase name="bug46701" classname="Zend.bug46701">
      <skipped message="" />
    </testcase>
    <testcase name="bug46811" classname="Zend.bug46811">
    </testcase>
    <testcase name="bug46813" classname="Zend.bug46813">
    </testcase>
    <testcase name="bug47054" classname="Zend.bug47054">
    </testcase>
    <testcase name="bug47109" classname="Zend.bug47109">
    </testcase>
    <testcase name="bug47165" classname="Zend.bug47165">
    </testcase>
    <testcase name="bug47320" classname="Zend.bug47320">
    </testcase>
    <testcase name="bug47343" classname="Zend.bug47343">
    </testcase>
    <testcase name="bug47353" classname="Zend.bug47353">
    </testcase>
    <testcase name="bug47516" classname="Zend.bug47516">
    </testcase>
    <testcase name="bug47572" classname="Zend.bug47572">
    </testcase>
    <testcase name="bug47593" classname="Zend.bug47593">
    </testcase>
    <testcase name="bug47596" classname="Zend.bug47596">
    </testcase>
    <testcase name="bug47699" classname="Zend.bug47699">
    </testcase>
    <testcase name="bug47704" classname="Zend.bug47704">
    </testcase>
    <testcase name="bug47714" classname="Zend.bug47714">
    </testcase>
    <testcase name="bug47771" classname="Zend.bug47771">
    </testcase>
    <testcase name="bug47801" classname="Zend.bug47801">
    </testcase>
    <testcase name="bug47836" classname="Zend.bug47836">
    </testcase>
    <testcase name="bug47880" classname="Zend.bug47880">
    </testcase>
    <testcase name="bug47981" classname="Zend.bug47981">
    </testcase>
    <testcase name="bug48004" classname="Zend.bug48004">
    </testcase>
    <testcase name="bug48215" classname="Zend.bug48215">
    </testcase>
    <testcase name="bug48215_2" classname="Zend.bug48215_2">
    </testcase>
    <testcase name="bug48228" classname="Zend.bug48228">
    </testcase>
    <testcase name="bug48248" classname="Zend.bug48248">
    </testcase>
    <testcase name="bug48408" classname="Zend.bug48408">
    </testcase>
    <testcase name="bug48409" classname="Zend.bug48409">
    </testcase>
    <testcase name="bug48428" classname="Zend.bug48428">
    </testcase>
    <testcase name="bug48533" classname="Zend.bug48533">
    </testcase>
    <testcase name="bug48667_1" classname="Zend.bug48667_1">
    </testcase>
    <testcase name="bug48667_2" classname="Zend.bug48667_2">
    </testcase>
    <testcase name="bug48693" classname="Zend.bug48693">
    </testcase>
    <testcase name="bug48770" classname="Zend.bug48770">
      <failure message="" />
    </testcase>
    <testcase name="bug48770_2" classname="Zend.bug48770_2">
      <failure message="" />
    </testcase>
    <testcase name="bug48770_3" classname="Zend.bug48770_3">
      <failure message="" />
    </testcase>
    <testcase name="bug48899" classname="Zend.bug48899">
    </testcase>
    <testcase name="bug48912" classname="Zend.bug48912">
    </testcase>
    <testcase name="bug48930" classname="Zend.bug48930">
    </testcase>
    <testcase name="bug49269" classname="Zend.bug49269">
    </testcase>
    <testcase name="bug49472" classname="Zend.bug49472">
    </testcase>
    <testcase name="bug49866" classname="Zend.bug49866">
    </testcase>
    <testcase name="bug49893" classname="Zend.bug49893">
    </testcase>
    <testcase name="bug49908" classname="Zend.bug49908">
    </testcase>
    <testcase name="bug50005" classname="Zend.bug50005">
    </testcase>
    <testcase name="bug50146" classname="Zend.bug50146">
    </testcase>
    <testcase name="bug50174" classname="Zend.bug50174">
    </testcase>
    <testcase name="bug50255" classname="Zend.bug50255">
    </testcase>
    <testcase name="bug50261" classname="Zend.bug50261">
    </testcase>
    <testcase name="bug50383" classname="Zend.bug50383">
    </testcase>
    <testcase name="bug50394" classname="Zend.bug50394">
    </testcase>
    <testcase name="bug50810" classname="Zend.bug50810">
    </testcase>
    <testcase name="bug50816" classname="Zend.bug50816">
    </testcase>
    <testcase name="bug51176" classname="Zend.bug51176">
    </testcase>
    <testcase name="bug51394" classname="Zend.bug51394">
    </testcase>
    <testcase name="bug51421" classname="Zend.bug51421">
    </testcase>
    <testcase name="bug51791" classname="Zend.bug51791">
    </testcase>
    <testcase name="bug51822" classname="Zend.bug51822">
    </testcase>
    <testcase name="bug51827" classname="Zend.bug51827">
    </testcase>
    <testcase name="bug52001" classname="Zend.bug52001">
    </testcase>
    <testcase name="bug52041" classname="Zend.bug52041">
    </testcase>
    <testcase name="bug52051" classname="Zend.bug52051">
    </testcase>
    <testcase name="bug52060" classname="Zend.bug52060">
    </testcase>
    <testcase name="bug52160" classname="Zend.bug52160">
    </testcase>
    <testcase name="bug52193" classname="Zend.bug52193">
    </testcase>
    <testcase name="bug52237" classname="Zend.bug52237">
    </testcase>
    <testcase name="bug52355" classname="Zend.bug52355">
    </testcase>
    <testcase name="bug52361" classname="Zend.bug52361">
    </testcase>
    <testcase name="bug52484" classname="Zend.bug52484">
    </testcase>
    <testcase name="bug52484_2" classname="Zend.bug52484_2">
    </testcase>
    <testcase name="bug52484_3" classname="Zend.bug52484_3">
    </testcase>
    <testcase name="bug52508" classname="Zend.bug52508">
    </testcase>
    <testcase name="bug52614" classname="Zend.bug52614">
    </testcase>
    <testcase name="bug52879" classname="Zend.bug52879">
    </testcase>
    <testcase name="bug52939" classname="Zend.bug52939">
    </testcase>
    <testcase name="bug52940" classname="Zend.bug52940">
    </testcase>
    <testcase name="bug53305" classname="Zend.bug53305">
    </testcase>
    <testcase name="bug53347" classname="Zend.bug53347">
    </testcase>
    <testcase name="bug53432" classname="Zend.bug53432">
    </testcase>
    <testcase name="bug53511" classname="Zend.bug53511">
    </testcase>
    <testcase name="bug53629" classname="Zend.bug53629">
    </testcase>
    <testcase name="bug53632" classname="Zend.bug53632">
    </testcase>
    <testcase name="bug53727" classname="Zend.bug53727">
    </testcase>
    <testcase name="bug53748" classname="Zend.bug53748">
    </testcase>
    <testcase name="bug53958" classname="Zend.bug53958">
    </testcase>
    <testcase name="bug53971" classname="Zend.bug53971">
    </testcase>
    <testcase name="bug54013" classname="Zend.bug54013">
    </testcase>
    <testcase name="bug54039" classname="Zend.bug54039">
    </testcase>
    <testcase name="bug54043" classname="Zend.bug54043">
    </testcase>
    <testcase name="bug54262" classname="Zend.bug54262">
    </testcase>
    <testcase name="bug54265" classname="Zend.bug54265">
    </testcase>
    <testcase name="bug54268" classname="Zend.bug54268">
    </testcase>
    <testcase name="bug54305" classname="Zend.bug54305">
    </testcase>
    <testcase name="bug54358" classname="Zend.bug54358">
    </testcase>
    <testcase name="bug54367" classname="Zend.bug54367">
    </testcase>
    <testcase name="bug54372" classname="Zend.bug54372">
    </testcase>
    <testcase name="bug54547" classname="Zend.bug54547">
    </testcase>
    <testcase name="bug54585" classname="Zend.bug54585">
    </testcase>
    <testcase name="bug54624" classname="Zend.bug54624">
    </testcase>
    <testcase name="bug54804" classname="Zend.bug54804">
    </testcase>
    <testcase name="bug54910" classname="Zend.bug54910">
    </testcase>
    <testcase name="bug55007" classname="Zend.bug55007">
    </testcase>
    <testcase name="bug55086" classname="Zend.bug55086">
    </testcase>
    <testcase name="bug55135" classname="Zend.bug55135">
    </testcase>
    <testcase name="bug55156" classname="Zend.bug55156">
    </testcase>
    <testcase name="bug55247" classname="Zend.bug55247">
    </testcase>
    <testcase name="bug55305" classname="Zend.bug55305">
    </testcase>
    <testcase name="bug55445" classname="Zend.bug55445">
    </testcase>
    <testcase name="bug55509" classname="Zend.bug55509">
    </testcase>
    <testcase name="bug55578" classname="Zend.bug55578">
    </testcase>
    <testcase name="bug55705" classname="Zend.bug55705">
    </testcase>
    <testcase name="bug55825" classname="Zend.bug55825">
    </testcase>
    <testcase name="bug60099" classname="Zend.bug60099">
    </testcase>
    <testcase name="bug60138" classname="Zend.bug60138">
    </testcase>
    <testcase name="bug60139" classname="Zend.bug60139">
    </testcase>
    <testcase name="bug60169" classname="Zend.bug60169">
    </testcase>
    <testcase name="bug60350" classname="Zend.bug60350">
    </testcase>
    <testcase name="bug60362" classname="Zend.bug60362">
    </testcase>
    <testcase name="bug60444" classname="Zend.bug60444">
    </testcase>
    <testcase name="bug60536_001" classname="Zend.bug60536_001">
    </testcase>
    <testcase name="bug60536_002" classname="Zend.bug60536_002">
    </testcase>
    <testcase name="bug60536_003" classname="Zend.bug60536_003">
    </testcase>
    <testcase name="bug60536_004" classname="Zend.bug60536_004">
    </testcase>
    <testcase name="bug60536_005" classname="Zend.bug60536_005">
    </testcase>
    <testcase name="bug60569" classname="Zend.bug60569">
    </testcase>
    <testcase name="bug60573" classname="Zend.bug60573">
    </testcase>
    <testcase name="bug60598" classname="Zend.bug60598">
    </testcase>
    <testcase name="bug60611" classname="Zend.bug60611">
    </testcase>
    <testcase name="bug60613" classname="Zend.bug60613">
    </testcase>
    <testcase name="bug60738" classname="Zend.bug60738">
    </testcase>
    <testcase name="bug60738_variation" classname="Zend.bug60738_variation">
    </testcase>
    <testcase name="bug60771" classname="Zend.bug60771">
    </testcase>
    <testcase name="bug60825" classname="Zend.bug60825">
    </testcase>
    <testcase name="bug60833" classname="Zend.bug60833">
    </testcase>
    <testcase name="bug60909_1" classname="Zend.bug60909_1">
    </testcase>
    <testcase name="bug60909_2" classname="Zend.bug60909_2">
    </testcase>
    <testcase name="bug60978" classname="Zend.bug60978">
    </testcase>
    <testcase name="bug61011" classname="Zend.bug61011">
    </testcase>
    <testcase name="bug61025" classname="Zend.bug61025">
    </testcase>
    <testcase name="bug61087" classname="Zend.bug61087">
    </testcase>
    <testcase name="bug61095" classname="Zend.bug61095">
    </testcase>
    <testcase name="bug61165" classname="Zend.bug61165">
    </testcase>
    <testcase name="bug61225" classname="Zend.bug61225">
    </testcase>
    <testcase name="bug61273" classname="Zend.bug61273">
    </testcase>
    <testcase name="bug61362" classname="Zend.bug61362">
    </testcase>
    <testcase name="bug61681" classname="Zend.bug61681">
    </testcase>
    <testcase name="bug61761" classname="Zend.bug61761">
    </testcase>
    <testcase name="bug61767" classname="Zend.bug61767">
    </testcase>
    <testcase name="bug61782" classname="Zend.bug61782">
    </testcase>
    <testcase name="bug61970" classname="Zend.bug61970">
    </testcase>
    <testcase name="bug61970_1" classname="Zend.bug61970_1">
    </testcase>
    <testcase name="bug61970_2" classname="Zend.bug61970_2">
    </testcase>
    <testcase name="bug62005" classname="Zend.bug62005">
    </testcase>
    <testcase name="bug62097" classname="Zend.bug62097">
      <skipped message="" />
    </testcase>
    <testcase name="bug62343" classname="Zend.bug62343">
    </testcase>
    <testcase name="bug62358" classname="Zend.bug62358">
    </testcase>
    <testcase name="bug62441" classname="Zend.bug62441">
    </testcase>
    <testcase name="bug62653" classname="Zend.bug62653">
    </testcase>
    <testcase name="bug62680" classname="Zend.bug62680">
    </testcase>
    <testcase name="bug62763" classname="Zend.bug62763">
    </testcase>
    <testcase name="bug62814" classname="Zend.bug62814">
    </testcase>
    <testcase name="bug62892" classname="Zend.bug62892">
    </testcase>
    <testcase name="bug62907" classname="Zend.bug62907">
    </testcase>
    <testcase name="bug62956" classname="Zend.bug62956">
    </testcase>
    <testcase name="bug62991" classname="Zend.bug62991">
    </testcase>
    <testcase name="bug63055" classname="Zend.bug63055">
    </testcase>
    <testcase name="bug63111" classname="Zend.bug63111">
    </testcase>
    <testcase name="bug63173" classname="Zend.bug63173">
    </testcase>
    <testcase name="bug63217" classname="Zend.bug63217">
    </testcase>
    <testcase name="bug63219" classname="Zend.bug63219">
    </testcase>
    <testcase name="bug63305" classname="Zend.bug63305">
    </testcase>
    <testcase name="bug63336" classname="Zend.bug63336">
    </testcase>
    <testcase name="bug63462" classname="Zend.bug63462">
    </testcase>
    <testcase name="bug63468" classname="Zend.bug63468">
    </testcase>
    <testcase name="bug63635" classname="Zend.bug63635">
    </testcase>
    <testcase name="bug63734" classname="Zend.bug63734">
    </testcase>
    <testcase name="bug63741" classname="Zend.bug63741">
    </testcase>
    <testcase name="bug63762" classname="Zend.bug63762">
    </testcase>
    <testcase name="bug63882" classname="Zend.bug63882">
    </testcase>
    <testcase name="bug63976" classname="Zend.bug63976">
    </testcase>
    <testcase name="bug63982" classname="Zend.bug63982">
    </testcase>
    <testcase name="bug64135" classname="Zend.bug64135">
    </testcase>
    <testcase name="bug64239_1" classname="Zend.bug64239_1">
    </testcase>
    <testcase name="bug64239_2" classname="Zend.bug64239_2">
    </testcase>
    <testcase name="bug64239_3" classname="Zend.bug64239_3">
    </testcase>
    <testcase name="bug64239_4" classname="Zend.bug64239_4">
    </testcase>
    <testcase name="bug64354" classname="Zend.bug64354">
    </testcase>
    <testcase name="bug64417" classname="Zend.bug64417">
    </testcase>
    <testcase name="bug64515" classname="Zend.bug64515">
    </testcase>
    <testcase name="bug64555" classname="Zend.bug64555">
    </testcase>
    <testcase name="bug64578" classname="Zend.bug64578">
    </testcase>
    <testcase name="bug64660" classname="Zend.bug64660">
    </testcase>
    <testcase name="bug64677" classname="Zend.bug64677">
    </testcase>
    <testcase name="bug64720" classname="Zend.bug64720">
    </testcase>
    <testcase name="bug64821-1" classname="Zend.bug64821-1">
    </testcase>
    <testcase name="bug64821-2" classname="Zend.bug64821-2">
    </testcase>
    <testcase name="bug64821-3" classname="Zend.bug64821-3">
    </testcase>
    <testcase name="bug64896" classname="Zend.bug64896">
    </testcase>
    <testcase name="bug64960" classname="Zend.bug64960">
    </testcase>
    <testcase name="bug64966" classname="Zend.bug64966">
    </testcase>
    <testcase name="bug64979" classname="Zend.bug64979">
    </testcase>
    <testcase name="bug64988" classname="Zend.bug64988">
    </testcase>
    <testcase name="bug65051" classname="Zend.bug65051">
    </testcase>
    <testcase name="bug65108" classname="Zend.bug65108">
    </testcase>
    <testcase name="bug65254" classname="Zend.bug65254">
    </testcase>
    <testcase name="bug65291" classname="Zend.bug65291">
    </testcase>
    <testcase name="bug65322" classname="Zend.bug65322">
    </testcase>
    <testcase name="bug65372" classname="Zend.bug65372">
    </testcase>
    <testcase name="bug65419" classname="Zend.bug65419">
    </testcase>
    <testcase name="bug65579" classname="Zend.bug65579">
    </testcase>
    <testcase name="bug65784" classname="Zend.bug65784">
    </testcase>
    <testcase name="bug65911" classname="Zend.bug65911">
    </testcase>
    <testcase name="bug65969" classname="Zend.bug65969">
    </testcase>
    <testcase name="bug66015" classname="Zend.bug66015">
    </testcase>
    <testcase name="bug66218" classname="Zend.bug66218">
    </testcase>
    <testcase name="bug66252" classname="Zend.bug66252">
    </testcase>
    <testcase name="bug66286" classname="Zend.bug66286">
    </testcase>
    <testcase name="bug66608" classname="Zend.bug66608">
    </testcase>
    <testcase name="bug66609" classname="Zend.bug66609">
    </testcase>
    <testcase name="bug66660" classname="Zend.bug66660">
    </testcase>
    <testcase name="bug66811" classname="Zend.bug66811">
    </testcase>
    <testcase name="bug67111" classname="Zend.bug67111">
    </testcase>
    <testcase name="bug67169" classname="Zend.bug67169">
    </testcase>
    <testcase name="bug67314" classname="Zend.bug67314">
    </testcase>
    <testcase name="bug67368" classname="Zend.bug67368">
    </testcase>
    <testcase name="bug67633" classname="Zend.bug67633">
    </testcase>
    <testcase name="bug67856" classname="Zend.bug67856">
    </testcase>
    <testcase name="bug67858" classname="Zend.bug67858">
    </testcase>
    <testcase name="bug67874" classname="Zend.bug67874">
    </testcase>
    <testcase name="bug67922" classname="Zend.bug67922">
    </testcase>
    <testcase name="bug67938" classname="Zend.bug67938">
    </testcase>
    <testcase name="bug67985" classname="Zend.bug67985">
    </testcase>
    <testcase name="bug68118" classname="Zend.bug68118">
    </testcase>
    <testcase name="bug68148" classname="Zend.bug68148">
    </testcase>
    <testcase name="bug68162" classname="Zend.bug68162">
    </testcase>
    <testcase name="bug68163" classname="Zend.bug68163">
    </testcase>
    <testcase name="bug68191" classname="Zend.bug68191">
    </testcase>
    <testcase name="bug68215" classname="Zend.bug68215">
    </testcase>
    <testcase name="bug68262" classname="Zend.bug68262">
    </testcase>
    <testcase name="bug68370" classname="Zend.bug68370">
    </testcase>
    <testcase name="bug68412" classname="Zend.bug68412">
    </testcase>
    <testcase name="bug68446" classname="Zend.bug68446">
    </testcase>
    <testcase name="bug68475" classname="Zend.bug68475">
    </testcase>
    <testcase name="bug68652" classname="Zend.bug68652">
    </testcase>
    <testcase name="bug68775" classname="Zend.bug68775">
    </testcase>
    <testcase name="bug68797" classname="Zend.bug68797">
    </testcase>
    <testcase name="bug68887" classname="Zend.bug68887">
    </testcase>
    <testcase name="bug68896" classname="Zend.bug68896">
    </testcase>
    <testcase name="bug69017" classname="Zend.bug69017">
    </testcase>
    <testcase name="bug69025" classname="Zend.bug69025">
    </testcase>
    <testcase name="bug69092-2" classname="Zend.bug69092-2">
    </testcase>
    <testcase name="bug69092" classname="Zend.bug69092">
    </testcase>
    <testcase name="bug69124" classname="Zend.bug69124">
    </testcase>
    <testcase name="bug69167" classname="Zend.bug69167">
    </testcase>
    <testcase name="bug69174" classname="Zend.bug69174">
    </testcase>
    <testcase name="bug69201" classname="Zend.bug69201">
    </testcase>
    <testcase name="bug69212" classname="Zend.bug69212">
    </testcase>
    <testcase name="bug69221" classname="Zend.bug69221">
    </testcase>
    <testcase name="bug69221_2" classname="Zend.bug69221_2">
    </testcase>
    <testcase name="bug69315" classname="Zend.bug69315">
    </testcase>
    <testcase name="bug69376" classname="Zend.bug69376">
    </testcase>
    <testcase name="bug69376_2" classname="Zend.bug69376_2">
    </testcase>
    <testcase name="bug69388" classname="Zend.bug69388">
    </testcase>
    <testcase name="bug69388_2" classname="Zend.bug69388_2">
    </testcase>
    <testcase name="bug69420" classname="Zend.bug69420">
    </testcase>
    <testcase name="bug69427" classname="Zend.bug69427">
    </testcase>
    <testcase name="bug69446" classname="Zend.bug69446">
    </testcase>
    <testcase name="bug69446_2" classname="Zend.bug69446_2">
    </testcase>
    <testcase name="bug69467" classname="Zend.bug69467">
    </testcase>
    <testcase name="bug69532" classname="Zend.bug69532">
    </testcase>
    <testcase name="bug69534" classname="Zend.bug69534">
    </testcase>
    <testcase name="bug69537" classname="Zend.bug69537">
    </testcase>
    <testcase name="bug69551" classname="Zend.bug69551">
    </testcase>
    <testcase name="bug69568" classname="Zend.bug69568">
    </testcase>
    <testcase name="bug69599" classname="Zend.bug69599">
    </testcase>
    <testcase name="bug69640" classname="Zend.bug69640">
    </testcase>
    <testcase name="bug69676" classname="Zend.bug69676">
    </testcase>
    <testcase name="bug69676_2" classname="Zend.bug69676_2">
    </testcase>
    <testcase name="bug69676_3" classname="Zend.bug69676_3">
    </testcase>
    <testcase name="bug69732" classname="Zend.bug69732">
    </testcase>
    <testcase name="bug69740" classname="Zend.bug69740">
    </testcase>
    <testcase name="bug69754" classname="Zend.bug69754">
    </testcase>
    <testcase name="bug69755" classname="Zend.bug69755">
    </testcase>
    <testcase name="bug69756" classname="Zend.bug69756">
    </testcase>
    <testcase name="bug69758" classname="Zend.bug69758">
    </testcase>
    <testcase name="bug69761" classname="Zend.bug69761">
    </testcase>
    <testcase name="bug69767" classname="Zend.bug69767">
    </testcase>
    <testcase name="bug69788" classname="Zend.bug69788">
    </testcase>
    <testcase name="bug69802_2" classname="Zend.bug69802_2">
    </testcase>
    <testcase name="bug69805" classname="Zend.bug69805">
    </testcase>
    <testcase name="bug69825" classname="Zend.bug69825">
    </testcase>
    <testcase name="bug69832" classname="Zend.bug69832">
    </testcase>
    <testcase name="bug69871" classname="Zend.bug69871">
    </testcase>
    <testcase name="bug69889" classname="Zend.bug69889">
    </testcase>
    <testcase name="bug69891" classname="Zend.bug69891">
    </testcase>
    <testcase name="bug69892" classname="Zend.bug69892">
    </testcase>
    <testcase name="bug69893" classname="Zend.bug69893">
    </testcase>
    <testcase name="bug69905" classname="Zend.bug69905">
    </testcase>
    <testcase name="bug69955" classname="Zend.bug69955">
    </testcase>
    <testcase name="bug69957" classname="Zend.bug69957">
    </testcase>
    <testcase name="bug69989_1" classname="Zend.bug69989_1">
    </testcase>
    <testcase name="bug69989_2" classname="Zend.bug69989_2">
    </testcase>
    <testcase name="bug69989_3" classname="Zend.bug69989_3">
    </testcase>
    <testcase name="bug69996" classname="Zend.bug69996">
    </testcase>
    <testcase name="bug70012" classname="Zend.bug70012">
    </testcase>
    <testcase name="bug70083" classname="Zend.bug70083">
    </testcase>
    <testcase name="bug70089" classname="Zend.bug70089">
    </testcase>
    <testcase name="bug70117" classname="Zend.bug70117">
    </testcase>
    <testcase name="bug70121" classname="Zend.bug70121">
    </testcase>
    <testcase name="bug70124" classname="Zend.bug70124">
    </testcase>
    <testcase name="bug70156" classname="Zend.bug70156">
    </testcase>
    <testcase name="bug70164" classname="Zend.bug70164">
    </testcase>
    <testcase name="bug70173" classname="Zend.bug70173">
      <skipped message="" />
    </testcase>
    <testcase name="bug70179" classname="Zend.bug70179">
    </testcase>
    <testcase name="bug70182" classname="Zend.bug70182">
    </testcase>
    <testcase name="bug70183" classname="Zend.bug70183">
    </testcase>
    <testcase name="bug70187" classname="Zend.bug70187">
    </testcase>
    <testcase name="bug70187_2" classname="Zend.bug70187_2">
    </testcase>
    <testcase name="bug70215" classname="Zend.bug70215">
    </testcase>
    <testcase name="bug70223" classname="Zend.bug70223">
    </testcase>
    <testcase name="bug70240" classname="Zend.bug70240">
    </testcase>
    <testcase name="bug70241" classname="Zend.bug70241">
    </testcase>
    <testcase name="bug70253" classname="Zend.bug70253">
    </testcase>
    <testcase name="bug70258" classname="Zend.bug70258">
    </testcase>
    <testcase name="bug70262" classname="Zend.bug70262">
    </testcase>
    <testcase name="bug70288" classname="Zend.bug70288">
    </testcase>
    <testcase name="bug70293" classname="Zend.bug70293">
    </testcase>
    <testcase name="bug70321" classname="Zend.bug70321">
    </testcase>
    <testcase name="bug70332" classname="Zend.bug70332">
    </testcase>
    <testcase name="bug70397" classname="Zend.bug70397">
    </testcase>
    <testcase name="bug70398" classname="Zend.bug70398">
    </testcase>
    <testcase name="bug70430" classname="Zend.bug70430">
    </testcase>
    <testcase name="bug70478" classname="Zend.bug70478">
    </testcase>
    <testcase name="bug70547" classname="Zend.bug70547">
    </testcase>
    <testcase name="bug70630" classname="Zend.bug70630">
    </testcase>
    <testcase name="bug70662" classname="Zend.bug70662">
    </testcase>
    <testcase name="bug70681" classname="Zend.bug70681">
    </testcase>
    <testcase name="bug70685" classname="Zend.bug70685">
    </testcase>
    <testcase name="bug70689" classname="Zend.bug70689">
    </testcase>
    <testcase name="bug70748" classname="Zend.bug70748">
    </testcase>
    <testcase name="bug70782" classname="Zend.bug70782">
    </testcase>
    <testcase name="bug70785" classname="Zend.bug70785">
    </testcase>
    <testcase name="bug70804" classname="Zend.bug70804">
    </testcase>
    <testcase name="bug70805" classname="Zend.bug70805">
    </testcase>
    <testcase name="bug70805_1" classname="Zend.bug70805_1">
    </testcase>
    <testcase name="bug70805_2" classname="Zend.bug70805_2">
    </testcase>
    <testcase name="bug70873" classname="Zend.bug70873">
    </testcase>
    <testcase name="bug70895" classname="Zend.bug70895">
    </testcase>
    <testcase name="bug70898" classname="Zend.bug70898">
    </testcase>
    <testcase name="bug70912" classname="Zend.bug70912">
    </testcase>
    <testcase name="bug70914" classname="Zend.bug70914">
    </testcase>
    <testcase name="bug70918" classname="Zend.bug70918">
    </testcase>
    <testcase name="bug70944" classname="Zend.bug70944">
    </testcase>
    <testcase name="bug70957" classname="Zend.bug70957">
    </testcase>
    <testcase name="bug70958" classname="Zend.bug70958">
    </testcase>
    <testcase name="bug70967" classname="Zend.bug70967">
    </testcase>
    <testcase name="bug70987" classname="Zend.bug70987">
    </testcase>
    <testcase name="bug70997" classname="Zend.bug70997">
    </testcase>
    <testcase name="bug71067" classname="Zend.bug71067">
    </testcase>
    <testcase name="bug71086" classname="Zend.bug71086">
    </testcase>
    <testcase name="bug71154" classname="Zend.bug71154">
    </testcase>
    <testcase name="bug71163" classname="Zend.bug71163">
    </testcase>
    <testcase name="bug71196" classname="Zend.bug71196">
    </testcase>
    <testcase name="bug71221" classname="Zend.bug71221">
    </testcase>
    <testcase name="bug71248" classname="Zend.bug71248">
    </testcase>
    <testcase name="bug71266" classname="Zend.bug71266">
    </testcase>
    <testcase name="bug71275" classname="Zend.bug71275">
    </testcase>
    <testcase name="bug71300" classname="Zend.bug71300">
    </testcase>
    <testcase name="bug71336" classname="Zend.bug71336">
    </testcase>
    <testcase name="bug71359" classname="Zend.bug71359">
    </testcase>
    <testcase name="bug71414" classname="Zend.bug71414">
    </testcase>
    <testcase name="bug71428-1" classname="Zend.bug71428-1">
    </testcase>
    <testcase name="bug71428-2" classname="Zend.bug71428-2">
    </testcase>
    <testcase name="bug71428-3" classname="Zend.bug71428-3">
    </testcase>
    <testcase name="bug71470" classname="Zend.bug71470">
    </testcase>
    <testcase name="bug71474" classname="Zend.bug71474">
    </testcase>
    <testcase name="bug71529" classname="Zend.bug71529">
    </testcase>
    <testcase name="bug71539" classname="Zend.bug71539">
    </testcase>
    <testcase name="bug71539_1" classname="Zend.bug71539_1">
    </testcase>
    <testcase name="bug71539_2" classname="Zend.bug71539_2">
    </testcase>
    <testcase name="bug71539_3" classname="Zend.bug71539_3">
    </testcase>
    <testcase name="bug71539_4" classname="Zend.bug71539_4">
    </testcase>
    <testcase name="bug71539_5" classname="Zend.bug71539_5">
    </testcase>
    <testcase name="bug71539_6" classname="Zend.bug71539_6">
    </testcase>
    <testcase name="bug71572" classname="Zend.bug71572">
    </testcase>
    <testcase name="bug71622" classname="Zend.bug71622">
    </testcase>
    <testcase name="bug71695" classname="Zend.bug71695">
    </testcase>
    <testcase name="bug71724" classname="Zend.bug71724">
    </testcase>
    <testcase name="bug71731" classname="Zend.bug71731">
    </testcase>
    <testcase name="bug71737" classname="Zend.bug71737">
    </testcase>
    <testcase name="bug71756" classname="Zend.bug71756">
    </testcase>
    <testcase name="bug71818" classname="Zend.bug71818">
    </testcase>
    <testcase name="bug71841" classname="Zend.bug71841">
    </testcase>
    <testcase name="bug71859" classname="Zend.bug71859">
    </testcase>
    <testcase name="bug71871" classname="Zend.bug71871">
    </testcase>
    <testcase name="bug71871_2" classname="Zend.bug71871_2">
    </testcase>
    <testcase name="bug71914" classname="Zend.bug71914">
    </testcase>
    <testcase name="bug71922" classname="Zend.bug71922">
    </testcase>
    <testcase name="bug71930" classname="Zend.bug71930">
      <skipped message="" />
    </testcase>
    <testcase name="bug71980" classname="Zend.bug71980">
    </testcase>
    <testcase name="bug72038" classname="Zend.bug72038">
    </testcase>
    <testcase name="bug72057" classname="Zend.bug72057">
    </testcase>
    <testcase name="bug72101" classname="Zend.bug72101">
    </testcase>
    <testcase name="bug72107" classname="Zend.bug72107">
    </testcase>
    <testcase name="bug72119" classname="Zend.bug72119">
    </testcase>
    <testcase name="bug72162" classname="Zend.bug72162">
    </testcase>
    <testcase name="bug72177" classname="Zend.bug72177">
    </testcase>
    <testcase name="bug72177_2" classname="Zend.bug72177_2">
    </testcase>
    <testcase name="bug72188" classname="Zend.bug72188">
    </testcase>
    <testcase name="bug72215" classname="Zend.bug72215">
    </testcase>
    <testcase name="bug72215_1" classname="Zend.bug72215_1">
    </testcase>
    <testcase name="bug72215_2" classname="Zend.bug72215_2">
    </testcase>
    <testcase name="bug72215_3" classname="Zend.bug72215_3">
    </testcase>
    <testcase name="bug72216" classname="Zend.bug72216">
    </testcase>
    <testcase name="bug72335" classname="Zend.bug72335">
    </testcase>
    <testcase name="bug72347" classname="Zend.bug72347">
    </testcase>
    <testcase name="bug72373" classname="Zend.bug72373">
    </testcase>
    <testcase name="bug72395" classname="Zend.bug72395">
    </testcase>
    <testcase name="bug72441" classname="Zend.bug72441">
    </testcase>
    <testcase name="bug72496" classname="Zend.bug72496">
    </testcase>
    <testcase name="bug72508" classname="Zend.bug72508">
    </testcase>
    <testcase name="bug72543" classname="Zend.bug72543">
    </testcase>
    <testcase name="bug72543_1" classname="Zend.bug72543_1">
    </testcase>
    <testcase name="bug72543_2" classname="Zend.bug72543_2">
    </testcase>
    <testcase name="bug72543_3" classname="Zend.bug72543_3">
    </testcase>
    <testcase name="bug72543_4" classname="Zend.bug72543_4">
    </testcase>
    <testcase name="bug72543_5" classname="Zend.bug72543_5">
    </testcase>
    <testcase name="bug72581" classname="Zend.bug72581">
    </testcase>
    <testcase name="bug72594" classname="Zend.bug72594">
    </testcase>
    <testcase name="bug72598" classname="Zend.bug72598">
    </testcase>
    <testcase name="bug72598_2" classname="Zend.bug72598_2">
    </testcase>
    <testcase name="bug72767" classname="Zend.bug72767">
    </testcase>
    <testcase name="bug72813" classname="Zend.bug72813">
    </testcase>
    <testcase name="bug72854" classname="Zend.bug72854">
    </testcase>
    <testcase name="bug72911" classname="Zend.bug72911">
    </testcase>
    <testcase name="bug72918" classname="Zend.bug72918">
    </testcase>
    <testcase name="bug72943" classname="Zend.bug72943">
    </testcase>
    <testcase name="bug72944" classname="Zend.bug72944">
    </testcase>
    <testcase name="bug73156" classname="Zend.bug73156">
    </testcase>
    <testcase name="bug73163" classname="Zend.bug73163">
    </testcase>
    <testcase name="bug73181" classname="Zend.bug73181">
    </testcase>
    <testcase name="bug73288" classname="Zend.bug73288">
    </testcase>
    <testcase name="bug73337" classname="Zend.bug73337">
    </testcase>
    <testcase name="bug73338" classname="Zend.bug73338">
    </testcase>
    <testcase name="bug73350" classname="Zend.bug73350">
    </testcase>
    <testcase name="bug73663" classname="Zend.bug73663">
    </testcase>
    <testcase name="bug73753" classname="Zend.bug73753">
    </testcase>
    <testcase name="bug73792" classname="Zend.bug73792">
    </testcase>
    <testcase name="bug73900" classname="Zend.bug73900">
    </testcase>
    <testcase name="bug73916" classname="Zend.bug73916">
    </testcase>
    <testcase name="bug73954" classname="Zend.bug73954">
    </testcase>
    <testcase name="bug73960" classname="Zend.bug73960">
    </testcase>
    <testcase name="bug73987" classname="Zend.bug73987">
    </testcase>
    <testcase name="bug73987_1" classname="Zend.bug73987_1">
    </testcase>
    <testcase name="bug73987_2" classname="Zend.bug73987_2">
    </testcase>
    <testcase name="bug73987_3" classname="Zend.bug73987_3">
    </testcase>
    <testcase name="bug73989" classname="Zend.bug73989">
    </testcase>
    <testcase name="bug73998" classname="Zend.bug73998">
    </testcase>
    <testcase name="bug74053" classname="Zend.bug74053">
    </testcase>
    <testcase name="bug74084" classname="Zend.bug74084">
    </testcase>
    <testcase name="bug74093" classname="Zend.bug74093">
    </testcase>
    <testcase name="bug74164" classname="Zend.bug74164">
    </testcase>
    <testcase name="bug74269" classname="Zend.bug74269">
    </testcase>
    <testcase name="bug74340" classname="Zend.bug74340">
    </testcase>
    <testcase name="bug74408" classname="Zend.bug74408">
    </testcase>
    <testcase name="bug74546" classname="Zend.bug74546">
    </testcase>
    <testcase name="bug74603" classname="Zend.bug74603">
    </testcase>
    <testcase name="bug74657" classname="Zend.bug74657">
    </testcase>
    <testcase name="bug74810" classname="Zend.bug74810">
    </testcase>
    <testcase name="bug74836" classname="Zend.bug74836">
    </testcase>
    <testcase name="bug74840" classname="Zend.bug74840">
    </testcase>
    <testcase name="bug74862" classname="Zend.bug74862">
    </testcase>
    <testcase name="bug74862_2" classname="Zend.bug74862_2">
    </testcase>
    <testcase name="bug74947" classname="Zend.bug74947">
    </testcase>
    <testcase name="bug75079" classname="Zend.bug75079">
    </testcase>
    <testcase name="bug75079_2" classname="Zend.bug75079_2">
    </testcase>
    <testcase name="bug75218" classname="Zend.bug75218">
    </testcase>
    <testcase name="bug75241" classname="Zend.bug75241">
    </testcase>
    <testcase name="bug75252" classname="Zend.bug75252">
    </testcase>
    <testcase name="bug75290" classname="Zend.bug75290">
    </testcase>
    <testcase name="bug75420-1" classname="Zend.bug75420-1">
    </testcase>
    <testcase name="bug75420-10" classname="Zend.bug75420-10">
    </testcase>
    <testcase name="bug75420-11" classname="Zend.bug75420-11">
    </testcase>
    <testcase name="bug75420-12" classname="Zend.bug75420-12">
    </testcase>
    <testcase name="bug75420-13" classname="Zend.bug75420-13">
    </testcase>
    <testcase name="bug75420-14" classname="Zend.bug75420-14">
    </testcase>
    <testcase name="bug75420-15" classname="Zend.bug75420-15">
    </testcase>
    <testcase name="bug75420-16" classname="Zend.bug75420-16">
    </testcase>
    <testcase name="bug75420-2" classname="Zend.bug75420-2">
    </testcase>
    <testcase name="bug75420-3" classname="Zend.bug75420-3">
    </testcase>
    <testcase name="bug75420-4" classname="Zend.bug75420-4">
    </testcase>
    <testcase name="bug75420-5" classname="Zend.bug75420-5">
    </testcase>
    <testcase name="bug75420-6" classname="Zend.bug75420-6">
    </testcase>
    <testcase name="bug75420-7" classname="Zend.bug75420-7">
    </testcase>
    <testcase name="bug75420-8" classname="Zend.bug75420-8">
    </testcase>
    <testcase name="bug75420-9" classname="Zend.bug75420-9">
    </testcase>
    <testcase name="bug75420" classname="Zend.bug75420">
    </testcase>
    <testcase name="bug75426" classname="Zend.bug75426">
    </testcase>
    <testcase name="bug75573" classname="Zend.bug75573">
    </testcase>
    <testcase name="bug75786" classname="Zend.bug75786">
    </testcase>
    <testcase name="bug76025" classname="Zend.bug76025">
    </testcase>
    <testcase name="bug76383" classname="Zend.bug76383">
    </testcase>
    <testcase name="bug76439" classname="Zend.bug76439">
    </testcase>
    <testcase name="bug76439_2" classname="Zend.bug76439_2">
    </testcase>
    <testcase name="bug76502" classname="Zend.bug76502">
    </testcase>
    <testcase name="bug76534" classname="Zend.bug76534">
    </testcase>
    <testcase name="bug76667" classname="Zend.bug76667">
    </testcase>
    <testcase name="bug76752" classname="Zend.bug76752">
    </testcase>
    <testcase name="bug76754" classname="Zend.bug76754">
    </testcase>
    <testcase name="bug76800" classname="Zend.bug76800">
    </testcase>
    <testcase name="bug76846" classname="Zend.bug76846">
    </testcase>
    <testcase name="bug76869" classname="Zend.bug76869">
    </testcase>
    <testcase name="bug76901" classname="Zend.bug76901">
    </testcase>
    <testcase name="bug76946" classname="Zend.bug76946">
    </testcase>
    <testcase name="bug76965" classname="Zend.bug76965">
    </testcase>
    <testcase name="bug77291" classname="Zend.bug77291">
    </testcase>
    <testcase name="bug77339" classname="Zend.bug77339">
    </testcase>
    <testcase name="bug77345_gc_1" classname="Zend.bug77345_gc_1">
    </testcase>
    <testcase name="bug77345_gc_2" classname="Zend.bug77345_gc_2">
    </testcase>
    <testcase name="bug77376" classname="Zend.bug77376">
    </testcase>
    <testcase name="bug77494" classname="Zend.bug77494">
      <skipped message="" />
    </testcase>
    <testcase name="bug77530" classname="Zend.bug77530">
    </testcase>
    <testcase name="bug77589" classname="Zend.bug77589">
    </testcase>
    <testcase name="bug77652" classname="Zend.bug77652">
    </testcase>
    <testcase name="bug77660" classname="Zend.bug77660">
    </testcase>
    <testcase name="bug77738" classname="Zend.bug77738">
    </testcase>
    <testcase name="bug_debug_backtrace" classname="Zend.bug_debug_backtrace">
    </testcase>
    <testcase name="builtin_in_write_context_error1" classname="Zend.builtin_in_write_context_error1">
    </testcase>
    <testcase name="builtin_in_write_context_error2" classname="Zend.builtin_in_write_context_error2">
    </testcase>
    <testcase name="bw_or_assign_with_ref" classname="Zend.bw_or_assign_with_ref">
    </testcase>
    <testcase name="call_static" classname="Zend.call_static">
    </testcase>
    <testcase name="call_static_002" classname="Zend.call_static_002">
    </testcase>
    <testcase name="call_static_003" classname="Zend.call_static_003">
    </testcase>
    <testcase name="call_static_004" classname="Zend.call_static_004">
    </testcase>
    <testcase name="call_static_006" classname="Zend.call_static_006">
    </testcase>
    <testcase name="call_static_007" classname="Zend.call_static_007">
    </testcase>
    <testcase name="call_user_func_001" classname="Zend.call_user_func_001">
    </testcase>
    <testcase name="call_user_func_002" classname="Zend.call_user_func_002">
    </testcase>
    <testcase name="call_user_func_003" classname="Zend.call_user_func_003">
    </testcase>
    <testcase name="call_user_func_004" classname="Zend.call_user_func_004">
    </testcase>
    <testcase name="call_user_func_005" classname="Zend.call_user_func_005">
    </testcase>
    <testcase name="call_user_func_006" classname="Zend.call_user_func_006">
    </testcase>
    <testcase name="call_user_func_007" classname="Zend.call_user_func_007">
    </testcase>
    <testcase name="call_user_func_008" classname="Zend.call_user_func_008">
    </testcase>
    <testcase name="call_user_func_009" classname="Zend.call_user_func_009">
    </testcase>
    <testcase name="call_user_func_array_prefer_ref" classname="Zend.call_user_func_array_prefer_ref">
    </testcase>
    <testcase name="call_user_func_closure_from_static_method" classname="Zend.call_user_func_closure_from_static_method">
    </testcase>
    <testcase name="call_with_refs" classname="Zend.call_with_refs">
    </testcase>
    <testcase name="case_insensitive_constant_deprecation" classname="Zend.case_insensitive_constant_deprecation">
    </testcase>
    <testcase name="cast_to_array" classname="Zend.cast_to_array">
    </testcase>
    <testcase name="cast_to_bool" classname="Zend.cast_to_bool">
    </testcase>
    <testcase name="cast_to_double" classname="Zend.cast_to_double">
    </testcase>
    <testcase name="cast_to_int" classname="Zend.cast_to_int">
    </testcase>
    <testcase name="cast_to_object" classname="Zend.cast_to_object">
    </testcase>
    <testcase name="cast_to_string" classname="Zend.cast_to_string">
    </testcase>
    <testcase name="catch" classname="Zend.catch">
    </testcase>
    <testcase name="class_alias_001" classname="Zend.class_alias_001">
    </testcase>
    <testcase name="class_alias_002" classname="Zend.class_alias_002">
    </testcase>
    <testcase name="class_alias_004" classname="Zend.class_alias_004">
    </testcase>
    <testcase name="class_alias_005" classname="Zend.class_alias_005">
    </testcase>
    <testcase name="class_alias_006" classname="Zend.class_alias_006">
    </testcase>
    <testcase name="class_alias_007" classname="Zend.class_alias_007">
    </testcase>
    <testcase name="class_alias_008" classname="Zend.class_alias_008">
    </testcase>
    <testcase name="class_alias_009" classname="Zend.class_alias_009">
    </testcase>
    <testcase name="class_alias_010" classname="Zend.class_alias_010">
    </testcase>
    <testcase name="class_alias_011" classname="Zend.class_alias_011">
    </testcase>
    <testcase name="class_alias_012" classname="Zend.class_alias_012">
    </testcase>
    <testcase name="class_alias_013" classname="Zend.class_alias_013">
    </testcase>
    <testcase name="class_alias_014" classname="Zend.class_alias_014">
    </testcase>
    <testcase name="class_alias_016" classname="Zend.class_alias_016">
    </testcase>
    <testcase name="class_alias_017" classname="Zend.class_alias_017">
    </testcase>
    <testcase name="class_alias_018" classname="Zend.class_alias_018">
    </testcase>
    <testcase name="class_alias_019" classname="Zend.class_alias_019">
    </testcase>
    <testcase name="class_alias_020" classname="Zend.class_alias_020">
    </testcase>
    <testcase name="class_alias_021" classname="Zend.class_alias_021">
    </testcase>
    <testcase name="class_constant_to_reference_cached" classname="Zend.class_constant_to_reference_cached">
    </testcase>
    <testcase name="class_constants_001" classname="Zend.class_constants_001">
    </testcase>
    <testcase name="class_constants_002" classname="Zend.class_constants_002">
    </testcase>
    <testcase name="class_constants_003" classname="Zend.class_constants_003">
    </testcase>
    <testcase name="class_constants_004" classname="Zend.class_constants_004">
    </testcase>
    <testcase name="class_constants_005" classname="Zend.class_constants_005">
    </testcase>
    <testcase name="class_exists_001" classname="Zend.class_exists_001">
    </testcase>
    <testcase name="class_exists_002" classname="Zend.class_exists_002">
    </testcase>
    <testcase name="class_exists_003" classname="Zend.class_exists_003">
    </testcase>
    <testcase name="class_name_as_scalar" classname="Zend.class_name_as_scalar">
    </testcase>
    <testcase name="class_name_as_scalar_error_001" classname="Zend.class_name_as_scalar_error_001">
    </testcase>
    <testcase name="class_name_as_scalar_error_002" classname="Zend.class_name_as_scalar_error_002">
    </testcase>
    <testcase name="class_name_as_scalar_error_003" classname="Zend.class_name_as_scalar_error_003">
    </testcase>
    <testcase name="class_name_as_scalar_error_004" classname="Zend.class_name_as_scalar_error_004">
    </testcase>
    <testcase name="class_name_as_scalar_error_005" classname="Zend.class_name_as_scalar_error_005">
    </testcase>
    <testcase name="class_name_as_scalar_error_006" classname="Zend.class_name_as_scalar_error_006">
    </testcase>
    <testcase name="class_name_as_scalar_error_007" classname="Zend.class_name_as_scalar_error_007">
    </testcase>
    <testcase name="class_properties_const" classname="Zend.class_properties_const">
    </testcase>
    <testcase name="class_properties_dynamic" classname="Zend.class_properties_dynamic">
    </testcase>
    <testcase name="class_properties_static" classname="Zend.class_properties_static">
    </testcase>
    <testcase name="clone_001" classname="Zend.clone_001">
    </testcase>
    <testcase name="clone_002" classname="Zend.clone_002">
    </testcase>
    <testcase name="clone_003" classname="Zend.clone_003">
    </testcase>
    <testcase name="clone_004" classname="Zend.clone_004">
    </testcase>
    <testcase name="closure_001" classname="Zend.closure_001">
    </testcase>
    <testcase name="closure_002" classname="Zend.closure_002">
    </testcase>
    <testcase name="closure_003" classname="Zend.closure_003">
    </testcase>
    <testcase name="closure_004" classname="Zend.closure_004">
    </testcase>
    <testcase name="closure_005" classname="Zend.closure_005">
    </testcase>
    <testcase name="closure_006" classname="Zend.closure_006">
    </testcase>
    <testcase name="closure_007" classname="Zend.closure_007">
    </testcase>
    <testcase name="closure_008" classname="Zend.closure_008">
    </testcase>
    <testcase name="closure_009" classname="Zend.closure_009">
    </testcase>
    <testcase name="closure_010" classname="Zend.closure_010">
    </testcase>
    <testcase name="closure_011" classname="Zend.closure_011">
    </testcase>
    <testcase name="closure_012" classname="Zend.closure_012">
    </testcase>
    <testcase name="closure_013" classname="Zend.closure_013">
    </testcase>
    <testcase name="closure_014" classname="Zend.closure_014">
    </testcase>
    <testcase name="closure_015" classname="Zend.closure_015">
    </testcase>
    <testcase name="closure_016" classname="Zend.closure_016">
    </testcase>
    <testcase name="closure_017" classname="Zend.closure_017">
    </testcase>
    <testcase name="closure_018" classname="Zend.closure_018">
    </testcase>
    <testcase name="closure_019" classname="Zend.closure_019">
    </testcase>
    <testcase name="closure_020" classname="Zend.closure_020">
    </testcase>
    <testcase name="closure_021" classname="Zend.closure_021">
    </testcase>
    <testcase name="closure_022" classname="Zend.closure_022">
    </testcase>
    <testcase name="closure_023" classname="Zend.closure_023">
    </testcase>
    <testcase name="closure_024" classname="Zend.closure_024">
    </testcase>
    <testcase name="closure_025" classname="Zend.closure_025">
    </testcase>
    <testcase name="closure_026" classname="Zend.closure_026">
    </testcase>
    <testcase name="closure_027" classname="Zend.closure_027">
    </testcase>
    <testcase name="closure_028" classname="Zend.closure_028">
    </testcase>
    <testcase name="closure_029" classname="Zend.closure_029">
    </testcase>
    <testcase name="closure_030" classname="Zend.closure_030">
    </testcase>
    <testcase name="closure_031" classname="Zend.closure_031">
    </testcase>
    <testcase name="closure_032" classname="Zend.closure_032">
    </testcase>
    <testcase name="closure_033" classname="Zend.closure_033">
    </testcase>
    <testcase name="closure_034" classname="Zend.closure_034">
    </testcase>
    <testcase name="closure_035" classname="Zend.closure_035">
    </testcase>
    <testcase name="closure_036" classname="Zend.closure_036">
    </testcase>
    <testcase name="closure_037" classname="Zend.closure_037">
    </testcase>
    <testcase name="closure_038" classname="Zend.closure_038">
    </testcase>
    <testcase name="closure_039" classname="Zend.closure_039">
    </testcase>
    <testcase name="closure_040" classname="Zend.closure_040">
    </testcase>
    <testcase name="closure_041" classname="Zend.closure_041">
    </testcase>
    <testcase name="closure_042" classname="Zend.closure_042">
    </testcase>
    <testcase name="closure_043" classname="Zend.closure_043">
    </testcase>
    <testcase name="closure_044" classname="Zend.closure_044">
    </testcase>
    <testcase name="closure_045" classname="Zend.closure_045">
    </testcase>
    <testcase name="closure_046" classname="Zend.closure_046">
    </testcase>
    <testcase name="closure_047" classname="Zend.closure_047">
    </testcase>
    <testcase name="closure_048" classname="Zend.closure_048">
    </testcase>
    <testcase name="closure_049" classname="Zend.closure_049">
    </testcase>
    <testcase name="closure_050" classname="Zend.closure_050">
    </testcase>
    <testcase name="closure_051" classname="Zend.closure_051">
    </testcase>
    <testcase name="closure_052" classname="Zend.closure_052">
    </testcase>
    <testcase name="closure_053" classname="Zend.closure_053">
    </testcase>
    <testcase name="closure_054" classname="Zend.closure_054">
    </testcase>
    <testcase name="closure_055" classname="Zend.closure_055">
    </testcase>
    <testcase name="closure_056" classname="Zend.closure_056">
    </testcase>
    <testcase name="closure_057" classname="Zend.closure_057">
    </testcase>
    <testcase name="closure_058" classname="Zend.closure_058">
    </testcase>
    <testcase name="closure_059" classname="Zend.closure_059">
    </testcase>
    <testcase name="closure_060" classname="Zend.closure_060">
    </testcase>
    <testcase name="closure_061" classname="Zend.closure_061">
    </testcase>
    <testcase name="closure_bug66622" classname="Zend.closure_bug66622">
    </testcase>
    <testcase name="closure_call" classname="Zend.closure_call">
    </testcase>
    <testcase name="closure_call_leak_with_exception" classname="Zend.closure_call_leak_with_exception">
    </testcase>
    <testcase name="closure_invoke_case_insensitive" classname="Zend.closure_invoke_case_insensitive">
    </testcase>
    <testcase name="closure_use_auto_global" classname="Zend.closure_use_auto_global">
    </testcase>
    <testcase name="closure_use_parameter_name" classname="Zend.closure_use_parameter_name">
    </testcase>
    <testcase name="closure_use_variable_twice" classname="Zend.closure_use_variable_twice">
    </testcase>
    <testcase name="compare_001" classname="Zend.compare_001">
      <skipped message="" />
    </testcase>
    <testcase name="compare_001_64bit" classname="Zend.compare_001_64bit">
    </testcase>
    <testcase name="compare_002" classname="Zend.compare_002">
      <skipped message="" />
    </testcase>
    <testcase name="compare_002_64bit" classname="Zend.compare_002_64bit">
    </testcase>
    <testcase name="compare_003" classname="Zend.compare_003">
      <skipped message="" />
    </testcase>
    <testcase name="compare_003_64bit" classname="Zend.compare_003_64bit">
    </testcase>
    <testcase name="compare_004" classname="Zend.compare_004">
      <skipped message="" />
    </testcase>
    <testcase name="compare_004_64bit" classname="Zend.compare_004_64bit">
    </testcase>
    <testcase name="compare_005" classname="Zend.compare_005">
      <skipped message="" />
    </testcase>
    <testcase name="compare_005_64bit" classname="Zend.compare_005_64bit">
    </testcase>
    <testcase name="compare_006" classname="Zend.compare_006">
      <skipped message="" />
    </testcase>
    <testcase name="compare_006_64bit" classname="Zend.compare_006_64bit">
    </testcase>
    <testcase name="compound_assign_failure" classname="Zend.compound_assign_failure">
    </testcase>
    <testcase name="compound_assign_with_numeric_strings" classname="Zend.compound_assign_with_numeric_strings">
    </testcase>
    <testcase name="concat_001" classname="Zend.concat_001">
    </testcase>
    <testcase name="concat_002" classname="Zend.concat_002">
    </testcase>
    <testcase name="concat_003" classname="Zend.concat_003">
    </testcase>
    <testcase name="const_array_with_resource_key" classname="Zend.const_array_with_resource_key">
    </testcase>
    <testcase name="const_dereference_001" classname="Zend.const_dereference_001">
    </testcase>
    <testcase name="const_dereference_002" classname="Zend.const_dereference_002">
    </testcase>
    <testcase name="const_dereference_003" classname="Zend.const_dereference_003">
    </testcase>
    <testcase name="constant_arrays" classname="Zend.constant_arrays">
    </testcase>
    <testcase name="constant_expressions" classname="Zend.constant_expressions">
    </testcase>
    <testcase name="constant_expressions_arrays" classname="Zend.constant_expressions_arrays">
    </testcase>
    <testcase name="constant_expressions_classes" classname="Zend.constant_expressions_classes">
    </testcase>
    <testcase name="constant_expressions_coalesce" classname="Zend.constant_expressions_coalesce">
    </testcase>
    <testcase name="constant_expressions_coalesce_empty_dim" classname="Zend.constant_expressions_coalesce_empty_dim">
    </testcase>
    <testcase name="constant_expressions_dynamic" classname="Zend.constant_expressions_dynamic">
    </testcase>
    <testcase name="constant_expressions_dynamic_class_name_error" classname="Zend.constant_expressions_dynamic_class_name_error">
    </testcase>
    <testcase name="constant_expressions_exceptions_001" classname="Zend.constant_expressions_exceptions_001">
    </testcase>
    <testcase name="constant_expressions_exceptions_002" classname="Zend.constant_expressions_exceptions_002">
    </testcase>
    <testcase name="constant_expressions_invalid_offset_type_error" classname="Zend.constant_expressions_invalid_offset_type_error">
    </testcase>
    <testcase name="constant_expressions_self_referencing_array" classname="Zend.constant_expressions_self_referencing_array">
    </testcase>
    <testcase name="constant_expressions_static_class_name_error" classname="Zend.constant_expressions_static_class_name_error">
    </testcase>
    <testcase name="constants_001" classname="Zend.constants_001">
    </testcase>
    <testcase name="constants_002" classname="Zend.constants_002">
    </testcase>
    <testcase name="constants_003" classname="Zend.constants_003">
    </testcase>
    <testcase name="constants_004" classname="Zend.constants_004">
    </testcase>
    <testcase name="constants_005" classname="Zend.constants_005">
    </testcase>
    <testcase name="constants_006" classname="Zend.constants_006">
    </testcase>
    <testcase name="constants_007" classname="Zend.constants_007">
    </testcase>
    <testcase name="constants_008" classname="Zend.constants_008">
    </testcase>
    <testcase name="constants_009" classname="Zend.constants_009">
    </testcase>
    <testcase name="constructor_args" classname="Zend.constructor_args">
    </testcase>
    <testcase name="continue_targeting_switch_warning" classname="Zend.continue_targeting_switch_warning">
    </testcase>
    <testcase name="custom_assert_deprecation" classname="Zend.custom_assert_deprecation">
    </testcase>
    <testcase name="debug_backtrace_limit" classname="Zend.debug_backtrace_limit">
    </testcase>
    <testcase name="debug_backtrace_options" classname="Zend.debug_backtrace_options">
    </testcase>
    <testcase name="debug_backtrace_with_include_and_this" classname="Zend.debug_backtrace_with_include_and_this">
    </testcase>
    <testcase name="debug_info-error-0-0" classname="Zend.debug_info-error-0-0">
    </testcase>
    <testcase name="debug_info-error-0" classname="Zend.debug_info-error-0">
    </testcase>
    <testcase name="debug_info-error-1-0" classname="Zend.debug_info-error-1-0">
    </testcase>
    <testcase name="debug_info-error-1" classname="Zend.debug_info-error-1">
    </testcase>
    <testcase name="debug_info-error-empty_str" classname="Zend.debug_info-error-empty_str">
    </testcase>
    <testcase name="debug_info-error-false" classname="Zend.debug_info-error-false">
    </testcase>
    <testcase name="debug_info-error-object" classname="Zend.debug_info-error-object">
    </testcase>
    <testcase name="debug_info-error-resource" classname="Zend.debug_info-error-resource">
    </testcase>
    <testcase name="debug_info-error-str" classname="Zend.debug_info-error-str">
    </testcase>
    <testcase name="debug_info-error-true" classname="Zend.debug_info-error-true">
    </testcase>
    <testcase name="debug_info" classname="Zend.debug_info">
    </testcase>
    <testcase name="debug_print_backtrace_limit" classname="Zend.debug_print_backtrace_limit">
    </testcase>
    <testcase name="declare_001" classname="Zend.declare_001">
    </testcase>
    <testcase name="declare_002" classname="Zend.declare_002">
    </testcase>
    <testcase name="declare_003" classname="Zend.declare_003">
    </testcase>
    <testcase name="declare_004" classname="Zend.declare_004">
    </testcase>
    <testcase name="declare_005" classname="Zend.declare_005">
    </testcase>
    <testcase name="declare_006" classname="Zend.declare_006">
    </testcase>
    <testcase name="decrement_001" classname="Zend.decrement_001">
      <skipped message="" />
    </testcase>
    <testcase name="decrement_001_64bit" classname="Zend.decrement_001_64bit">
    </testcase>
    <testcase name="dereference_001" classname="Zend.dereference_001">
    </testcase>
    <testcase name="dereference_002" classname="Zend.dereference_002">
    </testcase>
    <testcase name="dereference_003" classname="Zend.dereference_003">
    </testcase>
    <testcase name="dereference_004" classname="Zend.dereference_004">
    </testcase>
    <testcase name="dereference_005" classname="Zend.dereference_005">
    </testcase>
    <testcase name="dereference_006" classname="Zend.dereference_006">
    </testcase>
    <testcase name="dereference_007" classname="Zend.dereference_007">
    </testcase>
    <testcase name="dereference_008" classname="Zend.dereference_008">
    </testcase>
    <testcase name="dereference_009" classname="Zend.dereference_009">
    </testcase>
    <testcase name="dereference_010" classname="Zend.dereference_010">
    </testcase>
    <testcase name="dereference_011" classname="Zend.dereference_011">
    </testcase>
    <testcase name="dereference_012" classname="Zend.dereference_012">
    </testcase>
    <testcase name="dereference_013" classname="Zend.dereference_013">
    </testcase>
    <testcase name="dereference_014" classname="Zend.dereference_014">
    </testcase>
    <testcase name="div_001" classname="Zend.div_001">
    </testcase>
    <testcase name="div_002" classname="Zend.div_002">
    </testcase>
    <testcase name="double_array_cast" classname="Zend.double_array_cast">
    </testcase>
    <testcase name="double_to_string" classname="Zend.double_to_string">
      <skipped message="" />
    </testcase>
    <testcase name="double_to_string_64bit" classname="Zend.double_to_string_64bit">
    </testcase>
    <testcase name="dtor_scope" classname="Zend.dtor_scope">
    </testcase>
    <testcase name="duplicate_label_error" classname="Zend.duplicate_label_error">
    </testcase>
    <testcase name="dval_to_lval_32" classname="Zend.dval_to_lval_32">
      <skipped message="" />
    </testcase>
    <testcase name="dval_to_lval_64" classname="Zend.dval_to_lval_64">
    </testcase>
    <testcase name="dynamic_call_001" classname="Zend.dynamic_call_001">
    </testcase>
    <testcase name="dynamic_call_002" classname="Zend.dynamic_call_002">
    </testcase>
    <testcase name="dynamic_call_003" classname="Zend.dynamic_call_003">
    </testcase>
    <testcase name="dynamic_call_004" classname="Zend.dynamic_call_004">
    </testcase>
    <testcase name="dynamic_call_005" classname="Zend.dynamic_call_005">
    </testcase>
    <testcase name="dynamic_call_006" classname="Zend.dynamic_call_006">
    </testcase>
    <testcase name="dynamic_call_007" classname="Zend.dynamic_call_007">
    </testcase>
    <testcase name="dynamic_call_008" classname="Zend.dynamic_call_008">
    </testcase>
    <testcase name="dynamic_call_to_ref_returning_function" classname="Zend.dynamic_call_to_ref_returning_function">
    </testcase>
    <testcase name="dynamic_fully_qualified_call" classname="Zend.dynamic_fully_qualified_call">
    </testcase>
    <testcase name="each_001" classname="Zend.each_001">
    </testcase>
    <testcase name="each_002" classname="Zend.each_002">
    </testcase>
    <testcase name="each_003" classname="Zend.each_003">
    </testcase>
    <testcase name="empty_str_offset" classname="Zend.empty_str_offset">
    </testcase>
    <testcase name="empty_with_expr" classname="Zend.empty_with_expr">
    </testcase>
    <testcase name="entry_block_with_predecessors" classname="Zend.entry_block_with_predecessors">
    </testcase>
    <testcase name="errmsg_001" classname="Zend.errmsg_001">
    </testcase>
    <testcase name="errmsg_002" classname="Zend.errmsg_002">
    </testcase>
    <testcase name="errmsg_003" classname="Zend.errmsg_003">
    </testcase>
    <testcase name="errmsg_004" classname="Zend.errmsg_004">
    </testcase>
    <testcase name="errmsg_005" classname="Zend.errmsg_005">
    </testcase>
    <testcase name="errmsg_006" classname="Zend.errmsg_006">
    </testcase>
    <testcase name="errmsg_007" classname="Zend.errmsg_007">
    </testcase>
    <testcase name="errmsg_008" classname="Zend.errmsg_008">
    </testcase>
    <testcase name="errmsg_009" classname="Zend.errmsg_009">
    </testcase>
    <testcase name="errmsg_010" classname="Zend.errmsg_010">
    </testcase>
    <testcase name="errmsg_011" classname="Zend.errmsg_011">
    </testcase>
    <testcase name="errmsg_012" classname="Zend.errmsg_012">
    </testcase>
    <testcase name="errmsg_013" classname="Zend.errmsg_013">
    </testcase>
    <testcase name="errmsg_015" classname="Zend.errmsg_015">
    </testcase>
    <testcase name="errmsg_016" classname="Zend.errmsg_016">
    </testcase>
    <testcase name="errmsg_017" classname="Zend.errmsg_017">
    </testcase>
    <testcase name="errmsg_018" classname="Zend.errmsg_018">
    </testcase>
    <testcase name="errmsg_019" classname="Zend.errmsg_019">
    </testcase>
    <testcase name="errmsg_020" classname="Zend.errmsg_020">
    </testcase>
    <testcase name="errmsg_021" classname="Zend.errmsg_021">
    </testcase>
    <testcase name="errmsg_022" classname="Zend.errmsg_022">
    </testcase>
    <testcase name="errmsg_023" classname="Zend.errmsg_023">
    </testcase>
    <testcase name="errmsg_024" classname="Zend.errmsg_024">
    </testcase>
    <testcase name="errmsg_025" classname="Zend.errmsg_025">
    </testcase>
    <testcase name="errmsg_026" classname="Zend.errmsg_026">
    </testcase>
    <testcase name="errmsg_027" classname="Zend.errmsg_027">
    </testcase>
    <testcase name="errmsg_028" classname="Zend.errmsg_028">
    </testcase>
    <testcase name="errmsg_029" classname="Zend.errmsg_029">
    </testcase>
    <testcase name="errmsg_030" classname="Zend.errmsg_030">
    </testcase>
    <testcase name="errmsg_031" classname="Zend.errmsg_031">
    </testcase>
    <testcase name="errmsg_032" classname="Zend.errmsg_032">
    </testcase>
    <testcase name="errmsg_033" classname="Zend.errmsg_033">
    </testcase>
    <testcase name="errmsg_034" classname="Zend.errmsg_034">
    </testcase>
    <testcase name="errmsg_035" classname="Zend.errmsg_035">
    </testcase>
    <testcase name="errmsg_036" classname="Zend.errmsg_036">
    </testcase>
    <testcase name="errmsg_037" classname="Zend.errmsg_037">
    </testcase>
    <testcase name="errmsg_038" classname="Zend.errmsg_038">
    </testcase>
    <testcase name="errmsg_039" classname="Zend.errmsg_039">
    </testcase>
    <testcase name="errmsg_040" classname="Zend.errmsg_040">
    </testcase>
    <testcase name="errmsg_042" classname="Zend.errmsg_042">
    </testcase>
    <testcase name="errmsg_044" classname="Zend.errmsg_044">
    </testcase>
    <testcase name="errmsg_045" classname="Zend.errmsg_045">
    </testcase>
    <testcase name="error_reporting01" classname="Zend.error_reporting01">
    </testcase>
    <testcase name="error_reporting02" classname="Zend.error_reporting02">
    </testcase>
    <testcase name="error_reporting03" classname="Zend.error_reporting03">
    </testcase>
    <testcase name="error_reporting04" classname="Zend.error_reporting04">
    </testcase>
    <testcase name="error_reporting05" classname="Zend.error_reporting05">
    </testcase>
    <testcase name="error_reporting06" classname="Zend.error_reporting06">
    </testcase>
    <testcase name="error_reporting07" classname="Zend.error_reporting07">
    </testcase>
    <testcase name="error_reporting08" classname="Zend.error_reporting08">
    </testcase>
    <testcase name="error_reporting09" classname="Zend.error_reporting09">
    </testcase>
    <testcase name="error_reporting10" classname="Zend.error_reporting10">
    </testcase>
    <testcase name="eval_parse_error_with_doc_comment" classname="Zend.eval_parse_error_with_doc_comment">
    </testcase>
    <testcase name="exception_001" classname="Zend.exception_001">
    </testcase>
    <testcase name="exception_002" classname="Zend.exception_002">
    </testcase>
    <testcase name="exception_003" classname="Zend.exception_003">
    </testcase>
    <testcase name="exception_004" classname="Zend.exception_004">
    </testcase>
    <testcase name="exception_005" classname="Zend.exception_005">
    </testcase>
    <testcase name="exception_006" classname="Zend.exception_006">
    </testcase>
    <testcase name="exception_007" classname="Zend.exception_007">
    </testcase>
    <testcase name="exception_008" classname="Zend.exception_008">
    </testcase>
    <testcase name="exception_009" classname="Zend.exception_009">
    </testcase>
    <testcase name="exception_010" classname="Zend.exception_010">
    </testcase>
    <testcase name="exception_011" classname="Zend.exception_011">
    </testcase>
    <testcase name="exception_012" classname="Zend.exception_012">
    </testcase>
    <testcase name="exception_013" classname="Zend.exception_013">
    </testcase>
    <testcase name="exception_014" classname="Zend.exception_014">
    </testcase>
    <testcase name="exception_015" classname="Zend.exception_015">
    </testcase>
    <testcase name="exception_016" classname="Zend.exception_016">
    </testcase>
    <testcase name="exception_017" classname="Zend.exception_017">
    </testcase>
    <testcase name="exception_018" classname="Zend.exception_018">
    </testcase>
    <testcase name="exception_019" classname="Zend.exception_019">
    </testcase>
    <testcase name="exception_020" classname="Zend.exception_020">
    </testcase>
    <testcase name="exception_021" classname="Zend.exception_021">
    </testcase>
    <testcase name="exception_022" classname="Zend.exception_022">
    </testcase>
    <testcase name="exception_023" classname="Zend.exception_023">
    </testcase>
    <testcase name="exception_before_fatal" classname="Zend.exception_before_fatal">
    </testcase>
    <testcase name="exception_during_property_assign_op" classname="Zend.exception_during_property_assign_op">
    </testcase>
    <testcase name="exception_getters_with_ref_props" classname="Zend.exception_getters_with_ref_props">
    </testcase>
    <testcase name="exception_handler_001" classname="Zend.exception_handler_001">
    </testcase>
    <testcase name="exception_handler_002" classname="Zend.exception_handler_002">
    </testcase>
    <testcase name="exception_handler_003" classname="Zend.exception_handler_003">
    </testcase>
    <testcase name="exception_handler_004" classname="Zend.exception_handler_004">
    </testcase>
    <testcase name="exception_handler_005" classname="Zend.exception_handler_005">
    </testcase>
    <testcase name="exception_handler_006" classname="Zend.exception_handler_006">
    </testcase>
    <testcase name="exception_in_nested_rope" classname="Zend.exception_in_nested_rope">
    </testcase>
    <testcase name="exception_in_rope_end" classname="Zend.exception_in_rope_end">
    </testcase>
    <testcase name="exception_with_by_ref_message" classname="Zend.exception_with_by_ref_message">
    </testcase>
    <testcase name="fe_fetch_dtor_exception" classname="Zend.fe_fetch_dtor_exception">
    </testcase>
    <testcase name="flexible-heredoc-complex-test1" classname="Zend.flexible-heredoc-complex-test1">
    </testcase>
    <testcase name="flexible-heredoc-complex-test2" classname="Zend.flexible-heredoc-complex-test2">
    </testcase>
    <testcase name="flexible-heredoc-complex-test3" classname="Zend.flexible-heredoc-complex-test3">
    </testcase>
    <testcase name="flexible-heredoc-complex-test4" classname="Zend.flexible-heredoc-complex-test4">
    </testcase>
    <testcase name="flexible-heredoc-error1" classname="Zend.flexible-heredoc-error1">
    </testcase>
    <testcase name="flexible-heredoc-error10" classname="Zend.flexible-heredoc-error10">
    </testcase>
    <testcase name="flexible-heredoc-error11" classname="Zend.flexible-heredoc-error11">
    </testcase>
    <testcase name="flexible-heredoc-error12" classname="Zend.flexible-heredoc-error12">
    </testcase>
    <testcase name="flexible-heredoc-error13" classname="Zend.flexible-heredoc-error13">
    </testcase>
    <testcase name="flexible-heredoc-error2" classname="Zend.flexible-heredoc-error2">
    </testcase>
    <testcase name="flexible-heredoc-error3" classname="Zend.flexible-heredoc-error3">
    </testcase>
    <testcase name="flexible-heredoc-error4" classname="Zend.flexible-heredoc-error4">
    </testcase>
    <testcase name="flexible-heredoc-error5" classname="Zend.flexible-heredoc-error5">
    </testcase>
    <testcase name="flexible-heredoc-error6" classname="Zend.flexible-heredoc-error6">
    </testcase>
    <testcase name="flexible-heredoc-error7" classname="Zend.flexible-heredoc-error7">
    </testcase>
    <testcase name="flexible-heredoc-error8" classname="Zend.flexible-heredoc-error8">
    </testcase>
    <testcase name="flexible-heredoc-error9" classname="Zend.flexible-heredoc-error9">
    </testcase>
    <testcase name="flexible-heredoc-nowdoc-lineno" classname="Zend.flexible-heredoc-nowdoc-lineno">
    </testcase>
    <testcase name="flexible-heredoc-nowdoc" classname="Zend.flexible-heredoc-nowdoc">
    </testcase>
    <testcase name="flexible-nowdoc-error1" classname="Zend.flexible-nowdoc-error1">
    </testcase>
    <testcase name="flexible-nowdoc-error2" classname="Zend.flexible-nowdoc-error2">
    </testcase>
    <testcase name="flexible-nowdoc-error3" classname="Zend.flexible-nowdoc-error3">
    </testcase>
    <testcase name="flexible-nowdoc-error4" classname="Zend.flexible-nowdoc-error4">
    </testcase>
    <testcase name="flexible-nowdoc-error5" classname="Zend.flexible-nowdoc-error5">
    </testcase>
    <testcase name="flexible-nowdoc-error6" classname="Zend.flexible-nowdoc-error6">
    </testcase>
    <testcase name="flexible-nowdoc-error7" classname="Zend.flexible-nowdoc-error7">
    </testcase>
    <testcase name="flexible-nowdoc-error8" classname="Zend.flexible-nowdoc-error8">
    </testcase>
    <testcase name="float_prec_001" classname="Zend.float_prec_001">
    </testcase>
    <testcase name="foreach" classname="Zend.foreach">
    </testcase>
    <testcase name="foreach_002" classname="Zend.foreach_002">
    </testcase>
    <testcase name="foreach_003" classname="Zend.foreach_003">
    </testcase>
    <testcase name="foreach_004" classname="Zend.foreach_004">
    </testcase>
    <testcase name="foreach_005" classname="Zend.foreach_005">
    </testcase>
    <testcase name="foreach_006" classname="Zend.foreach_006">
    </testcase>
    <testcase name="foreach_007" classname="Zend.foreach_007">
    </testcase>
    <testcase name="foreach_008" classname="Zend.foreach_008">
    </testcase>
    <testcase name="foreach_009" classname="Zend.foreach_009">
    </testcase>
    <testcase name="foreach_010" classname="Zend.foreach_010">
    </testcase>
    <testcase name="foreach_011" classname="Zend.foreach_011">
    </testcase>
    <testcase name="foreach_012" classname="Zend.foreach_012">
    </testcase>
    <testcase name="foreach_013" classname="Zend.foreach_013">
    </testcase>
    <testcase name="foreach_014" classname="Zend.foreach_014">
    </testcase>
    <testcase name="foreach_015" classname="Zend.foreach_015">
    </testcase>
    <testcase name="foreach_016" classname="Zend.foreach_016">
    </testcase>
    <testcase name="foreach_017" classname="Zend.foreach_017">
    </testcase>
    <testcase name="foreach_018" classname="Zend.foreach_018">
    </testcase>
    <testcase name="foreach_by_ref_repacking_insert" classname="Zend.foreach_by_ref_repacking_insert">
    </testcase>
    <testcase name="foreach_empty_loop_leak" classname="Zend.foreach_empty_loop_leak">
    </testcase>
    <testcase name="foreach_list_001" classname="Zend.foreach_list_001">
    </testcase>
    <testcase name="foreach_list_002" classname="Zend.foreach_list_002">
    </testcase>
    <testcase name="foreach_list_003" classname="Zend.foreach_list_003">
    </testcase>
    <testcase name="foreach_list_004" classname="Zend.foreach_list_004">
    </testcase>
    <testcase name="foreach_list_keyed" classname="Zend.foreach_list_keyed">
    </testcase>
    <testcase name="foreach_reference" classname="Zend.foreach_reference">
    </testcase>
    <testcase name="foreach_temp_array_expr_with_refs" classname="Zend.foreach_temp_array_expr_with_refs">
    </testcase>
    <testcase name="foreach_undefined" classname="Zend.foreach_undefined">
    </testcase>
    <testcase name="foreach_unset_globals" classname="Zend.foreach_unset_globals">
    </testcase>
    <testcase name="fr47160" classname="Zend.fr47160">
    </testcase>
    <testcase name="func_get_args" classname="Zend.func_get_args">
    </testcase>
    <testcase name="function_arguments_001" classname="Zend.function_arguments_001">
    </testcase>
    <testcase name="function_arguments_002" classname="Zend.function_arguments_002">
    </testcase>
    <testcase name="function_arguments_003" classname="Zend.function_arguments_003">
    </testcase>
    <testcase name="function_exists_basic" classname="Zend.function_exists_basic">
    </testcase>
    <testcase name="function_exists_error" classname="Zend.function_exists_error">
    </testcase>
    <testcase name="function_exists_variation1" classname="Zend.function_exists_variation1">
    </testcase>
    <testcase name="function_redecl" classname="Zend.function_redecl">
    </testcase>
    <testcase name="gc_001" classname="Zend.gc_001">
    </testcase>
    <testcase name="gc_002" classname="Zend.gc_002">
    </testcase>
    <testcase name="gc_003" classname="Zend.gc_003">
    </testcase>
    <testcase name="gc_004" classname="Zend.gc_004">
    </testcase>
    <testcase name="gc_005" classname="Zend.gc_005">
    </testcase>
    <testcase name="gc_006" classname="Zend.gc_006">
    </testcase>
    <testcase name="gc_007" classname="Zend.gc_007">
    </testcase>
    <testcase name="gc_008" classname="Zend.gc_008">
    </testcase>
    <testcase name="gc_009" classname="Zend.gc_009">
    </testcase>
    <testcase name="gc_010" classname="Zend.gc_010">
    </testcase>
    <testcase name="gc_011" classname="Zend.gc_011">
    </testcase>
    <testcase name="gc_012" classname="Zend.gc_012">
    </testcase>
    <testcase name="gc_013" classname="Zend.gc_013">
    </testcase>
    <testcase name="gc_014" classname="Zend.gc_014">
    </testcase>
    <testcase name="gc_015" classname="Zend.gc_015">
    </testcase>
    <testcase name="gc_016" classname="Zend.gc_016">
    </testcase>
    <testcase name="gc_017" classname="Zend.gc_017">
    </testcase>
    <testcase name="gc_018" classname="Zend.gc_018">
    </testcase>
    <testcase name="gc_019" classname="Zend.gc_019">
    </testcase>
    <testcase name="gc_020" classname="Zend.gc_020">
    </testcase>
    <testcase name="gc_021" classname="Zend.gc_021">
    </testcase>
    <testcase name="gc_022" classname="Zend.gc_022">
    </testcase>
    <testcase name="gc_023" classname="Zend.gc_023">
    </testcase>
    <testcase name="gc_024" classname="Zend.gc_024">
    </testcase>
    <testcase name="gc_025" classname="Zend.gc_025">
    </testcase>
    <testcase name="gc_026" classname="Zend.gc_026">
    </testcase>
    <testcase name="gc_027" classname="Zend.gc_027">
    </testcase>
    <testcase name="gc_028" classname="Zend.gc_028">
    </testcase>
    <testcase name="gc_029" classname="Zend.gc_029">
    </testcase>
    <testcase name="gc_030" classname="Zend.gc_030">
    </testcase>
    <testcase name="gc_031" classname="Zend.gc_031">
    </testcase>
    <testcase name="gc_032" classname="Zend.gc_032">
    </testcase>
    <testcase name="gc_033" classname="Zend.gc_033">
    </testcase>
    <testcase name="gc_034" classname="Zend.gc_034">
    </testcase>
    <testcase name="gc_035" classname="Zend.gc_035">
    </testcase>
    <testcase name="gc_036" classname="Zend.gc_036">
    </testcase>
    <testcase name="gc_037" classname="Zend.gc_037">
    </testcase>
    <testcase name="gc_038" classname="Zend.gc_038">
    </testcase>
    <testcase name="gc_039" classname="Zend.gc_039">
    </testcase>
    <testcase name="get_called_class_001" classname="Zend.get_called_class_001">
    </testcase>
    <testcase name="get_class_methods_001" classname="Zend.get_class_methods_001">
    </testcase>
    <testcase name="get_class_methods_002" classname="Zend.get_class_methods_002">
    </testcase>
    <testcase name="get_class_methods_003" classname="Zend.get_class_methods_003">
    </testcase>
    <testcase name="get_class_vars_001" classname="Zend.get_class_vars_001">
    </testcase>
    <testcase name="get_class_vars_002" classname="Zend.get_class_vars_002">
    </testcase>
    <testcase name="get_class_vars_003" classname="Zend.get_class_vars_003">
    </testcase>
    <testcase name="get_class_vars_004" classname="Zend.get_class_vars_004">
    </testcase>
    <testcase name="get_class_vars_005" classname="Zend.get_class_vars_005">
    </testcase>
    <testcase name="get_class_vars_006" classname="Zend.get_class_vars_006">
    </testcase>
    <testcase name="get_class_vars_007" classname="Zend.get_class_vars_007">
    </testcase>
    <testcase name="get_defined_functions_basic" classname="Zend.get_defined_functions_basic">
    </testcase>
    <testcase name="get_defined_functions_error" classname="Zend.get_defined_functions_error">
    </testcase>
    <testcase name="get_defined_vars" classname="Zend.get_defined_vars">
    </testcase>
    <testcase name="get_parent_class_001" classname="Zend.get_parent_class_001">
    </testcase>
    <testcase name="get_required_files" classname="Zend.get_required_files">
    </testcase>
    <testcase name="global_with_side_effect_name" classname="Zend.global_with_side_effect_name">
    </testcase>
    <testcase name="globals_001" classname="Zend.globals_001">
    </testcase>
    <testcase name="globals_002" classname="Zend.globals_002">
    </testcase>
    <testcase name="globals_003" classname="Zend.globals_003">
    </testcase>
    <testcase name="globals_004" classname="Zend.globals_004">
    </testcase>
    <testcase name="globals_005" classname="Zend.globals_005">
    </testcase>
    <testcase name="goto_in_foreach" classname="Zend.goto_in_foreach">
    </testcase>
    <testcase name="halt01" classname="Zend.halt01">
    </testcase>
    <testcase name="halt02" classname="Zend.halt02">
    </testcase>
    <testcase name="halt03" classname="Zend.halt03">
    </testcase>
    <testcase name="halt_compiler1" classname="Zend.halt_compiler1">
    </testcase>
    <testcase name="halt_compiler2" classname="Zend.halt_compiler2">
    </testcase>
    <testcase name="halt_compiler3" classname="Zend.halt_compiler3">
    </testcase>
    <testcase name="halt_compiler4" classname="Zend.halt_compiler4">
    </testcase>
    <testcase name="heredoc_001" classname="Zend.heredoc_001">
    </testcase>
    <testcase name="heredoc_002" classname="Zend.heredoc_002">
    </testcase>
    <testcase name="heredoc_003" classname="Zend.heredoc_003">
    </testcase>
    <testcase name="heredoc_004" classname="Zend.heredoc_004">
    </testcase>
    <testcase name="heredoc_005" classname="Zend.heredoc_005">
    </testcase>
    <testcase name="heredoc_006" classname="Zend.heredoc_006">
    </testcase>
    <testcase name="heredoc_007" classname="Zend.heredoc_007">
    </testcase>
    <testcase name="heredoc_008" classname="Zend.heredoc_008">
    </testcase>
    <testcase name="heredoc_011" classname="Zend.heredoc_011">
    </testcase>
    <testcase name="heredoc_012" classname="Zend.heredoc_012">
    </testcase>
    <testcase name="heredoc_013" classname="Zend.heredoc_013">
    </testcase>
    <testcase name="heredoc_014" classname="Zend.heredoc_014">
    </testcase>
    <testcase name="heredoc_015" classname="Zend.heredoc_015">
    </testcase>
    <testcase name="heredoc_016" classname="Zend.heredoc_016">
    </testcase>
    <testcase name="hex_overflow_32bit" classname="Zend.hex_overflow_32bit">
      <skipped message="" />
    </testcase>
    <testcase name="incdec_ref_property" classname="Zend.incdec_ref_property">
    </testcase>
    <testcase name="incompat_ctx_user" classname="Zend.incompat_ctx_user">
    </testcase>
    <testcase name="increment_001" classname="Zend.increment_001">
      <skipped message="" />
    </testcase>
    <testcase name="increment_function_return_error" classname="Zend.increment_function_return_error">
    </testcase>
    <testcase name="indexing_001" classname="Zend.indexing_001">
    </testcase>
    <testcase name="indirect_call_array_001" classname="Zend.indirect_call_array_001">
    </testcase>
    <testcase name="indirect_call_array_002" classname="Zend.indirect_call_array_002">
    </testcase>
    <testcase name="indirect_call_array_003" classname="Zend.indirect_call_array_003">
    </testcase>
    <testcase name="indirect_call_array_004" classname="Zend.indirect_call_array_004">
    </testcase>
    <testcase name="indirect_call_array_005" classname="Zend.indirect_call_array_005">
    </testcase>
    <testcase name="indirect_call_from_constant" classname="Zend.indirect_call_from_constant">
    </testcase>
    <testcase name="indirect_call_string_001" classname="Zend.indirect_call_string_001">
    </testcase>
    <testcase name="indirect_call_string_002" classname="Zend.indirect_call_string_002">
    </testcase>
    <testcase name="indirect_call_string_003" classname="Zend.indirect_call_string_003">
    </testcase>
    <testcase name="indirect_method_call_001" classname="Zend.indirect_method_call_001">
    </testcase>
    <testcase name="indirect_method_call_002" classname="Zend.indirect_method_call_002">
    </testcase>
    <testcase name="indirect_method_call_003" classname="Zend.indirect_method_call_003">
    </testcase>
    <testcase name="indirect_method_call_004" classname="Zend.indirect_method_call_004">
    </testcase>
    <testcase name="indirect_method_call_005" classname="Zend.indirect_method_call_005">
    </testcase>
    <testcase name="indirect_property_access" classname="Zend.indirect_property_access">
    </testcase>
    <testcase name="indirect_reference_this" classname="Zend.indirect_reference_this">
    </testcase>
    <testcase name="inference_infinite_loop" classname="Zend.inference_infinite_loop">
    </testcase>
    <testcase name="inherit_internal_static" classname="Zend.inherit_internal_static">
      <skipped message="" />
    </testcase>
    <testcase name="instanceof" classname="Zend.instanceof">
    </testcase>
    <testcase name="instanceof_001" classname="Zend.instanceof_001">
    </testcase>
    <testcase name="instanceof_002" classname="Zend.instanceof_002">
    </testcase>
    <testcase name="instanceof_const" classname="Zend.instanceof_const">
    </testcase>
    <testcase name="int_conversion_exponents" classname="Zend.int_conversion_exponents">
    </testcase>
    <testcase name="int_overflow_32bit" classname="Zend.int_overflow_32bit">
      <skipped message="" />
    </testcase>
    <testcase name="int_overflow_64bit" classname="Zend.int_overflow_64bit">
    </testcase>
    <testcase name="int_special_values" classname="Zend.int_special_values">
    </testcase>
    <testcase name="int_static_prop_name" classname="Zend.int_static_prop_name">
    </testcase>
    <testcase name="int_underflow_32bit" classname="Zend.int_underflow_32bit">
      <skipped message="" />
    </testcase>
    <testcase name="int_underflow_64bit" classname="Zend.int_underflow_64bit">
    </testcase>
    <testcase name="inter_007" classname="Zend.inter_007">
    </testcase>
    <testcase name="inter_01" classname="Zend.inter_01">
    </testcase>
    <testcase name="inter_02" classname="Zend.inter_02">
    </testcase>
    <testcase name="inter_03" classname="Zend.inter_03">
    </testcase>
    <testcase name="inter_04" classname="Zend.inter_04">
    </testcase>
    <testcase name="inter_05" classname="Zend.inter_05">
    </testcase>
    <testcase name="inter_06" classname="Zend.inter_06">
    </testcase>
    <testcase name="interface_exists_001" classname="Zend.interface_exists_001">
    </testcase>
    <testcase name="interface_exists_002" classname="Zend.interface_exists_002">
    </testcase>
    <testcase name="invalid_parent_const_ref_leak" classname="Zend.invalid_parent_const_ref_leak">
    </testcase>
    <testcase name="is_a" classname="Zend.is_a">
    </testcase>
    <testcase name="isset_001" classname="Zend.isset_001">
    </testcase>
    <testcase name="isset_002" classname="Zend.isset_002">
    </testcase>
    <testcase name="isset_003" classname="Zend.isset_003">
    </testcase>
    <testcase name="isset_expr_error" classname="Zend.isset_expr_error">
    </testcase>
    <testcase name="isset_func_error" classname="Zend.isset_func_error">
    </testcase>
    <testcase name="isset_str_offset" classname="Zend.isset_str_offset">
    </testcase>
    <testcase name="jump01" classname="Zend.jump01">
    </testcase>
    <testcase name="jump02" classname="Zend.jump02">
    </testcase>
    <testcase name="jump03" classname="Zend.jump03">
    </testcase>
    <testcase name="jump04" classname="Zend.jump04">
    </testcase>
    <testcase name="jump05" classname="Zend.jump05">
    </testcase>
    <testcase name="jump06" classname="Zend.jump06">
    </testcase>
    <testcase name="jump07" classname="Zend.jump07">
    </testcase>
    <testcase name="jump08" classname="Zend.jump08">
    </testcase>
    <testcase name="jump09" classname="Zend.jump09">
    </testcase>
    <testcase name="jump10" classname="Zend.jump10">
    </testcase>
    <testcase name="jump11" classname="Zend.jump11">
    </testcase>
    <testcase name="jump12" classname="Zend.jump12">
    </testcase>
    <testcase name="jump13" classname="Zend.jump13">
    </testcase>
    <testcase name="jump14" classname="Zend.jump14">
    </testcase>
    <testcase name="jump15" classname="Zend.jump15">
    </testcase>
    <testcase name="jump16" classname="Zend.jump16">
    </testcase>
    <testcase name="jump17" classname="Zend.jump17">
    </testcase>
    <testcase name="line_const_in_array" classname="Zend.line_const_in_array">
    </testcase>
    <testcase name="list_001" classname="Zend.list_001">
    </testcase>
    <testcase name="list_002" classname="Zend.list_002">
    </testcase>
    <testcase name="list_003" classname="Zend.list_003">
    </testcase>
    <testcase name="list_004" classname="Zend.list_004">
    </testcase>
    <testcase name="list_005" classname="Zend.list_005">
    </testcase>
    <testcase name="list_006" classname="Zend.list_006">
    </testcase>
    <testcase name="list_007" classname="Zend.list_007">
    </testcase>
    <testcase name="list_008" classname="Zend.list_008">
    </testcase>
    <testcase name="list_010" classname="Zend.list_010">
    </testcase>
    <testcase name="list_011" classname="Zend.list_011">
    </testcase>
    <testcase name="list_012" classname="Zend.list_012">
    </testcase>
    <testcase name="list_013" classname="Zend.list_013">
    </testcase>
    <testcase name="list_014" classname="Zend.list_014">
    </testcase>
    <testcase name="list_destructuring_to_special_variables" classname="Zend.list_destructuring_to_special_variables">
    </testcase>
    <testcase name="list_empty_error" classname="Zend.list_empty_error">
    </testcase>
    <testcase name="list_empty_error_keyed" classname="Zend.list_empty_error_keyed">
    </testcase>
    <testcase name="list_keyed" classname="Zend.list_keyed">
    </testcase>
    <testcase name="list_keyed_ArrayAccess" classname="Zend.list_keyed_ArrayAccess">
    </testcase>
    <testcase name="list_keyed_conversions" classname="Zend.list_keyed_conversions">
    </testcase>
    <testcase name="list_keyed_evaluation_order" classname="Zend.list_keyed_evaluation_order">
    </testcase>
    <testcase name="list_keyed_evaluation_order_2" classname="Zend.list_keyed_evaluation_order_2">
    </testcase>
    <testcase name="list_keyed_evaluation_order_3" classname="Zend.list_keyed_evaluation_order_3">
    </testcase>
    <testcase name="list_keyed_evaluation_order_nested" classname="Zend.list_keyed_evaluation_order_nested">
    </testcase>
    <testcase name="list_keyed_non_literals" classname="Zend.list_keyed_non_literals">
    </testcase>
    <testcase name="list_keyed_trailing_comma" classname="Zend.list_keyed_trailing_comma">
    </testcase>
    <testcase name="list_keyed_undefined" classname="Zend.list_keyed_undefined">
    </testcase>
    <testcase name="list_mixed_keyed_unkeyed" classname="Zend.list_mixed_keyed_unkeyed">
    </testcase>
    <testcase name="list_mixed_nested_keyed_unkeyed" classname="Zend.list_mixed_nested_keyed_unkeyed">
    </testcase>
    <testcase name="list_self_assign" classname="Zend.list_self_assign">
    </testcase>
    <testcase name="loop_free_on_return" classname="Zend.loop_free_on_return">
    </testcase>
    <testcase name="lsb_001" classname="Zend.lsb_001">
    </testcase>
    <testcase name="lsb_002" classname="Zend.lsb_002">
    </testcase>
    <testcase name="lsb_003" classname="Zend.lsb_003">
    </testcase>
    <testcase name="lsb_004" classname="Zend.lsb_004">
    </testcase>
    <testcase name="lsb_005" classname="Zend.lsb_005">
    </testcase>
    <testcase name="lsb_006" classname="Zend.lsb_006">
    </testcase>
    <testcase name="lsb_007" classname="Zend.lsb_007">
    </testcase>
    <testcase name="lsb_008" classname="Zend.lsb_008">
    </testcase>
    <testcase name="lsb_009" classname="Zend.lsb_009">
    </testcase>
    <testcase name="lsb_010" classname="Zend.lsb_010">
    </testcase>
    <testcase name="lsb_011" classname="Zend.lsb_011">
    </testcase>
    <testcase name="lsb_012" classname="Zend.lsb_012">
    </testcase>
    <testcase name="lsb_013" classname="Zend.lsb_013">
    </testcase>
    <testcase name="lsb_014" classname="Zend.lsb_014">
    </testcase>
    <testcase name="lsb_015" classname="Zend.lsb_015">
    </testcase>
    <testcase name="lsb_016" classname="Zend.lsb_016">
    </testcase>
    <testcase name="lsb_017" classname="Zend.lsb_017">
    </testcase>
    <testcase name="lsb_018" classname="Zend.lsb_018">
    </testcase>
    <testcase name="lsb_019" classname="Zend.lsb_019">
    </testcase>
    <testcase name="lsb_020" classname="Zend.lsb_020">
    </testcase>
    <testcase name="lsb_021" classname="Zend.lsb_021">
    </testcase>
    <testcase name="lsb_022" classname="Zend.lsb_022">
    </testcase>
    <testcase name="magic_by_ref_001" classname="Zend.magic_by_ref_001">
    </testcase>
    <testcase name="magic_by_ref_002" classname="Zend.magic_by_ref_002">
    </testcase>
    <testcase name="magic_by_ref_003" classname="Zend.magic_by_ref_003">
    </testcase>
    <testcase name="magic_by_ref_004" classname="Zend.magic_by_ref_004">
    </testcase>
    <testcase name="magic_by_ref_005" classname="Zend.magic_by_ref_005">
    </testcase>
    <testcase name="magic_by_ref_006" classname="Zend.magic_by_ref_006">
    </testcase>
    <testcase name="magic_by_ref_007" classname="Zend.magic_by_ref_007">
    </testcase>
    <testcase name="magic_const_in_global_scope" classname="Zend.magic_const_in_global_scope">
    </testcase>
    <testcase name="magic_methods_001" classname="Zend.magic_methods_001">
    </testcase>
    <testcase name="magic_methods_002" classname="Zend.magic_methods_002">
    </testcase>
    <testcase name="magic_methods_003" classname="Zend.magic_methods_003">
    </testcase>
    <testcase name="magic_methods_004" classname="Zend.magic_methods_004">
    </testcase>
    <testcase name="magic_methods_005" classname="Zend.magic_methods_005">
    </testcase>
    <testcase name="magic_methods_006" classname="Zend.magic_methods_006">
    </testcase>
    <testcase name="magic_methods_007" classname="Zend.magic_methods_007">
    </testcase>
    <testcase name="magic_methods_008" classname="Zend.magic_methods_008">
    </testcase>
    <testcase name="magic_methods_009" classname="Zend.magic_methods_009">
    </testcase>
    <testcase name="magic_methods_010" classname="Zend.magic_methods_010">
    </testcase>
    <testcase name="memory_get_peak_usage" classname="Zend.memory_get_peak_usage">
    </testcase>
    <testcase name="method_argument_binding" classname="Zend.method_argument_binding">
    </testcase>
    <testcase name="method_exists" classname="Zend.method_exists">
    </testcase>
    <testcase name="method_exists_002" classname="Zend.method_exists_002">
    </testcase>
    <testcase name="method_static_var" classname="Zend.method_static_var">
      <failure message="" />
    </testcase>
    <testcase name="methods-on-non-objects-call-user-func" classname="Zend.methods-on-non-objects-call-user-func">
    </testcase>
    <testcase name="methods-on-non-objects-catch" classname="Zend.methods-on-non-objects-catch">
    </testcase>
    <testcase name="methods-on-non-objects-usort" classname="Zend.methods-on-non-objects-usort">
    </testcase>
    <testcase name="methods-on-non-objects" classname="Zend.methods-on-non-objects">
    </testcase>
    <testcase name="mod_001" classname="Zend.mod_001">
    </testcase>
    <testcase name="modify_isref_value_return" classname="Zend.modify_isref_value_return">
    </testcase>
    <testcase name="mul_001" classname="Zend.mul_001">
    </testcase>
    <testcase name="name_collision_01" classname="Zend.name_collision_01">
    </testcase>
    <testcase name="name_collision_02" classname="Zend.name_collision_02">
    </testcase>
    <testcase name="name_collision_03" classname="Zend.name_collision_03">
    </testcase>
    <testcase name="name_collision_04" classname="Zend.name_collision_04">
    </testcase>
    <testcase name="name_collision_05" classname="Zend.name_collision_05">
    </testcase>
    <testcase name="name_collision_06" classname="Zend.name_collision_06">
    </testcase>
    <testcase name="name_collision_07" classname="Zend.name_collision_07">
    </testcase>
    <testcase name="name_collision_08" classname="Zend.name_collision_08">
    </testcase>
    <testcase name="name_collision_09" classname="Zend.name_collision_09">
    </testcase>
    <testcase name="neg_num_string" classname="Zend.neg_num_string">
    </testcase>
    <testcase name="nested_method_and_function" classname="Zend.nested_method_and_function">
    </testcase>
    <testcase name="new_args_without_ctor" classname="Zend.new_args_without_ctor">
    </testcase>
    <testcase name="no_class_const_propagation_in_closures" classname="Zend.no_class_const_propagation_in_closures">
    </testcase>
    <testcase name="not_001" classname="Zend.not_001">
    </testcase>
    <testcase name="not_002" classname="Zend.not_002">
    </testcase>
    <testcase name="nowdoc_001" classname="Zend.nowdoc_001">
    </testcase>
    <testcase name="nowdoc_002" classname="Zend.nowdoc_002">
    </testcase>
    <testcase name="nowdoc_003" classname="Zend.nowdoc_003">
    </testcase>
    <testcase name="nowdoc_004" classname="Zend.nowdoc_004">
    </testcase>
    <testcase name="nowdoc_005" classname="Zend.nowdoc_005">
    </testcase>
    <testcase name="nowdoc_006" classname="Zend.nowdoc_006">
    </testcase>
    <testcase name="nowdoc_007" classname="Zend.nowdoc_007">
    </testcase>
    <testcase name="nowdoc_008" classname="Zend.nowdoc_008">
    </testcase>
    <testcase name="nowdoc_011" classname="Zend.nowdoc_011">
    </testcase>
    <testcase name="nowdoc_012" classname="Zend.nowdoc_012">
    </testcase>
    <testcase name="nowdoc_013" classname="Zend.nowdoc_013">
    </testcase>
    <testcase name="nowdoc_014" classname="Zend.nowdoc_014">
    </testcase>
    <testcase name="nowdoc_015" classname="Zend.nowdoc_015">
    </testcase>
    <testcase name="nowdoc_016" classname="Zend.nowdoc_016">
    </testcase>
    <testcase name="nowdoc_017" classname="Zend.nowdoc_017">
    </testcase>
    <testcase name="ns_001" classname="Zend.ns_001">
    </testcase>
    <testcase name="ns_002" classname="Zend.ns_002">
    </testcase>
    <testcase name="ns_003" classname="Zend.ns_003">
    </testcase>
    <testcase name="ns_004" classname="Zend.ns_004">
    </testcase>
    <testcase name="ns_005" classname="Zend.ns_005">
    </testcase>
    <testcase name="ns_006" classname="Zend.ns_006">
    </testcase>
    <testcase name="ns_007" classname="Zend.ns_007">
    </testcase>
    <testcase name="ns_008" classname="Zend.ns_008">
    </testcase>
    <testcase name="ns_009" classname="Zend.ns_009">
    </testcase>
    <testcase name="ns_010" classname="Zend.ns_010">
    </testcase>
    <testcase name="ns_011" classname="Zend.ns_011">
    </testcase>
    <testcase name="ns_012" classname="Zend.ns_012">
    </testcase>
    <testcase name="ns_013" classname="Zend.ns_013">
    </testcase>
    <testcase name="ns_014" classname="Zend.ns_014">
    </testcase>
    <testcase name="ns_015" classname="Zend.ns_015">
    </testcase>
    <testcase name="ns_016" classname="Zend.ns_016">
    </testcase>
    <testcase name="ns_017" classname="Zend.ns_017">
    </testcase>
    <testcase name="ns_018" classname="Zend.ns_018">
    </testcase>
    <testcase name="ns_019" classname="Zend.ns_019">
    </testcase>
    <testcase name="ns_020" classname="Zend.ns_020">
    </testcase>
    <testcase name="ns_021" classname="Zend.ns_021">
    </testcase>
    <testcase name="ns_022" classname="Zend.ns_022">
    </testcase>
    <testcase name="ns_023" classname="Zend.ns_023">
    </testcase>
    <testcase name="ns_024" classname="Zend.ns_024">
    </testcase>
    <testcase name="ns_025" classname="Zend.ns_025">
    </testcase>
    <testcase name="ns_026" classname="Zend.ns_026">
    </testcase>
    <testcase name="ns_027" classname="Zend.ns_027">
    </testcase>
    <testcase name="ns_028" classname="Zend.ns_028">
    </testcase>
    <testcase name="ns_029" classname="Zend.ns_029">
    </testcase>
    <testcase name="ns_030" classname="Zend.ns_030">
    </testcase>
    <testcase name="ns_031" classname="Zend.ns_031">
    </testcase>
    <testcase name="ns_032" classname="Zend.ns_032">
    </testcase>
    <testcase name="ns_033" classname="Zend.ns_033">
    </testcase>
    <testcase name="ns_034" classname="Zend.ns_034">
    </testcase>
    <testcase name="ns_035" classname="Zend.ns_035">
    </testcase>
    <testcase name="ns_036" classname="Zend.ns_036">
    </testcase>
    <testcase name="ns_037" classname="Zend.ns_037">
    </testcase>
    <testcase name="ns_038" classname="Zend.ns_038">
    </testcase>
    <testcase name="ns_039" classname="Zend.ns_039">
    </testcase>
    <testcase name="ns_040" classname="Zend.ns_040">
    </testcase>
    <testcase name="ns_041" classname="Zend.ns_041">
    </testcase>
    <testcase name="ns_042" classname="Zend.ns_042">
    </testcase>
    <testcase name="ns_043" classname="Zend.ns_043">
    </testcase>
    <testcase name="ns_044" classname="Zend.ns_044">
    </testcase>
    <testcase name="ns_045" classname="Zend.ns_045">
    </testcase>
    <testcase name="ns_046" classname="Zend.ns_046">
    </testcase>
    <testcase name="ns_047" classname="Zend.ns_047">
    </testcase>
    <testcase name="ns_048" classname="Zend.ns_048">
    </testcase>
    <testcase name="ns_049" classname="Zend.ns_049">
    </testcase>
    <testcase name="ns_050" classname="Zend.ns_050">
    </testcase>
    <testcase name="ns_051" classname="Zend.ns_051">
    </testcase>
    <testcase name="ns_052" classname="Zend.ns_052">
    </testcase>
    <testcase name="ns_053" classname="Zend.ns_053">
    </testcase>
    <testcase name="ns_054" classname="Zend.ns_054">
    </testcase>
    <testcase name="ns_055" classname="Zend.ns_055">
    </testcase>
    <testcase name="ns_056" classname="Zend.ns_056">
    </testcase>
    <testcase name="ns_057" classname="Zend.ns_057">
    </testcase>
    <testcase name="ns_058" classname="Zend.ns_058">
    </testcase>
    <testcase name="ns_059" classname="Zend.ns_059">
    </testcase>
    <testcase name="ns_060" classname="Zend.ns_060">
    </testcase>
    <testcase name="ns_061" classname="Zend.ns_061">
    </testcase>
    <testcase name="ns_062" classname="Zend.ns_062">
    </testcase>
    <testcase name="ns_063" classname="Zend.ns_063">
    </testcase>
    <testcase name="ns_064" classname="Zend.ns_064">
    </testcase>
    <testcase name="ns_065" classname="Zend.ns_065">
    </testcase>
    <testcase name="ns_066" classname="Zend.ns_066">
    </testcase>
    <testcase name="ns_067" classname="Zend.ns_067">
    </testcase>
    <testcase name="ns_068" classname="Zend.ns_068">
    </testcase>
    <testcase name="ns_069" classname="Zend.ns_069">
    </testcase>
    <testcase name="ns_070" classname="Zend.ns_070">
    </testcase>
    <testcase name="ns_071" classname="Zend.ns_071">
    </testcase>
    <testcase name="ns_072" classname="Zend.ns_072">
    </testcase>
    <testcase name="ns_073" classname="Zend.ns_073">
    </testcase>
    <testcase name="ns_074" classname="Zend.ns_074">
    </testcase>
    <testcase name="ns_075" classname="Zend.ns_075">
    </testcase>
    <testcase name="ns_076" classname="Zend.ns_076">
    </testcase>
    <testcase name="ns_077_1" classname="Zend.ns_077_1">
    </testcase>
    <testcase name="ns_077_2" classname="Zend.ns_077_2">
    </testcase>
    <testcase name="ns_077_3" classname="Zend.ns_077_3">
    </testcase>
    <testcase name="ns_077_4" classname="Zend.ns_077_4">
    </testcase>
    <testcase name="ns_077_5" classname="Zend.ns_077_5">
    </testcase>
    <testcase name="ns_077_7" classname="Zend.ns_077_7">
    </testcase>
    <testcase name="ns_077_8" classname="Zend.ns_077_8">
    </testcase>
    <testcase name="ns_078" classname="Zend.ns_078">
    </testcase>
    <testcase name="ns_079" classname="Zend.ns_079">
    </testcase>
    <testcase name="ns_080" classname="Zend.ns_080">
    </testcase>
    <testcase name="ns_081" classname="Zend.ns_081">
    </testcase>
    <testcase name="ns_082" classname="Zend.ns_082">
    </testcase>
    <testcase name="ns_083" classname="Zend.ns_083">
    </testcase>
    <testcase name="ns_084" classname="Zend.ns_084">
    </testcase>
    <testcase name="ns_085" classname="Zend.ns_085">
    </testcase>
    <testcase name="ns_086" classname="Zend.ns_086">
    </testcase>
    <testcase name="ns_087" classname="Zend.ns_087">
    </testcase>
    <testcase name="ns_088" classname="Zend.ns_088">
    </testcase>
    <testcase name="ns_089" classname="Zend.ns_089">
    </testcase>
    <testcase name="ns_090" classname="Zend.ns_090">
    </testcase>
    <testcase name="ns_091" classname="Zend.ns_091">
    </testcase>
    <testcase name="ns_092" classname="Zend.ns_092">
    </testcase>
    <testcase name="ns_093" classname="Zend.ns_093">
    </testcase>
    <testcase name="ns_094" classname="Zend.ns_094">
    </testcase>
    <testcase name="ns_095" classname="Zend.ns_095">
    </testcase>
    <testcase name="ns_096" classname="Zend.ns_096">
    </testcase>
    <testcase name="ns_trailing_comma_01" classname="Zend.ns_trailing_comma_01">
    </testcase>
    <testcase name="ns_trailing_comma_02" classname="Zend.ns_trailing_comma_02">
    </testcase>
    <testcase name="ns_trailing_comma_error_01" classname="Zend.ns_trailing_comma_error_01">
    </testcase>
    <testcase name="ns_trailing_comma_error_02" classname="Zend.ns_trailing_comma_error_02">
    </testcase>
    <testcase name="ns_trailing_comma_error_03" classname="Zend.ns_trailing_comma_error_03">
    </testcase>
    <testcase name="ns_trailing_comma_error_04" classname="Zend.ns_trailing_comma_error_04">
    </testcase>
    <testcase name="ns_trailing_comma_error_05" classname="Zend.ns_trailing_comma_error_05">
    </testcase>
    <testcase name="ns_trailing_comma_error_06" classname="Zend.ns_trailing_comma_error_06">
    </testcase>
    <testcase name="ns_trailing_comma_error_07" classname="Zend.ns_trailing_comma_error_07">
    </testcase>
    <testcase name="ns_trailing_comma_error_08" classname="Zend.ns_trailing_comma_error_08">
    </testcase>
    <testcase name="numeric_string_errors" classname="Zend.numeric_string_errors">
    </testcase>
    <testcase name="numeric_string_errors_assign" classname="Zend.numeric_string_errors_assign">
    </testcase>
    <testcase name="object-null" classname="Zend.object-null">
    </testcase>
    <testcase name="object_array_cast" classname="Zend.object_array_cast">
    </testcase>
    <testcase name="object_gc_in_shutdown" classname="Zend.object_gc_in_shutdown">
    </testcase>
    <testcase name="object_handlers" classname="Zend.object_handlers">
    </testcase>
    <testcase name="object_property_ref_incdec" classname="Zend.object_property_ref_incdec">
    </testcase>
    <testcase name="objects_001" classname="Zend.objects_001">
    </testcase>
    <testcase name="objects_002" classname="Zend.objects_002">
    </testcase>
    <testcase name="objects_003" classname="Zend.objects_003">
    </testcase>
    <testcase name="objects_004" classname="Zend.objects_004">
    </testcase>
    <testcase name="objects_005" classname="Zend.objects_005">
    </testcase>
    <testcase name="objects_006" classname="Zend.objects_006">
    </testcase>
    <testcase name="objects_007" classname="Zend.objects_007">
    </testcase>
    <testcase name="objects_008" classname="Zend.objects_008">
    </testcase>
    <testcase name="objects_009" classname="Zend.objects_009">
    </testcase>
    <testcase name="objects_010" classname="Zend.objects_010">
    </testcase>
    <testcase name="objects_011" classname="Zend.objects_011">
    </testcase>
    <testcase name="objects_012" classname="Zend.objects_012">
    </testcase>
    <testcase name="objects_013" classname="Zend.objects_013">
    </testcase>
    <testcase name="objects_014" classname="Zend.objects_014">
    </testcase>
    <testcase name="objects_015" classname="Zend.objects_015">
    </testcase>
    <testcase name="objects_017" classname="Zend.objects_017">
    </testcase>
    <testcase name="objects_018" classname="Zend.objects_018">
    </testcase>
    <testcase name="objects_019" classname="Zend.objects_019">
    </testcase>
    <testcase name="objects_020" classname="Zend.objects_020">
    </testcase>
    <testcase name="objects_021" classname="Zend.objects_021">
    </testcase>
    <testcase name="objects_022" classname="Zend.objects_022">
    </testcase>
    <testcase name="objects_023" classname="Zend.objects_023">
    </testcase>
    <testcase name="objects_024" classname="Zend.objects_024">
    </testcase>
    <testcase name="objects_025" classname="Zend.objects_025">
    </testcase>
    <testcase name="objects_026" classname="Zend.objects_026">
    </testcase>
    <testcase name="objects_027" classname="Zend.objects_027">
    </testcase>
    <testcase name="objects_028" classname="Zend.objects_028">
    </testcase>
    <testcase name="objects_029" classname="Zend.objects_029">
    </testcase>
    <testcase name="objects_030" classname="Zend.objects_030">
    </testcase>
    <testcase name="objects_031" classname="Zend.objects_031">
    </testcase>
    <testcase name="objects_032" classname="Zend.objects_032">
    </testcase>
    <testcase name="objects_033" classname="Zend.objects_033">
    </testcase>
    <testcase name="oct_overflow" classname="Zend.oct_overflow">
    </testcase>
    <testcase name="oct_overflow_char" classname="Zend.oct_overflow_char">
    </testcase>
    <testcase name="offset_array" classname="Zend.offset_array">
    </testcase>
    <testcase name="offset_assign" classname="Zend.offset_assign">
    </testcase>
    <testcase name="offset_bool" classname="Zend.offset_bool">
    </testcase>
    <testcase name="offset_long" classname="Zend.offset_long">
    </testcase>
    <testcase name="offset_null" classname="Zend.offset_null">
    </testcase>
    <testcase name="offset_object" classname="Zend.offset_object">
    </testcase>
    <testcase name="offset_string" classname="Zend.offset_string">
    </testcase>
    <testcase name="or_001" classname="Zend.or_001">
    </testcase>
    <testcase name="overloaded_func_001" classname="Zend.overloaded_func_001">
      <skipped message="" />
    </testcase>
    <testcase name="overloaded_func_002" classname="Zend.overloaded_func_002">
      <skipped message="" />
    </testcase>
    <testcase name="overloaded_prop_assign_op_refs" classname="Zend.overloaded_prop_assign_op_refs">
    </testcase>
    <testcase name="parent_class_name_without_parent" classname="Zend.parent_class_name_without_parent">
    </testcase>
    <testcase name="parse_str_with_unpack" classname="Zend.parse_str_with_unpack">
    </testcase>
    <testcase name="php_errormsg_misoptimization" classname="Zend.php_errormsg_misoptimization">
    </testcase>
    <testcase name="pow_ref" classname="Zend.pow_ref">
    </testcase>
    <testcase name="property_exists" classname="Zend.property_exists">
    </testcase>
    <testcase name="qm_assign_ref_unwrap_leak" classname="Zend.qm_assign_ref_unwrap_leak">
    </testcase>
    <testcase name="recursive_debug_info" classname="Zend.recursive_debug_info">
    </testcase>
    <testcase name="require_parse_exception" classname="Zend.require_parse_exception">
    </testcase>
    <testcase name="result_unused" classname="Zend.result_unused">
    </testcase>
    <testcase name="rope_with_exception" classname="Zend.rope_with_exception">
    </testcase>
    <testcase name="selfParent_001" classname="Zend.selfParent_001">
    </testcase>
    <testcase name="selfParent_002" classname="Zend.selfParent_002">
    </testcase>
    <testcase name="self_and" classname="Zend.self_and">
    </testcase>
    <testcase name="self_class_const_in_unknown_scope" classname="Zend.self_class_const_in_unknown_scope">
    </testcase>
    <testcase name="self_class_const_outside_class" classname="Zend.self_class_const_outside_class">
    </testcase>
    <testcase name="self_in_eval" classname="Zend.self_in_eval">
    </testcase>
    <testcase name="self_instanceof_outside_class" classname="Zend.self_instanceof_outside_class">
    </testcase>
    <testcase name="self_method_or_prop_outside_class" classname="Zend.self_method_or_prop_outside_class">
    </testcase>
    <testcase name="self_mod" classname="Zend.self_mod">
    </testcase>
    <testcase name="self_or" classname="Zend.self_or">
    </testcase>
    <testcase name="self_xor" classname="Zend.self_xor">
    </testcase>
    <testcase name="settype_array" classname="Zend.settype_array">
    </testcase>
    <testcase name="settype_bool" classname="Zend.settype_bool">
    </testcase>
    <testcase name="settype_double" classname="Zend.settype_double">
    </testcase>
    <testcase name="settype_int" classname="Zend.settype_int">
    </testcase>
    <testcase name="settype_null" classname="Zend.settype_null">
    </testcase>
    <testcase name="settype_object" classname="Zend.settype_object">
    </testcase>
    <testcase name="settype_resource" classname="Zend.settype_resource">
    </testcase>
    <testcase name="settype_string" classname="Zend.settype_string">
    </testcase>
    <testcase name="shift_001" classname="Zend.shift_001">
    </testcase>
    <testcase name="shift_002" classname="Zend.shift_002">
    </testcase>
    <testcase name="special_name_error1" classname="Zend.special_name_error1">
    </testcase>
    <testcase name="special_name_error2" classname="Zend.special_name_error2">
    </testcase>
    <testcase name="special_name_error3" classname="Zend.special_name_error3">
    </testcase>
    <testcase name="static_variable" classname="Zend.static_variable">
    </testcase>
    <testcase name="str_offset_001" classname="Zend.str_offset_001">
    </testcase>
    <testcase name="str_offset_002" classname="Zend.str_offset_002">
    </testcase>
    <testcase name="str_offset_003" classname="Zend.str_offset_003">
    </testcase>
    <testcase name="str_offset_004" classname="Zend.str_offset_004">
    </testcase>
    <testcase name="strict_001" classname="Zend.strict_001">
    </testcase>
    <testcase name="strict_002" classname="Zend.strict_002">
    </testcase>
    <testcase name="string_offset_errors" classname="Zend.string_offset_errors">
    </testcase>
    <testcase name="strlen" classname="Zend.strlen">
    </testcase>
    <testcase name="sub_001" classname="Zend.sub_001">
    </testcase>
    <testcase name="switch_on_numeric_strings" classname="Zend.switch_on_numeric_strings">
    </testcase>
    <testcase name="temporary_cleaning_001" classname="Zend.temporary_cleaning_001">
    </testcase>
    <testcase name="temporary_cleaning_002" classname="Zend.temporary_cleaning_002">
    </testcase>
    <testcase name="temporary_cleaning_003" classname="Zend.temporary_cleaning_003">
    </testcase>
    <testcase name="temporary_cleaning_004" classname="Zend.temporary_cleaning_004">
    </testcase>
    <testcase name="temporary_cleaning_005" classname="Zend.temporary_cleaning_005">
    </testcase>
    <testcase name="temporary_cleaning_006" classname="Zend.temporary_cleaning_006">
    </testcase>
    <testcase name="temporary_cleaning_007" classname="Zend.temporary_cleaning_007">
    </testcase>
    <testcase name="temporary_cleaning_008" classname="Zend.temporary_cleaning_008">
    </testcase>
    <testcase name="temporary_cleaning_009" classname="Zend.temporary_cleaning_009">
    </testcase>
    <testcase name="temporary_cleaning_010" classname="Zend.temporary_cleaning_010">
    </testcase>
    <testcase name="temporary_cleaning_011" classname="Zend.temporary_cleaning_011">
    </testcase>
    <testcase name="temporary_cleaning_012" classname="Zend.temporary_cleaning_012">
    </testcase>
    <testcase name="temporary_cleaning_013" classname="Zend.temporary_cleaning_013">
    </testcase>
    <testcase name="temporary_cleaning_014" classname="Zend.temporary_cleaning_014">
      <skipped message="" />
    </testcase>
    <testcase name="temporary_cleaning_015" classname="Zend.temporary_cleaning_015">
    </testcase>
    <testcase name="temporary_cleaning_016" classname="Zend.temporary_cleaning_016">
    </testcase>
    <testcase name="this_as_global" classname="Zend.this_as_global">
    </testcase>
    <testcase name="this_as_lexical_var_error" classname="Zend.this_as_lexical_var_error">
    </testcase>
    <testcase name="this_as_parameter" classname="Zend.this_as_parameter">
    </testcase>
    <testcase name="this_as_static" classname="Zend.this_as_static">
    </testcase>
    <testcase name="this_in_catch" classname="Zend.this_in_catch">
    </testcase>
    <testcase name="this_in_eval" classname="Zend.this_in_eval">
    </testcase>
    <testcase name="this_in_extract" classname="Zend.this_in_extract">
    </testcase>
    <testcase name="this_in_foreach_001" classname="Zend.this_in_foreach_001">
    </testcase>
    <testcase name="this_in_foreach_002" classname="Zend.this_in_foreach_002">
    </testcase>
    <testcase name="this_in_foreach_003" classname="Zend.this_in_foreach_003">
    </testcase>
    <testcase name="this_in_foreach_004" classname="Zend.this_in_foreach_004">
    </testcase>
    <testcase name="this_in_isset" classname="Zend.this_in_isset">
    </testcase>
    <testcase name="this_in_mb_parse_str" classname="Zend.this_in_mb_parse_str">
    </testcase>
    <testcase name="this_in_parse_str" classname="Zend.this_in_parse_str">
    </testcase>
    <testcase name="this_in_unset" classname="Zend.this_in_unset">
    </testcase>
    <testcase name="this_reassign" classname="Zend.this_reassign">
    </testcase>
    <testcase name="throw_reference" classname="Zend.throw_reference">
    </testcase>
    <testcase name="throwable_001" classname="Zend.throwable_001">
    </testcase>
    <testcase name="throwable_002" classname="Zend.throwable_002">
    </testcase>
    <testcase name="throwable_003" classname="Zend.throwable_003">
    </testcase>
    <testcase name="trait_exists_001" classname="Zend.trait_exists_001">
    </testcase>
    <testcase name="trait_exists_002" classname="Zend.trait_exists_002">
    </testcase>
    <testcase name="trait_exists_003" classname="Zend.trait_exists_003">
    </testcase>
    <testcase name="unexpected_ref_bug" classname="Zend.unexpected_ref_bug">
    </testcase>
    <testcase name="unset_cast_deprecated" classname="Zend.unset_cast_deprecated">
    </testcase>
    <testcase name="unset_cv01" classname="Zend.unset_cv01">
    </testcase>
    <testcase name="unset_cv02" classname="Zend.unset_cv02">
    </testcase>
    <testcase name="unset_cv03" classname="Zend.unset_cv03">
    </testcase>
    <testcase name="unset_cv04" classname="Zend.unset_cv04">
    </testcase>
    <testcase name="unset_cv05" classname="Zend.unset_cv05">
    </testcase>
    <testcase name="unset_cv06" classname="Zend.unset_cv06">
    </testcase>
    <testcase name="unset_cv08" classname="Zend.unset_cv08">
    </testcase>
    <testcase name="unset_cv09" classname="Zend.unset_cv09">
    </testcase>
    <testcase name="unset_cv10" classname="Zend.unset_cv10">
    </testcase>
    <testcase name="unset_cv11" classname="Zend.unset_cv11">
    </testcase>
    <testcase name="unset_cv12" classname="Zend.unset_cv12">
    </testcase>
    <testcase name="unused_shared_static_variables" classname="Zend.unused_shared_static_variables">
    </testcase>
    <testcase name="use_late_binding_conflict" classname="Zend.use_late_binding_conflict">
    </testcase>
    <testcase name="use_no_eval_conflict" classname="Zend.use_no_eval_conflict">
    </testcase>
    <testcase name="use_no_file_conflict" classname="Zend.use_no_file_conflict">
    </testcase>
    <testcase name="variable_with_boolean_name" classname="Zend.variable_with_boolean_name">
    </testcase>
    <testcase name="variable_with_integer_name" classname="Zend.variable_with_integer_name">
    </testcase>
    <testcase name="varvars_by_ref" classname="Zend.varvars_by_ref">
    </testcase>
    <testcase name="vm_stack_with_arg_extend" classname="Zend.vm_stack_with_arg_extend">
    </testcase>
    <testcase name="xor_001" classname="Zend.xor_001">
    </testcase>
    <testcase name="xor_002" classname="Zend.xor_002">
    </testcase>
    <testcase name="xor_003" classname="Zend.xor_003">
    </testcase>
    <testcase name="zend_operators" classname="Zend.zend_operators">
    </testcase>
    <testcase name="zend_signed_multiply-32bit" classname="Zend.zend_signed_multiply-32bit">
      <skipped message="" />
    </testcase>
    <testcase name="zend_signed_multiply-64bit-2" classname="Zend.zend_signed_multiply-64bit-2">
    </testcase>
    <testcase name="zend_signed_multiply-64bit" classname="Zend.zend_signed_multiply-64bit">
    </testcase>
    <testcase name="zend_strtod" classname="Zend.zend_strtod">
    </testcase>
  </testsuite>
  <testsuite name="Zend/anon" tests="14" disabled="0" errors="0" failures="0" skipped="0">
    <testcase name="001" classname="Zend/anon.001">
    </testcase>
    <testcase name="002" classname="Zend/anon.002">
    </testcase>
    <testcase name="003" classname="Zend/anon.003">
    </testcase>
    <testcase name="004" classname="Zend/anon.004">
    </testcase>
    <testcase name="005" classname="Zend/anon.005">
    </testcase>
    <testcase name="006" classname="Zend/anon.006">
    </testcase>
    <testcase name="007" classname="Zend/anon.007">
    </testcase>
    <testcase name="008" classname="Zend/anon.008">
    </testcase>
    <testcase name="009" classname="Zend/anon.009">
    </testcase>
    <testcase name="010" classname="Zend/anon.010">
    </testcase>
    <testcase name="011" classname="Zend/anon.011">
    </testcase>
    <testcase name="012" classname="Zend/anon.012">
    </testcase>
    <testcase name="013" classname="Zend/anon.013">
    </testcase>
    <testcase name="014" classname="Zend/anon.014">
    </testcase>
  </testsuite>
  <testsuite name="Zend/arg_unpack" tests="14" disabled="0" errors="0" failures="0" skipped="0">
    <testcase name="basic" classname="Zend/arg_unpack.basic">
    </testcase>
    <testcase name="by_ref" classname="Zend/arg_unpack.by_ref">
    </testcase>
    <testcase name="by_ref_separation" classname="Zend/arg_unpack.by_ref_separation">
    </testcase>
    <testcase name="dynamic" classname="Zend/arg_unpack.dynamic">
    </testcase>
    <testcase name="internal" classname="Zend/arg_unpack.internal">
    </testcase>
    <testcase name="invalid_type" classname="Zend/arg_unpack.invalid_type">
    </testcase>
    <testcase name="many_args" classname="Zend/arg_unpack.many_args">
    </testcase>
    <testcase name="method" classname="Zend/arg_unpack.method">
    </testcase>
    <testcase name="new" classname="Zend/arg_unpack.new">
    </testcase>
    <testcase name="non_integer_keys" classname="Zend/arg_unpack.non_integer_keys">
    </testcase>
    <testcase name="positional_arg_after_unpack_error" classname="Zend/arg_unpack.positional_arg_after_unpack_error">
    </testcase>
    <testcase name="string_keys" classname="Zend/arg_unpack.string_keys">
    </testcase>
    <testcase name="traversable_throwing_exception" classname="Zend/arg_unpack.traversable_throwing_exception">
    </testcase>
    <testcase name="traversable_with_by_ref_parameters" classname="Zend/arg_unpack.traversable_with_by_ref_parameters">
    </testcase>
  </testsuite>
  <testsuite name="Zend/assert" tests="23" disabled="0" errors="0" failures="0" skipped="0">
    <testcase name="bug70208" classname="Zend/assert.bug70208">
    </testcase>
    <testcase name="bug70528" classname="Zend/assert.bug70528">
    </testcase>
    <testcase name="expect_001" classname="Zend/assert.expect_001">
    </testcase>
    <testcase name="expect_002" classname="Zend/assert.expect_002">
    </testcase>
    <testcase name="expect_003" classname="Zend/assert.expect_003">
    </testcase>
    <testcase name="expect_004" classname="Zend/assert.expect_004">
    </testcase>
    <testcase name="expect_005" classname="Zend/assert.expect_005">
    </testcase>
    <testcase name="expect_006" classname="Zend/assert.expect_006">
    </testcase>
    <testcase name="expect_007" classname="Zend/assert.expect_007">
    </testcase>
    <testcase name="expect_008" classname="Zend/assert.expect_008">
    </testcase>
    <testcase name="expect_009" classname="Zend/assert.expect_009">
    </testcase>
    <testcase name="expect_010" classname="Zend/assert.expect_010">
    </testcase>
    <testcase name="expect_011" classname="Zend/assert.expect_011">
    </testcase>
    <testcase name="expect_012" classname="Zend/assert.expect_012">
    </testcase>
    <testcase name="expect_013" classname="Zend/assert.expect_013">
    </testcase>
    <testcase name="expect_014" classname="Zend/assert.expect_014">
    </testcase>
    <testcase name="expect_015" classname="Zend/assert.expect_015">
    </testcase>
    <testcase name="expect_016" classname="Zend/assert.expect_016">
    </testcase>
    <testcase name="expect_017" classname="Zend/assert.expect_017">
    </testcase>
    <testcase name="expect_018" classname="Zend/assert.expect_018">
    </testcase>
    <testcase name="expect_019" classname="Zend/assert.expect_019">
    </testcase>
    <testcase name="expect_empty_stmt_bug" classname="Zend/assert.expect_empty_stmt_bug">
    </testcase>
    <testcase name="indirect_var_access_misoptimization" classname="Zend/assert.indirect_var_access_misoptimization">
    </testcase>
  </testsuite>
  <testsuite name="Zend/ast" tests="1" disabled="0" errors="0" failures="0" skipped="0">
    <testcase name="zend-pow-assign" classname="Zend/ast.zend-pow-assign">
    </testcase>
  </testsuite>
  <testsuite name="Zend/bug67436" tests="2" disabled="0" errors="0" failures="0" skipped="0">
    <testcase name="bug67436" classname="Zend/bug67436.bug67436">
    </testcase>
    <testcase name="bug67436_nohandler" classname="Zend/bug67436.bug67436_nohandler">
    </testcase>
  </testsuite>
  <testsuite name="Zend/closures" tests="6" disabled="0" errors="0" failures="0" skipped="0">
    <testcase name="closure_from_callable_basic" classname="Zend/closures.closure_from_callable_basic">
    </testcase>
    <testcase name="closure_from_callable_error" classname="Zend/closures.closure_from_callable_error">
    </testcase>
    <testcase name="closure_from_callable_lsb" classname="Zend/closures.closure_from_callable_lsb">
    </testcase>
    <testcase name="closure_from_callable_non_static_statically" classname="Zend/closures.closure_from_callable_non_static_statically">
    </testcase>
    <testcase name="closure_from_callable_rebinding" classname="Zend/closures.closure_from_callable_rebinding">
    </testcase>
    <testcase name="closure_from_callable_reflection" classname="Zend/closures.closure_from_callable_reflection">
    </testcase>
  </testsuite>
  <testsuite name="Zend/constants" tests="4" disabled="0" errors="0" failures="0" skipped="0">
    <testcase name="dir-constant-eval" classname="Zend/constants.dir-constant-eval">
    </testcase>
    <testcase name="dir-constant-includes" classname="Zend/constants.dir-constant-includes">
    </testcase>
    <testcase name="dir-constant-nested_includes" classname="Zend/constants.dir-constant-nested_includes">
    </testcase>
    <testcase name="dir-constant-normal" classname="Zend/constants.dir-constant-normal">
    </testcase>
  </testsuite>
  <testsuite name="Zend/function_arguments" tests="11" disabled="0" errors="0" failures="0" skipped="0">
    <testcase name="argument_count_correct" classname="Zend/function_arguments.argument_count_correct">
    </testcase>
    <testcase name="argument_count_correct_strict" classname="Zend/function_arguments.argument_count_correct_strict">
    </testcase>
    <testcase name="argument_count_incorrect_internal" classname="Zend/function_arguments.argument_count_incorrect_internal">
    </testcase>
    <testcase name="argument_count_incorrect_internal_strict" classname="Zend/function_arguments.argument_count_incorrect_internal_strict">
    </testcase>
    <testcase name="argument_count_incorrect_userland" classname="Zend/function_arguments.argument_count_incorrect_userland">
    </testcase>
    <testcase name="argument_count_incorrect_userland_strict" classname="Zend/function_arguments.argument_count_incorrect_userland_strict">
    </testcase>
    <testcase name="call_with_leading_comma_error" classname="Zend/function_arguments.call_with_leading_comma_error">
    </testcase>
    <testcase name="call_with_multi_inner_comma_error" classname="Zend/function_arguments.call_with_multi_inner_comma_error">
    </testcase>
    <testcase name="call_with_multi_trailing_comma_error" classname="Zend/function_arguments.call_with_multi_trailing_comma_error">
    </testcase>
    <testcase name="call_with_only_comma_error" classname="Zend/function_arguments.call_with_only_comma_error">
    </testcase>
    <testcase name="call_with_trailing_comma_basic" classname="Zend/function_arguments.call_with_trailing_comma_basic">
    </testcase>
  </testsuite>
  <testsuite name="Zend/generators" tests="99" disabled="0" errors="0" failures="0" skipped="0">
    <testcase name="aborted_yield_during_nested_fcalls" classname="Zend/generators.aborted_yield_during_nested_fcalls">
    </testcase>
    <testcase name="aborted_yield_during_new" classname="Zend/generators.aborted_yield_during_new">
    </testcase>
    <testcase name="aborted_yield_during_switch" classname="Zend/generators.aborted_yield_during_switch">
    </testcase>
    <testcase name="auto_incrementing_keys" classname="Zend/generators.auto_incrementing_keys">
    </testcase>
    <testcase name="backtrace" classname="Zend/generators.backtrace">
    </testcase>
    <testcase name="basic_yield_from_exception_handling" classname="Zend/generators.basic_yield_from_exception_handling">
    </testcase>
    <testcase name="basic_yield_from_proxying" classname="Zend/generators.basic_yield_from_proxying">
    </testcase>
    <testcase name="bug63066" classname="Zend/generators.bug63066">
    </testcase>
    <testcase name="bug65035" classname="Zend/generators.bug65035">
    </testcase>
    <testcase name="bug65161" classname="Zend/generators.bug65161">
    </testcase>
    <testcase name="bug66041" classname="Zend/generators.bug66041">
    </testcase>
    <testcase name="bug67497" classname="Zend/generators.bug67497">
    </testcase>
    <testcase name="bug69419" classname="Zend/generators.bug69419">
    </testcase>
    <testcase name="bug70904" classname="Zend/generators.bug70904">
    </testcase>
    <testcase name="bug70965" classname="Zend/generators.bug70965">
    </testcase>
    <testcase name="bug71013" classname="Zend/generators.bug71013">
    </testcase>
    <testcase name="bug71297" classname="Zend/generators.bug71297">
    </testcase>
    <testcase name="bug71441" classname="Zend/generators.bug71441">
    </testcase>
    <testcase name="bug71601" classname="Zend/generators.bug71601">
    </testcase>
    <testcase name="bug72523" classname="Zend/generators.bug72523">
    </testcase>
    <testcase name="bug74157" classname="Zend/generators.bug74157">
    </testcase>
    <testcase name="bug74606" classname="Zend/generators.bug74606">
    </testcase>
    <testcase name="bug74954" classname="Zend/generators.bug74954">
    </testcase>
    <testcase name="bug75396" classname="Zend/generators.bug75396">
    </testcase>
    <testcase name="bug76427" classname="Zend/generators.bug76427">
    </testcase>
    <testcase name="clone" classname="Zend/generators.clone">
    </testcase>
    <testcase name="dangling_send_target" classname="Zend/generators.dangling_send_target">
    </testcase>
    <testcase name="dynamic_call" classname="Zend/generators.dynamic_call">
    </testcase>
    <testcase name="fibonacci" classname="Zend/generators.fibonacci">
    </testcase>
    <testcase name="func_get_args" classname="Zend/generators.func_get_args">
    </testcase>
    <testcase name="gc_with_root_parent_mismatch" classname="Zend/generators.gc_with_root_parent_mismatch">
    </testcase>
    <testcase name="gc_with_yield_from" classname="Zend/generators.gc_with_yield_from">
    </testcase>
    <testcase name="generator_closure" classname="Zend/generators.generator_closure">
    </testcase>
    <testcase name="generator_closure_unused" classname="Zend/generators.generator_closure_unused">
    </testcase>
    <testcase name="generator_closure_with_this" classname="Zend/generators.generator_closure_with_this">
    </testcase>
    <testcase name="generator_in_multipleiterator" classname="Zend/generators.generator_in_multipleiterator">
    </testcase>
    <testcase name="generator_method" classname="Zend/generators.generator_method">
    </testcase>
    <testcase name="generator_method_by_ref" classname="Zend/generators.generator_method_by_ref">
    </testcase>
    <testcase name="generator_return_return_type" classname="Zend/generators.generator_return_return_type">
    </testcase>
    <testcase name="generator_return_without_value" classname="Zend/generators.generator_return_without_value">
    </testcase>
    <testcase name="generator_returns_generator" classname="Zend/generators.generator_returns_generator">
    </testcase>
    <testcase name="generator_rewind" classname="Zend/generators.generator_rewind">
    </testcase>
    <testcase name="generator_send" classname="Zend/generators.generator_send">
    </testcase>
    <testcase name="generator_static_method" classname="Zend/generators.generator_static_method">
    </testcase>
    <testcase name="generator_symtable_leak" classname="Zend/generators.generator_symtable_leak">
    </testcase>
    <testcase name="generator_throwing_during_function_call" classname="Zend/generators.generator_throwing_during_function_call">
    </testcase>
    <testcase name="generator_throwing_exception" classname="Zend/generators.generator_throwing_exception">
    </testcase>
    <testcase name="generator_throwing_in_foreach" classname="Zend/generators.generator_throwing_in_foreach">
    </testcase>
    <testcase name="generator_trampoline" classname="Zend/generators.generator_trampoline">
    </testcase>
    <testcase name="generator_with_arg_unpacking" classname="Zend/generators.generator_with_arg_unpacking">
    </testcase>
    <testcase name="generator_with_keys" classname="Zend/generators.generator_with_keys">
    </testcase>
    <testcase name="generator_with_nonscalar_keys" classname="Zend/generators.generator_with_nonscalar_keys">
    </testcase>
    <testcase name="generator_with_type_check" classname="Zend/generators.generator_with_type_check">
    </testcase>
    <testcase name="generator_with_type_check_2" classname="Zend/generators.generator_with_type_check_2">
    </testcase>
    <testcase name="get_return" classname="Zend/generators.get_return">
    </testcase>
    <testcase name="get_return_and_finally" classname="Zend/generators.get_return_and_finally">
    </testcase>
    <testcase name="get_return_errors" classname="Zend/generators.get_return_errors">
    </testcase>
    <testcase name="get_return_types" classname="Zend/generators.get_return_types">
    </testcase>
    <testcase name="ignored_send_leak" classname="Zend/generators.ignored_send_leak">
    </testcase>
    <testcase name="multiple_yield_from_on_same_generator" classname="Zend/generators.multiple_yield_from_on_same_generator">
    </testcase>
    <testcase name="mutli_yield_from_with_exception" classname="Zend/generators.mutli_yield_from_with_exception">
    </testcase>
    <testcase name="nested_calls_with_die" classname="Zend/generators.nested_calls_with_die">
    </testcase>
    <testcase name="nested_method_calls" classname="Zend/generators.nested_method_calls">
    </testcase>
    <testcase name="no_foreach_var_leaks" classname="Zend/generators.no_foreach_var_leaks">
    </testcase>
    <testcase name="recursive_yield_from" classname="Zend/generators.recursive_yield_from">
    </testcase>
    <testcase name="return_from_by_ref_generator" classname="Zend/generators.return_from_by_ref_generator">
    </testcase>
    <testcase name="send_after_close" classname="Zend/generators.send_after_close">
    </testcase>
    <testcase name="send_returns_current" classname="Zend/generators.send_returns_current">
    </testcase>
    <testcase name="throw_already_closed" classname="Zend/generators.throw_already_closed">
    </testcase>
    <testcase name="throw_caught" classname="Zend/generators.throw_caught">
    </testcase>
    <testcase name="throw_into_yield_from_array" classname="Zend/generators.throw_into_yield_from_array">
    </testcase>
    <testcase name="throw_not_an_exception" classname="Zend/generators.throw_not_an_exception">
    </testcase>
    <testcase name="throw_rethrow" classname="Zend/generators.throw_rethrow">
    </testcase>
    <testcase name="throw_uncaught" classname="Zend/generators.throw_uncaught">
    </testcase>
    <testcase name="unused_return_value" classname="Zend/generators.unused_return_value">
    </testcase>
    <testcase name="xrange" classname="Zend/generators.xrange">
    </testcase>
    <testcase name="yield_array_key" classname="Zend/generators.yield_array_key">
    </testcase>
    <testcase name="yield_array_offset_by_ref" classname="Zend/generators.yield_array_offset_by_ref">
    </testcase>
    <testcase name="yield_by_reference" classname="Zend/generators.yield_by_reference">
    </testcase>
    <testcase name="yield_closure" classname="Zend/generators.yield_closure">
    </testcase>
    <testcase name="yield_during_function_call" classname="Zend/generators.yield_during_function_call">
    </testcase>
    <testcase name="yield_during_method_call" classname="Zend/generators.yield_during_method_call">
    </testcase>
    <testcase name="yield_from_already_running" classname="Zend/generators.yield_from_already_running">
    </testcase>
    <testcase name="yield_from_array" classname="Zend/generators.yield_from_array">
    </testcase>
    <testcase name="yield_from_backtrace" classname="Zend/generators.yield_from_backtrace">
    </testcase>
    <testcase name="yield_from_by_reference" classname="Zend/generators.yield_from_by_reference">
    </testcase>
    <testcase name="yield_from_deep_recursion" classname="Zend/generators.yield_from_deep_recursion">
    </testcase>
    <testcase name="yield_from_force_closed" classname="Zend/generators.yield_from_force_closed">
    </testcase>
    <testcase name="yield_from_greedy_parse" classname="Zend/generators.yield_from_greedy_parse">
    </testcase>
    <testcase name="yield_from_iterator" classname="Zend/generators.yield_from_iterator">
    </testcase>
    <testcase name="yield_from_iterator_agregate" classname="Zend/generators.yield_from_iterator_agregate">
    </testcase>
    <testcase name="yield_from_multi_tree" classname="Zend/generators.yield_from_multi_tree">
    </testcase>
    <testcase name="yield_from_multi_tree_exception" classname="Zend/generators.yield_from_multi_tree_exception">
    </testcase>
    <testcase name="yield_in_finally" classname="Zend/generators.yield_in_finally">
    </testcase>
    <testcase name="yield_in_parenthesis" classname="Zend/generators.yield_in_parenthesis">
    </testcase>
    <testcase name="yield_precedence" classname="Zend/generators.yield_precedence">
    </testcase>
    <testcase name="yield_ref_function_call_by_reference" classname="Zend/generators.yield_ref_function_call_by_reference">
    </testcase>
    <testcase name="yield_unary_precedence" classname="Zend/generators.yield_unary_precedence">
    </testcase>
    <testcase name="yield_without_value" classname="Zend/generators.yield_without_value">
    </testcase>
  </testsuite>
  <testsuite name="Zend/generators/errors" tests="10" disabled="0" errors="0" failures="0" skipped="0">
    <testcase name="count_error" classname="Zend/generators/errors.count_error">
    </testcase>
    <testcase name="generator_extend_error" classname="Zend/generators/errors.generator_extend_error">
    </testcase>
    <testcase name="generator_instantiate_error" classname="Zend/generators/errors.generator_instantiate_error">
    </testcase>
    <testcase name="non_ref_generator_iterated_by_ref_error" classname="Zend/generators/errors.non_ref_generator_iterated_by_ref_error">
    </testcase>
    <testcase name="resume_running_generator_error" classname="Zend/generators/errors.resume_running_generator_error">
    </testcase>
    <testcase name="serialize_unserialize_error" classname="Zend/generators/errors.serialize_unserialize_error">
    </testcase>
    <testcase name="yield_const_by_ref_error" classname="Zend/generators/errors.yield_const_by_ref_error">
    </testcase>
    <testcase name="yield_in_force_closed_finally_error" classname="Zend/generators/errors.yield_in_force_closed_finally_error">
    </testcase>
    <testcase name="yield_non_ref_function_call_by_ref_error" classname="Zend/generators/errors.yield_non_ref_function_call_by_ref_error">
    </testcase>
    <testcase name="yield_outside_function_error" classname="Zend/generators/errors.yield_outside_function_error">
    </testcase>
  </testsuite>
  <testsuite name="Zend/generators/finally" tests="8" disabled="0" errors="0" failures="0" skipped="0">
    <testcase name="finally_ran_on_close" classname="Zend/generators/finally.finally_ran_on_close">
    </testcase>
    <testcase name="return_return" classname="Zend/generators/finally.return_return">
    </testcase>
    <testcase name="return_yield" classname="Zend/generators/finally.return_yield">
    </testcase>
    <testcase name="run_on_dtor" classname="Zend/generators/finally.run_on_dtor">
    </testcase>
    <testcase name="throw_yield" classname="Zend/generators/finally.throw_yield">
    </testcase>
    <testcase name="yield_return" classname="Zend/generators/finally.yield_return">
    </testcase>
    <testcase name="yield_throw" classname="Zend/generators/finally.yield_throw">
    </testcase>
    <testcase name="yield_yield" classname="Zend/generators/finally.yield_yield">
    </testcase>
  </testsuite>
  <testsuite name="Zend/grammar" tests="23" disabled="0" errors="0" failures="0" skipped="0">
    <testcase name="regression_001" classname="Zend/grammar.regression_001">
    </testcase>
    <testcase name="regression_002" classname="Zend/grammar.regression_002">
    </testcase>
    <testcase name="regression_003" classname="Zend/grammar.regression_003">
    </testcase>
    <testcase name="regression_004" classname="Zend/grammar.regression_004">
    </testcase>
    <testcase name="regression_005" classname="Zend/grammar.regression_005">
    </testcase>
    <testcase name="regression_006" classname="Zend/grammar.regression_006">
    </testcase>
    <testcase name="regression_007" classname="Zend/grammar.regression_007">
    </testcase>
    <testcase name="regression_008" classname="Zend/grammar.regression_008">
    </testcase>
    <testcase name="regression_009" classname="Zend/grammar.regression_009">
    </testcase>
    <testcase name="regression_010" classname="Zend/grammar.regression_010">
    </testcase>
    <testcase name="regression_011" classname="Zend/grammar.regression_011">
    </testcase>
    <testcase name="regression_012" classname="Zend/grammar.regression_012">
    </testcase>
    <testcase name="regression_013" classname="Zend/grammar.regression_013">
    </testcase>
    <testcase name="semi_reserved_001" classname="Zend/grammar.semi_reserved_001">
    </testcase>
    <testcase name="semi_reserved_002" classname="Zend/grammar.semi_reserved_002">
    </testcase>
    <testcase name="semi_reserved_003" classname="Zend/grammar.semi_reserved_003">
    </testcase>
    <testcase name="semi_reserved_004" classname="Zend/grammar.semi_reserved_004">
    </testcase>
    <testcase name="semi_reserved_005" classname="Zend/grammar.semi_reserved_005">
    </testcase>
    <testcase name="semi_reserved_006" classname="Zend/grammar.semi_reserved_006">
    </testcase>
    <testcase name="semi_reserved_007" classname="Zend/grammar.semi_reserved_007">
    </testcase>
    <testcase name="semi_reserved_008" classname="Zend/grammar.semi_reserved_008">
    </testcase>
    <testcase name="semi_reserved_009" classname="Zend/grammar.semi_reserved_009">
    </testcase>
    <testcase name="semi_reserved_010" classname="Zend/grammar.semi_reserved_010">
    </testcase>
  </testsuite>
  <testsuite name="Zend/list" tests="11" disabled="0" errors="0" failures="0" skipped="0">
    <testcase name="list_reference_001" classname="Zend/list.list_reference_001">
    </testcase>
    <testcase name="list_reference_002" classname="Zend/list.list_reference_002">
    </testcase>
    <testcase name="list_reference_003" classname="Zend/list.list_reference_003">
    </testcase>
    <testcase name="list_reference_004" classname="Zend/list.list_reference_004">
    </testcase>
    <testcase name="list_reference_005" classname="Zend/list.list_reference_005">
    </testcase>
    <testcase name="list_reference_006" classname="Zend/list.list_reference_006">
    </testcase>
    <testcase name="list_reference_007" classname="Zend/list.list_reference_007">
    </testcase>
    <testcase name="list_reference_008" classname="Zend/list.list_reference_008">
    </testcase>
    <testcase name="list_reference_009" classname="Zend/list.list_reference_009">
    </testcase>
    <testcase name="list_reference_010" classname="Zend/list.list_reference_010">
    </testcase>
    <testcase name="list_reference_011" classname="Zend/list.list_reference_011">
    </testcase>
  </testsuite>
  <testsuite name="Zend/multibyte" tests="7" disabled="0" errors="0" failures="0" skipped="1">
    <testcase name="bug68665" classname="Zend/multibyte.bug68665">
    </testcase>
    <testcase name="multibyte_encoding_001" classname="Zend/multibyte.multibyte_encoding_001">
    </testcase>
    <testcase name="multibyte_encoding_002" classname="Zend/multibyte.multibyte_encoding_002">
    </testcase>
    <testcase name="multibyte_encoding_003" classname="Zend/multibyte.multibyte_encoding_003">
    </testcase>
    <testcase name="multibyte_encoding_004" classname="Zend/multibyte.multibyte_encoding_004">
    </testcase>
    <testcase name="multibyte_encoding_005" classname="Zend/multibyte.multibyte_encoding_005">
    </testcase>
    <testcase name="multibyte_encoding_006" classname="Zend/multibyte.multibyte_encoding_006">
      <skipped message="" />
    </testcase>
  </testsuite>
  <testsuite name="Zend/nullable_types" tests="10" disabled="0" errors="0" failures="0" skipped="0">
    <testcase name="array" classname="Zend/nullable_types.array">
    </testcase>
    <testcase name="contravariant_nullable_param_succeeds" classname="Zend/nullable_types.contravariant_nullable_param_succeeds">
    </testcase>
    <testcase name="contravariant_nullable_return_fails" classname="Zend/nullable_types.contravariant_nullable_return_fails">
    </testcase>
    <testcase name="covariant_nullable_param_fails" classname="Zend/nullable_types.covariant_nullable_param_fails">
    </testcase>
    <testcase name="covariant_nullable_return_succeds" classname="Zend/nullable_types.covariant_nullable_return_succeds">
    </testcase>
    <testcase name="float" classname="Zend/nullable_types.float">
    </testcase>
    <testcase name="int" classname="Zend/nullable_types.int">
    </testcase>
    <testcase name="invariant_param_and_return_succeeds" classname="Zend/nullable_types.invariant_param_and_return_succeeds">
    </testcase>
    <testcase name="nullable_type_parameters_do_not_have_default_value" classname="Zend/nullable_types.nullable_type_parameters_do_not_have_default_value">
    </testcase>
    <testcase name="string" classname="Zend/nullable_types.string">
    </testcase>
  </testsuite>
  <testsuite name="Zend/object_types" tests="11" disabled="0" errors="0" failures="0" skipped="0">
    <testcase name="invalid_default_value" classname="Zend/object_types.invalid_default_value">
    </testcase>
    <testcase name="missing_return_type_inheritance_in_class" classname="Zend/object_types.missing_return_type_inheritance_in_class">
    </testcase>
    <testcase name="missing_return_type_inheritance_in_interface" classname="Zend/object_types.missing_return_type_inheritance_in_interface">
    </testcase>
    <testcase name="return_type_in_class" classname="Zend/object_types.return_type_in_class">
    </testcase>
    <testcase name="return_type_in_function" classname="Zend/object_types.return_type_in_function">
    </testcase>
    <testcase name="return_type_inheritance_in_class" classname="Zend/object_types.return_type_inheritance_in_class">
    </testcase>
    <testcase name="return_type_inheritance_in_interface" classname="Zend/object_types.return_type_inheritance_in_interface">
    </testcase>
    <testcase name="return_type_reflection" classname="Zend/object_types.return_type_reflection">
    </testcase>
    <testcase name="type_hint_in_class_method" classname="Zend/object_types.type_hint_in_class_method">
    </testcase>
    <testcase name="type_hint_in_function" classname="Zend/object_types.type_hint_in_function">
    </testcase>
    <testcase name="type_hint_reflection" classname="Zend/object_types.type_hint_reflection">
    </testcase>
  </testsuite>
  <testsuite name="Zend/return_types" tests="62" disabled="0" errors="0" failures="0" skipped="3">
    <testcase name="001" classname="Zend/return_types.001">
    </testcase>
    <testcase name="002" classname="Zend/return_types.002">
    </testcase>
    <testcase name="003" classname="Zend/return_types.003">
    </testcase>
    <testcase name="004" classname="Zend/return_types.004">
    </testcase>
    <testcase name="005" classname="Zend/return_types.005">
    </testcase>
    <testcase name="006" classname="Zend/return_types.006">
    </testcase>
    <testcase name="007" classname="Zend/return_types.007">
    </testcase>
    <testcase name="008" classname="Zend/return_types.008">
    </testcase>
    <testcase name="009" classname="Zend/return_types.009">
    </testcase>
    <testcase name="010" classname="Zend/return_types.010">
    </testcase>
    <testcase name="011" classname="Zend/return_types.011">
    </testcase>
    <testcase name="012" classname="Zend/return_types.012">
    </testcase>
    <testcase name="013" classname="Zend/return_types.013">
    </testcase>
    <testcase name="014" classname="Zend/return_types.014">
    </testcase>
    <testcase name="015" classname="Zend/return_types.015">
    </testcase>
    <testcase name="016" classname="Zend/return_types.016">
    </testcase>
    <testcase name="017" classname="Zend/return_types.017">
    </testcase>
    <testcase name="018" classname="Zend/return_types.018">
    </testcase>
    <testcase name="019" classname="Zend/return_types.019">
    </testcase>
    <testcase name="020" classname="Zend/return_types.020">
    </testcase>
    <testcase name="021" classname="Zend/return_types.021">
    </testcase>
    <testcase name="022" classname="Zend/return_types.022">
    </testcase>
    <testcase name="023" classname="Zend/return_types.023">
    </testcase>
    <testcase name="024" classname="Zend/return_types.024">
    </testcase>
    <testcase name="025" classname="Zend/return_types.025">
    </testcase>
    <testcase name="026" classname="Zend/return_types.026">
    </testcase>
    <testcase name="027" classname="Zend/return_types.027">
    </testcase>
    <testcase name="028" classname="Zend/return_types.028">
    </testcase>
    <testcase name="029" classname="Zend/return_types.029">
    </testcase>
    <testcase name="030" classname="Zend/return_types.030">
    </testcase>
    <testcase name="031" classname="Zend/return_types.031">
    </testcase>
    <testcase name="032" classname="Zend/return_types.032">
    </testcase>
    <testcase name="bug70557" classname="Zend/return_types.bug70557">
    </testcase>
    <testcase name="bug71092" classname="Zend/return_types.bug71092">
    </testcase>
    <testcase name="bug71978" classname="Zend/return_types.bug71978">
    </testcase>
    <testcase name="generators001" classname="Zend/return_types.generators001">
    </testcase>
    <testcase name="generators002" classname="Zend/return_types.generators002">
    </testcase>
    <testcase name="generators003" classname="Zend/return_types.generators003">
    </testcase>
    <testcase name="generators004" classname="Zend/return_types.generators004">
    </testcase>
    <testcase name="generators005" classname="Zend/return_types.generators005">
    </testcase>
    <testcase name="inheritance001" classname="Zend/return_types.inheritance001">
    </testcase>
    <testcase name="inheritance002" classname="Zend/return_types.inheritance002">
    </testcase>
    <testcase name="inheritance003" classname="Zend/return_types.inheritance003">
    </testcase>
    <testcase name="inheritance004" classname="Zend/return_types.inheritance004">
    </testcase>
    <testcase name="inheritance005" classname="Zend/return_types.inheritance005">
    </testcase>
    <testcase name="inheritance006" classname="Zend/return_types.inheritance006">
    </testcase>
    <testcase name="inheritance007" classname="Zend/return_types.inheritance007">
    </testcase>
    <testcase name="inheritance008" classname="Zend/return_types.inheritance008">
    </testcase>
    <testcase name="inheritance009" classname="Zend/return_types.inheritance009">
    </testcase>
    <testcase name="internal_functions001" classname="Zend/return_types.internal_functions001">
      <skipped message="" />
    </testcase>
    <testcase name="internal_functions002" classname="Zend/return_types.internal_functions002">
      <skipped message="" />
    </testcase>
    <testcase name="internal_functions003" classname="Zend/return_types.internal_functions003">
      <skipped message="" />
    </testcase>
    <testcase name="reflection001" classname="Zend/return_types.reflection001">
    </testcase>
    <testcase name="return_reference_separation" classname="Zend/return_types.return_reference_separation">
    </testcase>
    <testcase name="rfc001" classname="Zend/return_types.rfc001">
    </testcase>
    <testcase name="rfc002" classname="Zend/return_types.rfc002">
    </testcase>
    <testcase name="rfc003" classname="Zend/return_types.rfc003">
    </testcase>
    <testcase name="rfc004" classname="Zend/return_types.rfc004">
    </testcase>
    <testcase name="void_allowed" classname="Zend/return_types.void_allowed">
    </testcase>
    <testcase name="void_disallowed1" classname="Zend/return_types.void_disallowed1">
    </testcase>
    <testcase name="void_disallowed2" classname="Zend/return_types.void_disallowed2">
    </testcase>
    <testcase name="void_parameter" classname="Zend/return_types.void_parameter">
    </testcase>
  </testsuite>
  <testsuite name="Zend/traits" tests="120" disabled="0" errors="0" failures="0" skipped="1">
    <testcase name="bug54441" classname="Zend/traits.bug54441">
    </testcase>
    <testcase name="bug55137" classname="Zend/traits.bug55137">
    </testcase>
    <testcase name="bug55214" classname="Zend/traits.bug55214">
    </testcase>
    <testcase name="bug55355" classname="Zend/traits.bug55355">
    </testcase>
    <testcase name="bug55372" classname="Zend/traits.bug55372">
    </testcase>
    <testcase name="bug55424" classname="Zend/traits.bug55424">
    </testcase>
    <testcase name="bug55524" classname="Zend/traits.bug55524">
    </testcase>
    <testcase name="bug55554a" classname="Zend/traits.bug55554a">
    </testcase>
    <testcase name="bug55554b" classname="Zend/traits.bug55554b">
    </testcase>
    <testcase name="bug55554c" classname="Zend/traits.bug55554c">
    </testcase>
    <testcase name="bug55554d" classname="Zend/traits.bug55554d">
    </testcase>
    <testcase name="bug55554e" classname="Zend/traits.bug55554e">
    </testcase>
    <testcase name="bug55554f" classname="Zend/traits.bug55554f">
    </testcase>
    <testcase name="bug55554g" classname="Zend/traits.bug55554g">
    </testcase>
    <testcase name="bug60145" classname="Zend/traits.bug60145">
    </testcase>
    <testcase name="bug60153" classname="Zend/traits.bug60153">
    </testcase>
    <testcase name="bug60165a" classname="Zend/traits.bug60165a">
    </testcase>
    <testcase name="bug60165b" classname="Zend/traits.bug60165b">
    </testcase>
    <testcase name="bug60165c" classname="Zend/traits.bug60165c">
    </testcase>
    <testcase name="bug60165d" classname="Zend/traits.bug60165d">
    </testcase>
    <testcase name="bug60173" classname="Zend/traits.bug60173">
    </testcase>
    <testcase name="bug60217a" classname="Zend/traits.bug60217a">
    </testcase>
    <testcase name="bug60217b" classname="Zend/traits.bug60217b">
    </testcase>
    <testcase name="bug60217c" classname="Zend/traits.bug60217c">
    </testcase>
    <testcase name="bug60369" classname="Zend/traits.bug60369">
    </testcase>
    <testcase name="bug60717" classname="Zend/traits.bug60717">
    </testcase>
    <testcase name="bug60809" classname="Zend/traits.bug60809">
    </testcase>
    <testcase name="bug61052" classname="Zend/traits.bug61052">
    </testcase>
    <testcase name="bug61998" classname="Zend/traits.bug61998">
    </testcase>
    <testcase name="bug63911" classname="Zend/traits.bug63911">
    </testcase>
    <testcase name="bug64070" classname="Zend/traits.bug64070">
    </testcase>
    <testcase name="bug64235" classname="Zend/traits.bug64235">
    </testcase>
    <testcase name="bug64235b" classname="Zend/traits.bug64235b">
    </testcase>
    <testcase name="bug65576a" classname="Zend/traits.bug65576a">
    </testcase>
    <testcase name="bug65576b" classname="Zend/traits.bug65576b">
    </testcase>
    <testcase name="bug69579" classname="Zend/traits.bug69579">
      <skipped message="" />
    </testcase>
    <testcase name="bug74607" classname="Zend/traits.bug74607">
    </testcase>
    <testcase name="bug74607a" classname="Zend/traits.bug74607a">
    </testcase>
    <testcase name="bug74922" classname="Zend/traits.bug74922">
    </testcase>
    <testcase name="bug74922a" classname="Zend/traits.bug74922a">
    </testcase>
    <testcase name="bug74922b" classname="Zend/traits.bug74922b">
    </testcase>
    <testcase name="bug74922c" classname="Zend/traits.bug74922c">
    </testcase>
    <testcase name="bug75607" classname="Zend/traits.bug75607">
    </testcase>
    <testcase name="bug75607a" classname="Zend/traits.bug75607a">
    </testcase>
    <testcase name="bug76539" classname="Zend/traits.bug76539">
    </testcase>
    <testcase name="bug76700" classname="Zend/traits.bug76700">
    </testcase>
    <testcase name="bug76773" classname="Zend/traits.bug76773">
    </testcase>
    <testcase name="conflict001" classname="Zend/traits.conflict001">
    </testcase>
    <testcase name="conflict002" classname="Zend/traits.conflict002">
    </testcase>
    <testcase name="conflict003" classname="Zend/traits.conflict003">
    </testcase>
    <testcase name="error_001" classname="Zend/traits.error_001">
    </testcase>
    <testcase name="error_002" classname="Zend/traits.error_002">
    </testcase>
    <testcase name="error_003" classname="Zend/traits.error_003">
    </testcase>
    <testcase name="error_004" classname="Zend/traits.error_004">
    </testcase>
    <testcase name="error_005" classname="Zend/traits.error_005">
    </testcase>
    <testcase name="error_006" classname="Zend/traits.error_006">
    </testcase>
    <testcase name="error_007" classname="Zend/traits.error_007">
    </testcase>
    <testcase name="error_008" classname="Zend/traits.error_008">
    </testcase>
    <testcase name="error_009" classname="Zend/traits.error_009">
    </testcase>
    <testcase name="error_010" classname="Zend/traits.error_010">
    </testcase>
    <testcase name="error_011" classname="Zend/traits.error_011">
    </testcase>
    <testcase name="error_012" classname="Zend/traits.error_012">
    </testcase>
    <testcase name="error_013" classname="Zend/traits.error_013">
    </testcase>
    <testcase name="error_014" classname="Zend/traits.error_014">
    </testcase>
    <testcase name="error_015" classname="Zend/traits.error_015">
    </testcase>
    <testcase name="error_016" classname="Zend/traits.error_016">
    </testcase>
    <testcase name="flattening001" classname="Zend/traits.flattening001">
    </testcase>
    <testcase name="flattening002" classname="Zend/traits.flattening002">
    </testcase>
    <testcase name="flattening003" classname="Zend/traits.flattening003">
    </testcase>
    <testcase name="get_declared_traits_001" classname="Zend/traits.get_declared_traits_001">
    </testcase>
    <testcase name="get_declared_traits_002" classname="Zend/traits.get_declared_traits_002">
    </testcase>
    <testcase name="get_declared_traits_003" classname="Zend/traits.get_declared_traits_003">
    </testcase>
    <testcase name="inheritance001" classname="Zend/traits.inheritance001">
    </testcase>
    <testcase name="inheritance002" classname="Zend/traits.inheritance002">
    </testcase>
    <testcase name="inheritance003" classname="Zend/traits.inheritance003">
    </testcase>
    <testcase name="interface_001" classname="Zend/traits.interface_001">
    </testcase>
    <testcase name="interface_002" classname="Zend/traits.interface_002">
    </testcase>
    <testcase name="interface_003" classname="Zend/traits.interface_003">
    </testcase>
    <testcase name="language001" classname="Zend/traits.language001">
    </testcase>
    <testcase name="language002" classname="Zend/traits.language002">
    </testcase>
    <testcase name="language003" classname="Zend/traits.language003">
    </testcase>
    <testcase name="language004" classname="Zend/traits.language004">
    </testcase>
    <testcase name="language005" classname="Zend/traits.language005">
    </testcase>
    <testcase name="language006" classname="Zend/traits.language006">
    </testcase>
    <testcase name="language007" classname="Zend/traits.language007">
    </testcase>
    <testcase name="language008a" classname="Zend/traits.language008a">
    </testcase>
    <testcase name="language008b" classname="Zend/traits.language008b">
    </testcase>
    <testcase name="language009" classname="Zend/traits.language009">
    </testcase>
    <testcase name="language010" classname="Zend/traits.language010">
    </testcase>
    <testcase name="language011" classname="Zend/traits.language011">
    </testcase>
    <testcase name="language012" classname="Zend/traits.language012">
    </testcase>
    <testcase name="language013" classname="Zend/traits.language013">
    </testcase>
    <testcase name="language014" classname="Zend/traits.language014">
    </testcase>
    <testcase name="language015" classname="Zend/traits.language015">
    </testcase>
    <testcase name="language016" classname="Zend/traits.language016">
    </testcase>
    <testcase name="language017" classname="Zend/traits.language017">
    </testcase>
    <testcase name="language018" classname="Zend/traits.language018">
    </testcase>
    <testcase name="language019" classname="Zend/traits.language019">
    </testcase>
    <testcase name="methods_001" classname="Zend/traits.methods_001">
    </testcase>
    <testcase name="methods_002" classname="Zend/traits.methods_002">
    </testcase>
    <testcase name="methods_003" classname="Zend/traits.methods_003">
    </testcase>
    <testcase name="no_static_arg_binding" classname="Zend/traits.no_static_arg_binding">
    </testcase>
    <testcase name="noctor001" classname="Zend/traits.noctor001">
    </testcase>
    <testcase name="property001" classname="Zend/traits.property001">
    </testcase>
    <testcase name="property002" classname="Zend/traits.property002">
    </testcase>
    <testcase name="property003" classname="Zend/traits.property003">
    </testcase>
    <testcase name="property004" classname="Zend/traits.property004">
    </testcase>
    <testcase name="property005" classname="Zend/traits.property005">
    </testcase>
    <testcase name="property006" classname="Zend/traits.property006">
    </testcase>
    <testcase name="property007" classname="Zend/traits.property007">
    </testcase>
    <testcase name="property008" classname="Zend/traits.property008">
    </testcase>
    <testcase name="property009" classname="Zend/traits.property009">
    </testcase>
    <testcase name="static_001" classname="Zend/traits.static_001">
    </testcase>
    <testcase name="static_002" classname="Zend/traits.static_002">
    </testcase>
    <testcase name="static_003" classname="Zend/traits.static_003">
    </testcase>
    <testcase name="static_004" classname="Zend/traits.static_004">
    </testcase>
    <testcase name="static_forward_static_call" classname="Zend/traits.static_forward_static_call">
    </testcase>
    <testcase name="static_get_called_class" classname="Zend/traits.static_get_called_class">
    </testcase>
    <testcase name="trait_constant_001" classname="Zend/traits.trait_constant_001">
    </testcase>
    <testcase name="trait_constant_002" classname="Zend/traits.trait_constant_002">
    </testcase>
  </testsuite>
  <testsuite name="Zend/traits/bugs" tests="14" disabled="0" errors="0" failures="0" skipped="0">
    <testcase name="abstract-methods01" classname="Zend/traits/bugs.abstract-methods01">
    </testcase>
    <testcase name="abstract-methods02" classname="Zend/traits/bugs.abstract-methods02">
    </testcase>
    <testcase name="abstract-methods03" classname="Zend/traits/bugs.abstract-methods03">
    </testcase>
    <testcase name="abstract-methods04" classname="Zend/traits/bugs.abstract-methods04">
    </testcase>
    <testcase name="abstract-methods05" classname="Zend/traits/bugs.abstract-methods05">
    </testcase>
    <testcase name="abstract-methods06" classname="Zend/traits/bugs.abstract-methods06">
    </testcase>
    <testcase name="alias-semantics" classname="Zend/traits/bugs.alias-semantics">
    </testcase>
    <testcase name="alias-semantics02" classname="Zend/traits/bugs.alias-semantics02">
    </testcase>
    <testcase name="alias01" classname="Zend/traits/bugs.alias01">
    </testcase>
    <testcase name="case-sensitive" classname="Zend/traits/bugs.case-sensitive">
    </testcase>
    <testcase name="interfaces" classname="Zend/traits/bugs.interfaces">
    </testcase>
    <testcase name="missing-trait" classname="Zend/traits/bugs.missing-trait">
    </testcase>
    <testcase name="overridding-conflicting-methods" classname="Zend/traits/bugs.overridding-conflicting-methods">
    </testcase>
    <testcase name="overridding-conflicting-property-initializer" classname="Zend/traits/bugs.overridding-conflicting-property-initializer">
    </testcase>
  </testsuite>
  <testsuite name="Zend/try" tests="70" disabled="0" errors="0" failures="0" skipped="0">
    <testcase name="bug70228" classname="Zend/try.bug70228">
    </testcase>
    <testcase name="bug70228_2" classname="Zend/try.bug70228_2">
    </testcase>
    <testcase name="bug70228_3" classname="Zend/try.bug70228_3">
    </testcase>
    <testcase name="bug70228_4" classname="Zend/try.bug70228_4">
    </testcase>
    <testcase name="bug70228_5" classname="Zend/try.bug70228_5">
    </testcase>
    <testcase name="bug70228_6" classname="Zend/try.bug70228_6">
    </testcase>
    <testcase name="bug70228_7" classname="Zend/try.bug70228_7">
    </testcase>
    <testcase name="bug70228_8" classname="Zend/try.bug70228_8">
    </testcase>
    <testcase name="bug71604" classname="Zend/try.bug71604">
    </testcase>
    <testcase name="bug71604_2" classname="Zend/try.bug71604_2">
    </testcase>
    <testcase name="bug71604_3" classname="Zend/try.bug71604_3">
    </testcase>
    <testcase name="bug72213" classname="Zend/try.bug72213">
    </testcase>
    <testcase name="bug72213_2" classname="Zend/try.bug72213_2">
    </testcase>
    <testcase name="bug72629" classname="Zend/try.bug72629">
    </testcase>
    <testcase name="bug74444" classname="Zend/try.bug74444">
    </testcase>
    <testcase name="catch_002" classname="Zend/try.catch_002">
    </testcase>
    <testcase name="catch_003" classname="Zend/try.catch_003">
    </testcase>
    <testcase name="catch_004" classname="Zend/try.catch_004">
    </testcase>
    <testcase name="catch_finally_001" classname="Zend/try.catch_finally_001">
    </testcase>
    <testcase name="catch_finally_002" classname="Zend/try.catch_finally_002">
    </testcase>
    <testcase name="catch_finally_003" classname="Zend/try.catch_finally_003">
    </testcase>
    <testcase name="catch_finally_004" classname="Zend/try.catch_finally_004">
    </testcase>
    <testcase name="catch_finally_005" classname="Zend/try.catch_finally_005">
    </testcase>
    <testcase name="catch_finally_006" classname="Zend/try.catch_finally_006">
    </testcase>
    <testcase name="finally_goto_001" classname="Zend/try.finally_goto_001">
    </testcase>
    <testcase name="finally_goto_002" classname="Zend/try.finally_goto_002">
    </testcase>
    <testcase name="finally_goto_003" classname="Zend/try.finally_goto_003">
    </testcase>
    <testcase name="finally_goto_004" classname="Zend/try.finally_goto_004">
    </testcase>
    <testcase name="finally_goto_005" classname="Zend/try.finally_goto_005">
    </testcase>
    <testcase name="try_catch_finally_001" classname="Zend/try.try_catch_finally_001">
    </testcase>
    <testcase name="try_catch_finally_002" classname="Zend/try.try_catch_finally_002">
    </testcase>
    <testcase name="try_catch_finally_003" classname="Zend/try.try_catch_finally_003">
    </testcase>
    <testcase name="try_catch_finally_004" classname="Zend/try.try_catch_finally_004">
    </testcase>
    <testcase name="try_catch_finally_005" classname="Zend/try.try_catch_finally_005">
    </testcase>
    <testcase name="try_catch_finally_006" classname="Zend/try.try_catch_finally_006">
    </testcase>
    <testcase name="try_catch_finally_007" classname="Zend/try.try_catch_finally_007">
    </testcase>
    <testcase name="try_finally_001" classname="Zend/try.try_finally_001">
    </testcase>
    <testcase name="try_finally_002" classname="Zend/try.try_finally_002">
    </testcase>
    <testcase name="try_finally_003" classname="Zend/try.try_finally_003">
    </testcase>
    <testcase name="try_finally_004" classname="Zend/try.try_finally_004">
    </testcase>
    <testcase name="try_finally_005" classname="Zend/try.try_finally_005">
    </testcase>
    <testcase name="try_finally_006" classname="Zend/try.try_finally_006">
    </testcase>
    <testcase name="try_finally_007" classname="Zend/try.try_finally_007">
    </testcase>
    <testcase name="try_finally_008" classname="Zend/try.try_finally_008">
    </testcase>
    <testcase name="try_finally_009" classname="Zend/try.try_finally_009">
    </testcase>
    <testcase name="try_finally_010" classname="Zend/try.try_finally_010">
    </testcase>
    <testcase name="try_finally_011" classname="Zend/try.try_finally_011">
    </testcase>
    <testcase name="try_finally_012" classname="Zend/try.try_finally_012">
    </testcase>
    <testcase name="try_finally_013" classname="Zend/try.try_finally_013">
    </testcase>
    <testcase name="try_finally_014" classname="Zend/try.try_finally_014">
    </testcase>
    <testcase name="try_finally_015" classname="Zend/try.try_finally_015">
    </testcase>
    <testcase name="try_finally_016" classname="Zend/try.try_finally_016">
    </testcase>
    <testcase name="try_finally_017" classname="Zend/try.try_finally_017">
    </testcase>
    <testcase name="try_finally_018" classname="Zend/try.try_finally_018">
    </testcase>
    <testcase name="try_finally_019" classname="Zend/try.try_finally_019">
    </testcase>
    <testcase name="try_finally_020" classname="Zend/try.try_finally_020">
    </testcase>
    <testcase name="try_finally_021" classname="Zend/try.try_finally_021">
    </testcase>
    <testcase name="try_finally_022" classname="Zend/try.try_finally_022">
    </testcase>
    <testcase name="try_finally_023" classname="Zend/try.try_finally_023">
    </testcase>
    <testcase name="try_finally_024" classname="Zend/try.try_finally_024">
    </testcase>
    <testcase name="try_finally_025" classname="Zend/try.try_finally_025">
    </testcase>
    <testcase name="try_finally_026" classname="Zend/try.try_finally_026">
    </testcase>
    <testcase name="try_finally_027" classname="Zend/try.try_finally_027">
    </testcase>
    <testcase name="try_multicatch_001" classname="Zend/try.try_multicatch_001">
    </testcase>
    <testcase name="try_multicatch_002" classname="Zend/try.try_multicatch_002">
    </testcase>
    <testcase name="try_multicatch_003" classname="Zend/try.try_multicatch_003">
    </testcase>
    <testcase name="try_multicatch_004" classname="Zend/try.try_multicatch_004">
    </testcase>
    <testcase name="try_multicatch_005" classname="Zend/try.try_multicatch_005">
    </testcase>
    <testcase name="try_multicatch_006" classname="Zend/try.try_multicatch_006">
    </testcase>
    <testcase name="try_multicatch_007" classname="Zend/try.try_multicatch_007">
    </testcase>
  </testsuite>
  <testsuite name="Zend/type_declarations" tests="66" disabled="0" errors="0" failures="0" skipped="2">
    <testcase name="add_return_type" classname="Zend/type_declarations.add_return_type">
    </testcase>
    <testcase name="array_001" classname="Zend/type_declarations.array_001">
    </testcase>
    <testcase name="callable_001" classname="Zend/type_declarations.callable_001">
    </testcase>
    <testcase name="callable_002" classname="Zend/type_declarations.callable_002">
    </testcase>
    <testcase name="callable_003" classname="Zend/type_declarations.callable_003">
    </testcase>
    <testcase name="closure_with_variadic" classname="Zend/type_declarations.closure_with_variadic">
    </testcase>
    <testcase name="default_boolean_hint_values" classname="Zend/type_declarations.default_boolean_hint_values">
    </testcase>
    <testcase name="explicit_weak_include_strict" classname="Zend/type_declarations.explicit_weak_include_strict">
    </testcase>
    <testcase name="inexistent_class_hint_with_scalar_arg" classname="Zend/type_declarations.inexistent_class_hint_with_scalar_arg">
    </testcase>
    <testcase name="internal_function_strict_mode" classname="Zend/type_declarations.internal_function_strict_mode">
    </testcase>
    <testcase name="iterable_001" classname="Zend/type_declarations.iterable_001">
    </testcase>
    <testcase name="iterable_002" classname="Zend/type_declarations.iterable_002">
    </testcase>
    <testcase name="iterable_003" classname="Zend/type_declarations.iterable_003">
    </testcase>
    <testcase name="iterable_004" classname="Zend/type_declarations.iterable_004">
    </testcase>
    <testcase name="iterable_005" classname="Zend/type_declarations.iterable_005">
    </testcase>
    <testcase name="nullable_null" classname="Zend/type_declarations.nullable_null">
    </testcase>
    <testcase name="nullable_typed_return_without_value" classname="Zend/type_declarations.nullable_typed_return_without_value">
    </testcase>
    <testcase name="nullable_void" classname="Zend/type_declarations.nullable_void">
    </testcase>
    <testcase name="parameter_type_variance" classname="Zend/type_declarations.parameter_type_variance">
    </testcase>
    <testcase name="return_separation" classname="Zend/type_declarations.return_separation">
    </testcase>
    <testcase name="scalar_basic" classname="Zend/type_declarations.scalar_basic">
    </testcase>
    <testcase name="scalar_constant_defaults" classname="Zend/type_declarations.scalar_constant_defaults">
    </testcase>
    <testcase name="scalar_constant_defaults_error" classname="Zend/type_declarations.scalar_constant_defaults_error">
    </testcase>
    <testcase name="scalar_float_with_integer_default_strict" classname="Zend/type_declarations.scalar_float_with_integer_default_strict">
    </testcase>
    <testcase name="scalar_float_with_integer_default_weak" classname="Zend/type_declarations.scalar_float_with_integer_default_weak">
    </testcase>
    <testcase name="scalar_float_with_invalid_default" classname="Zend/type_declarations.scalar_float_with_invalid_default">
    </testcase>
    <testcase name="scalar_none" classname="Zend/type_declarations.scalar_none">
    </testcase>
    <testcase name="scalar_null" classname="Zend/type_declarations.scalar_null">
    </testcase>
    <testcase name="scalar_relative_typehint_disallowed" classname="Zend/type_declarations.scalar_relative_typehint_disallowed">
    </testcase>
    <testcase name="scalar_reserved2" classname="Zend/type_declarations.scalar_reserved2">
    </testcase>
    <testcase name="scalar_reserved2_class_alias" classname="Zend/type_declarations.scalar_reserved2_class_alias">
    </testcase>
    <testcase name="scalar_reserved2_use" classname="Zend/type_declarations.scalar_reserved2_use">
    </testcase>
    <testcase name="scalar_reserved3" classname="Zend/type_declarations.scalar_reserved3">
    </testcase>
    <testcase name="scalar_reserved3_class_alias" classname="Zend/type_declarations.scalar_reserved3_class_alias">
    </testcase>
    <testcase name="scalar_reserved3_use" classname="Zend/type_declarations.scalar_reserved3_use">
    </testcase>
    <testcase name="scalar_reserved4" classname="Zend/type_declarations.scalar_reserved4">
    </testcase>
    <testcase name="scalar_reserved4_class_alias" classname="Zend/type_declarations.scalar_reserved4_class_alias">
    </testcase>
    <testcase name="scalar_reserved4_use" classname="Zend/type_declarations.scalar_reserved4_use">
    </testcase>
    <testcase name="scalar_reserved6" classname="Zend/type_declarations.scalar_reserved6">
    </testcase>
    <testcase name="scalar_reserved6_class_alias" classname="Zend/type_declarations.scalar_reserved6_class_alias">
    </testcase>
    <testcase name="scalar_reserved6_use" classname="Zend/type_declarations.scalar_reserved6_use">
    </testcase>
    <testcase name="scalar_reserved7" classname="Zend/type_declarations.scalar_reserved7">
    </testcase>
    <testcase name="scalar_return_basic" classname="Zend/type_declarations.scalar_return_basic">
      <skipped message="" />
    </testcase>
    <testcase name="scalar_return_basic_64bit" classname="Zend/type_declarations.scalar_return_basic_64bit">
    </testcase>
    <testcase name="scalar_strict" classname="Zend/type_declarations.scalar_strict">
      <skipped message="" />
    </testcase>
    <testcase name="scalar_strict_64bit" classname="Zend/type_declarations.scalar_strict_64bit">
    </testcase>
    <testcase name="scalar_strict_basic" classname="Zend/type_declarations.scalar_strict_basic">
    </testcase>
    <testcase name="scalar_strict_declaration_placement_001" classname="Zend/type_declarations.scalar_strict_declaration_placement_001">
    </testcase>
    <testcase name="scalar_strict_declaration_placement_002" classname="Zend/type_declarations.scalar_strict_declaration_placement_002">
    </testcase>
    <testcase name="scalar_strict_declaration_placement_003" classname="Zend/type_declarations.scalar_strict_declaration_placement_003">
    </testcase>
    <testcase name="scalar_strict_declaration_placement_004" classname="Zend/type_declarations.scalar_strict_declaration_placement_004">
    </testcase>
    <testcase name="scalar_strict_declaration_placement_005" classname="Zend/type_declarations.scalar_strict_declaration_placement_005">
    </testcase>
    <testcase name="scalar_strict_declaration_placement_006" classname="Zend/type_declarations.scalar_strict_declaration_placement_006">
    </testcase>
    <testcase name="scalar_strict_declaration_placement_007" classname="Zend/type_declarations.scalar_strict_declaration_placement_007">
    </testcase>
    <testcase name="scalar_strict_declaration_placement_008" classname="Zend/type_declarations.scalar_strict_declaration_placement_008">
    </testcase>
    <testcase name="scalar_weak_reference" classname="Zend/type_declarations.scalar_weak_reference">
    </testcase>
    <testcase name="self_on_closure_in_method" classname="Zend/type_declarations.self_on_closure_in_method">
    </testcase>
    <testcase name="strict_call_weak" classname="Zend/type_declarations.strict_call_weak">
    </testcase>
    <testcase name="strict_call_weak_explicit" classname="Zend/type_declarations.strict_call_weak_explicit">
    </testcase>
    <testcase name="strict_include_explicit_weak" classname="Zend/type_declarations.strict_include_explicit_weak">
    </testcase>
    <testcase name="strict_include_weak" classname="Zend/type_declarations.strict_include_weak">
    </testcase>
    <testcase name="strict_nested" classname="Zend/type_declarations.strict_nested">
    </testcase>
    <testcase name="typed_return_without_value" classname="Zend/type_declarations.typed_return_without_value">
    </testcase>
    <testcase name="weak_call_strict" classname="Zend/type_declarations.weak_call_strict">
    </testcase>
    <testcase name="weak_explicit_call_strict" classname="Zend/type_declarations.weak_explicit_call_strict">
    </testcase>
    <testcase name="weak_include_strict" classname="Zend/type_declarations.weak_include_strict">
    </testcase>
  </testsuite>
  <testsuite name="Zend/typehints" tests="5" disabled="0" errors="0" failures="0" skipped="0">
    <testcase name="bug76198" classname="Zend/typehints.bug76198">
    </testcase>
    <testcase name="fq_nullable" classname="Zend/typehints.fq_nullable">
    </testcase>
    <testcase name="fully_qualified_scalar" classname="Zend/typehints.fully_qualified_scalar">
    </testcase>
    <testcase name="namespace_relative_scalar" classname="Zend/typehints.namespace_relative_scalar">
    </testcase>
    <testcase name="or_null" classname="Zend/typehints.or_null">
    </testcase>
  </testsuite>
  <testsuite name="Zend/use_const" tests="11" disabled="0" errors="0" failures="0" skipped="0">
    <testcase name="alias" classname="Zend/use_const.alias">
    </testcase>
    <testcase name="basic" classname="Zend/use_const.basic">
    </testcase>
    <testcase name="case_sensivity" classname="Zend/use_const.case_sensivity">
    </testcase>
    <testcase name="conflicting_use" classname="Zend/use_const.conflicting_use">
    </testcase>
    <testcase name="conflicting_use_alias" classname="Zend/use_const.conflicting_use_alias">
    </testcase>
    <testcase name="define_imported" classname="Zend/use_const.define_imported">
    </testcase>
    <testcase name="define_imported_before" classname="Zend/use_const.define_imported_before">
    </testcase>
    <testcase name="no_global_fallback" classname="Zend/use_const.no_global_fallback">
    </testcase>
    <testcase name="self_parent" classname="Zend/use_const.self_parent">
    </testcase>
    <testcase name="shadow_core" classname="Zend/use_const.shadow_core">
    </testcase>
    <testcase name="shadow_global" classname="Zend/use_const.shadow_global">
    </testcase>
  </testsuite>
  <testsuite name="Zend/use_function" tests="16" disabled="0" errors="0" failures="0" skipped="0">
    <testcase name="alias" classname="Zend/use_function.alias">
    </testcase>
    <testcase name="basic" classname="Zend/use_function.basic">
    </testcase>
    <testcase name="case_insensivity" classname="Zend/use_function.case_insensivity">
    </testcase>
    <testcase name="conditional_function_declaration" classname="Zend/use_function.conditional_function_declaration">
    </testcase>
    <testcase name="conflicting_use" classname="Zend/use_function.conflicting_use">
    </testcase>
    <testcase name="conflicting_use_alias" classname="Zend/use_function.conflicting_use_alias">
    </testcase>
    <testcase name="conflicting_use_const_alias" classname="Zend/use_function.conflicting_use_const_alias">
    </testcase>
    <testcase name="define_imported" classname="Zend/use_function.define_imported">
    </testcase>
    <testcase name="define_imported_before" classname="Zend/use_function.define_imported_before">
    </testcase>
    <testcase name="ignore_constants" classname="Zend/use_function.ignore_constants">
    </testcase>
    <testcase name="no_conflict_with_classes" classname="Zend/use_function.no_conflict_with_classes">
    </testcase>
    <testcase name="no_global_fallback" classname="Zend/use_function.no_global_fallback">
    </testcase>
    <testcase name="no_global_fallback2" classname="Zend/use_function.no_global_fallback2">
    </testcase>
    <testcase name="self_parent" classname="Zend/use_function.self_parent">
    </testcase>
    <testcase name="shadow_core" classname="Zend/use_function.shadow_core">
    </testcase>
    <testcase name="shadow_global" classname="Zend/use_function.shadow_global">
    </testcase>
  </testsuite>
  <testsuite name="Zend/varSyntax" tests="15" disabled="0" errors="0" failures="0" skipped="0">
    <testcase name="constClassMemberAccess" classname="Zend/varSyntax.constClassMemberAccess">
    </testcase>
    <testcase name="globalNonSimpleVariableError" classname="Zend/varSyntax.globalNonSimpleVariableError">
    </testcase>
    <testcase name="indirectFcall" classname="Zend/varSyntax.indirectFcall">
    </testcase>
    <testcase name="issetOnTemp" classname="Zend/varSyntax.issetOnTemp">
    </testcase>
    <testcase name="method_call_on_string_literal" classname="Zend/varSyntax.method_call_on_string_literal">
    </testcase>
    <testcase name="newVariable" classname="Zend/varSyntax.newVariable">
    </testcase>
    <testcase name="parenthesesDeref" classname="Zend/varSyntax.parenthesesDeref">
    </testcase>
    <testcase name="propertyOfStringError" classname="Zend/varSyntax.propertyOfStringError">
    </testcase>
    <testcase name="staticMember" classname="Zend/varSyntax.staticMember">
    </testcase>
    <testcase name="static_prop_on_expr_class" classname="Zend/varSyntax.static_prop_on_expr_class">
    </testcase>
    <testcase name="static_prop_on_expr_class_with_backslash" classname="Zend/varSyntax.static_prop_on_expr_class_with_backslash">
    </testcase>
    <testcase name="static_prop_on_int_expr_class" classname="Zend/varSyntax.static_prop_on_int_expr_class">
    </testcase>
    <testcase name="tempDimFetchByRefError" classname="Zend/varSyntax.tempDimFetchByRefError">
    </testcase>
    <testcase name="tempPropFetchByRefError" classname="Zend/varSyntax.tempPropFetchByRefError">
    </testcase>
    <testcase name="writeToTempExpr" classname="Zend/varSyntax.writeToTempExpr">
    </testcase>
  </testsuite>
  <testsuite name="Zend/variadic" tests="16" disabled="0" errors="0" failures="0" skipped="0">
    <testcase name="adding_additional_optional_parameter" classname="Zend/variadic.adding_additional_optional_parameter">
    </testcase>
    <testcase name="adding_additional_optional_parameter_error" classname="Zend/variadic.adding_additional_optional_parameter_error">
    </testcase>
    <testcase name="basic" classname="Zend/variadic.basic">
    </testcase>
    <testcase name="by_ref" classname="Zend/variadic.by_ref">
    </testcase>
    <testcase name="by_ref_error" classname="Zend/variadic.by_ref_error">
    </testcase>
    <testcase name="closure_invoke" classname="Zend/variadic.closure_invoke">
    </testcase>
    <testcase name="no_default_error" classname="Zend/variadic.no_default_error">
    </testcase>
    <testcase name="non_variadic_implements_variadic_error" classname="Zend/variadic.non_variadic_implements_variadic_error">
    </testcase>
    <testcase name="only_last_error" classname="Zend/variadic.only_last_error">
    </testcase>
    <testcase name="optional_params" classname="Zend/variadic.optional_params">
    </testcase>
    <testcase name="removing_parameter_error" classname="Zend/variadic.removing_parameter_error">
    </testcase>
    <testcase name="typehint_error" classname="Zend/variadic.typehint_error">
    </testcase>
    <testcase name="typehint_suppressed_error" classname="Zend/variadic.typehint_suppressed_error">
    </testcase>
    <testcase name="variadic_changed_byref_error" classname="Zend/variadic.variadic_changed_byref_error">
    </testcase>
    <testcase name="variadic_changed_typehint_error" classname="Zend/variadic.variadic_changed_typehint_error">
    </testcase>
    <testcase name="variadic_implements_non_variadic" classname="Zend/variadic.variadic_implements_non_variadic">
    </testcase>
  </testsuite>
  <testsuite name="ext/bcmath" tests="43" disabled="0" errors="0" failures="0" skipped="0">
    <testcase name="bcadd" classname="ext/bcmath.bcadd">
    </testcase>
    <testcase name="bcadd_error1" classname="ext/bcmath.bcadd_error1">
    </testcase>
    <testcase name="bcadd_variation001" classname="ext/bcmath.bcadd_variation001">
    </testcase>
    <testcase name="bccomp" classname="ext/bcmath.bccomp">
    </testcase>
    <testcase name="bccomp_variation001" classname="ext/bcmath.bccomp_variation001">
    </testcase>
    <testcase name="bccomp_variation002" classname="ext/bcmath.bccomp_variation002">
    </testcase>
    <testcase name="bcdiv" classname="ext/bcmath.bcdiv">
    </testcase>
    <testcase name="bcdiv_error1" classname="ext/bcmath.bcdiv_error1">
    </testcase>
    <testcase name="bcdiv_error2" classname="ext/bcmath.bcdiv_error2">
    </testcase>
    <testcase name="bcmod" classname="ext/bcmath.bcmod">
    </testcase>
    <testcase name="bcmod_error1" classname="ext/bcmath.bcmod_error1">
    </testcase>
    <testcase name="bcmod_error2" classname="ext/bcmath.bcmod_error2">
    </testcase>
    <testcase name="bcmul" classname="ext/bcmath.bcmul">
    </testcase>
    <testcase name="bcmul_error1" classname="ext/bcmath.bcmul_error1">
    </testcase>
    <testcase name="bcpow" classname="ext/bcmath.bcpow">
    </testcase>
    <testcase name="bcpow_error1" classname="ext/bcmath.bcpow_error1">
    </testcase>
    <testcase name="bcpow_error2" classname="ext/bcmath.bcpow_error2">
    </testcase>
    <testcase name="bcpow_error3" classname="ext/bcmath.bcpow_error3">
    </testcase>
    <testcase name="bcpow_variation001" classname="ext/bcmath.bcpow_variation001">
    </testcase>
    <testcase name="bcpowmod" classname="ext/bcmath.bcpowmod">
    </testcase>
    <testcase name="bcpowmod_error1" classname="ext/bcmath.bcpowmod_error1">
    </testcase>
    <testcase name="bcpowmod_error2" classname="ext/bcmath.bcpowmod_error2">
    </testcase>
    <testcase name="bcpowmod_error3" classname="ext/bcmath.bcpowmod_error3">
    </testcase>
    <testcase name="bcpowmod_error4" classname="ext/bcmath.bcpowmod_error4">
    </testcase>
    <testcase name="bcscale" classname="ext/bcmath.bcscale">
    </testcase>
    <testcase name="bcscale_variation001" classname="ext/bcmath.bcscale_variation001">
    </testcase>
    <testcase name="bcscale_variation002" classname="ext/bcmath.bcscale_variation002">
    </testcase>
    <testcase name="bcscale_variation003" classname="ext/bcmath.bcscale_variation003">
    </testcase>
    <testcase name="bcsqrt" classname="ext/bcmath.bcsqrt">
    </testcase>
    <testcase name="bcsqrt_error1" classname="ext/bcmath.bcsqrt_error1">
    </testcase>
    <testcase name="bcsqrt_error2" classname="ext/bcmath.bcsqrt_error2">
    </testcase>
    <testcase name="bcsqrt_variation001" classname="ext/bcmath.bcsqrt_variation001">
    </testcase>
    <testcase name="bcsub" classname="ext/bcmath.bcsub">
    </testcase>
    <testcase name="bcsub_error1" classname="ext/bcmath.bcsub_error1">
    </testcase>
    <testcase name="bug-66364" classname="ext/bcmath.bug-66364">
    </testcase>
    <testcase name="bug44995" classname="ext/bcmath.bug44995">
    </testcase>
    <testcase name="bug46781" classname="ext/bcmath.bug46781">
    </testcase>
    <testcase name="bug54598" classname="ext/bcmath.bug54598">
    </testcase>
    <testcase name="bug60377" classname="ext/bcmath.bug60377">
    </testcase>
    <testcase name="bug72093" classname="ext/bcmath.bug72093">
    </testcase>
    <testcase name="bug75178" classname="ext/bcmath.bug75178">
    </testcase>
    <testcase name="scale" classname="ext/bcmath.scale">
    </testcase>
    <testcase name="scale_ini" classname="ext/bcmath.scale_ini">
    </testcase>
  </testsuite>
  <testsuite name="ext/bz2" tests="13" disabled="0" errors="0" failures="0" skipped="0">
    <testcase name="001" classname="ext/bz2.001">
    </testcase>
    <testcase name="002" classname="ext/bz2.002">
    </testcase>
    <testcase name="003-mb" classname="ext/bz2.003-mb">
    </testcase>
    <testcase name="003" classname="ext/bz2.003">
    </testcase>
    <testcase name="004" classname="ext/bz2.004">
    </testcase>
    <testcase name="005" classname="ext/bz2.005">
    </testcase>
    <testcase name="bug51997" classname="ext/bz2.bug51997">
    </testcase>
    <testcase name="bug72447" classname="ext/bz2.bug72447">
    </testcase>
    <testcase name="bug72613" classname="ext/bz2.bug72613">
    </testcase>
    <testcase name="bz2_filter_compress" classname="ext/bz2.bz2_filter_compress">
    </testcase>
    <testcase name="bz2_filter_decompress" classname="ext/bz2.bz2_filter_decompress">
    </testcase>
    <testcase name="with_files" classname="ext/bz2.with_files">
    </testcase>
    <testcase name="with_strings" classname="ext/bz2.with_strings">
    </testcase>
  </testsuite>
  <testsuite name="ext/calendar" tests="38" disabled="0" errors="0" failures="1" skipped="3">
    <testcase name="bug52744" classname="ext/calendar.bug52744">
    </testcase>
    <testcase name="bug53574_1" classname="ext/calendar.bug53574_1">
      <skipped message="" />
    </testcase>
    <testcase name="bug53574_2" classname="ext/calendar.bug53574_2">
    </testcase>
    <testcase name="bug54254" classname="ext/calendar.bug54254">
    </testcase>
    <testcase name="bug55797_1" classname="ext/calendar.bug55797_1">
      <skipped message="" />
    </testcase>
    <testcase name="bug55797_2" classname="ext/calendar.bug55797_2">
    </testcase>
    <testcase name="bug67976" classname="ext/calendar.bug67976">
    </testcase>
    <testcase name="bug71894" classname="ext/calendar.bug71894">
    </testcase>
    <testcase name="cal_days_in_month" classname="ext/calendar.cal_days_in_month">
    </testcase>
    <testcase name="cal_days_in_month_error1" classname="ext/calendar.cal_days_in_month_error1">
    </testcase>
    <testcase name="cal_from_jd" classname="ext/calendar.cal_from_jd">
    </testcase>
    <testcase name="cal_from_jd_error1" classname="ext/calendar.cal_from_jd_error1">
    </testcase>
    <testcase name="cal_info" classname="ext/calendar.cal_info">
    </testcase>
    <testcase name="cal_to_jd" classname="ext/calendar.cal_to_jd">
    </testcase>
    <testcase name="cal_to_jd_error1" classname="ext/calendar.cal_to_jd_error1">
    </testcase>
    <testcase name="easter_date" classname="ext/calendar.easter_date">
    </testcase>
    <testcase name="easter_days" classname="ext/calendar.easter_days">
    </testcase>
    <testcase name="frenchtojd" classname="ext/calendar.frenchtojd">
    </testcase>
    <testcase name="gregoriantojd" classname="ext/calendar.gregoriantojd">
    </testcase>
    <testcase name="gregoriantojd_overflow" classname="ext/calendar.gregoriantojd_overflow">
    </testcase>
    <testcase name="jddayofweek" classname="ext/calendar.jddayofweek">
    </testcase>
    <testcase name="jdmonthname" classname="ext/calendar.jdmonthname">
    </testcase>
    <testcase name="jdtofrench" classname="ext/calendar.jdtofrench">
    </testcase>
    <testcase name="jdtogregorian" classname="ext/calendar.jdtogregorian">
    </testcase>
    <testcase name="jdtogregorian_overflow" classname="ext/calendar.jdtogregorian_overflow">
      <skipped message="" />
    </testcase>
    <testcase name="jdtojewish" classname="ext/calendar.jdtojewish">
    </testcase>
    <testcase name="jdtojewish64" classname="ext/calendar.jdtojewish64">
    </testcase>
    <testcase name="jdtojewish_hebrew" classname="ext/calendar.jdtojewish_hebrew">
    </testcase>
    <testcase name="jdtojewish_overflow" classname="ext/calendar.jdtojewish_overflow">
    </testcase>
    <testcase name="jdtojulian" classname="ext/calendar.jdtojulian">
    </testcase>
    <testcase name="jdtomonthname" classname="ext/calendar.jdtomonthname">
    </testcase>
    <testcase name="jdtounix" classname="ext/calendar.jdtounix">
    </testcase>
    <testcase name="jdtounix_error1" classname="ext/calendar.jdtounix_error1">
    </testcase>
    <testcase name="jewishtojd" classname="ext/calendar.jewishtojd">
    </testcase>
    <testcase name="juliantojd" classname="ext/calendar.juliantojd">
    </testcase>
    <testcase name="juliantojd_overflow" classname="ext/calendar.juliantojd_overflow">
    </testcase>
    <testcase name="unixtojd" classname="ext/calendar.unixtojd">
    </testcase>
    <testcase name="unixtojd_error1" classname="ext/calendar.unixtojd_error1">
      <failure message="" />
    </testcase>
  </testsuite>
  <testsuite name="ext/ctype" tests="70" disabled="0" errors="0" failures="0" skipped="0">
    <testcase name="001" classname="ext/ctype.001">
    </testcase>
    <testcase name="002" classname="ext/ctype.002">
    </testcase>
    <testcase name="bug25745" classname="ext/ctype.bug25745">
    </testcase>
    <testcase name="bug34645" classname="ext/ctype.bug34645">
    </testcase>
    <testcase name="ctype_alnum_basic" classname="ext/ctype.ctype_alnum_basic">
    </testcase>
    <testcase name="ctype_alnum_error" classname="ext/ctype.ctype_alnum_error">
    </testcase>
    <testcase name="ctype_alnum_variation1" classname="ext/ctype.ctype_alnum_variation1">
    </testcase>
    <testcase name="ctype_alnum_variation2" classname="ext/ctype.ctype_alnum_variation2">
    </testcase>
    <testcase name="ctype_alnum_variation3" classname="ext/ctype.ctype_alnum_variation3">
    </testcase>
    <testcase name="ctype_alnum_variation4" classname="ext/ctype.ctype_alnum_variation4">
    </testcase>
    <testcase name="ctype_alpha_basic" classname="ext/ctype.ctype_alpha_basic">
    </testcase>
    <testcase name="ctype_alpha_error" classname="ext/ctype.ctype_alpha_error">
    </testcase>
    <testcase name="ctype_alpha_variation1" classname="ext/ctype.ctype_alpha_variation1">
    </testcase>
    <testcase name="ctype_alpha_variation2" classname="ext/ctype.ctype_alpha_variation2">
    </testcase>
    <testcase name="ctype_alpha_variation3" classname="ext/ctype.ctype_alpha_variation3">
    </testcase>
    <testcase name="ctype_alpha_variation4" classname="ext/ctype.ctype_alpha_variation4">
    </testcase>
    <testcase name="ctype_cntrl_basic" classname="ext/ctype.ctype_cntrl_basic">
    </testcase>
    <testcase name="ctype_cntrl_error" classname="ext/ctype.ctype_cntrl_error">
    </testcase>
    <testcase name="ctype_cntrl_variation1" classname="ext/ctype.ctype_cntrl_variation1">
    </testcase>
    <testcase name="ctype_cntrl_variation2" classname="ext/ctype.ctype_cntrl_variation2">
    </testcase>
    <testcase name="ctype_cntrl_variation3" classname="ext/ctype.ctype_cntrl_variation3">
    </testcase>
    <testcase name="ctype_cntrl_variation4" classname="ext/ctype.ctype_cntrl_variation4">
    </testcase>
    <testcase name="ctype_digit_basic" classname="ext/ctype.ctype_digit_basic">
    </testcase>
    <testcase name="ctype_digit_error" classname="ext/ctype.ctype_digit_error">
    </testcase>
    <testcase name="ctype_digit_variation1" classname="ext/ctype.ctype_digit_variation1">
    </testcase>
    <testcase name="ctype_digit_variation2" classname="ext/ctype.ctype_digit_variation2">
    </testcase>
    <testcase name="ctype_digit_variation3" classname="ext/ctype.ctype_digit_variation3">
    </testcase>
    <testcase name="ctype_digit_variation4" classname="ext/ctype.ctype_digit_variation4">
    </testcase>
    <testcase name="ctype_graph_basic" classname="ext/ctype.ctype_graph_basic">
    </testcase>
    <testcase name="ctype_graph_error" classname="ext/ctype.ctype_graph_error">
    </testcase>
    <testcase name="ctype_graph_variation1" classname="ext/ctype.ctype_graph_variation1">
    </testcase>
    <testcase name="ctype_graph_variation2" classname="ext/ctype.ctype_graph_variation2">
    </testcase>
    <testcase name="ctype_graph_variation3" classname="ext/ctype.ctype_graph_variation3">
    </testcase>
    <testcase name="ctype_graph_variation4" classname="ext/ctype.ctype_graph_variation4">
    </testcase>
    <testcase name="ctype_lower_basic" classname="ext/ctype.ctype_lower_basic">
    </testcase>
    <testcase name="ctype_lower_error" classname="ext/ctype.ctype_lower_error">
    </testcase>
    <testcase name="ctype_lower_variation1" classname="ext/ctype.ctype_lower_variation1">
    </testcase>
    <testcase name="ctype_lower_variation2" classname="ext/ctype.ctype_lower_variation2">
    </testcase>
    <testcase name="ctype_lower_variation3" classname="ext/ctype.ctype_lower_variation3">
    </testcase>
    <testcase name="ctype_lower_variation4" classname="ext/ctype.ctype_lower_variation4">
    </testcase>
    <testcase name="ctype_print_basic" classname="ext/ctype.ctype_print_basic">
    </testcase>
    <testcase name="ctype_print_error" classname="ext/ctype.ctype_print_error">
    </testcase>
    <testcase name="ctype_print_variation1" classname="ext/ctype.ctype_print_variation1">
    </testcase>
    <testcase name="ctype_print_variation2" classname="ext/ctype.ctype_print_variation2">
    </testcase>
    <testcase name="ctype_print_variation3" classname="ext/ctype.ctype_print_variation3">
    </testcase>
    <testcase name="ctype_print_variation4" classname="ext/ctype.ctype_print_variation4">
    </testcase>
    <testcase name="ctype_punct_basic" classname="ext/ctype.ctype_punct_basic">
    </testcase>
    <testcase name="ctype_punct_error" classname="ext/ctype.ctype_punct_error">
    </testcase>
    <testcase name="ctype_punct_variation1" classname="ext/ctype.ctype_punct_variation1">
    </testcase>
    <testcase name="ctype_punct_variation2" classname="ext/ctype.ctype_punct_variation2">
    </testcase>
    <testcase name="ctype_punct_variation3" classname="ext/ctype.ctype_punct_variation3">
    </testcase>
    <testcase name="ctype_punct_variation4" classname="ext/ctype.ctype_punct_variation4">
    </testcase>
    <testcase name="ctype_space_basic" classname="ext/ctype.ctype_space_basic">
    </testcase>
    <testcase name="ctype_space_error" classname="ext/ctype.ctype_space_error">
    </testcase>
    <testcase name="ctype_space_variation1" classname="ext/ctype.ctype_space_variation1">
    </testcase>
    <testcase name="ctype_space_variation2" classname="ext/ctype.ctype_space_variation2">
    </testcase>
    <testcase name="ctype_space_variation3" classname="ext/ctype.ctype_space_variation3">
    </testcase>
    <testcase name="ctype_space_variation4" classname="ext/ctype.ctype_space_variation4">
    </testcase>
    <testcase name="ctype_upper_basic" classname="ext/ctype.ctype_upper_basic">
    </testcase>
    <testcase name="ctype_upper_error" classname="ext/ctype.ctype_upper_error">
    </testcase>
    <testcase name="ctype_upper_variation1" classname="ext/ctype.ctype_upper_variation1">
    </testcase>
    <testcase name="ctype_upper_variation2" classname="ext/ctype.ctype_upper_variation2">
    </testcase>
    <testcase name="ctype_upper_variation3" classname="ext/ctype.ctype_upper_variation3">
    </testcase>
    <testcase name="ctype_upper_variation4" classname="ext/ctype.ctype_upper_variation4">
    </testcase>
    <testcase name="ctype_xdigit_basic" classname="ext/ctype.ctype_xdigit_basic">
    </testcase>
    <testcase name="ctype_xdigit_error" classname="ext/ctype.ctype_xdigit_error">
    </testcase>
    <testcase name="ctype_xdigit_variation1" classname="ext/ctype.ctype_xdigit_variation1">
    </testcase>
    <testcase name="ctype_xdigit_variation2" classname="ext/ctype.ctype_xdigit_variation2">
    </testcase>
    <testcase name="ctype_xdigit_variation3" classname="ext/ctype.ctype_xdigit_variation3">
    </testcase>
    <testcase name="ctype_xdigit_variation4" classname="ext/ctype.ctype_xdigit_variation4">
    </testcase>
  </testsuite>
  <testsuite name="ext/date" tests="658" disabled="0" errors="0" failures="21" skipped="37">
    <testcase name="002" classname="ext/date.002">
    </testcase>
    <testcase name="003" classname="ext/date.003">
    </testcase>
    <testcase name="004" classname="ext/date.004">
    </testcase>
    <testcase name="005" classname="ext/date.005">
    </testcase>
    <testcase name="006" classname="ext/date.006">
    </testcase>
    <testcase name="007" classname="ext/date.007">
    </testcase>
    <testcase name="008" classname="ext/date.008">
    </testcase>
    <testcase name="009" classname="ext/date.009">
    </testcase>
    <testcase name="009_win32" classname="ext/date.009_win32">
      <skipped message="" />
    </testcase>
    <testcase name="010" classname="ext/date.010">
    </testcase>
    <testcase name="011" classname="ext/date.011">
    </testcase>
    <testcase name="012" classname="ext/date.012">
    </testcase>
    <testcase name="013" classname="ext/date.013">
    </testcase>
    <testcase name="014" classname="ext/date.014">
    </testcase>
    <testcase name="015" classname="ext/date.015">
    </testcase>
    <testcase name="68062" classname="ext/date.68062">
    </testcase>
    <testcase name="DateInterval_days_prop1" classname="ext/date.DateInterval_days_prop1">
    </testcase>
    <testcase name="DateInterval_format" classname="ext/date.DateInterval_format">
    </testcase>
    <testcase name="DateInterval_format_a" classname="ext/date.DateInterval_format_a">
    </testcase>
    <testcase name="DatePeriod_getter" classname="ext/date.DatePeriod_getter">
    </testcase>
    <testcase name="DatePeriod_wrong_constructor" classname="ext/date.DatePeriod_wrong_constructor">
    </testcase>
    <testcase name="DatePeriod_wrong_recurrence_on_constructor" classname="ext/date.DatePeriod_wrong_recurrence_on_constructor">
    </testcase>
    <testcase name="DateTimeImmutable_constants" classname="ext/date.DateTimeImmutable_constants">
    </testcase>
    <testcase name="DateTimeImmutable_createFromMutable" classname="ext/date.DateTimeImmutable_createFromMutable">
    </testcase>
    <testcase name="DateTimeInterface_constants" classname="ext/date.DateTimeInterface_constants">
    </testcase>
    <testcase name="DateTimeZone_clone_basic1" classname="ext/date.DateTimeZone_clone_basic1">
    </testcase>
    <testcase name="DateTimeZone_clone_basic2" classname="ext/date.DateTimeZone_clone_basic2">
    </testcase>
    <testcase name="DateTimeZone_clone_basic3" classname="ext/date.DateTimeZone_clone_basic3">
    </testcase>
    <testcase name="DateTimeZone_clone_basic4" classname="ext/date.DateTimeZone_clone_basic4">
    </testcase>
    <testcase name="DateTimeZone_compare_basic1" classname="ext/date.DateTimeZone_compare_basic1">
    </testcase>
    <testcase name="DateTimeZone_construct_basic" classname="ext/date.DateTimeZone_construct_basic">
    </testcase>
    <testcase name="DateTimeZone_construct_error" classname="ext/date.DateTimeZone_construct_error">
    </testcase>
    <testcase name="DateTimeZone_construct_variation1" classname="ext/date.DateTimeZone_construct_variation1">
    </testcase>
    <testcase name="DateTimeZone_extends_basic1" classname="ext/date.DateTimeZone_extends_basic1">
    </testcase>
    <testcase name="DateTimeZone_getLocation" classname="ext/date.DateTimeZone_getLocation">
    </testcase>
    <testcase name="DateTimeZone_getName_basic1" classname="ext/date.DateTimeZone_getName_basic1">
    </testcase>
    <testcase name="DateTimeZone_getName_error" classname="ext/date.DateTimeZone_getName_error">
    </testcase>
    <testcase name="DateTimeZone_getOffset_basic1" classname="ext/date.DateTimeZone_getOffset_basic1">
    </testcase>
    <testcase name="DateTimeZone_getOffset_error" classname="ext/date.DateTimeZone_getOffset_error">
    </testcase>
    <testcase name="DateTimeZone_getOffset_variation1" classname="ext/date.DateTimeZone_getOffset_variation1">
    </testcase>
    <testcase name="DateTimeZone_getTransitions_basic1" classname="ext/date.DateTimeZone_getTransitions_basic1">
    </testcase>
    <testcase name="DateTimeZone_getTransitions_error" classname="ext/date.DateTimeZone_getTransitions_error">
    </testcase>
    <testcase name="DateTimeZone_listAbbreviations_basic1" classname="ext/date.DateTimeZone_listAbbreviations_basic1">
    </testcase>
    <testcase name="DateTimeZone_listIdentifiers_basic1" classname="ext/date.DateTimeZone_listIdentifiers_basic1">
    </testcase>
    <testcase name="DateTimeZone_serialize_type_1" classname="ext/date.DateTimeZone_serialize_type_1">
    </testcase>
    <testcase name="DateTimeZone_serialize_type_2" classname="ext/date.DateTimeZone_serialize_type_2">
    </testcase>
    <testcase name="DateTimeZone_serialize_type_3" classname="ext/date.DateTimeZone_serialize_type_3">
    </testcase>
    <testcase name="DateTimeZone_verify" classname="ext/date.DateTimeZone_verify">
    </testcase>
    <testcase name="DateTime_add-dates" classname="ext/date.DateTime_add-dates">
    </testcase>
    <testcase name="DateTime_add-fall-type2-type2" classname="ext/date.DateTime_add-fall-type2-type2">
    </testcase>
    <testcase name="DateTime_add-fall-type2-type3" classname="ext/date.DateTime_add-fall-type2-type3">
      <failure message="" />
    </testcase>
    <testcase name="DateTime_add-fall-type3-type2" classname="ext/date.DateTime_add-fall-type3-type2">
      <failure message="" />
    </testcase>
    <testcase name="DateTime_add-fall-type3-type3" classname="ext/date.DateTime_add-fall-type3-type3">
      <failure message="" />
    </testcase>
    <testcase name="DateTime_add-february" classname="ext/date.DateTime_add-february">
    </testcase>
    <testcase name="DateTime_add-massive" classname="ext/date.DateTime_add-massive">
    </testcase>
    <testcase name="DateTime_add-spring-type2-type2" classname="ext/date.DateTime_add-spring-type2-type2">
    </testcase>
    <testcase name="DateTime_add-spring-type2-type3" classname="ext/date.DateTime_add-spring-type2-type3">
      <failure message="" />
    </testcase>
    <testcase name="DateTime_add-spring-type3-type2" classname="ext/date.DateTime_add-spring-type3-type2">
      <failure message="" />
    </testcase>
    <testcase name="DateTime_add-spring-type3-type3" classname="ext/date.DateTime_add-spring-type3-type3">
      <failure message="" />
    </testcase>
    <testcase name="DateTime_clone_basic1" classname="ext/date.DateTime_clone_basic1">
    </testcase>
    <testcase name="DateTime_clone_basic2" classname="ext/date.DateTime_clone_basic2">
    </testcase>
    <testcase name="DateTime_clone_basic3" classname="ext/date.DateTime_clone_basic3">
    </testcase>
    <testcase name="DateTime_clone_basic4" classname="ext/date.DateTime_clone_basic4">
    </testcase>
    <testcase name="DateTime_compare_basic1" classname="ext/date.DateTime_compare_basic1">
    </testcase>
    <testcase name="DateTime_constants" classname="ext/date.DateTime_constants">
    </testcase>
    <testcase name="DateTime_construct-dst-overlap" classname="ext/date.DateTime_construct-dst-overlap">
    </testcase>
    <testcase name="DateTime_construct_basic1" classname="ext/date.DateTime_construct_basic1">
    </testcase>
    <testcase name="DateTime_construct_error" classname="ext/date.DateTime_construct_error">
    </testcase>
    <testcase name="DateTime_construct_variation1" classname="ext/date.DateTime_construct_variation1">
    </testcase>
    <testcase name="DateTime_construct_variation2" classname="ext/date.DateTime_construct_variation2">
    </testcase>
    <testcase name="DateTime_createFromImmutable" classname="ext/date.DateTime_createFromImmutable">
    </testcase>
    <testcase name="DateTime_days-absolute" classname="ext/date.DateTime_days-absolute">
    </testcase>
    <testcase name="DateTime_days-dates" classname="ext/date.DateTime_days-dates">
    </testcase>
    <testcase name="DateTime_days-fall-type2-type2" classname="ext/date.DateTime_days-fall-type2-type2">
    </testcase>
    <testcase name="DateTime_days-fall-type2-type3" classname="ext/date.DateTime_days-fall-type2-type3">
    </testcase>
    <testcase name="DateTime_days-fall-type3-type2" classname="ext/date.DateTime_days-fall-type3-type2">
    </testcase>
    <testcase name="DateTime_days-fall-type3-type3" classname="ext/date.DateTime_days-fall-type3-type3">
    </testcase>
    <testcase name="DateTime_days-february" classname="ext/date.DateTime_days-february">
    </testcase>
    <testcase name="DateTime_days-massive" classname="ext/date.DateTime_days-massive">
    </testcase>
    <testcase name="DateTime_days-spring-type2-type2" classname="ext/date.DateTime_days-spring-type2-type2">
    </testcase>
    <testcase name="DateTime_days-spring-type2-type3" classname="ext/date.DateTime_days-spring-type2-type3">
    </testcase>
    <testcase name="DateTime_days-spring-type3-type2" classname="ext/date.DateTime_days-spring-type3-type2">
    </testcase>
    <testcase name="DateTime_days-spring-type3-type3" classname="ext/date.DateTime_days-spring-type3-type3">
    </testcase>
    <testcase name="DateTime_diff-absolute" classname="ext/date.DateTime_diff-absolute">
    </testcase>
    <testcase name="DateTime_diff-dates" classname="ext/date.DateTime_diff-dates">
    </testcase>
    <testcase name="DateTime_diff-fall-type2-type2" classname="ext/date.DateTime_diff-fall-type2-type2">
    </testcase>
    <testcase name="DateTime_diff-fall-type2-type3" classname="ext/date.DateTime_diff-fall-type2-type3">
      <failure message="" />
    </testcase>
    <testcase name="DateTime_diff-fall-type3-type2" classname="ext/date.DateTime_diff-fall-type3-type2">
      <failure message="" />
    </testcase>
    <testcase name="DateTime_diff-fall-type3-type3" classname="ext/date.DateTime_diff-fall-type3-type3">
      <failure message="" />
    </testcase>
    <testcase name="DateTime_diff-february" classname="ext/date.DateTime_diff-february">
    </testcase>
    <testcase name="DateTime_diff-massive" classname="ext/date.DateTime_diff-massive">
    </testcase>
    <testcase name="DateTime_diff-spring-type2-type2" classname="ext/date.DateTime_diff-spring-type2-type2">
    </testcase>
    <testcase name="DateTime_diff-spring-type2-type3" classname="ext/date.DateTime_diff-spring-type2-type3">
      <failure message="" />
    </testcase>
    <testcase name="DateTime_diff-spring-type3-type2" classname="ext/date.DateTime_diff-spring-type3-type2">
      <failure message="" />
    </testcase>
    <testcase name="DateTime_diff-spring-type3-type3" classname="ext/date.DateTime_diff-spring-type3-type3">
      <failure message="" />
    </testcase>
    <testcase name="DateTime_extends_basic1" classname="ext/date.DateTime_extends_basic1">
    </testcase>
    <testcase name="DateTime_extends_basic2" classname="ext/date.DateTime_extends_basic2">
    </testcase>
    <testcase name="DateTime_extends_basic3" classname="ext/date.DateTime_extends_basic3">
    </testcase>
    <testcase name="DateTime_fix_createFromFormat" classname="ext/date.DateTime_fix_createFromFormat">
    </testcase>
    <testcase name="DateTime_format_basic1" classname="ext/date.DateTime_format_basic1">
    </testcase>
    <testcase name="DateTime_format_basic2" classname="ext/date.DateTime_format_basic2">
    </testcase>
    <testcase name="DateTime_format_error" classname="ext/date.DateTime_format_error">
    </testcase>
    <testcase name="DateTime_format_variation1" classname="ext/date.DateTime_format_variation1">
    </testcase>
    <testcase name="DateTime_getOffset_basic1" classname="ext/date.DateTime_getOffset_basic1">
    </testcase>
    <testcase name="DateTime_getOffset_error" classname="ext/date.DateTime_getOffset_error">
    </testcase>
    <testcase name="DateTime_getTimeZone_basic1" classname="ext/date.DateTime_getTimeZone_basic1">
    </testcase>
    <testcase name="DateTime_modify_basic1" classname="ext/date.DateTime_modify_basic1">
    </testcase>
    <testcase name="DateTime_modify_error" classname="ext/date.DateTime_modify_error">
    </testcase>
    <testcase name="DateTime_modify_variation1" classname="ext/date.DateTime_modify_variation1">
    </testcase>
    <testcase name="DateTime_serialize" classname="ext/date.DateTime_serialize">
    </testcase>
    <testcase name="DateTime_setDate_basic1" classname="ext/date.DateTime_setDate_basic1">
    </testcase>
    <testcase name="DateTime_setDate_error" classname="ext/date.DateTime_setDate_error">
    </testcase>
    <testcase name="DateTime_setDate_variation1" classname="ext/date.DateTime_setDate_variation1">
    </testcase>
    <testcase name="DateTime_setDate_variation2" classname="ext/date.DateTime_setDate_variation2">
    </testcase>
    <testcase name="DateTime_setDate_variation3" classname="ext/date.DateTime_setDate_variation3">
    </testcase>
    <testcase name="DateTime_setISODate_basic1" classname="ext/date.DateTime_setISODate_basic1">
    </testcase>
    <testcase name="DateTime_setISODate_error" classname="ext/date.DateTime_setISODate_error">
    </testcase>
    <testcase name="DateTime_setISODate_variation1" classname="ext/date.DateTime_setISODate_variation1">
    </testcase>
    <testcase name="DateTime_setISODate_variation2" classname="ext/date.DateTime_setISODate_variation2">
    </testcase>
    <testcase name="DateTime_setISODate_variation3" classname="ext/date.DateTime_setISODate_variation3">
    </testcase>
    <testcase name="DateTime_setTime_basic1" classname="ext/date.DateTime_setTime_basic1">
    </testcase>
    <testcase name="DateTime_setTime_error" classname="ext/date.DateTime_setTime_error">
    </testcase>
    <testcase name="DateTime_setTime_variation1" classname="ext/date.DateTime_setTime_variation1">
    </testcase>
    <testcase name="DateTime_setTime_variation2" classname="ext/date.DateTime_setTime_variation2">
    </testcase>
    <testcase name="DateTime_setTime_variation3" classname="ext/date.DateTime_setTime_variation3">
    </testcase>
    <testcase name="DateTime_setTimezone_basic1" classname="ext/date.DateTime_setTimezone_basic1">
    </testcase>
    <testcase name="DateTime_setTimezone_error" classname="ext/date.DateTime_setTimezone_error">
    </testcase>
    <testcase name="DateTime_setTimezone_variation1" classname="ext/date.DateTime_setTimezone_variation1">
    </testcase>
    <testcase name="DateTime_sub-dates" classname="ext/date.DateTime_sub-dates">
    </testcase>
    <testcase name="DateTime_sub-fall-type2-type2" classname="ext/date.DateTime_sub-fall-type2-type2">
    </testcase>
    <testcase name="DateTime_sub-fall-type2-type3" classname="ext/date.DateTime_sub-fall-type2-type3">
      <failure message="" />
    </testcase>
    <testcase name="DateTime_sub-fall-type3-type2" classname="ext/date.DateTime_sub-fall-type3-type2">
      <failure message="" />
    </testcase>
    <testcase name="DateTime_sub-fall-type3-type3" classname="ext/date.DateTime_sub-fall-type3-type3">
      <failure message="" />
    </testcase>
    <testcase name="DateTime_sub-february" classname="ext/date.DateTime_sub-february">
    </testcase>
    <testcase name="DateTime_sub-massive" classname="ext/date.DateTime_sub-massive">
    </testcase>
    <testcase name="DateTime_sub-spring-type2-type2" classname="ext/date.DateTime_sub-spring-type2-type2">
    </testcase>
    <testcase name="DateTime_sub-spring-type2-type3" classname="ext/date.DateTime_sub-spring-type2-type3">
      <failure message="" />
    </testcase>
    <testcase name="DateTime_sub-spring-type3-type2" classname="ext/date.DateTime_sub-spring-type3-type2">
      <failure message="" />
    </testcase>
    <testcase name="DateTime_sub-spring-type3-type3" classname="ext/date.DateTime_sub-spring-type3-type3">
      <failure message="" />
    </testcase>
    <testcase name="DateTime_verify" classname="ext/date.DateTime_verify">
    </testcase>
    <testcase name="ExtendDateTime" classname="ext/date.ExtendDateTime">
    </testcase>
    <testcase name="big_year" classname="ext/date.big_year">
    </testcase>
    <testcase name="bug13142" classname="ext/date.bug13142">
    </testcase>
    <testcase name="bug14561" classname="ext/date.bug14561">
    </testcase>
    <testcase name="bug17988" classname="ext/date.bug17988">
    </testcase>
    <testcase name="bug20382-1" classname="ext/date.bug20382-1">
    </testcase>
    <testcase name="bug20382-2" classname="ext/date.bug20382-2">
    </testcase>
    <testcase name="bug21399" classname="ext/date.bug21399">
    </testcase>
    <testcase name="bug21966" classname="ext/date.bug21966">
    </testcase>
    <testcase name="bug26090" classname="ext/date.bug26090">
    </testcase>
    <testcase name="bug26198" classname="ext/date.bug26198">
    </testcase>
    <testcase name="bug26317" classname="ext/date.bug26317">
    </testcase>
    <testcase name="bug26320" classname="ext/date.bug26320">
    </testcase>
    <testcase name="bug26694" classname="ext/date.bug26694">
    </testcase>
    <testcase name="bug27780" classname="ext/date.bug27780">
      <skipped message="" />
    </testcase>
    <testcase name="bug28024" classname="ext/date.bug28024">
    </testcase>
    <testcase name="bug28088" classname="ext/date.bug28088">
    </testcase>
    <testcase name="bug28599" classname="ext/date.bug28599">
    </testcase>
    <testcase name="bug29150" classname="ext/date.bug29150">
    </testcase>
    <testcase name="bug29585" classname="ext/date.bug29585">
    </testcase>
    <testcase name="bug29595" classname="ext/date.bug29595">
    </testcase>
    <testcase name="bug30096" classname="ext/date.bug30096">
    </testcase>
    <testcase name="bug30532" classname="ext/date.bug30532">
    </testcase>
    <testcase name="bug32086" classname="ext/date.bug32086">
    </testcase>
    <testcase name="bug32270" classname="ext/date.bug32270">
    </testcase>
    <testcase name="bug32555" classname="ext/date.bug32555">
      <skipped message="" />
    </testcase>
    <testcase name="bug32588" classname="ext/date.bug32588">
    </testcase>
    <testcase name="bug33056" classname="ext/date.bug33056">
    </testcase>
    <testcase name="bug33414-1" classname="ext/date.bug33414-1">
    </testcase>
    <testcase name="bug33414-2" classname="ext/date.bug33414-2">
    </testcase>
    <testcase name="bug33415-1" classname="ext/date.bug33415-1">
    </testcase>
    <testcase name="bug33415-2" classname="ext/date.bug33415-2">
    </testcase>
    <testcase name="bug33452" classname="ext/date.bug33452">
    </testcase>
    <testcase name="bug33532" classname="ext/date.bug33532">
      <skipped message="" />
    </testcase>
    <testcase name="bug33536" classname="ext/date.bug33536">
    </testcase>
    <testcase name="bug33562" classname="ext/date.bug33562">
    </testcase>
    <testcase name="bug33563" classname="ext/date.bug33563">
    </testcase>
    <testcase name="bug33578" classname="ext/date.bug33578">
    </testcase>
    <testcase name="bug33869" classname="ext/date.bug33869">
    </testcase>
    <testcase name="bug33957" classname="ext/date.bug33957">
    </testcase>
    <testcase name="bug34087" classname="ext/date.bug34087">
    </testcase>
    <testcase name="bug34304" classname="ext/date.bug34304">
    </testcase>
    <testcase name="bug34676" classname="ext/date.bug34676">
    </testcase>
    <testcase name="bug34771" classname="ext/date.bug34771">
    </testcase>
    <testcase name="bug35143" classname="ext/date.bug35143">
    </testcase>
    <testcase name="bug35218" classname="ext/date.bug35218">
    </testcase>
    <testcase name="bug35414" classname="ext/date.bug35414">
    </testcase>
    <testcase name="bug35422" classname="ext/date.bug35422">
    </testcase>
    <testcase name="bug35425" classname="ext/date.bug35425">
    </testcase>
    <testcase name="bug35456" classname="ext/date.bug35456">
    </testcase>
    <testcase name="bug35499" classname="ext/date.bug35499">
    </testcase>
    <testcase name="bug35624" classname="ext/date.bug35624">
    </testcase>
    <testcase name="bug35630" classname="ext/date.bug35630">
    </testcase>
    <testcase name="bug35699" classname="ext/date.bug35699">
    </testcase>
    <testcase name="bug35705" classname="ext/date.bug35705">
    </testcase>
    <testcase name="bug35885" classname="ext/date.bug35885">
    </testcase>
    <testcase name="bug35887" classname="ext/date.bug35887">
    </testcase>
    <testcase name="bug36224" classname="ext/date.bug36224">
    </testcase>
    <testcase name="bug36510" classname="ext/date.bug36510">
    </testcase>
    <testcase name="bug36599" classname="ext/date.bug36599">
    </testcase>
    <testcase name="bug36988" classname="ext/date.bug36988">
      <skipped message="" />
    </testcase>
    <testcase name="bug37017" classname="ext/date.bug37017">
    </testcase>
    <testcase name="bug37368" classname="ext/date.bug37368">
    </testcase>
    <testcase name="bug37514" classname="ext/date.bug37514">
    </testcase>
    <testcase name="bug37616" classname="ext/date.bug37616">
    </testcase>
    <testcase name="bug37747" classname="ext/date.bug37747">
    </testcase>
    <testcase name="bug38229" classname="ext/date.bug38229">
    </testcase>
    <testcase name="bug39782" classname="ext/date.bug39782">
    </testcase>
    <testcase name="bug40743" classname="ext/date.bug40743">
    </testcase>
    <testcase name="bug40861" classname="ext/date.bug40861">
    </testcase>
    <testcase name="bug41523-64bit" classname="ext/date.bug41523-64bit">
    </testcase>
    <testcase name="bug41523" classname="ext/date.bug41523">
      <skipped message="" />
    </testcase>
    <testcase name="bug41599" classname="ext/date.bug41599">
    </testcase>
    <testcase name="bug41709" classname="ext/date.bug41709">
    </testcase>
    <testcase name="bug41842" classname="ext/date.bug41842">
    </testcase>
    <testcase name="bug41844" classname="ext/date.bug41844">
    </testcase>
    <testcase name="bug41964" classname="ext/date.bug41964">
    </testcase>
    <testcase name="bug42910" classname="ext/date.bug42910">
    </testcase>
    <testcase name="bug43003" classname="ext/date.bug43003">
    </testcase>
    <testcase name="bug43075" classname="ext/date.bug43075">
    </testcase>
    <testcase name="bug43452" classname="ext/date.bug43452">
    </testcase>
    <testcase name="bug43527" classname="ext/date.bug43527">
    </testcase>
    <testcase name="bug43808" classname="ext/date.bug43808">
    </testcase>
    <testcase name="bug43960" classname="ext/date.bug43960">
    </testcase>
    <testcase name="bug44562" classname="ext/date.bug44562">
    </testcase>
    <testcase name="bug44742" classname="ext/date.bug44742">
    </testcase>
    <testcase name="bug44780" classname="ext/date.bug44780">
    </testcase>
    <testcase name="bug45081" classname="ext/date.bug45081">
    </testcase>
    <testcase name="bug45529" classname="ext/date.bug45529">
    </testcase>
    <testcase name="bug45543" classname="ext/date.bug45543">
    </testcase>
    <testcase name="bug45554" classname="ext/date.bug45554">
    </testcase>
    <testcase name="bug45682" classname="ext/date.bug45682">
    </testcase>
    <testcase name="bug45866" classname="ext/date.bug45866">
    </testcase>
    <testcase name="bug46108" classname="ext/date.bug46108">
    </testcase>
    <testcase name="bug46111" classname="ext/date.bug46111">
    </testcase>
    <testcase name="bug46268" classname="ext/date.bug46268">
    </testcase>
    <testcase name="bug46874" classname="ext/date.bug46874">
    </testcase>
    <testcase name="bug48058" classname="ext/date.bug48058">
    </testcase>
    <testcase name="bug48097" classname="ext/date.bug48097">
    </testcase>
    <testcase name="bug48187" classname="ext/date.bug48187">
    </testcase>
    <testcase name="bug48276" classname="ext/date.bug48276">
    </testcase>
    <testcase name="bug48476" classname="ext/date.bug48476">
    </testcase>
    <testcase name="bug48678" classname="ext/date.bug48678">
    </testcase>
    <testcase name="bug49059" classname="ext/date.bug49059">
    </testcase>
    <testcase name="bug49081" classname="ext/date.bug49081">
    </testcase>
    <testcase name="bug49585" classname="ext/date.bug49585">
    </testcase>
    <testcase name="bug49700" classname="ext/date.bug49700">
    </testcase>
    <testcase name="bug49778" classname="ext/date.bug49778">
    </testcase>
    <testcase name="bug50055" classname="ext/date.bug50055">
    </testcase>
    <testcase name="bug50392" classname="ext/date.bug50392">
    </testcase>
    <testcase name="bug50475" classname="ext/date.bug50475">
    </testcase>
    <testcase name="bug50680" classname="ext/date.bug50680">
    </testcase>
    <testcase name="bug51096" classname="ext/date.bug51096">
    </testcase>
    <testcase name="bug51393" classname="ext/date.bug51393">
    </testcase>
    <testcase name="bug51819" classname="ext/date.bug51819">
    </testcase>
    <testcase name="bug51866" classname="ext/date.bug51866">
    </testcase>
    <testcase name="bug51994" classname="ext/date.bug51994">
    </testcase>
    <testcase name="bug52062-64bit" classname="ext/date.bug52062-64bit">
    </testcase>
    <testcase name="bug52062" classname="ext/date.bug52062">
      <skipped message="" />
    </testcase>
    <testcase name="bug52063" classname="ext/date.bug52063">
    </testcase>
    <testcase name="bug52113" classname="ext/date.bug52113">
    </testcase>
    <testcase name="bug52290" classname="ext/date.bug52290">
    </testcase>
    <testcase name="bug52342" classname="ext/date.bug52342">
    </testcase>
    <testcase name="bug52430" classname="ext/date.bug52430">
    </testcase>
    <testcase name="bug52454" classname="ext/date.bug52454">
    </testcase>
    <testcase name="bug52480" classname="ext/date.bug52480">
      <failure message="" />
    </testcase>
    <testcase name="bug52577" classname="ext/date.bug52577">
    </testcase>
    <testcase name="bug52668" classname="ext/date.bug52668">
    </testcase>
    <testcase name="bug52738" classname="ext/date.bug52738">
    </testcase>
    <testcase name="bug52808" classname="ext/date.bug52808">
    </testcase>
    <testcase name="bug53437" classname="ext/date.bug53437">
    </testcase>
    <testcase name="bug53437_var1" classname="ext/date.bug53437_var1">
    </testcase>
    <testcase name="bug53437_var2" classname="ext/date.bug53437_var2">
    </testcase>
    <testcase name="bug53437_var3" classname="ext/date.bug53437_var3">
      <skipped message="" />
    </testcase>
    <testcase name="bug53437_var4" classname="ext/date.bug53437_var4">
    </testcase>
    <testcase name="bug53437_var5" classname="ext/date.bug53437_var5">
    </testcase>
    <testcase name="bug53437_var6" classname="ext/date.bug53437_var6">
    </testcase>
    <testcase name="bug53502" classname="ext/date.bug53502">
    </testcase>
    <testcase name="bug53879" classname="ext/date.bug53879">
    </testcase>
    <testcase name="bug54283" classname="ext/date.bug54283">
    </testcase>
    <testcase name="bug54316" classname="ext/date.bug54316">
    </testcase>
    <testcase name="bug54340" classname="ext/date.bug54340">
    </testcase>
    <testcase name="bug54597" classname="ext/date.bug54597">
    </testcase>
    <testcase name="bug54851" classname="ext/date.bug54851">
    </testcase>
    <testcase name="bug55253" classname="ext/date.bug55253">
    </testcase>
    <testcase name="bug55397" classname="ext/date.bug55397">
    </testcase>
    <testcase name="bug55407" classname="ext/date.bug55407">
    </testcase>
    <testcase name="bug60236" classname="ext/date.bug60236">
    </testcase>
    <testcase name="bug60774" classname="ext/date.bug60774">
    </testcase>
    <testcase name="bug61642" classname="ext/date.bug61642">
    </testcase>
    <testcase name="bug62500" classname="ext/date.bug62500">
    </testcase>
    <testcase name="bug62561" classname="ext/date.bug62561">
    </testcase>
    <testcase name="bug62852" classname="ext/date.bug62852">
    </testcase>
    <testcase name="bug62852_var2" classname="ext/date.bug62852_var2">
    </testcase>
    <testcase name="bug62852_var3" classname="ext/date.bug62852_var3">
    </testcase>
    <testcase name="bug62896" classname="ext/date.bug62896">
    </testcase>
    <testcase name="bug63391" classname="ext/date.bug63391">
    </testcase>
    <testcase name="bug63435" classname="ext/date.bug63435">
    </testcase>
    <testcase name="bug63740" classname="ext/date.bug63740">
    </testcase>
    <testcase name="bug64157" classname="ext/date.bug64157">
    </testcase>
    <testcase name="bug64887" classname="ext/date.bug64887">
    </testcase>
    <testcase name="bug65184" classname="ext/date.bug65184">
      <skipped message="" />
    </testcase>
    <testcase name="bug65371" classname="ext/date.bug65371">
    </testcase>
    <testcase name="bug65502" classname="ext/date.bug65502">
    </testcase>
    <testcase name="bug65548" classname="ext/date.bug65548">
    </testcase>
    <testcase name="bug66721" classname="ext/date.bug66721">
    </testcase>
    <testcase name="bug66836" classname="ext/date.bug66836">
    </testcase>
    <testcase name="bug66985" classname="ext/date.bug66985">
    </testcase>
    <testcase name="bug67109" classname="ext/date.bug67109">
    </testcase>
    <testcase name="bug67118" classname="ext/date.bug67118">
    </testcase>
    <testcase name="bug67118_2" classname="ext/date.bug67118_2">
    </testcase>
    <testcase name="bug67251" classname="ext/date.bug67251">
    </testcase>
    <testcase name="bug67253" classname="ext/date.bug67253">
    </testcase>
    <testcase name="bug67308" classname="ext/date.bug67308">
    </testcase>
    <testcase name="bug68078" classname="ext/date.bug68078">
    </testcase>
    <testcase name="bug68078_negative" classname="ext/date.bug68078_negative">
    </testcase>
    <testcase name="bug68406" classname="ext/date.bug68406">
    </testcase>
    <testcase name="bug68669" classname="ext/date.bug68669">
    </testcase>
    <testcase name="bug68942" classname="ext/date.bug68942">
    </testcase>
    <testcase name="bug68942_2" classname="ext/date.bug68942_2">
    </testcase>
    <testcase name="bug69089" classname="ext/date.bug69089">
    </testcase>
    <testcase name="bug69336" classname="ext/date.bug69336">
    </testcase>
    <testcase name="bug69587" classname="ext/date.bug69587">
    </testcase>
    <testcase name="bug70245" classname="ext/date.bug70245">
    </testcase>
    <testcase name="bug70266" classname="ext/date.bug70266">
    </testcase>
    <testcase name="bug70277" classname="ext/date.bug70277">
    </testcase>
    <testcase name="bug71525" classname="ext/date.bug71525">
    </testcase>
    <testcase name="bug71635" classname="ext/date.bug71635">
    </testcase>
    <testcase name="bug71889" classname="ext/date.bug71889">
    </testcase>
    <testcase name="bug72096" classname="ext/date.bug72096">
    </testcase>
    <testcase name="bug72719" classname="ext/date.bug72719">
    </testcase>
    <testcase name="bug73091" classname="ext/date.bug73091">
    </testcase>
    <testcase name="bug73294" classname="ext/date.bug73294">
    </testcase>
    <testcase name="bug73426" classname="ext/date.bug73426">
    </testcase>
    <testcase name="bug73489" classname="ext/date.bug73489">
    </testcase>
    <testcase name="bug73837" classname="ext/date.bug73837">
    </testcase>
    <testcase name="bug73858" classname="ext/date.bug73858">
    </testcase>
    <testcase name="bug73942" classname="ext/date.bug73942">
    </testcase>
    <testcase name="bug74057" classname="ext/date.bug74057">
    </testcase>
    <testcase name="bug74080" classname="ext/date.bug74080">
    </testcase>
    <testcase name="bug74639" classname="ext/date.bug74639">
    </testcase>
    <testcase name="bug74652" classname="ext/date.bug74652">
    </testcase>
    <testcase name="bug74852" classname="ext/date.bug74852">
    </testcase>
    <testcase name="bug75002" classname="ext/date.bug75002">
    </testcase>
    <testcase name="bug75222" classname="ext/date.bug75222">
    </testcase>
    <testcase name="bug75577" classname="ext/date.bug75577">
    </testcase>
    <testcase name="bug75851" classname="ext/date.bug75851">
    </testcase>
    <testcase name="bug75857" classname="ext/date.bug75857">
    </testcase>
    <testcase name="bug75928" classname="ext/date.bug75928">
    </testcase>
    <testcase name="bug76462" classname="ext/date.bug76462">
    </testcase>
    <testcase name="bug77097" classname="ext/date.bug77097">
    </testcase>
    <testcase name="call_function_from_method" classname="ext/date.call_function_from_method">
    </testcase>
    <testcase name="checkdate_basic1" classname="ext/date.checkdate_basic1">
    </testcase>
    <testcase name="checkdate_error" classname="ext/date.checkdate_error">
    </testcase>
    <testcase name="checkdate_variation1" classname="ext/date.checkdate_variation1">
    </testcase>
    <testcase name="checkdate_variation2" classname="ext/date.checkdate_variation2">
    </testcase>
    <testcase name="checkdate_variation3" classname="ext/date.checkdate_variation3">
    </testcase>
    <testcase name="date-lenient-create" classname="ext/date.date-lenient-create">
    </testcase>
    <testcase name="date-lenient" classname="ext/date.date-lenient">
    </testcase>
    <testcase name="date-parse-by-format001" classname="ext/date.date-parse-by-format001">
    </testcase>
    <testcase name="date-set-timestamp" classname="ext/date.date-set-timestamp">
    </testcase>
    <testcase name="date-time-modify-times" classname="ext/date.date-time-modify-times">
    </testcase>
    <testcase name="date" classname="ext/date.date">
    </testcase>
    <testcase name="date_add_basic" classname="ext/date.date_add_basic">
    </testcase>
    <testcase name="date_add_basic2" classname="ext/date.date_add_basic2">
    </testcase>
    <testcase name="date_basic1" classname="ext/date.date_basic1">
    </testcase>
    <testcase name="date_constants" classname="ext/date.date_constants">
    </testcase>
    <testcase name="date_create-1" classname="ext/date.date_create-1">
    </testcase>
    <testcase name="date_create-2" classname="ext/date.date_create-2">
    </testcase>
    <testcase name="date_create-relative" classname="ext/date.date_create-relative">
    </testcase>
    <testcase name="date_create_basic" classname="ext/date.date_create_basic">
    </testcase>
    <testcase name="date_create_error" classname="ext/date.date_create_error">
    </testcase>
    <testcase name="date_create_from_format_basic" classname="ext/date.date_create_from_format_basic">
    </testcase>
    <testcase name="date_create_from_format_basic2" classname="ext/date.date_create_from_format_basic2">
    </testcase>
    <testcase name="date_create_variation1" classname="ext/date.date_create_variation1">
    </testcase>
    <testcase name="date_create_variation2" classname="ext/date.date_create_variation2">
    </testcase>
    <testcase name="date_date_set_basic1" classname="ext/date.date_date_set_basic1">
    </testcase>
    <testcase name="date_date_set_error" classname="ext/date.date_date_set_error">
    </testcase>
    <testcase name="date_date_set_variation1" classname="ext/date.date_date_set_variation1">
    </testcase>
    <testcase name="date_date_set_variation2" classname="ext/date.date_date_set_variation2">
    </testcase>
    <testcase name="date_date_set_variation3" classname="ext/date.date_date_set_variation3">
    </testcase>
    <testcase name="date_date_set_variation4" classname="ext/date.date_date_set_variation4">
    </testcase>
    <testcase name="date_default_timezone_get-1-win32" classname="ext/date.date_default_timezone_get-1-win32">
      <skipped message="" />
    </testcase>
    <testcase name="date_default_timezone_get-1" classname="ext/date.date_default_timezone_get-1">
    </testcase>
    <testcase name="date_default_timezone_get-2" classname="ext/date.date_default_timezone_get-2">
    </testcase>
    <testcase name="date_default_timezone_get-3" classname="ext/date.date_default_timezone_get-3">
    </testcase>
    <testcase name="date_default_timezone_get-4" classname="ext/date.date_default_timezone_get-4">
    </testcase>
    <testcase name="date_default_timezone_get_error" classname="ext/date.date_default_timezone_get_error">
    </testcase>
    <testcase name="date_default_timezone_set-1" classname="ext/date.date_default_timezone_set-1">
    </testcase>
    <testcase name="date_default_timezone_set_error" classname="ext/date.date_default_timezone_set_error">
    </testcase>
    <testcase name="date_default_timezone_set_variation1" classname="ext/date.date_default_timezone_set_variation1">
    </testcase>
    <testcase name="date_diff" classname="ext/date.date_diff">
    </testcase>
    <testcase name="date_diff1" classname="ext/date.date_diff1">
    </testcase>
    <testcase name="date_error" classname="ext/date.date_error">
    </testcase>
    <testcase name="date_format_basic1" classname="ext/date.date_format_basic1">
    </testcase>
    <testcase name="date_format_error" classname="ext/date.date_format_error">
    </testcase>
    <testcase name="date_format_variation1" classname="ext/date.date_format_variation1">
    </testcase>
    <testcase name="date_format_variation2" classname="ext/date.date_format_variation2">
    </testcase>
    <testcase name="date_get_last_errors_basic" classname="ext/date.date_get_last_errors_basic">
    </testcase>
    <testcase name="date_interval_create_from_date_string" classname="ext/date.date_interval_create_from_date_string">
    </testcase>
    <testcase name="date_interval_create_from_date_string_broken" classname="ext/date.date_interval_create_from_date_string_broken">
    </testcase>
    <testcase name="date_interval_create_from_date_string_nullparam" classname="ext/date.date_interval_create_from_date_string_nullparam">
    </testcase>
    <testcase name="date_interval_create_from_date_string_wrongparam_001" classname="ext/date.date_interval_create_from_date_string_wrongparam_001">
    </testcase>
    <testcase name="date_interval_create_from_date_string_wrongparam_002" classname="ext/date.date_interval_create_from_date_string_wrongparam_002">
    </testcase>
    <testcase name="date_interval_format" classname="ext/date.date_interval_format">
    </testcase>
    <testcase name="date_interval_prop_dim" classname="ext/date.date_interval_prop_dim">
    </testcase>
    <testcase name="date_isodate_set_basic1" classname="ext/date.date_isodate_set_basic1">
    </testcase>
    <testcase name="date_isodate_set_error" classname="ext/date.date_isodate_set_error">
    </testcase>
    <testcase name="date_isodate_set_variation1" classname="ext/date.date_isodate_set_variation1">
    </testcase>
    <testcase name="date_isodate_set_variation2" classname="ext/date.date_isodate_set_variation2">
    </testcase>
    <testcase name="date_isodate_set_variation3" classname="ext/date.date_isodate_set_variation3">
    </testcase>
    <testcase name="date_isodate_set_variation4" classname="ext/date.date_isodate_set_variation4">
    </testcase>
    <testcase name="date_modify-1" classname="ext/date.date_modify-1">
    </testcase>
    <testcase name="date_modify-2" classname="ext/date.date_modify-2">
    </testcase>
    <testcase name="date_modify_basic1" classname="ext/date.date_modify_basic1">
    </testcase>
    <testcase name="date_modify_error" classname="ext/date.date_modify_error">
    </testcase>
    <testcase name="date_modify_variation1" classname="ext/date.date_modify_variation1">
    </testcase>
    <testcase name="date_modify_variation2" classname="ext/date.date_modify_variation2">
    </testcase>
    <testcase name="date_offset_get_basic1" classname="ext/date.date_offset_get_basic1">
    </testcase>
    <testcase name="date_offset_get_error" classname="ext/date.date_offset_get_error">
    </testcase>
    <testcase name="date_offset_get_variation1" classname="ext/date.date_offset_get_variation1">
    </testcase>
    <testcase name="date_parse_001" classname="ext/date.date_parse_001">
    </testcase>
    <testcase name="date_parse_basic1" classname="ext/date.date_parse_basic1">
    </testcase>
    <testcase name="date_parse_error" classname="ext/date.date_parse_error">
    </testcase>
    <testcase name="date_parse_from_format_basic" classname="ext/date.date_parse_from_format_basic">
    </testcase>
    <testcase name="date_parse_variation1" classname="ext/date.date_parse_variation1">
    </testcase>
    <testcase name="date_period-immutable" classname="ext/date.date_period-immutable">
    </testcase>
    <testcase name="date_period" classname="ext/date.date_period">
    </testcase>
    <testcase name="date_sub_basic" classname="ext/date.date_sub_basic">
    </testcase>
    <testcase name="date_sun_info_001" classname="ext/date.date_sun_info_001">
    </testcase>
    <testcase name="date_sun_info_002" classname="ext/date.date_sun_info_002">
    </testcase>
    <testcase name="date_sun_info_003" classname="ext/date.date_sun_info_003">
    </testcase>
    <testcase name="date_sun_info_error" classname="ext/date.date_sun_info_error">
    </testcase>
    <testcase name="date_sun_info_variation1" classname="ext/date.date_sun_info_variation1">
    </testcase>
    <testcase name="date_sun_info_variation2" classname="ext/date.date_sun_info_variation2">
    </testcase>
    <testcase name="date_sun_info_variation3" classname="ext/date.date_sun_info_variation3">
    </testcase>
    <testcase name="date_sunrise_and_sunset_basic" classname="ext/date.date_sunrise_and_sunset_basic">
    </testcase>
    <testcase name="date_sunrise_error" classname="ext/date.date_sunrise_error">
    </testcase>
    <testcase name="date_sunrise_variation1" classname="ext/date.date_sunrise_variation1">
    </testcase>
    <testcase name="date_sunrise_variation2" classname="ext/date.date_sunrise_variation2">
      <skipped message="" />
    </testcase>
    <testcase name="date_sunrise_variation3" classname="ext/date.date_sunrise_variation3">
    </testcase>
    <testcase name="date_sunrise_variation4" classname="ext/date.date_sunrise_variation4">
    </testcase>
    <testcase name="date_sunrise_variation5" classname="ext/date.date_sunrise_variation5">
    </testcase>
    <testcase name="date_sunrise_variation6" classname="ext/date.date_sunrise_variation6">
    </testcase>
    <testcase name="date_sunrise_variation7" classname="ext/date.date_sunrise_variation7">
    </testcase>
    <testcase name="date_sunrise_variation8" classname="ext/date.date_sunrise_variation8">
    </testcase>
    <testcase name="date_sunrise_variation9" classname="ext/date.date_sunrise_variation9">
      <skipped message="" />
    </testcase>
    <testcase name="date_sunset_error" classname="ext/date.date_sunset_error">
    </testcase>
    <testcase name="date_sunset_variation1" classname="ext/date.date_sunset_variation1">
    </testcase>
    <testcase name="date_sunset_variation2" classname="ext/date.date_sunset_variation2">
      <skipped message="" />
    </testcase>
    <testcase name="date_sunset_variation3" classname="ext/date.date_sunset_variation3">
    </testcase>
    <testcase name="date_sunset_variation4" classname="ext/date.date_sunset_variation4">
    </testcase>
    <testcase name="date_sunset_variation5" classname="ext/date.date_sunset_variation5">
    </testcase>
    <testcase name="date_sunset_variation6" classname="ext/date.date_sunset_variation6">
    </testcase>
    <testcase name="date_sunset_variation7" classname="ext/date.date_sunset_variation7">
    </testcase>
    <testcase name="date_sunset_variation8" classname="ext/date.date_sunset_variation8">
    </testcase>
    <testcase name="date_sunset_variation9" classname="ext/date.date_sunset_variation9">
      <skipped message="" />
    </testcase>
    <testcase name="date_time_fractions" classname="ext/date.date_time_fractions">
    </testcase>
    <testcase name="date_time_fractions_create_from_format" classname="ext/date.date_time_fractions_create_from_format">
    </testcase>
    <testcase name="date_time_fractions_serialize" classname="ext/date.date_time_fractions_serialize">
    </testcase>
    <testcase name="date_time_immutable-inherited" classname="ext/date.date_time_immutable-inherited">
    </testcase>
    <testcase name="date_time_immutable" classname="ext/date.date_time_immutable">
    </testcase>
    <testcase name="date_time_set_basic1" classname="ext/date.date_time_set_basic1">
    </testcase>
    <testcase name="date_time_set_error" classname="ext/date.date_time_set_error">
    </testcase>
    <testcase name="date_time_set_variation1" classname="ext/date.date_time_set_variation1">
    </testcase>
    <testcase name="date_time_set_variation2" classname="ext/date.date_time_set_variation2">
    </testcase>
    <testcase name="date_time_set_variation3" classname="ext/date.date_time_set_variation3">
    </testcase>
    <testcase name="date_time_set_variation4" classname="ext/date.date_time_set_variation4">
    </testcase>
    <testcase name="date_timestamp_get" classname="ext/date.date_timestamp_get">
    </testcase>
    <testcase name="date_timestamp_set" classname="ext/date.date_timestamp_set">
    </testcase>
    <testcase name="date_timestamp_set_nullparam" classname="ext/date.date_timestamp_set_nullparam">
    </testcase>
    <testcase name="date_timestamp_set_nullparam2" classname="ext/date.date_timestamp_set_nullparam2">
    </testcase>
    <testcase name="date_timestamp_set_wrongparam_001" classname="ext/date.date_timestamp_set_wrongparam_001">
    </testcase>
    <testcase name="date_timestamp_set_wrongparam_002" classname="ext/date.date_timestamp_set_wrongparam_002">
    </testcase>
    <testcase name="date_timestamp_set_wrongparam_003" classname="ext/date.date_timestamp_set_wrongparam_003">
    </testcase>
    <testcase name="date_timestamp_set_wrongparam_004" classname="ext/date.date_timestamp_set_wrongparam_004">
    </testcase>
    <testcase name="date_timezone_get_basic1" classname="ext/date.date_timezone_get_basic1">
    </testcase>
    <testcase name="date_timezone_get_error" classname="ext/date.date_timezone_get_error">
    </testcase>
    <testcase name="date_timezone_get_variation1" classname="ext/date.date_timezone_get_variation1">
    </testcase>
    <testcase name="date_timezone_set_basic1" classname="ext/date.date_timezone_set_basic1">
    </testcase>
    <testcase name="date_timezone_set_error" classname="ext/date.date_timezone_set_error">
    </testcase>
    <testcase name="date_timezone_set_variation1" classname="ext/date.date_timezone_set_variation1">
    </testcase>
    <testcase name="date_timezone_set_variation2" classname="ext/date.date_timezone_set_variation2">
    </testcase>
    <testcase name="date_variation1" classname="ext/date.date_variation1">
    </testcase>
    <testcase name="date_variation2" classname="ext/date.date_variation2">
    </testcase>
    <testcase name="default-timezone-1" classname="ext/date.default-timezone-1">
    </testcase>
    <testcase name="default-timezone-2" classname="ext/date.default-timezone-2">
    </testcase>
    <testcase name="format-negative-timestamp" classname="ext/date.format-negative-timestamp">
    </testcase>
    <testcase name="forward-transition-construction" classname="ext/date.forward-transition-construction">
    </testcase>
    <testcase name="getdate_basic" classname="ext/date.getdate_basic">
    </testcase>
    <testcase name="getdate_error" classname="ext/date.getdate_error">
    </testcase>
    <testcase name="getdate_variation1" classname="ext/date.getdate_variation1">
    </testcase>
    <testcase name="getdate_variation2" classname="ext/date.getdate_variation2">
    </testcase>
    <testcase name="getdate_variation3" classname="ext/date.getdate_variation3">
    </testcase>
    <testcase name="getdate_variation4" classname="ext/date.getdate_variation4">
    </testcase>
    <testcase name="getdate_variation5" classname="ext/date.getdate_variation5">
    </testcase>
    <testcase name="getdate_variation6" classname="ext/date.getdate_variation6">
    </testcase>
    <testcase name="getdate_variation7" classname="ext/date.getdate_variation7">
      <skipped message="" />
    </testcase>
    <testcase name="gettimeofday_basic" classname="ext/date.gettimeofday_basic">
    </testcase>
    <testcase name="gettimeofday_error" classname="ext/date.gettimeofday_error">
    </testcase>
    <testcase name="gettimeofday_variation1" classname="ext/date.gettimeofday_variation1">
    </testcase>
    <testcase name="gmdate_basic" classname="ext/date.gmdate_basic">
    </testcase>
    <testcase name="gmdate_error" classname="ext/date.gmdate_error">
    </testcase>
    <testcase name="gmdate_variation1" classname="ext/date.gmdate_variation1">
    </testcase>
    <testcase name="gmdate_variation10" classname="ext/date.gmdate_variation10">
    </testcase>
    <testcase name="gmdate_variation11" classname="ext/date.gmdate_variation11">
    </testcase>
    <testcase name="gmdate_variation12" classname="ext/date.gmdate_variation12">
    </testcase>
    <testcase name="gmdate_variation13" classname="ext/date.gmdate_variation13">
    </testcase>
    <testcase name="gmdate_variation14" classname="ext/date.gmdate_variation14">
      <skipped message="" />
    </testcase>
    <testcase name="gmdate_variation2" classname="ext/date.gmdate_variation2">
    </testcase>
    <testcase name="gmdate_variation3" classname="ext/date.gmdate_variation3">
    </testcase>
    <testcase name="gmdate_variation4" classname="ext/date.gmdate_variation4">
    </testcase>
    <testcase name="gmdate_variation5" classname="ext/date.gmdate_variation5">
    </testcase>
    <testcase name="gmdate_variation6" classname="ext/date.gmdate_variation6">
    </testcase>
    <testcase name="gmdate_variation7" classname="ext/date.gmdate_variation7">
    </testcase>
    <testcase name="gmdate_variation9" classname="ext/date.gmdate_variation9">
    </testcase>
    <testcase name="gmmktime_basic" classname="ext/date.gmmktime_basic">
    </testcase>
    <testcase name="gmmktime_error" classname="ext/date.gmmktime_error">
    </testcase>
    <testcase name="gmmktime_variation1" classname="ext/date.gmmktime_variation1">
    </testcase>
    <testcase name="gmmktime_variation2" classname="ext/date.gmmktime_variation2">
    </testcase>
    <testcase name="gmmktime_variation3" classname="ext/date.gmmktime_variation3">
    </testcase>
    <testcase name="gmmktime_variation4" classname="ext/date.gmmktime_variation4">
    </testcase>
    <testcase name="gmmktime_variation5" classname="ext/date.gmmktime_variation5">
    </testcase>
    <testcase name="gmmktime_variation6" classname="ext/date.gmmktime_variation6">
    </testcase>
    <testcase name="gmmktime_variation7" classname="ext/date.gmmktime_variation7">
    </testcase>
    <testcase name="gmmktime_variation8" classname="ext/date.gmmktime_variation8">
    </testcase>
    <testcase name="gmmktime_variation9" classname="ext/date.gmmktime_variation9">
    </testcase>
    <testcase name="gmstrftime_basic" classname="ext/date.gmstrftime_basic">
    </testcase>
    <testcase name="gmstrftime_error" classname="ext/date.gmstrftime_error">
    </testcase>
    <testcase name="gmstrftime_variation1" classname="ext/date.gmstrftime_variation1">
    </testcase>
    <testcase name="gmstrftime_variation10" classname="ext/date.gmstrftime_variation10">
    </testcase>
    <testcase name="gmstrftime_variation11" classname="ext/date.gmstrftime_variation11">
      <skipped message="" />
    </testcase>
    <testcase name="gmstrftime_variation12" classname="ext/date.gmstrftime_variation12">
    </testcase>
    <testcase name="gmstrftime_variation13" classname="ext/date.gmstrftime_variation13">
      <skipped message="" />
    </testcase>
    <testcase name="gmstrftime_variation14" classname="ext/date.gmstrftime_variation14">
    </testcase>
    <testcase name="gmstrftime_variation15" classname="ext/date.gmstrftime_variation15">
      <skipped message="" />
    </testcase>
    <testcase name="gmstrftime_variation16" classname="ext/date.gmstrftime_variation16">
    </testcase>
    <testcase name="gmstrftime_variation17" classname="ext/date.gmstrftime_variation17">
      <skipped message="" />
    </testcase>
    <testcase name="gmstrftime_variation18" classname="ext/date.gmstrftime_variation18">
    </testcase>
    <testcase name="gmstrftime_variation19" classname="ext/date.gmstrftime_variation19">
      <skipped message="" />
    </testcase>
    <testcase name="gmstrftime_variation2" classname="ext/date.gmstrftime_variation2">
      <skipped message="" />
    </testcase>
    <testcase name="gmstrftime_variation20" classname="ext/date.gmstrftime_variation20">
    </testcase>
    <testcase name="gmstrftime_variation21" classname="ext/date.gmstrftime_variation21">
      <skipped message="" />
    </testcase>
    <testcase name="gmstrftime_variation22" classname="ext/date.gmstrftime_variation22">
    </testcase>
    <testcase name="gmstrftime_variation3" classname="ext/date.gmstrftime_variation3">
    </testcase>
    <testcase name="gmstrftime_variation4" classname="ext/date.gmstrftime_variation4">
    </testcase>
    <testcase name="gmstrftime_variation5" classname="ext/date.gmstrftime_variation5">
    </testcase>
    <testcase name="gmstrftime_variation6" classname="ext/date.gmstrftime_variation6">
    </testcase>
    <testcase name="gmstrftime_variation7" classname="ext/date.gmstrftime_variation7">
    </testcase>
    <testcase name="gmstrftime_variation8" classname="ext/date.gmstrftime_variation8">
    </testcase>
    <testcase name="gmstrftime_variation9" classname="ext/date.gmstrftime_variation9">
      <skipped message="" />
    </testcase>
    <testcase name="idate_basic" classname="ext/date.idate_basic">
    </testcase>
    <testcase name="idate_error" classname="ext/date.idate_error">
    </testcase>
    <testcase name="idate_variation1" classname="ext/date.idate_variation1">
    </testcase>
    <testcase name="idate_variation2" classname="ext/date.idate_variation2">
    </testcase>
    <testcase name="idate_variation3" classname="ext/date.idate_variation3">
      <skipped message="" />
    </testcase>
    <testcase name="idate_variation4" classname="ext/date.idate_variation4">
    </testcase>
    <testcase name="idate_variation5" classname="ext/date.idate_variation5">
    </testcase>
    <testcase name="idate_variation6" classname="ext/date.idate_variation6">
    </testcase>
    <testcase name="ini_set_incorrect" classname="ext/date.ini_set_incorrect">
    </testcase>
    <testcase name="localtime_basic" classname="ext/date.localtime_basic">
    </testcase>
    <testcase name="localtime_error" classname="ext/date.localtime_error">
    </testcase>
    <testcase name="localtime_variation1" classname="ext/date.localtime_variation1">
    </testcase>
    <testcase name="localtime_variation2" classname="ext/date.localtime_variation2">
    </testcase>
    <testcase name="localtime_variation3" classname="ext/date.localtime_variation3">
      <skipped message="" />
    </testcase>
    <testcase name="localtime_variation4" classname="ext/date.localtime_variation4">
    </testcase>
    <testcase name="localtime_variation5" classname="ext/date.localtime_variation5">
    </testcase>
    <testcase name="microtime_basic" classname="ext/date.microtime_basic">
    </testcase>
    <testcase name="microtime_error" classname="ext/date.microtime_error">
    </testcase>
    <testcase name="mktime-1" classname="ext/date.mktime-1">
    </testcase>
    <testcase name="mktime-3-64bit" classname="ext/date.mktime-3-64bit">
    </testcase>
    <testcase name="mktime-3" classname="ext/date.mktime-3">
      <skipped message="" />
    </testcase>
    <testcase name="mktime_basic1" classname="ext/date.mktime_basic1">
    </testcase>
    <testcase name="mktime_error" classname="ext/date.mktime_error">
    </testcase>
    <testcase name="mktime_variation1" classname="ext/date.mktime_variation1">
    </testcase>
    <testcase name="mktime_variation2" classname="ext/date.mktime_variation2">
    </testcase>
    <testcase name="mktime_variation3" classname="ext/date.mktime_variation3">
    </testcase>
    <testcase name="mktime_variation4" classname="ext/date.mktime_variation4">
    </testcase>
    <testcase name="mktime_variation5" classname="ext/date.mktime_variation5">
    </testcase>
    <testcase name="mktime_variation6" classname="ext/date.mktime_variation6">
    </testcase>
    <testcase name="oo_001" classname="ext/date.oo_001">
    </testcase>
    <testcase name="oo_002" classname="ext/date.oo_002">
    </testcase>
    <testcase name="rfc-datetime_and_daylight_saving_time-type1" classname="ext/date.rfc-datetime_and_daylight_saving_time-type1">
    </testcase>
    <testcase name="rfc-datetime_and_daylight_saving_time-type2" classname="ext/date.rfc-datetime_and_daylight_saving_time-type2">
    </testcase>
    <testcase name="rfc-datetime_and_daylight_saving_time-type3-ba" classname="ext/date.rfc-datetime_and_daylight_saving_time-type3-ba">
    </testcase>
    <testcase name="rfc-datetime_and_daylight_saving_time-type3-bd1" classname="ext/date.rfc-datetime_and_daylight_saving_time-type3-bd1">
    </testcase>
    <testcase name="rfc-datetime_and_daylight_saving_time-type3-bd2" classname="ext/date.rfc-datetime_and_daylight_saving_time-type3-bd2">
      <failure message="" />
    </testcase>
    <testcase name="rfc-datetime_and_daylight_saving_time-type3-bs" classname="ext/date.rfc-datetime_and_daylight_saving_time-type3-bs">
    </testcase>
    <testcase name="rfc-datetime_and_daylight_saving_time-type3-fa" classname="ext/date.rfc-datetime_and_daylight_saving_time-type3-fa">
    </testcase>
    <testcase name="rfc-datetime_and_daylight_saving_time-type3-fd" classname="ext/date.rfc-datetime_and_daylight_saving_time-type3-fd">
    </testcase>
    <testcase name="rfc-datetime_and_daylight_saving_time-type3-fs" classname="ext/date.rfc-datetime_and_daylight_saving_time-type3-fs">
      <failure message="" />
    </testcase>
    <testcase name="strftime_basic" classname="ext/date.strftime_basic">
    </testcase>
    <testcase name="strftime_error" classname="ext/date.strftime_error">
    </testcase>
    <testcase name="strftime_variation1" classname="ext/date.strftime_variation1">
    </testcase>
    <testcase name="strftime_variation10" classname="ext/date.strftime_variation10">
    </testcase>
    <testcase name="strftime_variation11" classname="ext/date.strftime_variation11">
      <skipped message="" />
    </testcase>
    <testcase name="strftime_variation12" classname="ext/date.strftime_variation12">
    </testcase>
    <testcase name="strftime_variation13" classname="ext/date.strftime_variation13">
      <skipped message="" />
    </testcase>
    <testcase name="strftime_variation14" classname="ext/date.strftime_variation14">
    </testcase>
    <testcase name="strftime_variation15" classname="ext/date.strftime_variation15">
      <skipped message="" />
    </testcase>
    <testcase name="strftime_variation16" classname="ext/date.strftime_variation16">
    </testcase>
    <testcase name="strftime_variation17" classname="ext/date.strftime_variation17">
      <skipped message="" />
    </testcase>
    <testcase name="strftime_variation18" classname="ext/date.strftime_variation18">
    </testcase>
    <testcase name="strftime_variation19" classname="ext/date.strftime_variation19">
      <skipped message="" />
    </testcase>
    <testcase name="strftime_variation2" classname="ext/date.strftime_variation2">
    </testcase>
    <testcase name="strftime_variation20" classname="ext/date.strftime_variation20">
    </testcase>
    <testcase name="strftime_variation21" classname="ext/date.strftime_variation21">
      <skipped message="" />
    </testcase>
    <testcase name="strftime_variation22" classname="ext/date.strftime_variation22">
    </testcase>
    <testcase name="strftime_variation23" classname="ext/date.strftime_variation23">
      <skipped message="" />
    </testcase>
    <testcase name="strftime_variation3" classname="ext/date.strftime_variation3">
    </testcase>
    <testcase name="strftime_variation4" classname="ext/date.strftime_variation4">
    </testcase>
    <testcase name="strftime_variation5" classname="ext/date.strftime_variation5">
    </testcase>
    <testcase name="strftime_variation6" classname="ext/date.strftime_variation6">
    </testcase>
    <testcase name="strftime_variation7" classname="ext/date.strftime_variation7">
    </testcase>
    <testcase name="strftime_variation8" classname="ext/date.strftime_variation8">
    </testcase>
    <testcase name="strftime_variation9" classname="ext/date.strftime_variation9">
      <skipped message="" />
    </testcase>
    <testcase name="strtotime-mysql-64bit" classname="ext/date.strtotime-mysql-64bit">
    </testcase>
    <testcase name="strtotime-mysql" classname="ext/date.strtotime-mysql">
      <skipped message="" />
    </testcase>
    <testcase name="strtotime-relative" classname="ext/date.strtotime-relative">
    </testcase>
    <testcase name="strtotime" classname="ext/date.strtotime">
    </testcase>
    <testcase name="strtotime2" classname="ext/date.strtotime2">
    </testcase>
    <testcase name="strtotime3-64bit" classname="ext/date.strtotime3-64bit">
    </testcase>
    <testcase name="strtotime3" classname="ext/date.strtotime3">
      <skipped message="" />
    </testcase>
    <testcase name="strtotime_basic" classname="ext/date.strtotime_basic">
    </testcase>
    <testcase name="strtotime_basic2" classname="ext/date.strtotime_basic2">
    </testcase>
    <testcase name="strtotime_variation_scottish" classname="ext/date.strtotime_variation_scottish">
    </testcase>
    <testcase name="sunfuncts" classname="ext/date.sunfuncts">
    </testcase>
    <testcase name="test-parse-from-format" classname="ext/date.test-parse-from-format">
    </testcase>
    <testcase name="time_basic" classname="ext/date.time_basic">
    </testcase>
    <testcase name="time_error" classname="ext/date.time_error">
    </testcase>
    <testcase name="timestamp-in-dst" classname="ext/date.timestamp-in-dst">
    </testcase>
    <testcase name="timezone-configuration" classname="ext/date.timezone-configuration">
    </testcase>
    <testcase name="timezone_abbreviations_list_basic1" classname="ext/date.timezone_abbreviations_list_basic1">
    </testcase>
    <testcase name="timezone_identifiers_list_basic1" classname="ext/date.timezone_identifiers_list_basic1">
    </testcase>
    <testcase name="timezone_identifiers_list_wrong_constructor" classname="ext/date.timezone_identifiers_list_wrong_constructor">
    </testcase>
    <testcase name="timezone_location_get" classname="ext/date.timezone_location_get">
    </testcase>
    <testcase name="timezone_name_from_abbr_basic1" classname="ext/date.timezone_name_from_abbr_basic1">
    </testcase>
    <testcase name="timezone_name_from_abbr_error" classname="ext/date.timezone_name_from_abbr_error">
    </testcase>
    <testcase name="timezone_name_from_abbr_variation1" classname="ext/date.timezone_name_from_abbr_variation1">
    </testcase>
    <testcase name="timezone_name_from_abbr_variation2" classname="ext/date.timezone_name_from_abbr_variation2">
    </testcase>
    <testcase name="timezone_name_from_abbr_variation3" classname="ext/date.timezone_name_from_abbr_variation3">
    </testcase>
    <testcase name="timezone_name_get_error" classname="ext/date.timezone_name_get_error">
    </testcase>
    <testcase name="timezone_offset_get_basic1" classname="ext/date.timezone_offset_get_basic1">
    </testcase>
    <testcase name="timezone_offset_get_error" classname="ext/date.timezone_offset_get_error">
    </testcase>
    <testcase name="timezone_offset_get_variation1" classname="ext/date.timezone_offset_get_variation1">
    </testcase>
    <testcase name="timezone_offset_get_variation2" classname="ext/date.timezone_offset_get_variation2">
    </testcase>
    <testcase name="timezone_open_basic1" classname="ext/date.timezone_open_basic1">
    </testcase>
    <testcase name="timezone_open_error" classname="ext/date.timezone_open_error">
    </testcase>
    <testcase name="timezone_open_variation1" classname="ext/date.timezone_open_variation1">
    </testcase>
    <testcase name="timezone_transitions_get_basic1" classname="ext/date.timezone_transitions_get_basic1">
    </testcase>
    <testcase name="timezone_transitions_get_error" classname="ext/date.timezone_transitions_get_error">
    </testcase>
    <testcase name="timezone_transitions_get_variation1" classname="ext/date.timezone_transitions_get_variation1">
    </testcase>
    <testcase name="timezone_transitions_get_variation2" classname="ext/date.timezone_transitions_get_variation2">
    </testcase>
    <testcase name="timezone_transitions_get_variation3" classname="ext/date.timezone_transitions_get_variation3">
    </testcase>
    <testcase name="timezone_version_get" classname="ext/date.timezone_version_get">
    </testcase>
    <testcase name="timezone_version_get_basic1" classname="ext/date.timezone_version_get_basic1">
    </testcase>
    <testcase name="timezones-list" classname="ext/date.timezones-list">
    </testcase>
    <testcase name="timezones" classname="ext/date.timezones">
    </testcase>
  </testsuite>
  <testsuite name="ext/dom" tests="225" disabled="0" errors="0" failures="0" skipped="0">
    <testcase name="DOMAttr_construct_error_001" classname="ext/dom.DOMAttr_construct_error_001">
    </testcase>
    <testcase name="DOMAttr_name_basic_001" classname="ext/dom.DOMAttr_name_basic_001">
    </testcase>
    <testcase name="DOMAttr_ownerElement_error_001" classname="ext/dom.DOMAttr_ownerElement_error_001">
    </testcase>
    <testcase name="DOMAttr_value_basic_001" classname="ext/dom.DOMAttr_value_basic_001">
    </testcase>
    <testcase name="DOMAttr_value_basic_002" classname="ext/dom.DOMAttr_value_basic_002">
    </testcase>
    <testcase name="DOMCDATASection_construct_error_001" classname="ext/dom.DOMCDATASection_construct_error_001">
    </testcase>
    <testcase name="DOMCharacterData_appendData_basic" classname="ext/dom.DOMCharacterData_appendData_basic">
    </testcase>
    <testcase name="DOMCharacterData_appendData_error_001" classname="ext/dom.DOMCharacterData_appendData_error_001">
    </testcase>
    <testcase name="DOMCharacterData_data_basic_002" classname="ext/dom.DOMCharacterData_data_basic_002">
    </testcase>
    <testcase name="DOMCharacterData_data_error_002" classname="ext/dom.DOMCharacterData_data_error_002">
    </testcase>
    <testcase name="DOMCharacterData_deleteData_basic_001" classname="ext/dom.DOMCharacterData_deleteData_basic_001">
    </testcase>
    <testcase name="DOMCharacterData_deleteData_error_001" classname="ext/dom.DOMCharacterData_deleteData_error_001">
    </testcase>
    <testcase name="DOMCharacterData_deleteData_error_002" classname="ext/dom.DOMCharacterData_deleteData_error_002">
    </testcase>
    <testcase name="DOMCharacterData_insertData_error_001" classname="ext/dom.DOMCharacterData_insertData_error_001">
    </testcase>
    <testcase name="DOMCharacterData_length_error_001" classname="ext/dom.DOMCharacterData_length_error_001">
    </testcase>
    <testcase name="DOMCharacterData_replaceData_error_001" classname="ext/dom.DOMCharacterData_replaceData_error_001">
    </testcase>
    <testcase name="DOMCharacterData_substringData_basic_001" classname="ext/dom.DOMCharacterData_substringData_basic_001">
    </testcase>
    <testcase name="DOMComment_appendData_basic" classname="ext/dom.DOMComment_appendData_basic">
    </testcase>
    <testcase name="DOMComment_appendData_basic_Sullivan" classname="ext/dom.DOMComment_appendData_basic_Sullivan">
    </testcase>
    <testcase name="DOMComment_construct_basic_001" classname="ext/dom.DOMComment_construct_basic_001">
    </testcase>
    <testcase name="DOMComment_construct_error_001" classname="ext/dom.DOMComment_construct_error_001">
    </testcase>
    <testcase name="DOMComment_insertData_basic" classname="ext/dom.DOMComment_insertData_basic">
    </testcase>
    <testcase name="DOMComment_insertData_error1" classname="ext/dom.DOMComment_insertData_error1">
    </testcase>
    <testcase name="DOMComment_insertData_error2" classname="ext/dom.DOMComment_insertData_error2">
    </testcase>
    <testcase name="DOMComment_replaceData_basic" classname="ext/dom.DOMComment_replaceData_basic">
    </testcase>
    <testcase name="DOMComment_replaceData_error1" classname="ext/dom.DOMComment_replaceData_error1">
    </testcase>
    <testcase name="DOMComment_replaceData_error2" classname="ext/dom.DOMComment_replaceData_error2">
    </testcase>
    <testcase name="DOMDocumentFragment_appendXML_basic_001" classname="ext/dom.DOMDocumentFragment_appendXML_basic_001">
    </testcase>
    <testcase name="DOMDocumentFragment_appendXML_error_001" classname="ext/dom.DOMDocumentFragment_appendXML_error_001">
    </testcase>
    <testcase name="DOMDocumentFragment_appendXML_error_002" classname="ext/dom.DOMDocumentFragment_appendXML_error_002">
    </testcase>
    <testcase name="DOMDocumentFragment_appendXML_error_003" classname="ext/dom.DOMDocumentFragment_appendXML_error_003">
    </testcase>
    <testcase name="DOMDocumentFragment_appendXML_hasChildNodes_basic" classname="ext/dom.DOMDocumentFragment_appendXML_hasChildNodes_basic">
    </testcase>
    <testcase name="DOMDocumentFragment_construct_basic_001" classname="ext/dom.DOMDocumentFragment_construct_basic_001">
    </testcase>
    <testcase name="DOMDocumentFragment_construct_basic_002" classname="ext/dom.DOMDocumentFragment_construct_basic_002">
    </testcase>
    <testcase name="DOMDocumentFragment_construct_error_001" classname="ext/dom.DOMDocumentFragment_construct_error_001">
    </testcase>
    <testcase name="DOMDocumentType_basic_001" classname="ext/dom.DOMDocumentType_basic_001">
    </testcase>
    <testcase name="DOMDocumentType_entities_error_001" classname="ext/dom.DOMDocumentType_entities_error_001">
    </testcase>
    <testcase name="DOMDocumentType_internalSubset_error_001" classname="ext/dom.DOMDocumentType_internalSubset_error_001">
    </testcase>
    <testcase name="DOMDocumentType_name_error_001" classname="ext/dom.DOMDocumentType_name_error_001">
    </testcase>
    <testcase name="DOMDocumentType_notations_error_001" classname="ext/dom.DOMDocumentType_notations_error_001">
    </testcase>
    <testcase name="DOMDocumentType_publicId_basic_001" classname="ext/dom.DOMDocumentType_publicId_basic_001">
    </testcase>
    <testcase name="DOMDocumentType_publicId_error_001" classname="ext/dom.DOMDocumentType_publicId_error_001">
    </testcase>
    <testcase name="DOMDocumentType_systemId_basic_001" classname="ext/dom.DOMDocumentType_systemId_basic_001">
    </testcase>
    <testcase name="DOMDocumentType_systemId_error_001" classname="ext/dom.DOMDocumentType_systemId_error_001">
    </testcase>
    <testcase name="DOMDocument_config_basic" classname="ext/dom.DOMDocument_config_basic">
    </testcase>
    <testcase name="DOMDocument_createAttribute_basic" classname="ext/dom.DOMDocument_createAttribute_basic">
    </testcase>
    <testcase name="DOMDocument_createAttribute_error" classname="ext/dom.DOMDocument_createAttribute_error">
    </testcase>
    <testcase name="DOMDocument_createAttribute_error1" classname="ext/dom.DOMDocument_createAttribute_error1">
    </testcase>
    <testcase name="DOMDocument_createAttribute_variation" classname="ext/dom.DOMDocument_createAttribute_variation">
    </testcase>
    <testcase name="DOMDocument_createEntityReference_basic" classname="ext/dom.DOMDocument_createEntityReference_basic">
    </testcase>
    <testcase name="DOMDocument_createProcessingInstruction_basic" classname="ext/dom.DOMDocument_createProcessingInstruction_basic">
    </testcase>
    <testcase name="DOMDocument_createProcessingInstruction_error" classname="ext/dom.DOMDocument_createProcessingInstruction_error">
    </testcase>
    <testcase name="DOMDocument_documentURI_basic" classname="ext/dom.DOMDocument_documentURI_basic">
    </testcase>
    <testcase name="DOMDocument_encoding_basic" classname="ext/dom.DOMDocument_encoding_basic">
    </testcase>
    <testcase name="DOMDocument_implementationRead_basic" classname="ext/dom.DOMDocument_implementationRead_basic">
    </testcase>
    <testcase name="DOMDocument_loadHTML_basic" classname="ext/dom.DOMDocument_loadHTML_basic">
    </testcase>
    <testcase name="DOMDocument_loadHTML_error1" classname="ext/dom.DOMDocument_loadHTML_error1">
    </testcase>
    <testcase name="DOMDocument_loadHTML_error2" classname="ext/dom.DOMDocument_loadHTML_error2">
    </testcase>
    <testcase name="DOMDocument_loadHTMLfile" classname="ext/dom.DOMDocument_loadHTMLfile">
    </testcase>
    <testcase name="DOMDocument_loadHTMLfile_error1" classname="ext/dom.DOMDocument_loadHTMLfile_error1">
    </testcase>
    <testcase name="DOMDocument_loadHTMLfile_error2" classname="ext/dom.DOMDocument_loadHTMLfile_error2">
    </testcase>
    <testcase name="DOMDocument_loadHTMLfile_variation1" classname="ext/dom.DOMDocument_loadHTMLfile_variation1">
    </testcase>
    <testcase name="DOMDocument_loadHTMLfile_variation2" classname="ext/dom.DOMDocument_loadHTMLfile_variation2">
    </testcase>
    <testcase name="DOMDocument_loadXML_basic" classname="ext/dom.DOMDocument_loadXML_basic">
    </testcase>
    <testcase name="DOMDocument_loadXML_error1" classname="ext/dom.DOMDocument_loadXML_error1">
    </testcase>
    <testcase name="DOMDocument_loadXML_error2" classname="ext/dom.DOMDocument_loadXML_error2">
    </testcase>
    <testcase name="DOMDocument_loadXML_error3" classname="ext/dom.DOMDocument_loadXML_error3">
    </testcase>
    <testcase name="DOMDocument_loadXML_error4" classname="ext/dom.DOMDocument_loadXML_error4">
    </testcase>
    <testcase name="DOMDocument_loadXML_error5" classname="ext/dom.DOMDocument_loadXML_error5">
    </testcase>
    <testcase name="DOMDocument_loadXML_variation1" classname="ext/dom.DOMDocument_loadXML_variation1">
    </testcase>
    <testcase name="DOMDocument_loadXML_variation2" classname="ext/dom.DOMDocument_loadXML_variation2">
    </testcase>
    <testcase name="DOMDocument_loadXML_variation3" classname="ext/dom.DOMDocument_loadXML_variation3">
    </testcase>
    <testcase name="DOMDocument_loadXML_variation4" classname="ext/dom.DOMDocument_loadXML_variation4">
    </testcase>
    <testcase name="DOMDocument_load_basic" classname="ext/dom.DOMDocument_load_basic">
    </testcase>
    <testcase name="DOMDocument_load_error1" classname="ext/dom.DOMDocument_load_error1">
    </testcase>
    <testcase name="DOMDocument_load_error2" classname="ext/dom.DOMDocument_load_error2">
    </testcase>
    <testcase name="DOMDocument_load_error3" classname="ext/dom.DOMDocument_load_error3">
    </testcase>
    <testcase name="DOMDocument_load_error4" classname="ext/dom.DOMDocument_load_error4">
    </testcase>
    <testcase name="DOMDocument_load_error5" classname="ext/dom.DOMDocument_load_error5">
    </testcase>
    <testcase name="DOMDocument_load_variation1" classname="ext/dom.DOMDocument_load_variation1">
    </testcase>
    <testcase name="DOMDocument_load_variation2" classname="ext/dom.DOMDocument_load_variation2">
    </testcase>
    <testcase name="DOMDocument_load_variation3" classname="ext/dom.DOMDocument_load_variation3">
    </testcase>
    <testcase name="DOMDocument_load_variation4" classname="ext/dom.DOMDocument_load_variation4">
    </testcase>
    <testcase name="DOMDocument_preserveWhiteSpace_basic" classname="ext/dom.DOMDocument_preserveWhiteSpace_basic">
    </testcase>
    <testcase name="DOMDocument_preserveWhiteSpace_variations" classname="ext/dom.DOMDocument_preserveWhiteSpace_variations">
    </testcase>
    <testcase name="DOMDocument_relaxNGValidateSource_basic" classname="ext/dom.DOMDocument_relaxNGValidateSource_basic">
    </testcase>
    <testcase name="DOMDocument_relaxNGValidateSource_error1" classname="ext/dom.DOMDocument_relaxNGValidateSource_error1">
    </testcase>
    <testcase name="DOMDocument_relaxNGValidateSource_error2" classname="ext/dom.DOMDocument_relaxNGValidateSource_error2">
    </testcase>
    <testcase name="DOMDocument_relaxNGValidate_basic" classname="ext/dom.DOMDocument_relaxNGValidate_basic">
    </testcase>
    <testcase name="DOMDocument_relaxNGValidate_error1" classname="ext/dom.DOMDocument_relaxNGValidate_error1">
    </testcase>
    <testcase name="DOMDocument_relaxNGValidate_error2" classname="ext/dom.DOMDocument_relaxNGValidate_error2">
    </testcase>
    <testcase name="DOMDocument_resolveExternals_basic" classname="ext/dom.DOMDocument_resolveExternals_basic">
    </testcase>
    <testcase name="DOMDocument_saveHTMLFile_basic" classname="ext/dom.DOMDocument_saveHTMLFile_basic">
    </testcase>
    <testcase name="DOMDocument_saveHTMLFile_error1" classname="ext/dom.DOMDocument_saveHTMLFile_error1">
    </testcase>
    <testcase name="DOMDocument_saveHTMLFile_error2" classname="ext/dom.DOMDocument_saveHTMLFile_error2">
    </testcase>
    <testcase name="DOMDocument_saveHTMLFile_formatOutput" classname="ext/dom.DOMDocument_saveHTMLFile_formatOutput">
    </testcase>
    <testcase name="DOMDocument_saveHTMLFile_invalid_filename" classname="ext/dom.DOMDocument_saveHTMLFile_invalid_filename">
    </testcase>
    <testcase name="DOMDocument_saveHTML_basic" classname="ext/dom.DOMDocument_saveHTML_basic">
    </testcase>
    <testcase name="DOMDocument_saveHTML_error2" classname="ext/dom.DOMDocument_saveHTML_error2">
    </testcase>
    <testcase name="DOMDocument_saveHTML_variant1" classname="ext/dom.DOMDocument_saveHTML_variant1">
    </testcase>
    <testcase name="DOMDocument_saveHTML_variant2" classname="ext/dom.DOMDocument_saveHTML_variant2">
    </testcase>
    <testcase name="DOMDocument_save_basic" classname="ext/dom.DOMDocument_save_basic">
    </testcase>
    <testcase name="DOMDocument_savexml_basic" classname="ext/dom.DOMDocument_savexml_basic">
    </testcase>
    <testcase name="DOMDocument_schemaValidateSource_addAttrs" classname="ext/dom.DOMDocument_schemaValidateSource_addAttrs">
    </testcase>
    <testcase name="DOMDocument_schemaValidateSource_basic" classname="ext/dom.DOMDocument_schemaValidateSource_basic">
    </testcase>
    <testcase name="DOMDocument_schemaValidateSource_error1" classname="ext/dom.DOMDocument_schemaValidateSource_error1">
    </testcase>
    <testcase name="DOMDocument_schemaValidateSource_error2" classname="ext/dom.DOMDocument_schemaValidateSource_error2">
    </testcase>
    <testcase name="DOMDocument_schemaValidateSource_error3" classname="ext/dom.DOMDocument_schemaValidateSource_error3">
    </testcase>
    <testcase name="DOMDocument_schemaValidateSource_error4" classname="ext/dom.DOMDocument_schemaValidateSource_error4">
    </testcase>
    <testcase name="DOMDocument_schemaValidateSource_missingAttrs" classname="ext/dom.DOMDocument_schemaValidateSource_missingAttrs">
    </testcase>
    <testcase name="DOMDocument_schemaValidate_addAttrs" classname="ext/dom.DOMDocument_schemaValidate_addAttrs">
    </testcase>
    <testcase name="DOMDocument_schemaValidate_basic" classname="ext/dom.DOMDocument_schemaValidate_basic">
    </testcase>
    <testcase name="DOMDocument_schemaValidate_error1" classname="ext/dom.DOMDocument_schemaValidate_error1">
    </testcase>
    <testcase name="DOMDocument_schemaValidate_error2" classname="ext/dom.DOMDocument_schemaValidate_error2">
    </testcase>
    <testcase name="DOMDocument_schemaValidate_error3" classname="ext/dom.DOMDocument_schemaValidate_error3">
    </testcase>
    <testcase name="DOMDocument_schemaValidate_error4" classname="ext/dom.DOMDocument_schemaValidate_error4">
    </testcase>
    <testcase name="DOMDocument_schemaValidate_error5" classname="ext/dom.DOMDocument_schemaValidate_error5">
    </testcase>
    <testcase name="DOMDocument_schemaValidate_missingAttrs" classname="ext/dom.DOMDocument_schemaValidate_missingAttrs">
    </testcase>
    <testcase name="DOMDocument_standalone_basic" classname="ext/dom.DOMDocument_standalone_basic">
    </testcase>
    <testcase name="DOMDocument_strictErrorChecking_basic" classname="ext/dom.DOMDocument_strictErrorChecking_basic">
    </testcase>
    <testcase name="DOMDocument_strictErrorChecking_variation" classname="ext/dom.DOMDocument_strictErrorChecking_variation">
    </testcase>
    <testcase name="DOMDocument_validate_basic" classname="ext/dom.DOMDocument_validate_basic">
    </testcase>
    <testcase name="DOMDocument_validate_error1" classname="ext/dom.DOMDocument_validate_error1">
    </testcase>
    <testcase name="DOMDocument_validate_error2" classname="ext/dom.DOMDocument_validate_error2">
    </testcase>
    <testcase name="DOMDocument_validate_external_dtd" classname="ext/dom.DOMDocument_validate_external_dtd">
    </testcase>
    <testcase name="DOMDocument_validate_on_parse_basic" classname="ext/dom.DOMDocument_validate_on_parse_basic">
    </testcase>
    <testcase name="DOMDocument_validate_on_parse_variation" classname="ext/dom.DOMDocument_validate_on_parse_variation">
    </testcase>
    <testcase name="DOMElement_hasAttributes_basic" classname="ext/dom.DOMElement_hasAttributes_basic">
    </testcase>
    <testcase name="DOMImplementation_createDocumentType_basic" classname="ext/dom.DOMImplementation_createDocumentType_basic">
    </testcase>
    <testcase name="DOMImplementation_createDocument_basic" classname="ext/dom.DOMImplementation_createDocument_basic">
    </testcase>
    <testcase name="DOMImplementation_hasFeature_basic" classname="ext/dom.DOMImplementation_hasFeature_basic">
    </testcase>
    <testcase name="DOMNamedNodeMap_count" classname="ext/dom.DOMNamedNodeMap_count">
    </testcase>
    <testcase name="DOMNode_C14NFile_basic" classname="ext/dom.DOMNode_C14NFile_basic">
    </testcase>
    <testcase name="DOMNode_C14N_basic" classname="ext/dom.DOMNode_C14N_basic">
    </testcase>
    <testcase name="DOMNode_cloneNode_basic" classname="ext/dom.DOMNode_cloneNode_basic">
    </testcase>
    <testcase name="DOMNode_getLineNo_basic" classname="ext/dom.DOMNode_getLineNo_basic">
    </testcase>
    <testcase name="DOMNode_getNodePath_basic" classname="ext/dom.DOMNode_getNodePath_basic">
    </testcase>
    <testcase name="DOMNode_hasChildNodes" classname="ext/dom.DOMNode_hasChildNodes">
    </testcase>
    <testcase name="DOMNode_hasChildNodes_basic" classname="ext/dom.DOMNode_hasChildNodes_basic">
    </testcase>
    <testcase name="DOMNode_insertBefore" classname="ext/dom.DOMNode_insertBefore">
    </testcase>
    <testcase name="DOMNode_insertBefore_error1" classname="ext/dom.DOMNode_insertBefore_error1">
    </testcase>
    <testcase name="DOMNode_insertBefore_error2" classname="ext/dom.DOMNode_insertBefore_error2">
    </testcase>
    <testcase name="DOMNode_insertBefore_error3" classname="ext/dom.DOMNode_insertBefore_error3">
    </testcase>
    <testcase name="DOMNode_insertBefore_error4" classname="ext/dom.DOMNode_insertBefore_error4">
    </testcase>
    <testcase name="DOMNode_insertBefore_error5" classname="ext/dom.DOMNode_insertBefore_error5">
    </testcase>
    <testcase name="DOMNode_insertBefore_error6" classname="ext/dom.DOMNode_insertBefore_error6">
    </testcase>
    <testcase name="DOMNode_issamenode_basic" classname="ext/dom.DOMNode_issamenode_basic">
    </testcase>
    <testcase name="DOMNode_normalize_basic" classname="ext/dom.DOMNode_normalize_basic">
    </testcase>
    <testcase name="DOMNode_removeChild_basic" classname="ext/dom.DOMNode_removeChild_basic">
    </testcase>
    <testcase name="DOMNode_replaceChild_basic" classname="ext/dom.DOMNode_replaceChild_basic">
    </testcase>
    <testcase name="DOMText_appendData_basic" classname="ext/dom.DOMText_appendData_basic">
    </testcase>
    <testcase name="DomNodeList_count" classname="ext/dom.DomNodeList_count">
    </testcase>
    <testcase name="bug28721" classname="ext/dom.bug28721">
    </testcase>
    <testcase name="bug28817" classname="ext/dom.bug28817">
    </testcase>
    <testcase name="bug32615" classname="ext/dom.bug32615">
    </testcase>
    <testcase name="bug34276" classname="ext/dom.bug34276">
    </testcase>
    <testcase name="bug35342" classname="ext/dom.bug35342">
    </testcase>
    <testcase name="bug35673" classname="ext/dom.bug35673">
    </testcase>
    <testcase name="bug36756" classname="ext/dom.bug36756">
    </testcase>
    <testcase name="bug37277" classname="ext/dom.bug37277">
    </testcase>
    <testcase name="bug37456" classname="ext/dom.bug37456">
    </testcase>
    <testcase name="bug38438" classname="ext/dom.bug38438">
    </testcase>
    <testcase name="bug38474" classname="ext/dom.bug38474">
    </testcase>
    <testcase name="bug38850" classname="ext/dom.bug38850">
    </testcase>
    <testcase name="bug38949" classname="ext/dom.bug38949">
    </testcase>
    <testcase name="bug40836" classname="ext/dom.bug40836">
    </testcase>
    <testcase name="bug41257" classname="ext/dom.bug41257">
    </testcase>
    <testcase name="bug41374" classname="ext/dom.bug41374">
    </testcase>
    <testcase name="bug42082" classname="ext/dom.bug42082">
    </testcase>
    <testcase name="bug43364" classname="ext/dom.bug43364">
    </testcase>
    <testcase name="bug44648" classname="ext/dom.bug44648">
    </testcase>
    <testcase name="bug45251" classname="ext/dom.bug45251">
    </testcase>
    <testcase name="bug46185" classname="ext/dom.bug46185">
    </testcase>
    <testcase name="bug46335" classname="ext/dom.bug46335">
    </testcase>
    <testcase name="bug46849" classname="ext/dom.bug46849">
    </testcase>
    <testcase name="bug47430" classname="ext/dom.bug47430">
    </testcase>
    <testcase name="bug47848" classname="ext/dom.bug47848">
    </testcase>
    <testcase name="bug47849" classname="ext/dom.bug47849">
    </testcase>
    <testcase name="bug49463" classname="ext/dom.bug49463">
    </testcase>
    <testcase name="bug49490" classname="ext/dom.bug49490">
    </testcase>
    <testcase name="bug50661" classname="ext/dom.bug50661">
    </testcase>
    <testcase name="bug52656" classname="ext/dom.bug52656">
    </testcase>
    <testcase name="bug54382" classname="ext/dom.bug54382">
    </testcase>
    <testcase name="bug54601" classname="ext/dom.bug54601">
    </testcase>
    <testcase name="bug61858" classname="ext/dom.bug61858">
    </testcase>
    <testcase name="bug65196" classname="ext/dom.bug65196">
    </testcase>
    <testcase name="bug66502" classname="ext/dom.bug66502">
    </testcase>
    <testcase name="bug67081" classname="ext/dom.bug67081">
    </testcase>
    <testcase name="bug67474" classname="ext/dom.bug67474">
    </testcase>
    <testcase name="bug67949" classname="ext/dom.bug67949">
    </testcase>
    <testcase name="bug69373" classname="ext/dom.bug69373">
    </testcase>
    <testcase name="bug69679" classname="ext/dom.bug69679">
    </testcase>
    <testcase name="bug69846" classname="ext/dom.bug69846">
    </testcase>
    <testcase name="bug70001" classname="ext/dom.bug70001">
    </testcase>
    <testcase name="bug70558" classname="ext/dom.bug70558">
    </testcase>
    <testcase name="bug73907" classname="ext/dom.bug73907">
    </testcase>
    <testcase name="bug74004" classname="ext/dom.bug74004">
    </testcase>
    <testcase name="bug74416" classname="ext/dom.bug74416">
    </testcase>
    <testcase name="bug75451" classname="ext/dom.bug75451">
    </testcase>
    <testcase name="bug76285" classname="ext/dom.bug76285">
    </testcase>
    <testcase name="bug76738" classname="ext/dom.bug76738">
    </testcase>
    <testcase name="canonicalization" classname="ext/dom.canonicalization">
    </testcase>
    <testcase name="dom001" classname="ext/dom.dom001">
    </testcase>
    <testcase name="dom002" classname="ext/dom.dom002">
    </testcase>
    <testcase name="dom003" classname="ext/dom.dom003">
    </testcase>
    <testcase name="dom004" classname="ext/dom.dom004">
    </testcase>
    <testcase name="dom005" classname="ext/dom.dom005">
    </testcase>
    <testcase name="dom006" classname="ext/dom.dom006">
    </testcase>
    <testcase name="dom007" classname="ext/dom.dom007">
    </testcase>
    <testcase name="dom_comment_basic" classname="ext/dom.dom_comment_basic">
    </testcase>
    <testcase name="dom_comment_variation" classname="ext/dom.dom_comment_variation">
    </testcase>
    <testcase name="dom_create_element" classname="ext/dom.dom_create_element">
    </testcase>
    <testcase name="dom_import_simplexml" classname="ext/dom.dom_import_simplexml">
    </testcase>
    <testcase name="dom_set_attr_node" classname="ext/dom.dom_set_attr_node">
    </testcase>
    <testcase name="dom_xinclude" classname="ext/dom.dom_xinclude">
    </testcase>
    <testcase name="domattributes" classname="ext/dom.domattributes">
    </testcase>
    <testcase name="domchardata" classname="ext/dom.domchardata">
    </testcase>
    <testcase name="domdocument_createcomment_error_001" classname="ext/dom.domdocument_createcomment_error_001">
    </testcase>
    <testcase name="domdocument_createentityreference_001" classname="ext/dom.domdocument_createentityreference_001">
    </testcase>
    <testcase name="domdocument_createentityreference_002" classname="ext/dom.domdocument_createentityreference_002">
    </testcase>
    <testcase name="domelement" classname="ext/dom.domelement">
    </testcase>
    <testcase name="domobject_debug_handler" classname="ext/dom.domobject_debug_handler">
    </testcase>
    <testcase name="domxpath" classname="ext/dom.domxpath">
    </testcase>
    <testcase name="node_textcontent" classname="ext/dom.node_textcontent">
    </testcase>
    <testcase name="regsiter_node_class" classname="ext/dom.regsiter_node_class">
    </testcase>
  </testsuite>
  <testsuite name="ext/exif" tests="73" disabled="0" errors="0" failures="0" skipped="0">
    <testcase name="bug34704-mb" classname="ext/exif.bug34704-mb">
    </testcase>
    <testcase name="bug34704" classname="ext/exif.bug34704">
    </testcase>
    <testcase name="bug48378" classname="ext/exif.bug48378">
    </testcase>
    <testcase name="bug50845" classname="ext/exif.bug50845">
    </testcase>
    <testcase name="bug54002" classname="ext/exif.bug54002">
    </testcase>
    <testcase name="bug60150" classname="ext/exif.bug60150">
    </testcase>
    <testcase name="bug62523_1" classname="ext/exif.bug62523_1">
    </testcase>
    <testcase name="bug62523_2" classname="ext/exif.bug62523_2">
    </testcase>
    <testcase name="bug62523_3" classname="ext/exif.bug62523_3">
    </testcase>
    <testcase name="bug64739" classname="ext/exif.bug64739">
    </testcase>
    <testcase name="bug68113-mb" classname="ext/exif.bug68113-mb">
    </testcase>
    <testcase name="bug68113" classname="ext/exif.bug68113">
    </testcase>
    <testcase name="bug68547" classname="ext/exif.bug68547">
    </testcase>
    <testcase name="bug68799" classname="ext/exif.bug68799">
    </testcase>
    <testcase name="bug71534" classname="ext/exif.bug71534">
    </testcase>
    <testcase name="bug72094" classname="ext/exif.bug72094">
    </testcase>
    <testcase name="bug72603" classname="ext/exif.bug72603">
    </testcase>
    <testcase name="bug72618" classname="ext/exif.bug72618">
    </testcase>
    <testcase name="bug72627" classname="ext/exif.bug72627">
    </testcase>
    <testcase name="bug73737" classname="ext/exif.bug73737">
    </testcase>
    <testcase name="bug76130" classname="ext/exif.bug76130">
    </testcase>
    <testcase name="bug76164" classname="ext/exif.bug76164">
    </testcase>
    <testcase name="bug76409" classname="ext/exif.bug76409">
    </testcase>
    <testcase name="bug76423" classname="ext/exif.bug76423">
    </testcase>
    <testcase name="bug76557" classname="ext/exif.bug76557">
    </testcase>
    <testcase name="bug77540" classname="ext/exif.bug77540">
    </testcase>
    <testcase name="bug77563" classname="ext/exif.bug77563">
    </testcase>
    <testcase name="bug77753" classname="ext/exif.bug77753">
    </testcase>
    <testcase name="bug77831" classname="ext/exif.bug77831">
    </testcase>
    <testcase name="bug77950" classname="ext/exif.bug77950">
    </testcase>
    <testcase name="exif000" classname="ext/exif.exif000">
    </testcase>
    <testcase name="exif001" classname="ext/exif.exif001">
    </testcase>
    <testcase name="exif002" classname="ext/exif.exif002">
    </testcase>
    <testcase name="exif003" classname="ext/exif.exif003">
    </testcase>
    <testcase name="exif004" classname="ext/exif.exif004">
    </testcase>
    <testcase name="exif005" classname="ext/exif.exif005">
    </testcase>
    <testcase name="exif007" classname="ext/exif.exif007">
    </testcase>
    <testcase name="exif008" classname="ext/exif.exif008">
    </testcase>
    <testcase name="exif009" classname="ext/exif.exif009">
    </testcase>
    <testcase name="exif010" classname="ext/exif.exif010">
    </testcase>
    <testcase name="exif011" classname="ext/exif.exif011">
    </testcase>
    <testcase name="exif012" classname="ext/exif.exif012">
    </testcase>
    <testcase name="exif013" classname="ext/exif.exif013">
    </testcase>
    <testcase name="exif014" classname="ext/exif.exif014">
    </testcase>
    <testcase name="exif015" classname="ext/exif.exif015">
    </testcase>
    <testcase name="exif016" classname="ext/exif.exif016">
    </testcase>
    <testcase name="exif017" classname="ext/exif.exif017">
    </testcase>
    <testcase name="exif018" classname="ext/exif.exif018">
    </testcase>
    <testcase name="exif020" classname="ext/exif.exif020">
    </testcase>
    <testcase name="exif021" classname="ext/exif.exif021">
    </testcase>
    <testcase name="exif022" classname="ext/exif.exif022">
    </testcase>
    <testcase name="exif023" classname="ext/exif.exif023">
    </testcase>
    <testcase name="exif024" classname="ext/exif.exif024">
    </testcase>
    <testcase name="exif025" classname="ext/exif.exif025">
    </testcase>
    <testcase name="exif026" classname="ext/exif.exif026">
    </testcase>
    <testcase name="exif027" classname="ext/exif.exif027">
    </testcase>
    <testcase name="exif_encoding_crash" classname="ext/exif.exif_encoding_crash">
    </testcase>
    <testcase name="exif_imagetype_basic-mb" classname="ext/exif.exif_imagetype_basic-mb">
    </testcase>
    <testcase name="exif_imagetype_basic" classname="ext/exif.exif_imagetype_basic">
    </testcase>
    <testcase name="exif_imagetype_error" classname="ext/exif.exif_imagetype_error">
    </testcase>
    <testcase name="exif_imagetype_variation1" classname="ext/exif.exif_imagetype_variation1">
    </testcase>
    <testcase name="exif_read_data_0" classname="ext/exif.exif_read_data_0">
    </testcase>
    <testcase name="exif_read_data_streams" classname="ext/exif.exif_read_data_streams">
    </testcase>
    <testcase name="exif_read_data_streams_seek" classname="ext/exif.exif_read_data_streams_seek">
    </testcase>
    <testcase name="exif_read_exif_data_basic-mb" classname="ext/exif.exif_read_exif_data_basic-mb">
    </testcase>
    <testcase name="exif_read_exif_data_basic" classname="ext/exif.exif_read_exif_data_basic">
    </testcase>
    <testcase name="exif_tagname_basic" classname="ext/exif.exif_tagname_basic">
    </testcase>
    <testcase name="exif_tagname_error" classname="ext/exif.exif_tagname_error">
    </testcase>
    <testcase name="exif_tagname_variation1-64bit" classname="ext/exif.exif_tagname_variation1-64bit">
    </testcase>
    <testcase name="exif_tagname_variation1" classname="ext/exif.exif_tagname_variation1">
    </testcase>
    <testcase name="exif_thumbnail_streams" classname="ext/exif.exif_thumbnail_streams">
    </testcase>
    <testcase name="redhat-bug1362571" classname="ext/exif.redhat-bug1362571">
    </testcase>
    <testcase name="sony" classname="ext/exif.sony">
    </testcase>
  </testsuite>
  <testsuite name="ext/exif/bug50660" tests="1" disabled="0" errors="0" failures="0" skipped="0">
    <testcase name="bug50660" classname="ext/exif/bug50660.bug50660">
    </testcase>
  </testsuite>
  <testsuite name="ext/exif/bug72735" tests="2" disabled="0" errors="0" failures="0" skipped="0">
    <testcase name="bug72682" classname="ext/exif/bug72735.bug72682">
    </testcase>
    <testcase name="bug72735" classname="ext/exif/bug72735.bug72735">
    </testcase>
  </testsuite>
  <testsuite name="ext/exif/bug72819" tests="1" disabled="0" errors="0" failures="0" skipped="0">
    <testcase name="bug72819" classname="ext/exif/bug72819.bug72819">
    </testcase>
  </testsuite>
  <testsuite name="ext/exif/bug73115" tests="1" disabled="0" errors="0" failures="0" skipped="0">
    <testcase name="bug73115" classname="ext/exif/bug73115.bug73115">
    </testcase>
  </testsuite>
  <testsuite name="ext/exif/bug74428" tests="1" disabled="0" errors="0" failures="0" skipped="0">
    <testcase name="bug74428" classname="ext/exif/bug74428.bug74428">
    </testcase>
  </testsuite>
  <testsuite name="ext/exif/bug77184" tests="1" disabled="0" errors="0" failures="0" skipped="0">
    <testcase name="bug77184" classname="ext/exif/bug77184.bug77184">
    </testcase>
  </testsuite>
  <testsuite name="ext/exif/bug77564" tests="1" disabled="0" errors="0" failures="0" skipped="0">
    <testcase name="bug77564" classname="ext/exif/bug77564.bug77564">
    </testcase>
  </testsuite>
  <testsuite name="ext/fileinfo" tests="47" disabled="0" errors="0" failures="0" skipped="3">
    <testcase name="bug57547" classname="ext/fileinfo.bug57547">
    </testcase>
    <testcase name="bug61173" classname="ext/fileinfo.bug61173">
    </testcase>
    <testcase name="bug61964-mb" classname="ext/fileinfo.bug61964-mb">
    </testcase>
    <testcase name="bug61964" classname="ext/fileinfo.bug61964">
    </testcase>
    <testcase name="bug67516" classname="ext/fileinfo.bug67516">
    </testcase>
    <testcase name="bug67647-mb" classname="ext/fileinfo.bug67647-mb">
    </testcase>
    <testcase name="bug67647" classname="ext/fileinfo.bug67647">
    </testcase>
    <testcase name="bug68398" classname="ext/fileinfo.bug68398">
    </testcase>
    <testcase name="bug68731" classname="ext/fileinfo.bug68731">
    </testcase>
    <testcase name="bug68735" classname="ext/fileinfo.bug68735">
    </testcase>
    <testcase name="bug68819_001" classname="ext/fileinfo.bug68819_001">
    </testcase>
    <testcase name="bug68819_002" classname="ext/fileinfo.bug68819_002">
    </testcase>
    <testcase name="bug68996" classname="ext/fileinfo.bug68996">
      <skipped message="" />
    </testcase>
    <testcase name="bug69107" classname="ext/fileinfo.bug69107">
    </testcase>
    <testcase name="bug69320" classname="ext/fileinfo.bug69320">
    </testcase>
    <testcase name="bug71434" classname="ext/fileinfo.bug71434">
    </testcase>
    <testcase name="bug71527-mb" classname="ext/fileinfo.bug71527-mb">
    </testcase>
    <testcase name="bug71527" classname="ext/fileinfo.bug71527">
    </testcase>
    <testcase name="cve-2014-1943-mb" classname="ext/fileinfo.cve-2014-1943-mb">
    </testcase>
    <testcase name="cve-2014-1943" classname="ext/fileinfo.cve-2014-1943">
    </testcase>
    <testcase name="cve-2014-3538-mb" classname="ext/fileinfo.cve-2014-3538-mb">
    </testcase>
    <testcase name="cve-2014-3538-nojit" classname="ext/fileinfo.cve-2014-3538-nojit">
      <skipped message="" />
    </testcase>
    <testcase name="cve-2014-3538" classname="ext/fileinfo.cve-2014-3538">
    </testcase>
    <testcase name="finfo_buffer_basic-mb" classname="ext/fileinfo.finfo_buffer_basic-mb">
    </testcase>
    <testcase name="finfo_buffer_basic" classname="ext/fileinfo.finfo_buffer_basic">
    </testcase>
    <testcase name="finfo_buffer_error" classname="ext/fileinfo.finfo_buffer_error">
    </testcase>
    <testcase name="finfo_buffer_variation1-mb" classname="ext/fileinfo.finfo_buffer_variation1-mb">
    </testcase>
    <testcase name="finfo_buffer_variation1" classname="ext/fileinfo.finfo_buffer_variation1">
    </testcase>
    <testcase name="finfo_close_basic" classname="ext/fileinfo.finfo_close_basic">
    </testcase>
    <testcase name="finfo_close_error" classname="ext/fileinfo.finfo_close_error">
    </testcase>
    <testcase name="finfo_extension_flag" classname="ext/fileinfo.finfo_extension_flag">
    </testcase>
    <testcase name="finfo_file_001" classname="ext/fileinfo.finfo_file_001">
    </testcase>
    <testcase name="finfo_file_002" classname="ext/fileinfo.finfo_file_002">
    </testcase>
    <testcase name="finfo_file_basic" classname="ext/fileinfo.finfo_file_basic">
    </testcase>
    <testcase name="finfo_file_regex" classname="ext/fileinfo.finfo_file_regex">
    </testcase>
    <testcase name="finfo_file_stream_001" classname="ext/fileinfo.finfo_file_stream_001">
      <skipped message="" />
    </testcase>
    <testcase name="finfo_open_001" classname="ext/fileinfo.finfo_open_001">
    </testcase>
    <testcase name="finfo_open_002" classname="ext/fileinfo.finfo_open_002">
    </testcase>
    <testcase name="finfo_open_basic" classname="ext/fileinfo.finfo_open_basic">
    </testcase>
    <testcase name="finfo_open_error" classname="ext/fileinfo.finfo_open_error">
    </testcase>
    <testcase name="finfo_open_variation1" classname="ext/fileinfo.finfo_open_variation1">
    </testcase>
    <testcase name="finfo_phpinfo_basic" classname="ext/fileinfo.finfo_phpinfo_basic">
    </testcase>
    <testcase name="finfo_set_flags_basic-mb" classname="ext/fileinfo.finfo_set_flags_basic-mb">
    </testcase>
    <testcase name="finfo_set_flags_basic" classname="ext/fileinfo.finfo_set_flags_basic">
    </testcase>
    <testcase name="mime_content_type_001" classname="ext/fileinfo.mime_content_type_001">
    </testcase>
    <testcase name="mime_content_type_002" classname="ext/fileinfo.mime_content_type_002">
    </testcase>
    <testcase name="precedural_finfo_in_method" classname="ext/fileinfo.precedural_finfo_in_method">
    </testcase>
  </testsuite>
  <testsuite name="ext/filter" tests="98" disabled="0" errors="0" failures="3" skipped="0">
    <testcase name="001" classname="ext/filter.001">
    </testcase>
    <testcase name="002" classname="ext/filter.002">
    </testcase>
    <testcase name="003" classname="ext/filter.003">
    </testcase>
    <testcase name="004" classname="ext/filter.004">
    </testcase>
    <testcase name="005" classname="ext/filter.005">
    </testcase>
    <testcase name="006" classname="ext/filter.006">
    </testcase>
    <testcase name="007" classname="ext/filter.007">
    </testcase>
    <testcase name="008" classname="ext/filter.008">
    </testcase>
    <testcase name="009" classname="ext/filter.009">
    </testcase>
    <testcase name="010" classname="ext/filter.010">
    </testcase>
    <testcase name="011" classname="ext/filter.011">
    </testcase>
    <testcase name="012" classname="ext/filter.012">
    </testcase>
    <testcase name="013" classname="ext/filter.013">
    </testcase>
    <testcase name="014" classname="ext/filter.014">
    </testcase>
    <testcase name="015" classname="ext/filter.015">
    </testcase>
    <testcase name="016" classname="ext/filter.016">
    </testcase>
    <testcase name="017" classname="ext/filter.017">
    </testcase>
    <testcase name="018" classname="ext/filter.018">
    </testcase>
    <testcase name="019" classname="ext/filter.019">
    </testcase>
    <testcase name="020" classname="ext/filter.020">
    </testcase>
    <testcase name="021" classname="ext/filter.021">
    </testcase>
    <testcase name="022" classname="ext/filter.022">
    </testcase>
    <testcase name="023" classname="ext/filter.023">
    </testcase>
    <testcase name="024" classname="ext/filter.024">
    </testcase>
    <testcase name="025" classname="ext/filter.025">
    </testcase>
    <testcase name="026" classname="ext/filter.026">
    </testcase>
    <testcase name="027" classname="ext/filter.027">
    </testcase>
    <testcase name="028" classname="ext/filter.028">
    </testcase>
    <testcase name="029" classname="ext/filter.029">
    </testcase>
    <testcase name="030" classname="ext/filter.030">
    </testcase>
    <testcase name="031" classname="ext/filter.031">
    </testcase>
    <testcase name="032" classname="ext/filter.032">
    </testcase>
    <testcase name="033" classname="ext/filter.033">
    </testcase>
    <testcase name="034" classname="ext/filter.034">
    </testcase>
    <testcase name="035" classname="ext/filter.035">
    </testcase>
    <testcase name="036" classname="ext/filter.036">
    </testcase>
    <testcase name="037" classname="ext/filter.037">
    </testcase>
    <testcase name="038" classname="ext/filter.038">
    </testcase>
    <testcase name="039" classname="ext/filter.039">
    </testcase>
    <testcase name="040" classname="ext/filter.040">
    </testcase>
    <testcase name="041" classname="ext/filter.041">
    </testcase>
    <testcase name="042" classname="ext/filter.042">
    </testcase>
    <testcase name="043" classname="ext/filter.043">
    </testcase>
    <testcase name="044" classname="ext/filter.044">
    </testcase>
    <testcase name="045" classname="ext/filter.045">
    </testcase>
    <testcase name="046" classname="ext/filter.046">
    </testcase>
    <testcase name="047" classname="ext/filter.047">
    </testcase>
    <testcase name="048" classname="ext/filter.048">
    </testcase>
    <testcase name="049" classname="ext/filter.049">
    </testcase>
    <testcase name="050" classname="ext/filter.050">
    </testcase>
    <testcase name="051" classname="ext/filter.051">
    </testcase>
    <testcase name="052" classname="ext/filter.052">
    </testcase>
    <testcase name="053" classname="ext/filter.053">
    </testcase>
    <testcase name="054" classname="ext/filter.054">
    </testcase>
    <testcase name="055" classname="ext/filter.055">
    </testcase>
    <testcase name="056" classname="ext/filter.056">
    </testcase>
    <testcase name="057" classname="ext/filter.057">
    </testcase>
    <testcase name="058" classname="ext/filter.058">
    </testcase>
    <testcase name="059" classname="ext/filter.059">
    </testcase>
    <testcase name="PMOPB45" classname="ext/filter.PMOPB45">
    </testcase>
    <testcase name="bug39846" classname="ext/filter.bug39846">
    </testcase>
    <testcase name="bug42718-2" classname="ext/filter.bug42718-2">
    </testcase>
    <testcase name="bug42718" classname="ext/filter.bug42718">
      <failure message="" />
    </testcase>
    <testcase name="bug44445" classname="ext/filter.bug44445">
    </testcase>
    <testcase name="bug44779" classname="ext/filter.bug44779">
    </testcase>
    <testcase name="bug46973" classname="ext/filter.bug46973">
    </testcase>
    <testcase name="bug47435" classname="ext/filter.bug47435">
    </testcase>
    <testcase name="bug47745" classname="ext/filter.bug47745">
    </testcase>
    <testcase name="bug48762" classname="ext/filter.bug48762">
    </testcase>
    <testcase name="bug49184" classname="ext/filter.bug49184">
      <failure message="" />
    </testcase>
    <testcase name="bug49274" classname="ext/filter.bug49274">
    </testcase>
    <testcase name="bug49510" classname="ext/filter.bug49510">
    </testcase>
    <testcase name="bug50158" classname="ext/filter.bug50158">
    </testcase>
    <testcase name="bug50632" classname="ext/filter.bug50632">
    </testcase>
    <testcase name="bug51192" classname="ext/filter.bug51192">
    </testcase>
    <testcase name="bug51368" classname="ext/filter.bug51368">
    </testcase>
    <testcase name="bug52209" classname="ext/filter.bug52209">
    </testcase>
    <testcase name="bug52929" classname="ext/filter.bug52929">
    </testcase>
    <testcase name="bug53037" classname="ext/filter.bug53037">
    </testcase>
    <testcase name="bug53150" classname="ext/filter.bug53150">
    </testcase>
    <testcase name="bug55478" classname="ext/filter.bug55478">
    </testcase>
    <testcase name="bug64441" classname="ext/filter.bug64441">
    </testcase>
    <testcase name="bug67167-01" classname="ext/filter.bug67167-01">
    </testcase>
    <testcase name="bug67167-02" classname="ext/filter.bug67167-02">
      <failure message="" />
    </testcase>
    <testcase name="bug69202" classname="ext/filter.bug69202">
    </testcase>
    <testcase name="bug69203" classname="ext/filter.bug69203">
    </testcase>
    <testcase name="bug71063" classname="ext/filter.bug71063">
    </testcase>
    <testcase name="bug73054" classname="ext/filter.bug73054">
    </testcase>
    <testcase name="bug76366" classname="ext/filter.bug76366">
    </testcase>
    <testcase name="bug7715" classname="ext/filter.bug7715">
    </testcase>
    <testcase name="bug7733" classname="ext/filter.bug7733">
    </testcase>
    <testcase name="bug8315" classname="ext/filter.bug8315">
    </testcase>
    <testcase name="callback_closure" classname="ext/filter.callback_closure">
    </testcase>
    <testcase name="callback_non_modified_var" classname="ext/filter.callback_non_modified_var">
    </testcase>
    <testcase name="deprecated" classname="ext/filter.deprecated">
    </testcase>
    <testcase name="filter_data" classname="ext/filter.filter_data">
    </testcase>
    <testcase name="filter_ipv4_rfc6890" classname="ext/filter.filter_ipv4_rfc6890">
    </testcase>
    <testcase name="filter_var_array_with_ref" classname="ext/filter.filter_var_array_with_ref">
    </testcase>
  </testsuite>
  <testsuite name="ext/ftp" tests="49" disabled="0" errors="0" failures="0" skipped="0">
    <testcase name="001" classname="ext/ftp.001">
    </testcase>
    <testcase name="002" classname="ext/ftp.002">
    </testcase>
    <testcase name="003" classname="ext/ftp.003">
    </testcase>
    <testcase name="004" classname="ext/ftp.004">
    </testcase>
    <testcase name="005" classname="ext/ftp.005">
    </testcase>
    <testcase name="006" classname="ext/ftp.006">
    </testcase>
    <testcase name="007" classname="ext/ftp.007">
    </testcase>
    <testcase name="bug27809" classname="ext/ftp.bug27809">
    </testcase>
    <testcase name="bug37799" classname="ext/ftp.bug37799">
    </testcase>
    <testcase name="bug39458-2" classname="ext/ftp.bug39458-2">
    </testcase>
    <testcase name="bug39458" classname="ext/ftp.bug39458">
    </testcase>
    <testcase name="bug39583-2" classname="ext/ftp.bug39583-2">
    </testcase>
    <testcase name="bug39583" classname="ext/ftp.bug39583">
    </testcase>
    <testcase name="bug7216-2" classname="ext/ftp.bug7216-2">
    </testcase>
    <testcase name="bug7216" classname="ext/ftp.bug7216">
    </testcase>
    <testcase name="filesize_large" classname="ext/ftp.filesize_large">
    </testcase>
    <testcase name="ftp_alloc_basic1" classname="ext/ftp.ftp_alloc_basic1">
    </testcase>
    <testcase name="ftp_alloc_basic2" classname="ext/ftp.ftp_alloc_basic2">
    </testcase>
    <testcase name="ftp_append" classname="ext/ftp.ftp_append">
    </testcase>
    <testcase name="ftp_chmod_basic" classname="ext/ftp.ftp_chmod_basic">
    </testcase>
    <testcase name="ftp_delete" classname="ext/ftp.ftp_delete">
    </testcase>
    <testcase name="ftp_exec_basic" classname="ext/ftp.ftp_exec_basic">
    </testcase>
    <testcase name="ftp_fget_basic" classname="ext/ftp.ftp_fget_basic">
    </testcase>
    <testcase name="ftp_fget_basic1" classname="ext/ftp.ftp_fget_basic1">
    </testcase>
    <testcase name="ftp_fget_basic2" classname="ext/ftp.ftp_fget_basic2">
    </testcase>
    <testcase name="ftp_fget_basic3" classname="ext/ftp.ftp_fget_basic3">
    </testcase>
    <testcase name="ftp_fput" classname="ext/ftp.ftp_fput">
    </testcase>
    <testcase name="ftp_get_basic" classname="ext/ftp.ftp_get_basic">
    </testcase>
    <testcase name="ftp_get_option" classname="ext/ftp.ftp_get_option">
    </testcase>
    <testcase name="ftp_mdtm_basic" classname="ext/ftp.ftp_mdtm_basic">
    </testcase>
    <testcase name="ftp_mlsd" classname="ext/ftp.ftp_mlsd">
    </testcase>
    <testcase name="ftp_mlsd_empty_directory" classname="ext/ftp.ftp_mlsd_empty_directory">
    </testcase>
    <testcase name="ftp_mlsd_missing_directory" classname="ext/ftp.ftp_mlsd_missing_directory">
    </testcase>
    <testcase name="ftp_nb_continue" classname="ext/ftp.ftp_nb_continue">
    </testcase>
    <testcase name="ftp_nb_fget_basic1" classname="ext/ftp.ftp_nb_fget_basic1">
    </testcase>
    <testcase name="ftp_nb_fget_basic2" classname="ext/ftp.ftp_nb_fget_basic2">
    </testcase>
    <testcase name="ftp_nb_fget_basic3" classname="ext/ftp.ftp_nb_fget_basic3">
    </testcase>
    <testcase name="ftp_nb_fput" classname="ext/ftp.ftp_nb_fput">
    </testcase>
    <testcase name="ftp_nb_get_large" classname="ext/ftp.ftp_nb_get_large">
    </testcase>
    <testcase name="ftp_nb_put" classname="ext/ftp.ftp_nb_put">
    </testcase>
    <testcase name="ftp_pasv" classname="ext/ftp.ftp_pasv">
    </testcase>
    <testcase name="ftp_rawlist_basic1" classname="ext/ftp.ftp_rawlist_basic1">
    </testcase>
    <testcase name="ftp_rawlist_basic2" classname="ext/ftp.ftp_rawlist_basic2">
    </testcase>
    <testcase name="ftp_rename_basic1" classname="ext/ftp.ftp_rename_basic1">
    </testcase>
    <testcase name="ftp_rmdir_basic" classname="ext/ftp.ftp_rmdir_basic">
    </testcase>
    <testcase name="ftp_set_option" classname="ext/ftp.ftp_set_option">
    </testcase>
    <testcase name="ftp_set_option_errors" classname="ext/ftp.ftp_set_option_errors">
    </testcase>
    <testcase name="ftp_site_basic" classname="ext/ftp.ftp_site_basic">
    </testcase>
    <testcase name="ftp_ssl_connect_error" classname="ext/ftp.ftp_ssl_connect_error">
    </testcase>
  </testsuite>
  <testsuite name="ext/gd" tests="385" disabled="0" errors="0" failures="0" skipped="12">
    <testcase name="001-mb" classname="ext/gd.001-mb">
    </testcase>
    <testcase name="001" classname="ext/gd.001">
    </testcase>
    <testcase name="bug19366" classname="ext/gd.bug19366">
    </testcase>
    <testcase name="bug22544-mb" classname="ext/gd.bug22544-mb">
    </testcase>
    <testcase name="bug22544" classname="ext/gd.bug22544">
    </testcase>
    <testcase name="bug24155" classname="ext/gd.bug24155">
    </testcase>
    <testcase name="bug24594" classname="ext/gd.bug24594">
    </testcase>
    <testcase name="bug27582_1" classname="ext/gd.bug27582_1">
    </testcase>
    <testcase name="bug28147" classname="ext/gd.bug28147">
    </testcase>
    <testcase name="bug36697-mb" classname="ext/gd.bug36697-mb">
    </testcase>
    <testcase name="bug36697" classname="ext/gd.bug36697">
    </testcase>
    <testcase name="bug37346-mb" classname="ext/gd.bug37346-mb">
    </testcase>
    <testcase name="bug37346" classname="ext/gd.bug37346">
    </testcase>
    <testcase name="bug37360" classname="ext/gd.bug37360">
    </testcase>
    <testcase name="bug38112" classname="ext/gd.bug38112">
    </testcase>
    <testcase name="bug38179" classname="ext/gd.bug38179">
    </testcase>
    <testcase name="bug38212-mb" classname="ext/gd.bug38212-mb">
    </testcase>
    <testcase name="bug38212" classname="ext/gd.bug38212">
    </testcase>
    <testcase name="bug39082" classname="ext/gd.bug39082">
    </testcase>
    <testcase name="bug39273" classname="ext/gd.bug39273">
    </testcase>
    <testcase name="bug39286-mb" classname="ext/gd.bug39286-mb">
    </testcase>
    <testcase name="bug39286" classname="ext/gd.bug39286">
    </testcase>
    <testcase name="bug39366" classname="ext/gd.bug39366">
    </testcase>
    <testcase name="bug39508" classname="ext/gd.bug39508">
    </testcase>
    <testcase name="bug39780" classname="ext/gd.bug39780">
    </testcase>
    <testcase name="bug39780_extern" classname="ext/gd.bug39780_extern">
      <skipped message="" />
    </testcase>
    <testcase name="bug40764" classname="ext/gd.bug40764">
    </testcase>
    <testcase name="bug41442" classname="ext/gd.bug41442">
    </testcase>
    <testcase name="bug42434" classname="ext/gd.bug42434">
    </testcase>
    <testcase name="bug43073" classname="ext/gd.bug43073">
    </testcase>
    <testcase name="bug43121" classname="ext/gd.bug43121">
    </testcase>
    <testcase name="bug43475" classname="ext/gd.bug43475">
    </testcase>
    <testcase name="bug43828" classname="ext/gd.bug43828">
    </testcase>
    <testcase name="bug44849" classname="ext/gd.bug44849">
    </testcase>
    <testcase name="bug45799" classname="ext/gd.bug45799">
    </testcase>
    <testcase name="bug47946" classname="ext/gd.bug47946">
    </testcase>
    <testcase name="bug48555" classname="ext/gd.bug48555">
    </testcase>
    <testcase name="bug48732-mb" classname="ext/gd.bug48732-mb">
    </testcase>
    <testcase name="bug48732" classname="ext/gd.bug48732">
    </testcase>
    <testcase name="bug48801-mb" classname="ext/gd.bug48801-mb">
    </testcase>
    <testcase name="bug48801" classname="ext/gd.bug48801">
    </testcase>
    <testcase name="bug49600" classname="ext/gd.bug49600">
    </testcase>
    <testcase name="bug50194" classname="ext/gd.bug50194">
    </testcase>
    <testcase name="bug51263" classname="ext/gd.bug51263">
    </testcase>
    <testcase name="bug51671" classname="ext/gd.bug51671">
    </testcase>
    <testcase name="bug52070" classname="ext/gd.bug52070">
    </testcase>
    <testcase name="bug53154" classname="ext/gd.bug53154">
    </testcase>
    <testcase name="bug53156" classname="ext/gd.bug53156">
    </testcase>
    <testcase name="bug53504" classname="ext/gd.bug53504">
    </testcase>
    <testcase name="bug53640" classname="ext/gd.bug53640">
    </testcase>
    <testcase name="bug60160" classname="ext/gd.bug60160">
    </testcase>
    <testcase name="bug61221" classname="ext/gd.bug61221">
    </testcase>
    <testcase name="bug64641" classname="ext/gd.bug64641">
    </testcase>
    <testcase name="bug65148" classname="ext/gd.bug65148">
    </testcase>
    <testcase name="bug66005" classname="ext/gd.bug66005">
    </testcase>
    <testcase name="bug66339-mb" classname="ext/gd.bug66339-mb">
    </testcase>
    <testcase name="bug66339" classname="ext/gd.bug66339">
    </testcase>
    <testcase name="bug66356" classname="ext/gd.bug66356">
    </testcase>
    <testcase name="bug66387" classname="ext/gd.bug66387">
    </testcase>
    <testcase name="bug66590" classname="ext/gd.bug66590">
      <skipped message="" />
    </testcase>
    <testcase name="bug66590_1" classname="ext/gd.bug66590_1">
      <skipped message="" />
    </testcase>
    <testcase name="bug66882" classname="ext/gd.bug66882">
    </testcase>
    <testcase name="bug67248" classname="ext/gd.bug67248">
    </testcase>
    <testcase name="bug67325" classname="ext/gd.bug67325">
    </testcase>
    <testcase name="bug67447" classname="ext/gd.bug67447">
    </testcase>
    <testcase name="bug69024" classname="ext/gd.bug69024">
    </testcase>
    <testcase name="bug70047" classname="ext/gd.bug70047">
    </testcase>
    <testcase name="bug70102" classname="ext/gd.bug70102">
      <skipped message="" />
    </testcase>
    <testcase name="bug70976" classname="ext/gd.bug70976">
    </testcase>
    <testcase name="bug71912-mb" classname="ext/gd.bug71912-mb">
    </testcase>
    <testcase name="bug71912" classname="ext/gd.bug71912">
    </testcase>
    <testcase name="bug71952" classname="ext/gd.bug71952">
    </testcase>
    <testcase name="bug72227" classname="ext/gd.bug72227">
    </testcase>
    <testcase name="bug72298" classname="ext/gd.bug72298">
    </testcase>
    <testcase name="bug72337" classname="ext/gd.bug72337">
    </testcase>
    <testcase name="bug72339" classname="ext/gd.bug72339">
    </testcase>
    <testcase name="bug72482" classname="ext/gd.bug72482">
    </testcase>
    <testcase name="bug72482_2" classname="ext/gd.bug72482_2">
    </testcase>
    <testcase name="bug72494" classname="ext/gd.bug72494">
    </testcase>
    <testcase name="bug72512" classname="ext/gd.bug72512">
    </testcase>
    <testcase name="bug72512_0" classname="ext/gd.bug72512_0">
    </testcase>
    <testcase name="bug72512_1" classname="ext/gd.bug72512_1">
    </testcase>
    <testcase name="bug72596" classname="ext/gd.bug72596">
    </testcase>
    <testcase name="bug72604" classname="ext/gd.bug72604">
    </testcase>
    <testcase name="bug72696" classname="ext/gd.bug72696">
    </testcase>
    <testcase name="bug72697" classname="ext/gd.bug72697">
    </testcase>
    <testcase name="bug72709" classname="ext/gd.bug72709">
    </testcase>
    <testcase name="bug72730" classname="ext/gd.bug72730">
    </testcase>
    <testcase name="bug72913" classname="ext/gd.bug72913">
    </testcase>
    <testcase name="bug73155" classname="ext/gd.bug73155">
    </testcase>
    <testcase name="bug73157" classname="ext/gd.bug73157">
    </testcase>
    <testcase name="bug73159" classname="ext/gd.bug73159">
    </testcase>
    <testcase name="bug73161" classname="ext/gd.bug73161">
    </testcase>
    <testcase name="bug73213" classname="ext/gd.bug73213">
    </testcase>
    <testcase name="bug73272" classname="ext/gd.bug73272">
    </testcase>
    <testcase name="bug73279" classname="ext/gd.bug73279">
    </testcase>
    <testcase name="bug73279_old" classname="ext/gd.bug73279_old">
      <skipped message="" />
    </testcase>
    <testcase name="bug73281" classname="ext/gd.bug73281">
    </testcase>
    <testcase name="bug73549" classname="ext/gd.bug73549">
    </testcase>
    <testcase name="bug73614" classname="ext/gd.bug73614">
    </testcase>
    <testcase name="bug73868" classname="ext/gd.bug73868">
    </testcase>
    <testcase name="bug73869" classname="ext/gd.bug73869">
    </testcase>
    <testcase name="bug73957" classname="ext/gd.bug73957">
    </testcase>
    <testcase name="bug73968" classname="ext/gd.bug73968">
    </testcase>
    <testcase name="bug74031" classname="ext/gd.bug74031">
    </testcase>
    <testcase name="bug74435" classname="ext/gd.bug74435">
    </testcase>
    <testcase name="bug75111" classname="ext/gd.bug75111">
    </testcase>
    <testcase name="bug75124" classname="ext/gd.bug75124">
    </testcase>
    <testcase name="bug75437" classname="ext/gd.bug75437">
      <skipped message="" />
    </testcase>
    <testcase name="bug75571" classname="ext/gd.bug75571">
    </testcase>
    <testcase name="bug76041" classname="ext/gd.bug76041">
    </testcase>
    <testcase name="bug77195" classname="ext/gd.bug77195">
    </testcase>
    <testcase name="bug77198_auto" classname="ext/gd.bug77198_auto">
    </testcase>
    <testcase name="bug77198_threshold" classname="ext/gd.bug77198_threshold">
    </testcase>
    <testcase name="bug77200" classname="ext/gd.bug77200">
    </testcase>
    <testcase name="bug77269" classname="ext/gd.bug77269">
    </testcase>
    <testcase name="bug77270" classname="ext/gd.bug77270">
    </testcase>
    <testcase name="bug77272" classname="ext/gd.bug77272">
    </testcase>
    <testcase name="bug77391" classname="ext/gd.bug77391">
    </testcase>
    <testcase name="bug77479" classname="ext/gd.bug77479">
    </testcase>
    <testcase name="bug77700" classname="ext/gd.bug77700">
    </testcase>
    <testcase name="bug77943" classname="ext/gd.bug77943">
    </testcase>
    <testcase name="colorat" classname="ext/gd.colorat">
    </testcase>
    <testcase name="colorclosest" classname="ext/gd.colorclosest">
    </testcase>
    <testcase name="colorexact" classname="ext/gd.colorexact">
    </testcase>
    <testcase name="colormatch" classname="ext/gd.colormatch">
    </testcase>
    <testcase name="colorresolve" classname="ext/gd.colorresolve">
    </testcase>
    <testcase name="copy" classname="ext/gd.copy">
    </testcase>
    <testcase name="copypalette" classname="ext/gd.copypalette">
    </testcase>
    <testcase name="copyresized" classname="ext/gd.copyresized">
    </testcase>
    <testcase name="crafted_gd2" classname="ext/gd.crafted_gd2">
    </testcase>
    <testcase name="createfromgd2" classname="ext/gd.createfromgd2">
    </testcase>
    <testcase name="createfromstring" classname="ext/gd.createfromstring">
    </testcase>
    <testcase name="createfromwbmp-mb" classname="ext/gd.createfromwbmp-mb">
    </testcase>
    <testcase name="createfromwbmp" classname="ext/gd.createfromwbmp">
    </testcase>
    <testcase name="createfromwbmp2" classname="ext/gd.createfromwbmp2">
    </testcase>
    <testcase name="createfromwbmp2_extern" classname="ext/gd.createfromwbmp2_extern">
      <skipped message="" />
    </testcase>
    <testcase name="dashedlines" classname="ext/gd.dashedlines">
    </testcase>
    <testcase name="gd_info_basic" classname="ext/gd.gd_info_basic">
    </testcase>
    <testcase name="gd_info_error" classname="ext/gd.gd_info_error">
    </testcase>
    <testcase name="gd_info_variation1" classname="ext/gd.gd_info_variation1">
    </testcase>
    <testcase name="gif" classname="ext/gd.gif">
    </testcase>
    <testcase name="gif2gd" classname="ext/gd.gif2gd">
    </testcase>
    <testcase name="gif2jpg" classname="ext/gd.gif2jpg">
    </testcase>
    <testcase name="gif2png" classname="ext/gd.gif2png">
    </testcase>
    <testcase name="github_bug_215" classname="ext/gd.github_bug_215">
    </testcase>
    <testcase name="image2wbmp_error" classname="ext/gd.image2wbmp_error">
    </testcase>
    <testcase name="imagealphablending_error1" classname="ext/gd.imagealphablending_error1">
    </testcase>
    <testcase name="imageantialias_error1" classname="ext/gd.imageantialias_error1">
    </testcase>
    <testcase name="imageantialias_error2" classname="ext/gd.imageantialias_error2">
    </testcase>
    <testcase name="imagearc_basic" classname="ext/gd.imagearc_basic">
    </testcase>
    <testcase name="imagearc_error1" classname="ext/gd.imagearc_error1">
    </testcase>
    <testcase name="imagearc_variation1" classname="ext/gd.imagearc_variation1">
    </testcase>
    <testcase name="imagearc_variation2" classname="ext/gd.imagearc_variation2">
    </testcase>
    <testcase name="imagebmp_basic" classname="ext/gd.imagebmp_basic">
    </testcase>
    <testcase name="imagechar_basic" classname="ext/gd.imagechar_basic">
    </testcase>
    <testcase name="imagechar_error1" classname="ext/gd.imagechar_error1">
    </testcase>
    <testcase name="imagechar_error2" classname="ext/gd.imagechar_error2">
    </testcase>
    <testcase name="imagechar_error3" classname="ext/gd.imagechar_error3">
    </testcase>
    <testcase name="imagechar_error4" classname="ext/gd.imagechar_error4">
    </testcase>
    <testcase name="imagechar_error5" classname="ext/gd.imagechar_error5">
    </testcase>
    <testcase name="imagechar_error6" classname="ext/gd.imagechar_error6">
    </testcase>
    <testcase name="imagechar_error7" classname="ext/gd.imagechar_error7">
    </testcase>
    <testcase name="imagecharup_basic" classname="ext/gd.imagecharup_basic">
    </testcase>
    <testcase name="imagecharup_error1" classname="ext/gd.imagecharup_error1">
    </testcase>
    <testcase name="imagecharup_error2" classname="ext/gd.imagecharup_error2">
    </testcase>
    <testcase name="imagecharup_error3" classname="ext/gd.imagecharup_error3">
    </testcase>
    <testcase name="imagecharup_error4" classname="ext/gd.imagecharup_error4">
    </testcase>
    <testcase name="imagecharup_error5" classname="ext/gd.imagecharup_error5">
    </testcase>
    <testcase name="imagecharup_error6" classname="ext/gd.imagecharup_error6">
    </testcase>
    <testcase name="imagecharup_error7" classname="ext/gd.imagecharup_error7">
    </testcase>
    <testcase name="imagecolorallocate_basic" classname="ext/gd.imagecolorallocate_basic">
    </testcase>
    <testcase name="imagecolorallocate_error" classname="ext/gd.imagecolorallocate_error">
    </testcase>
    <testcase name="imagecolorallocate_variation1" classname="ext/gd.imagecolorallocate_variation1">
    </testcase>
    <testcase name="imagecolorallocate_variation2" classname="ext/gd.imagecolorallocate_variation2">
    </testcase>
    <testcase name="imagecolorallocate_variation3" classname="ext/gd.imagecolorallocate_variation3">
    </testcase>
    <testcase name="imagecolorallocate_variation4" classname="ext/gd.imagecolorallocate_variation4">
    </testcase>
    <testcase name="imagecolorallocate_variation5" classname="ext/gd.imagecolorallocate_variation5">
    </testcase>
    <testcase name="imagecolorallocate_variation6" classname="ext/gd.imagecolorallocate_variation6">
    </testcase>
    <testcase name="imagecolorallocatealpha_basic" classname="ext/gd.imagecolorallocatealpha_basic">
    </testcase>
    <testcase name="imagecolorallocatealpha_error1" classname="ext/gd.imagecolorallocatealpha_error1">
    </testcase>
    <testcase name="imagecolorallocatealpha_error2" classname="ext/gd.imagecolorallocatealpha_error2">
    </testcase>
    <testcase name="imagecolorallocatealpha_error3" classname="ext/gd.imagecolorallocatealpha_error3">
    </testcase>
    <testcase name="imagecolorallocatealpha_error4" classname="ext/gd.imagecolorallocatealpha_error4">
    </testcase>
    <testcase name="imagecolorallocatealpha_error5" classname="ext/gd.imagecolorallocatealpha_error5">
    </testcase>
    <testcase name="imagecolorclosesthwb" classname="ext/gd.imagecolorclosesthwb">
    </testcase>
    <testcase name="imagecolordeallocate_basic" classname="ext/gd.imagecolordeallocate_basic">
    </testcase>
    <testcase name="imagecolordeallocate_error1" classname="ext/gd.imagecolordeallocate_error1">
    </testcase>
    <testcase name="imagecolordeallocate_error2" classname="ext/gd.imagecolordeallocate_error2">
    </testcase>
    <testcase name="imagecolordeallocate_error3" classname="ext/gd.imagecolordeallocate_error3">
    </testcase>
    <testcase name="imagecolordeallocate_error4" classname="ext/gd.imagecolordeallocate_error4">
    </testcase>
    <testcase name="imagecolormatch_basic" classname="ext/gd.imagecolormatch_basic">
    </testcase>
    <testcase name="imagecolormatch_error1" classname="ext/gd.imagecolormatch_error1">
    </testcase>
    <testcase name="imagecolormatch_error2" classname="ext/gd.imagecolormatch_error2">
    </testcase>
    <testcase name="imagecolormatch_error3" classname="ext/gd.imagecolormatch_error3">
    </testcase>
    <testcase name="imagecolormatch_error4" classname="ext/gd.imagecolormatch_error4">
    </testcase>
    <testcase name="imagecolorresolvealpha_error3" classname="ext/gd.imagecolorresolvealpha_error3">
    </testcase>
    <testcase name="imagecolorset_basic" classname="ext/gd.imagecolorset_basic">
    </testcase>
    <testcase name="imagecolorstotal_basic" classname="ext/gd.imagecolorstotal_basic">
    </testcase>
    <testcase name="imagecolorstotal_error" classname="ext/gd.imagecolorstotal_error">
    </testcase>
    <testcase name="imagecolourstotal_basic" classname="ext/gd.imagecolourstotal_basic">
    </testcase>
    <testcase name="imageconvolution_basic" classname="ext/gd.imageconvolution_basic">
    </testcase>
    <testcase name="imageconvolution_error1" classname="ext/gd.imageconvolution_error1">
    </testcase>
    <testcase name="imageconvolution_error2" classname="ext/gd.imageconvolution_error2">
    </testcase>
    <testcase name="imageconvolution_error3" classname="ext/gd.imageconvolution_error3">
    </testcase>
    <testcase name="imagecopymerge_basic" classname="ext/gd.imagecopymerge_basic">
    </testcase>
    <testcase name="imagecopymerge_error" classname="ext/gd.imagecopymerge_error">
    </testcase>
    <testcase name="imagecopymergegray_basic" classname="ext/gd.imagecopymergegray_basic">
    </testcase>
    <testcase name="imagecopyresampled_basic" classname="ext/gd.imagecopyresampled_basic">
    </testcase>
    <testcase name="imagecopyresampled_variation1" classname="ext/gd.imagecopyresampled_variation1">
    </testcase>
    <testcase name="imagecreatefrombmp_basic" classname="ext/gd.imagecreatefrombmp_basic">
    </testcase>
    <testcase name="imagecreatefromstring_bmp" classname="ext/gd.imagecreatefromstring_bmp">
    </testcase>
    <testcase name="imagecreatefromstring_gif" classname="ext/gd.imagecreatefromstring_gif">
    </testcase>
    <testcase name="imagecreatefromstring_png" classname="ext/gd.imagecreatefromstring_png">
    </testcase>
    <testcase name="imagecreatefromstring_webp" classname="ext/gd.imagecreatefromstring_webp">
      <skipped message="" />
    </testcase>
    <testcase name="imagecreatetruecolor_basic" classname="ext/gd.imagecreatetruecolor_basic">
    </testcase>
    <testcase name="imagecreatetruecolor_error1" classname="ext/gd.imagecreatetruecolor_error1">
    </testcase>
    <testcase name="imagecreatetruecolor_error2" classname="ext/gd.imagecreatetruecolor_error2">
    </testcase>
    <testcase name="imagecreatetruecolor_error3" classname="ext/gd.imagecreatetruecolor_error3">
    </testcase>
    <testcase name="imagecrop_auto-ext" classname="ext/gd.imagecrop_auto-ext">
      <skipped message="" />
    </testcase>
    <testcase name="imagecrop_auto" classname="ext/gd.imagecrop_auto">
    </testcase>
    <testcase name="imagedashedline_basic" classname="ext/gd.imagedashedline_basic">
    </testcase>
    <testcase name="imageellipse_basic" classname="ext/gd.imageellipse_basic">
    </testcase>
    <testcase name="imageellipse_error1" classname="ext/gd.imageellipse_error1">
    </testcase>
    <testcase name="imageellipse_error2" classname="ext/gd.imageellipse_error2">
    </testcase>
    <testcase name="imageellipse_error3" classname="ext/gd.imageellipse_error3">
    </testcase>
    <testcase name="imageellipse_error4" classname="ext/gd.imageellipse_error4">
    </testcase>
    <testcase name="imageellipse_error5" classname="ext/gd.imageellipse_error5">
    </testcase>
    <testcase name="imageellipse_error6" classname="ext/gd.imageellipse_error6">
    </testcase>
    <testcase name="imageellipse_error7" classname="ext/gd.imageellipse_error7">
    </testcase>
    <testcase name="imageellipse_error8" classname="ext/gd.imageellipse_error8">
    </testcase>
    <testcase name="imagefill_1" classname="ext/gd.imagefill_1">
    </testcase>
    <testcase name="imagefilledarc_basic" classname="ext/gd.imagefilledarc_basic">
    </testcase>
    <testcase name="imagefilledarc_error1" classname="ext/gd.imagefilledarc_error1">
    </testcase>
    <testcase name="imagefilledarc_variation1" classname="ext/gd.imagefilledarc_variation1">
    </testcase>
    <testcase name="imagefilledarc_variation2" classname="ext/gd.imagefilledarc_variation2">
    </testcase>
    <testcase name="imagefilledellipse_basic" classname="ext/gd.imagefilledellipse_basic">
    </testcase>
    <testcase name="imagefilledpolygon_basic" classname="ext/gd.imagefilledpolygon_basic">
    </testcase>
    <testcase name="imagefilledpolygon_negative" classname="ext/gd.imagefilledpolygon_negative">
    </testcase>
    <testcase name="imagefilltoborder_basic" classname="ext/gd.imagefilltoborder_basic">
    </testcase>
    <testcase name="imagefilltoborder_error1" classname="ext/gd.imagefilltoborder_error1">
    </testcase>
    <testcase name="imagefilltoborder_error2" classname="ext/gd.imagefilltoborder_error2">
    </testcase>
    <testcase name="imagefilltoborder_error3" classname="ext/gd.imagefilltoborder_error3">
    </testcase>
    <testcase name="imagefilltoborder_error4" classname="ext/gd.imagefilltoborder_error4">
    </testcase>
    <testcase name="imagefilltoborder_error5" classname="ext/gd.imagefilltoborder_error5">
    </testcase>
    <testcase name="imagefilltoborder_error6" classname="ext/gd.imagefilltoborder_error6">
    </testcase>
    <testcase name="imagefilltoborder_error7" classname="ext/gd.imagefilltoborder_error7">
    </testcase>
    <testcase name="imagefilter" classname="ext/gd.imagefilter">
    </testcase>
    <testcase name="imagefilter_error1" classname="ext/gd.imagefilter_error1">
    </testcase>
    <testcase name="imagefilter_error10" classname="ext/gd.imagefilter_error10">
    </testcase>
    <testcase name="imagefilter_error11" classname="ext/gd.imagefilter_error11">
    </testcase>
    <testcase name="imagefilter_error12" classname="ext/gd.imagefilter_error12">
    </testcase>
    <testcase name="imagefilter_error13" classname="ext/gd.imagefilter_error13">
    </testcase>
    <testcase name="imagefilter_error14" classname="ext/gd.imagefilter_error14">
    </testcase>
    <testcase name="imagefilter_error15" classname="ext/gd.imagefilter_error15">
    </testcase>
    <testcase name="imagefilter_error16" classname="ext/gd.imagefilter_error16">
    </testcase>
    <testcase name="imagefilter_error17" classname="ext/gd.imagefilter_error17">
    </testcase>
    <testcase name="imagefilter_error18" classname="ext/gd.imagefilter_error18">
    </testcase>
    <testcase name="imagefilter_error19" classname="ext/gd.imagefilter_error19">
    </testcase>
    <testcase name="imagefilter_error2" classname="ext/gd.imagefilter_error2">
    </testcase>
    <testcase name="imagefilter_error20" classname="ext/gd.imagefilter_error20">
    </testcase>
    <testcase name="imagefilter_error3" classname="ext/gd.imagefilter_error3">
    </testcase>
    <testcase name="imagefilter_error4" classname="ext/gd.imagefilter_error4">
    </testcase>
    <testcase name="imagefilter_error5" classname="ext/gd.imagefilter_error5">
    </testcase>
    <testcase name="imagefilter_error6" classname="ext/gd.imagefilter_error6">
    </testcase>
    <testcase name="imagefilter_error7" classname="ext/gd.imagefilter_error7">
    </testcase>
    <testcase name="imagefilter_error8" classname="ext/gd.imagefilter_error8">
    </testcase>
    <testcase name="imagefilter_error9" classname="ext/gd.imagefilter_error9">
    </testcase>
    <testcase name="imageflip" classname="ext/gd.imageflip">
    </testcase>
    <testcase name="imagefontheight_basic" classname="ext/gd.imagefontheight_basic">
    </testcase>
    <testcase name="imagefontheight_error1" classname="ext/gd.imagefontheight_error1">
    </testcase>
    <testcase name="imagefontwidth_basic" classname="ext/gd.imagefontwidth_basic">
    </testcase>
    <testcase name="imagefontwidth_error1" classname="ext/gd.imagefontwidth_error1">
    </testcase>
    <testcase name="imagefttext" classname="ext/gd.imagefttext">
    </testcase>
    <testcase name="imagegammacorrect_basic" classname="ext/gd.imagegammacorrect_basic">
    </testcase>
    <testcase name="imagegammacorrect_error1" classname="ext/gd.imagegammacorrect_error1">
    </testcase>
    <testcase name="imagegammacorrect_error2" classname="ext/gd.imagegammacorrect_error2">
    </testcase>
    <testcase name="imagegammacorrect_error3" classname="ext/gd.imagegammacorrect_error3">
    </testcase>
    <testcase name="imagegammacorrect_error4" classname="ext/gd.imagegammacorrect_error4">
    </testcase>
    <testcase name="imagegammacorrect_variation1" classname="ext/gd.imagegammacorrect_variation1">
    </testcase>
    <testcase name="imagegammacorrect_variation2" classname="ext/gd.imagegammacorrect_variation2">
    </testcase>
    <testcase name="imagegd2_nullbyte_injection" classname="ext/gd.imagegd2_nullbyte_injection">
    </testcase>
    <testcase name="imagegd_nullbyte_injection" classname="ext/gd.imagegd_nullbyte_injection">
    </testcase>
    <testcase name="imagegd_truecolor" classname="ext/gd.imagegd_truecolor">
    </testcase>
    <testcase name="imagegetclip_basic" classname="ext/gd.imagegetclip_basic">
    </testcase>
    <testcase name="imagegif_nullbyte_injection" classname="ext/gd.imagegif_nullbyte_injection">
    </testcase>
    <testcase name="imageinterlace_basic" classname="ext/gd.imageinterlace_basic">
    </testcase>
    <testcase name="imageinterlace_error1" classname="ext/gd.imageinterlace_error1">
    </testcase>
    <testcase name="imageinterlace_error2" classname="ext/gd.imageinterlace_error2">
    </testcase>
    <testcase name="imageinterlace_variation1" classname="ext/gd.imageinterlace_variation1">
    </testcase>
    <testcase name="imageinterlace_variation2" classname="ext/gd.imageinterlace_variation2">
    </testcase>
    <testcase name="imageistruecolor_basic" classname="ext/gd.imageistruecolor_basic">
    </testcase>
    <testcase name="imageistruecolor_error1" classname="ext/gd.imageistruecolor_error1">
    </testcase>
    <testcase name="imagejpeg_nullbyte_injection" classname="ext/gd.imagejpeg_nullbyte_injection">
    </testcase>
    <testcase name="imagelayereffect_basic" classname="ext/gd.imagelayereffect_basic">
    </testcase>
    <testcase name="imagelayereffect_error1" classname="ext/gd.imagelayereffect_error1">
    </testcase>
    <testcase name="imagelayereffect_error2" classname="ext/gd.imagelayereffect_error2">
    </testcase>
    <testcase name="imagelayereffect_error3" classname="ext/gd.imagelayereffect_error3">
    </testcase>
    <testcase name="imageloadfont_error1" classname="ext/gd.imageloadfont_error1">
    </testcase>
    <testcase name="imageloadfont_error2" classname="ext/gd.imageloadfont_error2">
    </testcase>
    <testcase name="imageloadfont_invalid" classname="ext/gd.imageloadfont_invalid">
    </testcase>
    <testcase name="imageopenpolygon_basic" classname="ext/gd.imageopenpolygon_basic">
    </testcase>
    <testcase name="imagepalettetotruecolor_basic" classname="ext/gd.imagepalettetotruecolor_basic">
    </testcase>
    <testcase name="imagepalettetotruecolor_error1" classname="ext/gd.imagepalettetotruecolor_error1">
    </testcase>
    <testcase name="imagepalettetotruecolor_error2" classname="ext/gd.imagepalettetotruecolor_error2">
    </testcase>
    <testcase name="imagepalettetotruecolor_error3" classname="ext/gd.imagepalettetotruecolor_error3">
    </testcase>
    <testcase name="imagepng_nullbyte_injection" classname="ext/gd.imagepng_nullbyte_injection">
    </testcase>
    <testcase name="imagepolygon_aa" classname="ext/gd.imagepolygon_aa">
    </testcase>
    <testcase name="imagepolygon_basic" classname="ext/gd.imagepolygon_basic">
    </testcase>
    <testcase name="imagepolygon_negative" classname="ext/gd.imagepolygon_negative">
    </testcase>
    <testcase name="imagerectangle_basic" classname="ext/gd.imagerectangle_basic">
    </testcase>
    <testcase name="imagerectangle_error1" classname="ext/gd.imagerectangle_error1">
    </testcase>
    <testcase name="imagerectangle_error2" classname="ext/gd.imagerectangle_error2">
    </testcase>
    <testcase name="imagerectangle_error3" classname="ext/gd.imagerectangle_error3">
    </testcase>
    <testcase name="imagerectangle_error4" classname="ext/gd.imagerectangle_error4">
    </testcase>
    <testcase name="imagerectangle_error5" classname="ext/gd.imagerectangle_error5">
    </testcase>
    <testcase name="imagerectangle_error6" classname="ext/gd.imagerectangle_error6">
    </testcase>
    <testcase name="imagerectangle_error7" classname="ext/gd.imagerectangle_error7">
    </testcase>
    <testcase name="imagerectangle_error8" classname="ext/gd.imagerectangle_error8">
    </testcase>
    <testcase name="imageresolution_jpeg" classname="ext/gd.imageresolution_jpeg">
    </testcase>
    <testcase name="imageresolution_png" classname="ext/gd.imageresolution_png">
    </testcase>
    <testcase name="imagerotate_overflow" classname="ext/gd.imagerotate_overflow">
    </testcase>
    <testcase name="imagesavealpha_error2" classname="ext/gd.imagesavealpha_error2">
    </testcase>
    <testcase name="imagesetbrush_basic" classname="ext/gd.imagesetbrush_basic">
    </testcase>
    <testcase name="imagesetclip_basic" classname="ext/gd.imagesetclip_basic">
    </testcase>
    <testcase name="imagesetthickness_basic" classname="ext/gd.imagesetthickness_basic">
    </testcase>
    <testcase name="imagesetthickness_error1" classname="ext/gd.imagesetthickness_error1">
    </testcase>
    <testcase name="imagesetthickness_error2" classname="ext/gd.imagesetthickness_error2">
    </testcase>
    <testcase name="imagestring_basic" classname="ext/gd.imagestring_basic">
    </testcase>
    <testcase name="imagestring_error1" classname="ext/gd.imagestring_error1">
    </testcase>
    <testcase name="imagestring_error2" classname="ext/gd.imagestring_error2">
    </testcase>
    <testcase name="imagestring_error3" classname="ext/gd.imagestring_error3">
    </testcase>
    <testcase name="imagestring_error4" classname="ext/gd.imagestring_error4">
    </testcase>
    <testcase name="imagestring_error5" classname="ext/gd.imagestring_error5">
    </testcase>
    <testcase name="imagestring_error6" classname="ext/gd.imagestring_error6">
    </testcase>
    <testcase name="imagestring_error7" classname="ext/gd.imagestring_error7">
    </testcase>
    <testcase name="imagestringup_basic" classname="ext/gd.imagestringup_basic">
    </testcase>
    <testcase name="imagestringup_error1" classname="ext/gd.imagestringup_error1">
    </testcase>
    <testcase name="imagestringup_error2" classname="ext/gd.imagestringup_error2">
    </testcase>
    <testcase name="imagestringup_error3" classname="ext/gd.imagestringup_error3">
    </testcase>
    <testcase name="imagestringup_error4" classname="ext/gd.imagestringup_error4">
    </testcase>
    <testcase name="imagestringup_error5" classname="ext/gd.imagestringup_error5">
    </testcase>
    <testcase name="imagestringup_error6" classname="ext/gd.imagestringup_error6">
    </testcase>
    <testcase name="imagestringup_error7" classname="ext/gd.imagestringup_error7">
    </testcase>
    <testcase name="imagetruecolortopalette_basic" classname="ext/gd.imagetruecolortopalette_basic">
    </testcase>
    <testcase name="imagetruecolortopalette_error1" classname="ext/gd.imagetruecolortopalette_error1">
    </testcase>
    <testcase name="imagetruecolortopalette_error2" classname="ext/gd.imagetruecolortopalette_error2">
    </testcase>
    <testcase name="imagetruecolortopalette_error3" classname="ext/gd.imagetruecolortopalette_error3">
    </testcase>
    <testcase name="imagetruecolortopalette_error4" classname="ext/gd.imagetruecolortopalette_error4">
    </testcase>
    <testcase name="imagettftext_charmap_order" classname="ext/gd.imagettftext_charmap_order">
    </testcase>
    <testcase name="imagetypes_bmp" classname="ext/gd.imagetypes_bmp">
    </testcase>
    <testcase name="imagewbmp-mb" classname="ext/gd.imagewbmp-mb">
    </testcase>
    <testcase name="imagewbmp" classname="ext/gd.imagewbmp">
    </testcase>
    <testcase name="imagewbmp_nullbyte_injection" classname="ext/gd.imagewbmp_nullbyte_injection">
    </testcase>
    <testcase name="imagewebp_nullbyte_injection" classname="ext/gd.imagewebp_nullbyte_injection">
      <skipped message="" />
    </testcase>
    <testcase name="jpeg2png" classname="ext/gd.jpeg2png">
    </testcase>
    <testcase name="jpeg2wbmp_error1" classname="ext/gd.jpeg2wbmp_error1">
    </testcase>
    <testcase name="jpeg2wbmp_error2-mb" classname="ext/gd.jpeg2wbmp_error2-mb">
    </testcase>
    <testcase name="jpeg2wbmp_error2" classname="ext/gd.jpeg2wbmp_error2">
    </testcase>
    <testcase name="jpeg2wbmp_error3" classname="ext/gd.jpeg2wbmp_error3">
    </testcase>
    <testcase name="jpg2gd-mb" classname="ext/gd.jpg2gd-mb">
    </testcase>
    <testcase name="jpg2gd" classname="ext/gd.jpg2gd">
    </testcase>
    <testcase name="libgd00086" classname="ext/gd.libgd00086">
    </testcase>
    <testcase name="libgd00086_extern" classname="ext/gd.libgd00086_extern">
      <skipped message="" />
    </testcase>
    <testcase name="libgd00094-mb" classname="ext/gd.libgd00094-mb">
    </testcase>
    <testcase name="libgd00094" classname="ext/gd.libgd00094">
    </testcase>
    <testcase name="libgd00100" classname="ext/gd.libgd00100">
    </testcase>
    <testcase name="libgd00101" classname="ext/gd.libgd00101">
    </testcase>
    <testcase name="libgd00106" classname="ext/gd.libgd00106">
    </testcase>
    <testcase name="libgd00186" classname="ext/gd.libgd00186">
    </testcase>
    <testcase name="libgd00191" classname="ext/gd.libgd00191">
    </testcase>
    <testcase name="lines" classname="ext/gd.lines">
    </testcase>
    <testcase name="png2gd" classname="ext/gd.png2gd">
    </testcase>
    <testcase name="png2wbmp_error1-mb" classname="ext/gd.png2wbmp_error1-mb">
    </testcase>
    <testcase name="png2wbmp_error1" classname="ext/gd.png2wbmp_error1">
    </testcase>
    <testcase name="png2wbmp_error2" classname="ext/gd.png2wbmp_error2">
    </testcase>
    <testcase name="png2wbmp_error3" classname="ext/gd.png2wbmp_error3">
    </testcase>
    <testcase name="pngcomp" classname="ext/gd.pngcomp">
    </testcase>
    <testcase name="test_image_equals_file_palette" classname="ext/gd.test_image_equals_file_palette">
    </testcase>
    <testcase name="types" classname="ext/gd.types">
    </testcase>
    <testcase name="webp_basic" classname="ext/gd.webp_basic">
      <skipped message="" />
    </testcase>
    <testcase name="xbm2png" classname="ext/gd.xbm2png">
    </testcase>
    <testcase name="xpm2gd" classname="ext/gd.xpm2gd">
    </testcase>
    <testcase name="xpm2jpg" classname="ext/gd.xpm2jpg">
    </testcase>
    <testcase name="xpm2png" classname="ext/gd.xpm2png">
    </testcase>
  </testsuite>
  <testsuite name="ext/gettext" tests="24" disabled="0" errors="0" failures="0" skipped="12">
    <testcase name="44938" classname="ext/gettext.44938">
    </testcase>
    <testcase name="bug66267" classname="ext/gettext.bug66267">
      <skipped message="" />
    </testcase>
    <testcase name="bug73730" classname="ext/gettext.bug73730">
    </testcase>
    <testcase name="dcngettext" classname="ext/gettext.dcngettext">
    </testcase>
    <testcase name="gettext_basic-enus" classname="ext/gettext.gettext_basic-enus">
      <skipped message="" />
    </testcase>
    <testcase name="gettext_basic" classname="ext/gettext.gettext_basic">
      <skipped message="" />
    </testcase>
    <testcase name="gettext_bind_textdomain_codeset-retval" classname="ext/gettext.gettext_bind_textdomain_codeset-retval">
    </testcase>
    <testcase name="gettext_bind_textdomain_codeset-wrongparams" classname="ext/gettext.gettext_bind_textdomain_codeset-wrongparams">
    </testcase>
    <testcase name="gettext_bindtextdomain-cwd" classname="ext/gettext.gettext_bindtextdomain-cwd">
      <skipped message="" />
    </testcase>
    <testcase name="gettext_bindtextdomain-emptydomain" classname="ext/gettext.gettext_bindtextdomain-emptydomain">
    </testcase>
    <testcase name="gettext_bindtextdomain-path" classname="ext/gettext.gettext_bindtextdomain-path">
    </testcase>
    <testcase name="gettext_bindtextdomain-wrongparams" classname="ext/gettext.gettext_bindtextdomain-wrongparams">
    </testcase>
    <testcase name="gettext_dcgettext-wrongparams" classname="ext/gettext.gettext_dcgettext-wrongparams">
    </testcase>
    <testcase name="gettext_dcgettext" classname="ext/gettext.gettext_dcgettext">
      <skipped message="" />
    </testcase>
    <testcase name="gettext_dgettext" classname="ext/gettext.gettext_dgettext">
      <skipped message="" />
    </testcase>
    <testcase name="gettext_dgettext_error_wrongparams" classname="ext/gettext.gettext_dgettext_error_wrongparams">
      <skipped message="" />
    </testcase>
    <testcase name="gettext_dngettext-plural" classname="ext/gettext.gettext_dngettext-plural">
      <skipped message="" />
    </testcase>
    <testcase name="gettext_dngettext-wrongparams" classname="ext/gettext.gettext_dngettext-wrongparams">
      <skipped message="" />
    </testcase>
    <testcase name="gettext_gettext_error_wrongparams" classname="ext/gettext.gettext_gettext_error_wrongparams">
    </testcase>
    <testcase name="gettext_ngettext-wrongparams" classname="ext/gettext.gettext_ngettext-wrongparams">
    </testcase>
    <testcase name="gettext_ngettext" classname="ext/gettext.gettext_ngettext">
      <skipped message="" />
    </testcase>
    <testcase name="gettext_phpinfo" classname="ext/gettext.gettext_phpinfo">
    </testcase>
    <testcase name="gettext_textdomain-retval" classname="ext/gettext.gettext_textdomain-retval">
      <skipped message="" />
    </testcase>
    <testcase name="gettext_textdomain-wrongparams" classname="ext/gettext.gettext_textdomain-wrongparams">
      <skipped message="" />
    </testcase>
  </testsuite>
  <testsuite name="ext/hash" tests="62" disabled="0" errors="0" failures="0" skipped="4">
    <testcase name="adler32" classname="ext/hash.adler32">
    </testcase>
    <testcase name="bug52240" classname="ext/hash.bug52240">
    </testcase>
    <testcase name="bug64745" classname="ext/hash.bug64745">
    </testcase>
    <testcase name="bug70312" classname="ext/hash.bug70312">
    </testcase>
    <testcase name="bug73127" classname="ext/hash.bug73127">
    </testcase>
    <testcase name="crc32" classname="ext/hash.crc32">
    </testcase>
    <testcase name="fnv132" classname="ext/hash.fnv132">
    </testcase>
    <testcase name="fnv164" classname="ext/hash.fnv164">
    </testcase>
    <testcase name="fnv1a32" classname="ext/hash.fnv1a32">
    </testcase>
    <testcase name="fnv1a64" classname="ext/hash.fnv1a64">
    </testcase>
    <testcase name="gost" classname="ext/hash.gost">
    </testcase>
    <testcase name="hash-clone" classname="ext/hash.hash-clone">
    </testcase>
    <testcase name="hash_algos" classname="ext/hash.hash_algos">
    </testcase>
    <testcase name="hash_copy_001" classname="ext/hash.hash_copy_001">
    </testcase>
    <testcase name="hash_copy_002" classname="ext/hash.hash_copy_002">
    </testcase>
    <testcase name="hash_equals" classname="ext/hash.hash_equals">
    </testcase>
    <testcase name="hash_error" classname="ext/hash.hash_error">
    </testcase>
    <testcase name="hash_file_basic" classname="ext/hash.hash_file_basic">
    </testcase>
    <testcase name="hash_file_basic1" classname="ext/hash.hash_file_basic1">
    </testcase>
    <testcase name="hash_file_error" classname="ext/hash.hash_file_error">
    </testcase>
    <testcase name="hash_hkdf_basic" classname="ext/hash.hash_hkdf_basic">
    </testcase>
    <testcase name="hash_hkdf_edges" classname="ext/hash.hash_hkdf_edges">
    </testcase>
    <testcase name="hash_hkdf_error" classname="ext/hash.hash_hkdf_error">
    </testcase>
    <testcase name="hash_hkdf_rfc5869" classname="ext/hash.hash_hkdf_rfc5869">
    </testcase>
    <testcase name="hash_hmac_algos" classname="ext/hash.hash_hmac_algos">
    </testcase>
    <testcase name="hash_hmac_basic" classname="ext/hash.hash_hmac_basic">
    </testcase>
    <testcase name="hash_hmac_error" classname="ext/hash.hash_hmac_error">
    </testcase>
    <testcase name="hash_hmac_file_basic" classname="ext/hash.hash_hmac_file_basic">
    </testcase>
    <testcase name="hash_hmac_file_error" classname="ext/hash.hash_hmac_file_error">
    </testcase>
    <testcase name="hash_init_error" classname="ext/hash.hash_init_error">
    </testcase>
    <testcase name="hash_pbkdf2_basic" classname="ext/hash.hash_pbkdf2_basic">
    </testcase>
    <testcase name="hash_pbkdf2_error" classname="ext/hash.hash_pbkdf2_error">
    </testcase>
    <testcase name="hash_update_file" classname="ext/hash.hash_update_file">
    </testcase>
    <testcase name="hash_update_stream" classname="ext/hash.hash_update_stream">
    </testcase>
    <testcase name="haval" classname="ext/hash.haval">
    </testcase>
    <testcase name="hmac-md5" classname="ext/hash.hmac-md5">
    </testcase>
    <testcase name="joaat" classname="ext/hash.joaat">
    </testcase>
    <testcase name="md2" classname="ext/hash.md2">
    </testcase>
    <testcase name="md4" classname="ext/hash.md4">
    </testcase>
    <testcase name="md5" classname="ext/hash.md5">
    </testcase>
    <testcase name="mhash_001" classname="ext/hash.mhash_001">
      <skipped message="" />
    </testcase>
    <testcase name="mhash_002" classname="ext/hash.mhash_002">
      <skipped message="" />
    </testcase>
    <testcase name="mhash_003" classname="ext/hash.mhash_003">
      <skipped message="" />
    </testcase>
    <testcase name="mhash_004" classname="ext/hash.mhash_004">
      <skipped message="" />
    </testcase>
    <testcase name="new-context" classname="ext/hash.new-context">
    </testcase>
    <testcase name="reuse" classname="ext/hash.reuse">
    </testcase>
    <testcase name="ripemd128" classname="ext/hash.ripemd128">
    </testcase>
    <testcase name="ripemd160" classname="ext/hash.ripemd160">
    </testcase>
    <testcase name="ripemd256" classname="ext/hash.ripemd256">
    </testcase>
    <testcase name="ripemd320" classname="ext/hash.ripemd320">
    </testcase>
    <testcase name="serialize-context" classname="ext/hash.serialize-context">
    </testcase>
    <testcase name="sha1" classname="ext/hash.sha1">
    </testcase>
    <testcase name="sha224" classname="ext/hash.sha224">
    </testcase>
    <testcase name="sha256" classname="ext/hash.sha256">
    </testcase>
    <testcase name="sha3" classname="ext/hash.sha3">
    </testcase>
    <testcase name="sha384" classname="ext/hash.sha384">
    </testcase>
    <testcase name="sha512-224" classname="ext/hash.sha512-224">
    </testcase>
    <testcase name="sha512-256" classname="ext/hash.sha512-256">
    </testcase>
    <testcase name="sha512" classname="ext/hash.sha512">
    </testcase>
    <testcase name="snefru" classname="ext/hash.snefru">
    </testcase>
    <testcase name="tiger" classname="ext/hash.tiger">
    </testcase>
    <testcase name="whirlpool" classname="ext/hash.whirlpool">
    </testcase>
  </testsuite>
  <testsuite name="ext/iconv" tests="85" disabled="0" errors="0" failures="28" skipped="9">
    <testcase name="bug37176" classname="ext/iconv.bug37176">
    </testcase>
    <testcase name="bug37773" classname="ext/iconv.bug37773">
      <failure message="" />
    </testcase>
    <testcase name="bug48147" classname="ext/iconv.bug48147">
      <failure message="" />
    </testcase>
    <testcase name="bug48289" classname="ext/iconv.bug48289">
    </testcase>
    <testcase name="bug51250" classname="ext/iconv.bug51250">
      <failure message="" />
    </testcase>
    <testcase name="bug52211" classname="ext/iconv.bug52211">
      <failure message="" />
    </testcase>
    <testcase name="bug52941" classname="ext/iconv.bug52941">
    </testcase>
    <testcase name="bug53304" classname="ext/iconv.bug53304">
    </testcase>
    <testcase name="bug53891" classname="ext/iconv.bug53891">
    </testcase>
    <testcase name="bug55146" classname="ext/iconv.bug55146">
    </testcase>
    <testcase name="bug60494" classname="ext/iconv.bug60494">
      <failure message="" />
    </testcase>
    <testcase name="bug63839" classname="ext/iconv.bug63839">
    </testcase>
    <testcase name="bug66828" classname="ext/iconv.bug66828">
    </testcase>
    <testcase name="bug68180" classname="ext/iconv.bug68180">
    </testcase>
    <testcase name="bug69840" classname="ext/iconv.bug69840">
      <failure message="" />
    </testcase>
    <testcase name="bug72320" classname="ext/iconv.bug72320">
    </testcase>
    <testcase name="bug76249" classname="ext/iconv.bug76249">
      <failure message="" />
    </testcase>
    <testcase name="bug77147" classname="ext/iconv.bug77147">
      <failure message="" />
    </testcase>
    <testcase name="eucjp2iso2022jp" classname="ext/iconv.eucjp2iso2022jp">
      <failure message="" />
    </testcase>
    <testcase name="eucjp2sjis" classname="ext/iconv.eucjp2sjis">
      <failure message="" />
    </testcase>
    <testcase name="eucjp2utf8" classname="ext/iconv.eucjp2utf8">
    </testcase>
    <testcase name="iconv-charset-length-cve-2007-4840" classname="ext/iconv.iconv-charset-length-cve-2007-4840">
    </testcase>
    <testcase name="iconv001" classname="ext/iconv.iconv001">
    </testcase>
    <testcase name="iconv002" classname="ext/iconv.iconv002">
      <skipped message="" />
    </testcase>
    <testcase name="iconv003" classname="ext/iconv.iconv003">
    </testcase>
    <testcase name="iconv004" classname="ext/iconv.iconv004">
    </testcase>
    <testcase name="iconv_basic" classname="ext/iconv.iconv_basic">
      <failure message="" />
    </testcase>
    <testcase name="iconv_basic_001-win32" classname="ext/iconv.iconv_basic_001-win32">
      <skipped message="" />
    </testcase>
    <testcase name="iconv_basic_001" classname="ext/iconv.iconv_basic_001">
      <skipped message="" />
    </testcase>
    <testcase name="iconv_default_charset" classname="ext/iconv.iconv_default_charset">
    </testcase>
    <testcase name="iconv_encoding_basic" classname="ext/iconv.iconv_encoding_basic">
    </testcase>
    <testcase name="iconv_get_encoding_basic" classname="ext/iconv.iconv_get_encoding_basic">
    </testcase>
    <testcase name="iconv_get_encoding_error" classname="ext/iconv.iconv_get_encoding_error">
    </testcase>
    <testcase name="iconv_ini_encoding" classname="ext/iconv.iconv_ini_encoding">
    </testcase>
    <testcase name="iconv_mime_decode-charset-length-cve-2007-4840" classname="ext/iconv.iconv_mime_decode-charset-length-cve-2007-4840">
    </testcase>
    <testcase name="iconv_mime_decode" classname="ext/iconv.iconv_mime_decode">
      <failure message="" />
    </testcase>
    <testcase name="iconv_mime_decode_headers-charset-length-cve-2007-4840" classname="ext/iconv.iconv_mime_decode_headers-charset-length-cve-2007-4840">
    </testcase>
    <testcase name="iconv_mime_decode_headers" classname="ext/iconv.iconv_mime_decode_headers">
      <failure message="" />
    </testcase>
    <testcase name="iconv_mime_decode_headers_variation1" classname="ext/iconv.iconv_mime_decode_headers_variation1">
    </testcase>
    <testcase name="iconv_mime_decode_headers_variation2" classname="ext/iconv.iconv_mime_decode_headers_variation2">
      <skipped message="" />
    </testcase>
    <testcase name="iconv_mime_decode_headers_variation3" classname="ext/iconv.iconv_mime_decode_headers_variation3">
      <skipped message="" />
    </testcase>
    <testcase name="iconv_mime_decode_variation1" classname="ext/iconv.iconv_mime_decode_variation1">
    </testcase>
    <testcase name="iconv_mime_decode_variation2" classname="ext/iconv.iconv_mime_decode_variation2">
      <skipped message="" />
    </testcase>
    <testcase name="iconv_mime_decode_variation3" classname="ext/iconv.iconv_mime_decode_variation3">
      <failure message="" />
    </testcase>
    <testcase name="iconv_mime_encode" classname="ext/iconv.iconv_mime_encode">
      <failure message="" />
    </testcase>
    <testcase name="iconv_set_encoding-charset-length-cve-2007-4840" classname="ext/iconv.iconv_set_encoding-charset-length-cve-2007-4840">
    </testcase>
    <testcase name="iconv_set_encoding_error" classname="ext/iconv.iconv_set_encoding_error">
    </testcase>
    <testcase name="iconv_set_encoding_variation" classname="ext/iconv.iconv_set_encoding_variation">
    </testcase>
    <testcase name="iconv_stream_filter" classname="ext/iconv.iconv_stream_filter">
      <failure message="" />
    </testcase>
    <testcase name="iconv_stream_filter_delimiter" classname="ext/iconv.iconv_stream_filter_delimiter">
      <failure message="" />
    </testcase>
    <testcase name="iconv_strlen-charset-length-cve-2007-4840" classname="ext/iconv.iconv_strlen-charset-length-cve-2007-4840">
    </testcase>
    <testcase name="iconv_strlen" classname="ext/iconv.iconv_strlen">
      <failure message="" />
    </testcase>
    <testcase name="iconv_strlen_basic" classname="ext/iconv.iconv_strlen_basic">
    </testcase>
    <testcase name="iconv_strlen_error1" classname="ext/iconv.iconv_strlen_error1">
    </testcase>
    <testcase name="iconv_strlen_error2" classname="ext/iconv.iconv_strlen_error2">
      <failure message="" />
    </testcase>
    <testcase name="iconv_strlen_variation1" classname="ext/iconv.iconv_strlen_variation1">
    </testcase>
    <testcase name="iconv_strlen_variation2" classname="ext/iconv.iconv_strlen_variation2">
      <failure message="" />
    </testcase>
    <testcase name="iconv_strpos-charset-length-cve-2007-4840" classname="ext/iconv.iconv_strpos-charset-length-cve-2007-4840">
    </testcase>
    <testcase name="iconv_strpos" classname="ext/iconv.iconv_strpos">
      <failure message="" />
    </testcase>
    <testcase name="iconv_strpos_basic" classname="ext/iconv.iconv_strpos_basic">
    </testcase>
    <testcase name="iconv_strpos_error1" classname="ext/iconv.iconv_strpos_error1">
    </testcase>
    <testcase name="iconv_strpos_error2" classname="ext/iconv.iconv_strpos_error2">
      <failure message="" />
    </testcase>
    <testcase name="iconv_strpos_variation1" classname="ext/iconv.iconv_strpos_variation1">
    </testcase>
    <testcase name="iconv_strpos_variation2" classname="ext/iconv.iconv_strpos_variation2">
    </testcase>
    <testcase name="iconv_strpos_variation3" classname="ext/iconv.iconv_strpos_variation3">
      <skipped message="" />
    </testcase>
    <testcase name="iconv_strpos_variation3_64bit" classname="ext/iconv.iconv_strpos_variation3_64bit">
    </testcase>
    <testcase name="iconv_strpos_variation4" classname="ext/iconv.iconv_strpos_variation4">
      <failure message="" />
    </testcase>
    <testcase name="iconv_strpos_variation5" classname="ext/iconv.iconv_strpos_variation5">
    </testcase>
    <testcase name="iconv_strrpos-charset-length-cve-2007-4840" classname="ext/iconv.iconv_strrpos-charset-length-cve-2007-4840">
    </testcase>
    <testcase name="iconv_strrpos" classname="ext/iconv.iconv_strrpos">
      <failure message="" />
    </testcase>
    <testcase name="iconv_strrpos_basic" classname="ext/iconv.iconv_strrpos_basic">
    </testcase>
    <testcase name="iconv_strrpos_error1" classname="ext/iconv.iconv_strrpos_error1">
    </testcase>
    <testcase name="iconv_strrpos_error2" classname="ext/iconv.iconv_strrpos_error2">
      <failure message="" />
    </testcase>
    <testcase name="iconv_strrpos_variation1" classname="ext/iconv.iconv_strrpos_variation1">
    </testcase>
    <testcase name="iconv_strrpos_variation2" classname="ext/iconv.iconv_strrpos_variation2">
    </testcase>
    <testcase name="iconv_strrpos_variation3" classname="ext/iconv.iconv_strrpos_variation3">
      <failure message="" />
    </testcase>
    <testcase name="iconv_substr-charset-length-cve-2007-4783" classname="ext/iconv.iconv_substr-charset-length-cve-2007-4783">
    </testcase>
    <testcase name="iconv_substr" classname="ext/iconv.iconv_substr">
      <failure message="" />
    </testcase>
    <testcase name="iconv_substr_basic" classname="ext/iconv.iconv_substr_basic">
    </testcase>
    <testcase name="iconv_substr_error1" classname="ext/iconv.iconv_substr_error1">
    </testcase>
    <testcase name="iconv_substr_error2" classname="ext/iconv.iconv_substr_error2">
      <failure message="" />
    </testcase>
    <testcase name="ob_iconv_handler-charset-length-cve-2007-4840" classname="ext/iconv.ob_iconv_handler-charset-length-cve-2007-4840">
    </testcase>
    <testcase name="ob_iconv_handler" classname="ext/iconv.ob_iconv_handler">
    </testcase>
    <testcase name="translit-failure" classname="ext/iconv.translit-failure">
      <skipped message="" />
    </testcase>
    <testcase name="translit-utf8" classname="ext/iconv.translit-utf8">
      <skipped message="" />
    </testcase>
  </testsuite>
  <testsuite name="ext/json" tests="74" disabled="0" errors="0" failures="0" skipped="2">
    <testcase name="001" classname="ext/json.001">
    </testcase>
    <testcase name="002" classname="ext/json.002">
    </testcase>
    <testcase name="003" classname="ext/json.003">
    </testcase>
    <testcase name="004" classname="ext/json.004">
    </testcase>
    <testcase name="005" classname="ext/json.005">
    </testcase>
    <testcase name="006" classname="ext/json.006">
    </testcase>
    <testcase name="007" classname="ext/json.007">
    </testcase>
    <testcase name="008" classname="ext/json.008">
    </testcase>
    <testcase name="bug40503" classname="ext/json.bug40503">
    </testcase>
    <testcase name="bug41034" classname="ext/json.bug41034">
    </testcase>
    <testcase name="bug41067" classname="ext/json.bug41067">
    </testcase>
    <testcase name="bug41403" classname="ext/json.bug41403">
      <skipped message="" />
    </testcase>
    <testcase name="bug41504" classname="ext/json.bug41504">
    </testcase>
    <testcase name="bug41567" classname="ext/json.bug41567">
    </testcase>
    <testcase name="bug42090" classname="ext/json.bug42090">
    </testcase>
    <testcase name="bug42785" classname="ext/json.bug42785">
      <skipped message="" />
    </testcase>
    <testcase name="bug43941" classname="ext/json.bug43941">
    </testcase>
    <testcase name="bug45791" classname="ext/json.bug45791">
    </testcase>
    <testcase name="bug46215" classname="ext/json.bug46215">
    </testcase>
    <testcase name="bug46944" classname="ext/json.bug46944">
    </testcase>
    <testcase name="bug47644" classname="ext/json.bug47644">
    </testcase>
    <testcase name="bug50224" classname="ext/json.bug50224">
    </testcase>
    <testcase name="bug53946" classname="ext/json.bug53946">
    </testcase>
    <testcase name="bug54058" classname="ext/json.bug54058">
    </testcase>
    <testcase name="bug54484" classname="ext/json.bug54484">
    </testcase>
    <testcase name="bug55543" classname="ext/json.bug55543">
    </testcase>
    <testcase name="bug61537" classname="ext/json.bug61537">
    </testcase>
    <testcase name="bug61978" classname="ext/json.bug61978">
    </testcase>
    <testcase name="bug62010" classname="ext/json.bug62010">
    </testcase>
    <testcase name="bug62369" classname="ext/json.bug62369">
    </testcase>
    <testcase name="bug63737" classname="ext/json.bug63737">
    </testcase>
    <testcase name="bug64695" classname="ext/json.bug64695">
    </testcase>
    <testcase name="bug64874_part1" classname="ext/json.bug64874_part1">
    </testcase>
    <testcase name="bug64874_part2" classname="ext/json.bug64874_part2">
    </testcase>
    <testcase name="bug66021" classname="ext/json.bug66021">
    </testcase>
    <testcase name="bug66025" classname="ext/json.bug66025">
    </testcase>
    <testcase name="bug68546" classname="ext/json.bug68546">
    </testcase>
    <testcase name="bug68567" classname="ext/json.bug68567">
    </testcase>
    <testcase name="bug68817" classname="ext/json.bug68817">
    </testcase>
    <testcase name="bug68938" classname="ext/json.bug68938">
    </testcase>
    <testcase name="bug68992" classname="ext/json.bug68992">
    </testcase>
    <testcase name="bug69187" classname="ext/json.bug69187">
    </testcase>
    <testcase name="bug71835" classname="ext/json.bug71835">
    </testcase>
    <testcase name="bug72069" classname="ext/json.bug72069">
    </testcase>
    <testcase name="bug72787" classname="ext/json.bug72787">
    </testcase>
    <testcase name="bug73113" classname="ext/json.bug73113">
    </testcase>
    <testcase name="bug73254" classname="ext/json.bug73254">
    </testcase>
    <testcase name="bug73991" classname="ext/json.bug73991">
    </testcase>
    <testcase name="bug77843" classname="ext/json.bug77843">
    </testcase>
    <testcase name="fail001" classname="ext/json.fail001">
    </testcase>
    <testcase name="inf_nan_error" classname="ext/json.inf_nan_error">
    </testcase>
    <testcase name="json_decode_basic" classname="ext/json.json_decode_basic">
    </testcase>
    <testcase name="json_decode_error" classname="ext/json.json_decode_error">
    </testcase>
    <testcase name="json_decode_exceptions" classname="ext/json.json_decode_exceptions">
    </testcase>
    <testcase name="json_decode_invalid_utf8" classname="ext/json.json_decode_invalid_utf8">
    </testcase>
    <testcase name="json_encode_basic" classname="ext/json.json_encode_basic">
    </testcase>
    <testcase name="json_encode_basic_utf8" classname="ext/json.json_encode_basic_utf8">
    </testcase>
    <testcase name="json_encode_error" classname="ext/json.json_encode_error">
    </testcase>
    <testcase name="json_encode_exceptions" classname="ext/json.json_encode_exceptions">
    </testcase>
    <testcase name="json_encode_invalid_utf8" classname="ext/json.json_encode_invalid_utf8">
    </testcase>
    <testcase name="json_encode_numeric" classname="ext/json.json_encode_numeric">
    </testcase>
    <testcase name="json_encode_pretty_print" classname="ext/json.json_encode_pretty_print">
    </testcase>
    <testcase name="json_encode_u2028_u2029" classname="ext/json.json_encode_u2028_u2029">
    </testcase>
    <testcase name="json_encode_unescaped_slashes" classname="ext/json.json_encode_unescaped_slashes">
    </testcase>
    <testcase name="json_exceptions_error_clearing" classname="ext/json.json_exceptions_error_clearing">
    </testcase>
    <testcase name="json_last_error_error" classname="ext/json.json_last_error_error">
    </testcase>
    <testcase name="json_last_error_msg_error" classname="ext/json.json_last_error_msg_error">
    </testcase>
    <testcase name="pass001-1" classname="ext/json.pass001-1">
    </testcase>
    <testcase name="pass001-1_64bit" classname="ext/json.pass001-1_64bit">
    </testcase>
    <testcase name="pass001" classname="ext/json.pass001">
    </testcase>
    <testcase name="pass002" classname="ext/json.pass002">
    </testcase>
    <testcase name="pass003" classname="ext/json.pass003">
    </testcase>
    <testcase name="serialize" classname="ext/json.serialize">
    </testcase>
    <testcase name="unsupported_type_error" classname="ext/json.unsupported_type_error">
    </testcase>
  </testsuite>
  <testsuite name="ext/libxml" tests="20" disabled="0" errors="0" failures="0" skipped="4">
    <testcase name="001" classname="ext/libxml.001">
    </testcase>
    <testcase name="002" classname="ext/libxml.002">
    </testcase>
    <testcase name="003" classname="ext/libxml.003">
    </testcase>
    <testcase name="004" classname="ext/libxml.004">
    </testcase>
    <testcase name="bug42112" classname="ext/libxml.bug42112">
    </testcase>
    <testcase name="bug54138" classname="ext/libxml.bug54138">
    </testcase>
    <testcase name="bug54138_1" classname="ext/libxml.bug54138_1">
      <skipped message="" />
    </testcase>
    <testcase name="bug54138_2" classname="ext/libxml.bug54138_2">
      <skipped message="" />
    </testcase>
    <testcase name="bug54440" classname="ext/libxml.bug54440">
    </testcase>
    <testcase name="bug61367-read" classname="ext/libxml.bug61367-read">
    </testcase>
    <testcase name="bug61367-write" classname="ext/libxml.bug61367-write">
    </testcase>
    <testcase name="bug63389" classname="ext/libxml.bug63389">
    </testcase>
    <testcase name="bug69753-mb" classname="ext/libxml.bug69753-mb">
      <skipped message="" />
    </testcase>
    <testcase name="bug69753" classname="ext/libxml.bug69753">
      <skipped message="" />
    </testcase>
    <testcase name="bug76777" classname="ext/libxml.bug76777">
    </testcase>
    <testcase name="libxml_disable_entity_loader" classname="ext/libxml.libxml_disable_entity_loader">
    </testcase>
    <testcase name="libxml_set_external_entity_loader_basic" classname="ext/libxml.libxml_set_external_entity_loader_basic">
    </testcase>
    <testcase name="libxml_set_external_entity_loader_error1" classname="ext/libxml.libxml_set_external_entity_loader_error1">
    </testcase>
    <testcase name="libxml_set_external_entity_loader_variation1" classname="ext/libxml.libxml_set_external_entity_loader_variation1">
    </testcase>
    <testcase name="libxml_set_external_entity_loader_variation2" classname="ext/libxml.libxml_set_external_entity_loader_variation2">
    </testcase>
  </testsuite>
  <testsuite name="ext/mbstring" tests="365" disabled="0" errors="0" failures="0" skipped="1">
    <testcase name="bug20087" classname="ext/mbstring.bug20087">
    </testcase>
    <testcase name="bug25140" classname="ext/mbstring.bug25140">
    </testcase>
    <testcase name="bug26639" classname="ext/mbstring.bug26639">
    </testcase>
    <testcase name="bug28220" classname="ext/mbstring.bug28220">
    </testcase>
    <testcase name="bug30549" classname="ext/mbstring.bug30549">
    </testcase>
    <testcase name="bug31911" classname="ext/mbstring.bug31911">
    </testcase>
    <testcase name="bug40685" classname="ext/mbstring.bug40685">
    </testcase>
    <testcase name="bug43301" classname="ext/mbstring.bug43301">
    </testcase>
    <testcase name="bug43840" classname="ext/mbstring.bug43840">
    </testcase>
    <testcase name="bug43841" classname="ext/mbstring.bug43841">
    </testcase>
    <testcase name="bug43993" classname="ext/mbstring.bug43993">
    </testcase>
    <testcase name="bug43994" classname="ext/mbstring.bug43994">
    </testcase>
    <testcase name="bug43998" classname="ext/mbstring.bug43998">
    </testcase>
    <testcase name="bug45239" classname="ext/mbstring.bug45239">
    </testcase>
    <testcase name="bug45722" classname="ext/mbstring.bug45722">
    </testcase>
    <testcase name="bug45923" classname="ext/mbstring.bug45923">
    </testcase>
    <testcase name="bug46806" classname="ext/mbstring.bug46806">
    </testcase>
    <testcase name="bug46843" classname="ext/mbstring.bug46843">
    </testcase>
    <testcase name="bug47399" classname="ext/mbstring.bug47399">
    </testcase>
    <testcase name="bug48645" classname="ext/mbstring.bug48645">
    </testcase>
    <testcase name="bug48697" classname="ext/mbstring.bug48697">
    </testcase>
    <testcase name="bug49354" classname="ext/mbstring.bug49354">
    </testcase>
    <testcase name="bug49528" classname="ext/mbstring.bug49528">
    </testcase>
    <testcase name="bug49536" classname="ext/mbstring.bug49536">
    </testcase>
    <testcase name="bug52861" classname="ext/mbstring.bug52861">
    </testcase>
    <testcase name="bug52931" classname="ext/mbstring.bug52931">
    </testcase>
    <testcase name="bug52981" classname="ext/mbstring.bug52981">
    </testcase>
    <testcase name="bug54494" classname="ext/mbstring.bug54494">
    </testcase>
    <testcase name="bug60306" classname="ext/mbstring.bug60306">
    </testcase>
    <testcase name="bug62545" classname="ext/mbstring.bug62545">
    </testcase>
    <testcase name="bug62934" classname="ext/mbstring.bug62934">
    </testcase>
    <testcase name="bug63447_001" classname="ext/mbstring.bug63447_001">
    </testcase>
    <testcase name="bug63447_002" classname="ext/mbstring.bug63447_002">
    </testcase>
    <testcase name="bug63447_003" classname="ext/mbstring.bug63447_003">
    </testcase>
    <testcase name="bug65045" classname="ext/mbstring.bug65045">
    </testcase>
    <testcase name="bug65544" classname="ext/mbstring.bug65544">
    </testcase>
    <testcase name="bug66797" classname="ext/mbstring.bug66797">
    </testcase>
    <testcase name="bug66964" classname="ext/mbstring.bug66964">
    </testcase>
    <testcase name="bug68846" classname="ext/mbstring.bug68846">
    </testcase>
    <testcase name="bug69079" classname="ext/mbstring.bug69079">
    </testcase>
    <testcase name="bug69086" classname="ext/mbstring.bug69086">
    </testcase>
    <testcase name="bug69151" classname="ext/mbstring.bug69151">
    </testcase>
    <testcase name="bug69267" classname="ext/mbstring.bug69267">
    </testcase>
    <testcase name="bug71298" classname="ext/mbstring.bug71298">
    </testcase>
    <testcase name="bug71606" classname="ext/mbstring.bug71606">
    </testcase>
    <testcase name="bug72164" classname="ext/mbstring.bug72164">
    </testcase>
    <testcase name="bug72399" classname="ext/mbstring.bug72399">
    </testcase>
    <testcase name="bug72402" classname="ext/mbstring.bug72402">
    </testcase>
    <testcase name="bug72691" classname="ext/mbstring.bug72691">
    </testcase>
    <testcase name="bug72693" classname="ext/mbstring.bug72693">
    </testcase>
    <testcase name="bug72694" classname="ext/mbstring.bug72694">
    </testcase>
    <testcase name="bug72710" classname="ext/mbstring.bug72710">
    </testcase>
    <testcase name="bug72994" classname="ext/mbstring.bug72994">
    </testcase>
    <testcase name="bug73532" classname="ext/mbstring.bug73532">
    </testcase>
    <testcase name="bug73646" classname="ext/mbstring.bug73646">
    </testcase>
    <testcase name="bug75944" classname="ext/mbstring.bug75944">
    </testcase>
    <testcase name="bug76319" classname="ext/mbstring.bug76319">
    </testcase>
    <testcase name="bug76532" classname="ext/mbstring.bug76532">
    </testcase>
    <testcase name="bug76704" classname="ext/mbstring.bug76704">
    </testcase>
    <testcase name="bug76958" classname="ext/mbstring.bug76958">
    </testcase>
    <testcase name="bug77025" classname="ext/mbstring.bug77025">
    </testcase>
    <testcase name="bug77165" classname="ext/mbstring.bug77165">
    </testcase>
    <testcase name="bug77367" classname="ext/mbstring.bug77367">
    </testcase>
    <testcase name="bug77370" classname="ext/mbstring.bug77370">
    </testcase>
    <testcase name="bug77371" classname="ext/mbstring.bug77371">
    </testcase>
    <testcase name="bug77381" classname="ext/mbstring.bug77381">
    </testcase>
    <testcase name="bug77418" classname="ext/mbstring.bug77418">
    </testcase>
    <testcase name="bug77428" classname="ext/mbstring.bug77428">
    </testcase>
    <testcase name="bug77454" classname="ext/mbstring.bug77454">
    </testcase>
    <testcase name="bug77514" classname="ext/mbstring.bug77514">
    </testcase>
    <testcase name="casefold" classname="ext/mbstring.casefold">
    </testcase>
    <testcase name="casefolding" classname="ext/mbstring.casefolding">
    </testcase>
    <testcase name="casemapping" classname="ext/mbstring.casemapping">
    </testcase>
    <testcase name="empty_pattern" classname="ext/mbstring.empty_pattern">
    </testcase>
    <testcase name="htmlent" classname="ext/mbstring.htmlent">
    </testcase>
    <testcase name="illformed_utf_sequences" classname="ext/mbstring.illformed_utf_sequences">
    </testcase>
    <testcase name="ini_encoding" classname="ext/mbstring.ini_encoding">
    </testcase>
    <testcase name="ini_encoding2" classname="ext/mbstring.ini_encoding2">
    </testcase>
    <testcase name="ini_language" classname="ext/mbstring.ini_language">
    </testcase>
    <testcase name="mb_check_encoding" classname="ext/mbstring.mb_check_encoding">
    </testcase>
    <testcase name="mb_check_encoding_array" classname="ext/mbstring.mb_check_encoding_array">
    </testcase>
    <testcase name="mb_chr" classname="ext/mbstring.mb_chr">
    </testcase>
    <testcase name="mb_chr_ord" classname="ext/mbstring.mb_chr_ord">
    </testcase>
    <testcase name="mb_convert_case_invalid_mode" classname="ext/mbstring.mb_convert_case_invalid_mode">
    </testcase>
    <testcase name="mb_convert_encoding" classname="ext/mbstring.mb_convert_encoding">
    </testcase>
    <testcase name="mb_convert_encoding_array" classname="ext/mbstring.mb_convert_encoding_array">
    </testcase>
    <testcase name="mb_convert_encoding_array2" classname="ext/mbstring.mb_convert_encoding_array2">
    </testcase>
    <testcase name="mb_convert_encoding_basic" classname="ext/mbstring.mb_convert_encoding_basic">
    </testcase>
    <testcase name="mb_convert_encoding_leak" classname="ext/mbstring.mb_convert_encoding_leak">
    </testcase>
    <testcase name="mb_convert_encoding_stateful" classname="ext/mbstring.mb_convert_encoding_stateful">
    </testcase>
    <testcase name="mb_convert_encoding_variation1" classname="ext/mbstring.mb_convert_encoding_variation1">
    </testcase>
    <testcase name="mb_convert_kana" classname="ext/mbstring.mb_convert_kana">
    </testcase>
    <testcase name="mb_convert_variables" classname="ext/mbstring.mb_convert_variables">
    </testcase>
    <testcase name="mb_decode_mimeheader_basic" classname="ext/mbstring.mb_decode_mimeheader_basic">
    </testcase>
    <testcase name="mb_decode_mimeheader_error" classname="ext/mbstring.mb_decode_mimeheader_error">
    </testcase>
    <testcase name="mb_decode_mimeheader_variation1" classname="ext/mbstring.mb_decode_mimeheader_variation1">
    </testcase>
    <testcase name="mb_decode_mimeheader_variation2" classname="ext/mbstring.mb_decode_mimeheader_variation2">
    </testcase>
    <testcase name="mb_decode_mimeheader_variation3" classname="ext/mbstring.mb_decode_mimeheader_variation3">
    </testcase>
    <testcase name="mb_decode_numericentity" classname="ext/mbstring.mb_decode_numericentity">
    </testcase>
    <testcase name="mb_detect_encoding" classname="ext/mbstring.mb_detect_encoding">
    </testcase>
    <testcase name="mb_detect_order" classname="ext/mbstring.mb_detect_order">
    </testcase>
    <testcase name="mb_encode_mimeheader_basic" classname="ext/mbstring.mb_encode_mimeheader_basic">
    </testcase>
    <testcase name="mb_encode_mimeheader_basic2" classname="ext/mbstring.mb_encode_mimeheader_basic2">
    </testcase>
    <testcase name="mb_encode_mimeheader_basic3" classname="ext/mbstring.mb_encode_mimeheader_basic3">
    </testcase>
    <testcase name="mb_encode_mimeheader_indent" classname="ext/mbstring.mb_encode_mimeheader_indent">
    </testcase>
    <testcase name="mb_encode_mimeheader_variation1" classname="ext/mbstring.mb_encode_mimeheader_variation1">
    </testcase>
    <testcase name="mb_encode_mimeheader_variation2" classname="ext/mbstring.mb_encode_mimeheader_variation2">
    </testcase>
    <testcase name="mb_encode_mimeheader_variation3" classname="ext/mbstring.mb_encode_mimeheader_variation3">
    </testcase>
    <testcase name="mb_encode_mimeheader_variation4" classname="ext/mbstring.mb_encode_mimeheader_variation4">
    </testcase>
    <testcase name="mb_encode_mimeheader_variation5" classname="ext/mbstring.mb_encode_mimeheader_variation5">
    </testcase>
    <testcase name="mb_encode_mimeheader_variation6" classname="ext/mbstring.mb_encode_mimeheader_variation6">
    </testcase>
    <testcase name="mb_encode_numericentity" classname="ext/mbstring.mb_encode_numericentity">
    </testcase>
    <testcase name="mb_encoding_aliases" classname="ext/mbstring.mb_encoding_aliases">
    </testcase>
    <testcase name="mb_ereg-compat-01" classname="ext/mbstring.mb_ereg-compat-01">
    </testcase>
    <testcase name="mb_ereg-compat-02" classname="ext/mbstring.mb_ereg-compat-02">
    </testcase>
    <testcase name="mb_ereg" classname="ext/mbstring.mb_ereg">
    </testcase>
    <testcase name="mb_ereg1" classname="ext/mbstring.mb_ereg1">
    </testcase>
    <testcase name="mb_ereg2" classname="ext/mbstring.mb_ereg2">
    </testcase>
    <testcase name="mb_ereg3" classname="ext/mbstring.mb_ereg3">
    </testcase>
    <testcase name="mb_ereg_basic" classname="ext/mbstring.mb_ereg_basic">
    </testcase>
    <testcase name="mb_ereg_dupnames" classname="ext/mbstring.mb_ereg_dupnames">
    </testcase>
    <testcase name="mb_ereg_error" classname="ext/mbstring.mb_ereg_error">
    </testcase>
    <testcase name="mb_ereg_match_basic" classname="ext/mbstring.mb_ereg_match_basic">
    </testcase>
    <testcase name="mb_ereg_match_error1" classname="ext/mbstring.mb_ereg_match_error1">
    </testcase>
    <testcase name="mb_ereg_named_subpatterns" classname="ext/mbstring.mb_ereg_named_subpatterns">
    </testcase>
    <testcase name="mb_ereg_replace-compat-01" classname="ext/mbstring.mb_ereg_replace-compat-01">
    </testcase>
    <testcase name="mb_ereg_replace-compat-02" classname="ext/mbstring.mb_ereg_replace-compat-02">
    </testcase>
    <testcase name="mb_ereg_replace-compat-03" classname="ext/mbstring.mb_ereg_replace-compat-03">
    </testcase>
    <testcase name="mb_ereg_replace-compat-04" classname="ext/mbstring.mb_ereg_replace-compat-04">
    </testcase>
    <testcase name="mb_ereg_replace-compat-05" classname="ext/mbstring.mb_ereg_replace-compat-05">
    </testcase>
    <testcase name="mb_ereg_replace-compat-06" classname="ext/mbstring.mb_ereg_replace-compat-06">
    </testcase>
    <testcase name="mb_ereg_replace-compat-07" classname="ext/mbstring.mb_ereg_replace-compat-07">
    </testcase>
    <testcase name="mb_ereg_replace-compat-08" classname="ext/mbstring.mb_ereg_replace-compat-08">
    </testcase>
    <testcase name="mb_ereg_replace-compat-09" classname="ext/mbstring.mb_ereg_replace-compat-09">
    </testcase>
    <testcase name="mb_ereg_replace-compat-10" classname="ext/mbstring.mb_ereg_replace-compat-10">
    </testcase>
    <testcase name="mb_ereg_replace-compat-11" classname="ext/mbstring.mb_ereg_replace-compat-11">
    </testcase>
    <testcase name="mb_ereg_replace-compat-12" classname="ext/mbstring.mb_ereg_replace-compat-12">
    </testcase>
    <testcase name="mb_ereg_replace-compat-13" classname="ext/mbstring.mb_ereg_replace-compat-13">
    </testcase>
    <testcase name="mb_ereg_replace" classname="ext/mbstring.mb_ereg_replace">
    </testcase>
    <testcase name="mb_ereg_replace_basic" classname="ext/mbstring.mb_ereg_replace_basic">
    </testcase>
    <testcase name="mb_ereg_replace_callback" classname="ext/mbstring.mb_ereg_replace_callback">
    </testcase>
    <testcase name="mb_ereg_replace_error" classname="ext/mbstring.mb_ereg_replace_error">
    </testcase>
    <testcase name="mb_ereg_replace_named_subpatterns" classname="ext/mbstring.mb_ereg_replace_named_subpatterns">
    </testcase>
    <testcase name="mb_ereg_replace_variation1" classname="ext/mbstring.mb_ereg_replace_variation1">
    </testcase>
    <testcase name="mb_ereg_replace_variation2" classname="ext/mbstring.mb_ereg_replace_variation2">
    </testcase>
    <testcase name="mb_ereg_replace_variation3" classname="ext/mbstring.mb_ereg_replace_variation3">
    </testcase>
    <testcase name="mb_ereg_replace_variation4" classname="ext/mbstring.mb_ereg_replace_variation4">
    </testcase>
    <testcase name="mb_ereg_search" classname="ext/mbstring.mb_ereg_search">
    </testcase>
    <testcase name="mb_ereg_search_named_subpatterns" classname="ext/mbstring.mb_ereg_search_named_subpatterns">
    </testcase>
    <testcase name="mb_ereg_search_pos" classname="ext/mbstring.mb_ereg_search_pos">
    </testcase>
    <testcase name="mb_ereg_search_regs" classname="ext/mbstring.mb_ereg_search_regs">
    </testcase>
    <testcase name="mb_ereg_search_setpos" classname="ext/mbstring.mb_ereg_search_setpos">
    </testcase>
    <testcase name="mb_ereg_search_xxx" classname="ext/mbstring.mb_ereg_search_xxx">
    </testcase>
    <testcase name="mb_ereg_variation1" classname="ext/mbstring.mb_ereg_variation1">
    </testcase>
    <testcase name="mb_ereg_variation2" classname="ext/mbstring.mb_ereg_variation2">
    </testcase>
    <testcase name="mb_ereg_variation3" classname="ext/mbstring.mb_ereg_variation3">
    </testcase>
    <testcase name="mb_ereg_variation4" classname="ext/mbstring.mb_ereg_variation4">
    </testcase>
    <testcase name="mb_ereg_variation5" classname="ext/mbstring.mb_ereg_variation5">
    </testcase>
    <testcase name="mb_ereg_variation6" classname="ext/mbstring.mb_ereg_variation6">
    </testcase>
    <testcase name="mb_ereg_variation7" classname="ext/mbstring.mb_ereg_variation7">
    </testcase>
    <testcase name="mb_eregi" classname="ext/mbstring.mb_eregi">
    </testcase>
    <testcase name="mb_eregi_replace" classname="ext/mbstring.mb_eregi_replace">
    </testcase>
    <testcase name="mb_get_info" classname="ext/mbstring.mb_get_info">
    </testcase>
    <testcase name="mb_http_input" classname="ext/mbstring.mb_http_input">
      <skipped message="" />
    </testcase>
    <testcase name="mb_http_output" classname="ext/mbstring.mb_http_output">
    </testcase>
    <testcase name="mb_internal_encoding" classname="ext/mbstring.mb_internal_encoding">
    </testcase>
    <testcase name="mb_internal_encoding_basic" classname="ext/mbstring.mb_internal_encoding_basic">
    </testcase>
    <testcase name="mb_internal_encoding_basic2" classname="ext/mbstring.mb_internal_encoding_basic2">
    </testcase>
    <testcase name="mb_internal_encoding_error1" classname="ext/mbstring.mb_internal_encoding_error1">
    </testcase>
    <testcase name="mb_internal_encoding_error2" classname="ext/mbstring.mb_internal_encoding_error2">
    </testcase>
    <testcase name="mb_internal_encoding_ini_basic2" classname="ext/mbstring.mb_internal_encoding_ini_basic2">
    </testcase>
    <testcase name="mb_internal_encoding_variation1" classname="ext/mbstring.mb_internal_encoding_variation1">
    </testcase>
    <testcase name="mb_internal_encoding_variation2" classname="ext/mbstring.mb_internal_encoding_variation2">
    </testcase>
    <testcase name="mb_language" classname="ext/mbstring.mb_language">
    </testcase>
    <testcase name="mb_list_encodings" classname="ext/mbstring.mb_list_encodings">
    </testcase>
    <testcase name="mb_ord" classname="ext/mbstring.mb_ord">
    </testcase>
    <testcase name="mb_output_handler_euc_jp" classname="ext/mbstring.mb_output_handler_euc_jp">
    </testcase>
    <testcase name="mb_output_handler_pattern-01" classname="ext/mbstring.mb_output_handler_pattern-01">
    </testcase>
    <testcase name="mb_output_handler_pattern-02" classname="ext/mbstring.mb_output_handler_pattern-02">
    </testcase>
    <testcase name="mb_output_handler_pattern-03" classname="ext/mbstring.mb_output_handler_pattern-03">
    </testcase>
    <testcase name="mb_output_handler_pattern-04" classname="ext/mbstring.mb_output_handler_pattern-04">
    </testcase>
    <testcase name="mb_output_handler_pattern-05" classname="ext/mbstring.mb_output_handler_pattern-05">
    </testcase>
    <testcase name="mb_output_handler_pattern-06" classname="ext/mbstring.mb_output_handler_pattern-06">
    </testcase>
    <testcase name="mb_output_handler_pattern-07" classname="ext/mbstring.mb_output_handler_pattern-07">
    </testcase>
    <testcase name="mb_output_handler_pattern-08" classname="ext/mbstring.mb_output_handler_pattern-08">
    </testcase>
    <testcase name="mb_output_handler_pattern-09" classname="ext/mbstring.mb_output_handler_pattern-09">
    </testcase>
    <testcase name="mb_output_handler_pattern-10" classname="ext/mbstring.mb_output_handler_pattern-10">
    </testcase>
    <testcase name="mb_output_handler_pattern-11" classname="ext/mbstring.mb_output_handler_pattern-11">
    </testcase>
    <testcase name="mb_output_handler_pattern-12" classname="ext/mbstring.mb_output_handler_pattern-12">
    </testcase>
    <testcase name="mb_output_handler_runtime_ini_alteration-01" classname="ext/mbstring.mb_output_handler_runtime_ini_alteration-01">
    </testcase>
    <testcase name="mb_output_handler_runtime_ini_alteration-02" classname="ext/mbstring.mb_output_handler_runtime_ini_alteration-02">
    </testcase>
    <testcase name="mb_output_handler_shift_jis" classname="ext/mbstring.mb_output_handler_shift_jis">
    </testcase>
    <testcase name="mb_parse_str" classname="ext/mbstring.mb_parse_str">
    </testcase>
    <testcase name="mb_parse_str02" classname="ext/mbstring.mb_parse_str02">
    </testcase>
    <testcase name="mb_preferred_mime_name" classname="ext/mbstring.mb_preferred_mime_name">
    </testcase>
    <testcase name="mb_regex_encoding_basic" classname="ext/mbstring.mb_regex_encoding_basic">
    </testcase>
    <testcase name="mb_regex_encoding_error1" classname="ext/mbstring.mb_regex_encoding_error1">
    </testcase>
    <testcase name="mb_regex_encoding_error2" classname="ext/mbstring.mb_regex_encoding_error2">
    </testcase>
    <testcase name="mb_regex_encoding_variation1" classname="ext/mbstring.mb_regex_encoding_variation1">
    </testcase>
    <testcase name="mb_regex_encoding_variation2" classname="ext/mbstring.mb_regex_encoding_variation2">
    </testcase>
    <testcase name="mb_regex_set_options" classname="ext/mbstring.mb_regex_set_options">
    </testcase>
    <testcase name="mb_scrub" classname="ext/mbstring.mb_scrub">
    </testcase>
    <testcase name="mb_send_mail01" classname="ext/mbstring.mb_send_mail01">
    </testcase>
    <testcase name="mb_send_mail02" classname="ext/mbstring.mb_send_mail02">
    </testcase>
    <testcase name="mb_send_mail03" classname="ext/mbstring.mb_send_mail03">
    </testcase>
    <testcase name="mb_send_mail04" classname="ext/mbstring.mb_send_mail04">
    </testcase>
    <testcase name="mb_send_mail05" classname="ext/mbstring.mb_send_mail05">
    </testcase>
    <testcase name="mb_send_mail06" classname="ext/mbstring.mb_send_mail06">
    </testcase>
    <testcase name="mb_send_mail07" classname="ext/mbstring.mb_send_mail07">
    </testcase>
    <testcase name="mb_split-compat-01" classname="ext/mbstring.mb_split-compat-01">
    </testcase>
    <testcase name="mb_split" classname="ext/mbstring.mb_split">
    </testcase>
    <testcase name="mb_split_empty_match" classname="ext/mbstring.mb_split_empty_match">
    </testcase>
    <testcase name="mb_split_error" classname="ext/mbstring.mb_split_error">
    </testcase>
    <testcase name="mb_split_variation1" classname="ext/mbstring.mb_split_variation1">
    </testcase>
    <testcase name="mb_split_variation2" classname="ext/mbstring.mb_split_variation2">
    </testcase>
    <testcase name="mb_split_variation3" classname="ext/mbstring.mb_split_variation3">
    </testcase>
    <testcase name="mb_str_functions_opt-parameter" classname="ext/mbstring.mb_str_functions_opt-parameter">
    </testcase>
    <testcase name="mb_strcut" classname="ext/mbstring.mb_strcut">
    </testcase>
    <testcase name="mb_strcut_missing_boundary_check" classname="ext/mbstring.mb_strcut_missing_boundary_check">
    </testcase>
    <testcase name="mb_strcut_negative_length" classname="ext/mbstring.mb_strcut_negative_length">
    </testcase>
    <testcase name="mb_strimwidth" classname="ext/mbstring.mb_strimwidth">
    </testcase>
    <testcase name="mb_stripos" classname="ext/mbstring.mb_stripos">
    </testcase>
    <testcase name="mb_stripos_basic" classname="ext/mbstring.mb_stripos_basic">
    </testcase>
    <testcase name="mb_stripos_basic2" classname="ext/mbstring.mb_stripos_basic2">
    </testcase>
    <testcase name="mb_stripos_error1" classname="ext/mbstring.mb_stripos_error1">
    </testcase>
    <testcase name="mb_stripos_error2" classname="ext/mbstring.mb_stripos_error2">
    </testcase>
    <testcase name="mb_stripos_variation1" classname="ext/mbstring.mb_stripos_variation1">
    </testcase>
    <testcase name="mb_stripos_variation2" classname="ext/mbstring.mb_stripos_variation2">
    </testcase>
    <testcase name="mb_stripos_variation3" classname="ext/mbstring.mb_stripos_variation3">
    </testcase>
    <testcase name="mb_stripos_variation4" classname="ext/mbstring.mb_stripos_variation4">
    </testcase>
    <testcase name="mb_stripos_variation5_Bug45923" classname="ext/mbstring.mb_stripos_variation5_Bug45923">
    </testcase>
    <testcase name="mb_stristr_basic" classname="ext/mbstring.mb_stristr_basic">
    </testcase>
    <testcase name="mb_stristr_error1" classname="ext/mbstring.mb_stristr_error1">
    </testcase>
    <testcase name="mb_stristr_error2" classname="ext/mbstring.mb_stristr_error2">
    </testcase>
    <testcase name="mb_stristr_variation1" classname="ext/mbstring.mb_stristr_variation1">
    </testcase>
    <testcase name="mb_stristr_variation2" classname="ext/mbstring.mb_stristr_variation2">
    </testcase>
    <testcase name="mb_stristr_variation3" classname="ext/mbstring.mb_stristr_variation3">
    </testcase>
    <testcase name="mb_stristr_variation4" classname="ext/mbstring.mb_stristr_variation4">
    </testcase>
    <testcase name="mb_stristr_variation5" classname="ext/mbstring.mb_stristr_variation5">
    </testcase>
    <testcase name="mb_strlen" classname="ext/mbstring.mb_strlen">
    </testcase>
    <testcase name="mb_strlen_basic" classname="ext/mbstring.mb_strlen_basic">
    </testcase>
    <testcase name="mb_strlen_error1" classname="ext/mbstring.mb_strlen_error1">
    </testcase>
    <testcase name="mb_strlen_error2" classname="ext/mbstring.mb_strlen_error2">
    </testcase>
    <testcase name="mb_strlen_variation1" classname="ext/mbstring.mb_strlen_variation1">
    </testcase>
    <testcase name="mb_strlen_variation2" classname="ext/mbstring.mb_strlen_variation2">
    </testcase>
    <testcase name="mb_strlen_variation3" classname="ext/mbstring.mb_strlen_variation3">
    </testcase>
    <testcase name="mb_strpos" classname="ext/mbstring.mb_strpos">
    </testcase>
    <testcase name="mb_strpos_basic" classname="ext/mbstring.mb_strpos_basic">
    </testcase>
    <testcase name="mb_strpos_error1" classname="ext/mbstring.mb_strpos_error1">
    </testcase>
    <testcase name="mb_strpos_error2" classname="ext/mbstring.mb_strpos_error2">
    </testcase>
    <testcase name="mb_strpos_variation1" classname="ext/mbstring.mb_strpos_variation1">
    </testcase>
    <testcase name="mb_strpos_variation2" classname="ext/mbstring.mb_strpos_variation2">
    </testcase>
    <testcase name="mb_strpos_variation3" classname="ext/mbstring.mb_strpos_variation3">
    </testcase>
    <testcase name="mb_strpos_variation4" classname="ext/mbstring.mb_strpos_variation4">
    </testcase>
    <testcase name="mb_strpos_variation5" classname="ext/mbstring.mb_strpos_variation5">
    </testcase>
    <testcase name="mb_strrchr_basic" classname="ext/mbstring.mb_strrchr_basic">
    </testcase>
    <testcase name="mb_strrchr_error1" classname="ext/mbstring.mb_strrchr_error1">
    </testcase>
    <testcase name="mb_strrchr_error2" classname="ext/mbstring.mb_strrchr_error2">
    </testcase>
    <testcase name="mb_strrchr_variation1" classname="ext/mbstring.mb_strrchr_variation1">
    </testcase>
    <testcase name="mb_strrchr_variation2" classname="ext/mbstring.mb_strrchr_variation2">
    </testcase>
    <testcase name="mb_strrchr_variation3" classname="ext/mbstring.mb_strrchr_variation3">
    </testcase>
    <testcase name="mb_strrchr_variation4" classname="ext/mbstring.mb_strrchr_variation4">
    </testcase>
    <testcase name="mb_strrchr_variation5" classname="ext/mbstring.mb_strrchr_variation5">
    </testcase>
    <testcase name="mb_strrchr_variation6" classname="ext/mbstring.mb_strrchr_variation6">
    </testcase>
    <testcase name="mb_strrichr_basic" classname="ext/mbstring.mb_strrichr_basic">
    </testcase>
    <testcase name="mb_strrichr_error1" classname="ext/mbstring.mb_strrichr_error1">
    </testcase>
    <testcase name="mb_strrichr_error2" classname="ext/mbstring.mb_strrichr_error2">
    </testcase>
    <testcase name="mb_strrichr_variation1" classname="ext/mbstring.mb_strrichr_variation1">
    </testcase>
    <testcase name="mb_strrichr_variation2" classname="ext/mbstring.mb_strrichr_variation2">
    </testcase>
    <testcase name="mb_strrichr_variation3" classname="ext/mbstring.mb_strrichr_variation3">
    </testcase>
    <testcase name="mb_strrichr_variation4" classname="ext/mbstring.mb_strrichr_variation4">
    </testcase>
    <testcase name="mb_strrichr_variation5" classname="ext/mbstring.mb_strrichr_variation5">
    </testcase>
    <testcase name="mb_strripos_basic" classname="ext/mbstring.mb_strripos_basic">
    </testcase>
    <testcase name="mb_strripos_basic2" classname="ext/mbstring.mb_strripos_basic2">
    </testcase>
    <testcase name="mb_strripos_error1" classname="ext/mbstring.mb_strripos_error1">
    </testcase>
    <testcase name="mb_strripos_error2" classname="ext/mbstring.mb_strripos_error2">
    </testcase>
    <testcase name="mb_strripos_variation1" classname="ext/mbstring.mb_strripos_variation1">
    </testcase>
    <testcase name="mb_strripos_variation2" classname="ext/mbstring.mb_strripos_variation2">
    </testcase>
    <testcase name="mb_strripos_variation3_Bug45923" classname="ext/mbstring.mb_strripos_variation3_Bug45923">
    </testcase>
    <testcase name="mb_strripos_variation4" classname="ext/mbstring.mb_strripos_variation4">
    </testcase>
    <testcase name="mb_strripos_variation5_Bug45923" classname="ext/mbstring.mb_strripos_variation5_Bug45923">
    </testcase>
    <testcase name="mb_strrpos_basic" classname="ext/mbstring.mb_strrpos_basic">
    </testcase>
    <testcase name="mb_strrpos_encoding_3rd_param" classname="ext/mbstring.mb_strrpos_encoding_3rd_param">
    </testcase>
    <testcase name="mb_strrpos_error1" classname="ext/mbstring.mb_strrpos_error1">
    </testcase>
    <testcase name="mb_strrpos_error2" classname="ext/mbstring.mb_strrpos_error2">
    </testcase>
    <testcase name="mb_strrpos_variation1" classname="ext/mbstring.mb_strrpos_variation1">
    </testcase>
    <testcase name="mb_strrpos_variation2" classname="ext/mbstring.mb_strrpos_variation2">
    </testcase>
    <testcase name="mb_strrpos_variation3" classname="ext/mbstring.mb_strrpos_variation3">
    </testcase>
    <testcase name="mb_strrpos_variation4" classname="ext/mbstring.mb_strrpos_variation4">
    </testcase>
    <testcase name="mb_strrpos_variation5" classname="ext/mbstring.mb_strrpos_variation5">
    </testcase>
    <testcase name="mb_strstr" classname="ext/mbstring.mb_strstr">
    </testcase>
    <testcase name="mb_strstr_basic" classname="ext/mbstring.mb_strstr_basic">
    </testcase>
    <testcase name="mb_strstr_error1" classname="ext/mbstring.mb_strstr_error1">
    </testcase>
    <testcase name="mb_strstr_error2" classname="ext/mbstring.mb_strstr_error2">
    </testcase>
    <testcase name="mb_strstr_variation1" classname="ext/mbstring.mb_strstr_variation1">
    </testcase>
    <testcase name="mb_strstr_variation2" classname="ext/mbstring.mb_strstr_variation2">
    </testcase>
    <testcase name="mb_strstr_variation3" classname="ext/mbstring.mb_strstr_variation3">
    </testcase>
    <testcase name="mb_strstr_variation4" classname="ext/mbstring.mb_strstr_variation4">
    </testcase>
    <testcase name="mb_strstr_variation5" classname="ext/mbstring.mb_strstr_variation5">
    </testcase>
    <testcase name="mb_strstr_variation6" classname="ext/mbstring.mb_strstr_variation6">
    </testcase>
    <testcase name="mb_strtolower_basic" classname="ext/mbstring.mb_strtolower_basic">
    </testcase>
    <testcase name="mb_strtolower_error1" classname="ext/mbstring.mb_strtolower_error1">
    </testcase>
    <testcase name="mb_strtolower_error2" classname="ext/mbstring.mb_strtolower_error2">
    </testcase>
    <testcase name="mb_strtolower_variation1" classname="ext/mbstring.mb_strtolower_variation1">
    </testcase>
    <testcase name="mb_strtolower_variation2" classname="ext/mbstring.mb_strtolower_variation2">
    </testcase>
    <testcase name="mb_strtolower_variation3" classname="ext/mbstring.mb_strtolower_variation3">
    </testcase>
    <testcase name="mb_strtolower_variation4" classname="ext/mbstring.mb_strtolower_variation4">
    </testcase>
    <testcase name="mb_strtoupper_basic" classname="ext/mbstring.mb_strtoupper_basic">
    </testcase>
    <testcase name="mb_strtoupper_error1" classname="ext/mbstring.mb_strtoupper_error1">
    </testcase>
    <testcase name="mb_strtoupper_error2" classname="ext/mbstring.mb_strtoupper_error2">
    </testcase>
    <testcase name="mb_strtoupper_variation1" classname="ext/mbstring.mb_strtoupper_variation1">
    </testcase>
    <testcase name="mb_strtoupper_variation2" classname="ext/mbstring.mb_strtoupper_variation2">
    </testcase>
    <testcase name="mb_strtoupper_variation3" classname="ext/mbstring.mb_strtoupper_variation3">
    </testcase>
    <testcase name="mb_strtoupper_variation4" classname="ext/mbstring.mb_strtoupper_variation4">
    </testcase>
    <testcase name="mb_strwidth" classname="ext/mbstring.mb_strwidth">
    </testcase>
    <testcase name="mb_substitute_character" classname="ext/mbstring.mb_substitute_character">
    </testcase>
    <testcase name="mb_substitute_character_basic" classname="ext/mbstring.mb_substitute_character_basic">
    </testcase>
    <testcase name="mb_substitute_character_error" classname="ext/mbstring.mb_substitute_character_error">
    </testcase>
    <testcase name="mb_substitute_character_variation1" classname="ext/mbstring.mb_substitute_character_variation1">
    </testcase>
    <testcase name="mb_substitute_character_variation2" classname="ext/mbstring.mb_substitute_character_variation2">
    </testcase>
    <testcase name="mb_substr" classname="ext/mbstring.mb_substr">
    </testcase>
    <testcase name="mb_substr_basic" classname="ext/mbstring.mb_substr_basic">
    </testcase>
    <testcase name="mb_substr_count" classname="ext/mbstring.mb_substr_count">
    </testcase>
    <testcase name="mb_substr_count_basic" classname="ext/mbstring.mb_substr_count_basic">
    </testcase>
    <testcase name="mb_substr_count_error1" classname="ext/mbstring.mb_substr_count_error1">
    </testcase>
    <testcase name="mb_substr_count_error2" classname="ext/mbstring.mb_substr_count_error2">
    </testcase>
    <testcase name="mb_substr_count_variation1" classname="ext/mbstring.mb_substr_count_variation1">
    </testcase>
    <testcase name="mb_substr_count_variation2" classname="ext/mbstring.mb_substr_count_variation2">
    </testcase>
    <testcase name="mb_substr_count_variation3" classname="ext/mbstring.mb_substr_count_variation3">
    </testcase>
    <testcase name="mb_substr_count_variation4" classname="ext/mbstring.mb_substr_count_variation4">
    </testcase>
    <testcase name="mb_substr_error1" classname="ext/mbstring.mb_substr_error1">
    </testcase>
    <testcase name="mb_substr_error2" classname="ext/mbstring.mb_substr_error2">
    </testcase>
    <testcase name="mb_substr_variation1" classname="ext/mbstring.mb_substr_variation1">
    </testcase>
    <testcase name="mb_substr_variation2" classname="ext/mbstring.mb_substr_variation2">
    </testcase>
    <testcase name="mb_substr_variation3" classname="ext/mbstring.mb_substr_variation3">
    </testcase>
    <testcase name="mb_substr_variation4" classname="ext/mbstring.mb_substr_variation4">
    </testcase>
    <testcase name="mb_substr_variation5" classname="ext/mbstring.mb_substr_variation5">
    </testcase>
    <testcase name="mb_substr_variation6" classname="ext/mbstring.mb_substr_variation6">
    </testcase>
    <testcase name="mb_substr_variation7" classname="ext/mbstring.mb_substr_variation7">
    </testcase>
    <testcase name="mbregex_stack_limit" classname="ext/mbstring.mbregex_stack_limit">
    </testcase>
    <testcase name="mbregex_stack_limit2" classname="ext/mbstring.mbregex_stack_limit2">
    </testcase>
    <testcase name="overload01" classname="ext/mbstring.overload01">
    </testcase>
    <testcase name="overload02" classname="ext/mbstring.overload02">
    </testcase>
    <testcase name="php_gr_jp_10830" classname="ext/mbstring.php_gr_jp_10830">
    </testcase>
    <testcase name="php_gr_jp_16242" classname="ext/mbstring.php_gr_jp_16242">
    </testcase>
    <testcase name="php_gr_jp_dev_884-1" classname="ext/mbstring.php_gr_jp_dev_884-1">
    </testcase>
    <testcase name="php_gr_jp_dev_884-2" classname="ext/mbstring.php_gr_jp_dev_884-2">
    </testcase>
    <testcase name="pictogram1" classname="ext/mbstring.pictogram1">
    </testcase>
    <testcase name="simpletest" classname="ext/mbstring.simpletest">
    </testcase>
    <testcase name="zend_multibyte-01" classname="ext/mbstring.zend_multibyte-01">
    </testcase>
    <testcase name="zend_multibyte-02" classname="ext/mbstring.zend_multibyte-02">
    </testcase>
    <testcase name="zend_multibyte-03" classname="ext/mbstring.zend_multibyte-03">
    </testcase>
    <testcase name="zend_multibyte-04" classname="ext/mbstring.zend_multibyte-04">
    </testcase>
    <testcase name="zend_multibyte-05" classname="ext/mbstring.zend_multibyte-05">
    </testcase>
    <testcase name="zend_multibyte-06" classname="ext/mbstring.zend_multibyte-06">
    </testcase>
    <testcase name="zend_multibyte-07" classname="ext/mbstring.zend_multibyte-07">
    </testcase>
    <testcase name="zend_multibyte-08" classname="ext/mbstring.zend_multibyte-08">
    </testcase>
    <testcase name="zend_multibyte-09" classname="ext/mbstring.zend_multibyte-09">
    </testcase>
    <testcase name="zend_multibyte-10" classname="ext/mbstring.zend_multibyte-10">
    </testcase>
    <testcase name="zend_multibyte-11" classname="ext/mbstring.zend_multibyte-11">
    </testcase>
    <testcase name="zend_multibyte-12" classname="ext/mbstring.zend_multibyte-12">
    </testcase>
    <testcase name="zend_multibyte-13" classname="ext/mbstring.zend_multibyte-13">
    </testcase>
    <testcase name="zend_multibyte-14" classname="ext/mbstring.zend_multibyte-14">
    </testcase>
    <testcase name="zend_multibyte-15" classname="ext/mbstring.zend_multibyte-15">
    </testcase>
    <testcase name="zend_multibyte-16" classname="ext/mbstring.zend_multibyte-16">
    </testcase>
  </testsuite>
  <testsuite name="ext/mysqli" tests="408" disabled="0" errors="0" failures="14" skipped="40">
    <testcase name="001" classname="ext/mysqli.001">
    </testcase>
    <testcase name="002" classname="ext/mysqli.002">
    </testcase>
    <testcase name="003" classname="ext/mysqli.003">
    </testcase>
    <testcase name="004" classname="ext/mysqli.004">
    </testcase>
    <testcase name="005" classname="ext/mysqli.005">
    </testcase>
    <testcase name="006" classname="ext/mysqli.006">
    </testcase>
    <testcase name="007" classname="ext/mysqli.007">
    </testcase>
    <testcase name="008" classname="ext/mysqli.008">
    </testcase>
    <testcase name="009" classname="ext/mysqli.009">
      <skipped message="" />
    </testcase>
    <testcase name="010" classname="ext/mysqli.010">
    </testcase>
    <testcase name="011" classname="ext/mysqli.011">
    </testcase>
    <testcase name="012" classname="ext/mysqli.012">
    </testcase>
    <testcase name="013" classname="ext/mysqli.013">
    </testcase>
    <testcase name="014" classname="ext/mysqli.014">
    </testcase>
    <testcase name="015" classname="ext/mysqli.015">
    </testcase>
    <testcase name="016" classname="ext/mysqli.016">
    </testcase>
    <testcase name="017" classname="ext/mysqli.017">
    </testcase>
    <testcase name="018" classname="ext/mysqli.018">
    </testcase>
    <testcase name="019" classname="ext/mysqli.019">
    </testcase>
    <testcase name="020" classname="ext/mysqli.020">
    </testcase>
    <testcase name="021" classname="ext/mysqli.021">
    </testcase>
    <testcase name="022" classname="ext/mysqli.022">
    </testcase>
    <testcase name="023" classname="ext/mysqli.023">
    </testcase>
    <testcase name="024" classname="ext/mysqli.024">
    </testcase>
    <testcase name="025" classname="ext/mysqli.025">
    </testcase>
    <testcase name="026" classname="ext/mysqli.026">
    </testcase>
    <testcase name="027" classname="ext/mysqli.027">
    </testcase>
    <testcase name="028" classname="ext/mysqli.028">
    </testcase>
    <testcase name="029" classname="ext/mysqli.029">
    </testcase>
    <testcase name="030" classname="ext/mysqli.030">
    </testcase>
    <testcase name="031" classname="ext/mysqli.031">
    </testcase>
    <testcase name="032" classname="ext/mysqli.032">
    </testcase>
    <testcase name="033" classname="ext/mysqli.033">
    </testcase>
    <testcase name="034" classname="ext/mysqli.034">
    </testcase>
    <testcase name="035" classname="ext/mysqli.035">
    </testcase>
    <testcase name="036" classname="ext/mysqli.036">
      <skipped message="" />
    </testcase>
    <testcase name="037" classname="ext/mysqli.037">
    </testcase>
    <testcase name="038" classname="ext/mysqli.038">
    </testcase>
    <testcase name="039" classname="ext/mysqli.039">
    </testcase>
    <testcase name="040" classname="ext/mysqli.040">
    </testcase>
    <testcase name="041" classname="ext/mysqli.041">
    </testcase>
    <testcase name="042" classname="ext/mysqli.042">
    </testcase>
    <testcase name="043" classname="ext/mysqli.043">
    </testcase>
    <testcase name="044" classname="ext/mysqli.044">
    </testcase>
    <testcase name="045" classname="ext/mysqli.045">
    </testcase>
    <testcase name="046" classname="ext/mysqli.046">
    </testcase>
    <testcase name="047" classname="ext/mysqli.047">
    </testcase>
    <testcase name="048" classname="ext/mysqli.048">
    </testcase>
    <testcase name="049" classname="ext/mysqli.049">
    </testcase>
    <testcase name="050" classname="ext/mysqli.050">
    </testcase>
    <testcase name="051" classname="ext/mysqli.051">
    </testcase>
    <testcase name="052" classname="ext/mysqli.052">
    </testcase>
    <testcase name="053" classname="ext/mysqli.053">
    </testcase>
    <testcase name="054" classname="ext/mysqli.054">
    </testcase>
    <testcase name="055" classname="ext/mysqli.055">
    </testcase>
    <testcase name="056" classname="ext/mysqli.056">
    </testcase>
    <testcase name="057" classname="ext/mysqli.057">
    </testcase>
    <testcase name="058" classname="ext/mysqli.058">
    </testcase>
    <testcase name="059" classname="ext/mysqli.059">
    </testcase>
    <testcase name="060" classname="ext/mysqli.060">
    </testcase>
    <testcase name="061" classname="ext/mysqli.061">
      <skipped message="" />
    </testcase>
    <testcase name="062" classname="ext/mysqli.062">
    </testcase>
    <testcase name="063" classname="ext/mysqli.063">
    </testcase>
    <testcase name="064" classname="ext/mysqli.064">
    </testcase>
    <testcase name="065" classname="ext/mysqli.065">
    </testcase>
    <testcase name="066" classname="ext/mysqli.066">
    </testcase>
    <testcase name="067" classname="ext/mysqli.067">
      <failure message="" />
    </testcase>
    <testcase name="068" classname="ext/mysqli.068">
    </testcase>
    <testcase name="069" classname="ext/mysqli.069">
    </testcase>
    <testcase name="070" classname="ext/mysqli.070">
    </testcase>
    <testcase name="071" classname="ext/mysqli.071">
    </testcase>
    <testcase name="072" classname="ext/mysqli.072">
    </testcase>
    <testcase name="073" classname="ext/mysqli.073">
    </testcase>
    <testcase name="074" classname="ext/mysqli.074">
    </testcase>
    <testcase name="bug28817" classname="ext/mysqli.bug28817">
    </testcase>
    <testcase name="bug29311" classname="ext/mysqli.bug29311">
    </testcase>
    <testcase name="bug30967" classname="ext/mysqli.bug30967">
    </testcase>
    <testcase name="bug31141" classname="ext/mysqli.bug31141">
    </testcase>
    <testcase name="bug31668" classname="ext/mysqli.bug31668">
    </testcase>
    <testcase name="bug32405" classname="ext/mysqli.bug32405">
    </testcase>
    <testcase name="bug32490" classname="ext/mysqli.bug32490">
    </testcase>
    <testcase name="bug33090" classname="ext/mysqli.bug33090">
    </testcase>
    <testcase name="bug33263" classname="ext/mysqli.bug33263">
    </testcase>
    <testcase name="bug33491" classname="ext/mysqli.bug33491">
    </testcase>
    <testcase name="bug34785" classname="ext/mysqli.bug34785">
    </testcase>
    <testcase name="bug34810" classname="ext/mysqli.bug34810">
    </testcase>
    <testcase name="bug35103" classname="ext/mysqli.bug35103">
    </testcase>
    <testcase name="bug35517" classname="ext/mysqli.bug35517">
    </testcase>
    <testcase name="bug35759" classname="ext/mysqli.bug35759">
    </testcase>
    <testcase name="bug36420" classname="ext/mysqli.bug36420">
    </testcase>
    <testcase name="bug36745" classname="ext/mysqli.bug36745">
      <failure message="" />
    </testcase>
    <testcase name="bug36802" classname="ext/mysqli.bug36802">
    </testcase>
    <testcase name="bug36949" classname="ext/mysqli.bug36949">
    </testcase>
    <testcase name="bug37090" classname="ext/mysqli.bug37090">
    </testcase>
    <testcase name="bug38003" classname="ext/mysqli.bug38003">
    </testcase>
    <testcase name="bug38710" classname="ext/mysqli.bug38710">
    </testcase>
    <testcase name="bug39457" classname="ext/mysqli.bug39457">
    </testcase>
    <testcase name="bug42378" classname="ext/mysqli.bug42378">
    </testcase>
    <testcase name="bug42548" classname="ext/mysqli.bug42548">
    </testcase>
    <testcase name="bug44897" classname="ext/mysqli.bug44897">
    </testcase>
    <testcase name="bug45019" classname="ext/mysqli.bug45019">
    </testcase>
    <testcase name="bug45289" classname="ext/mysqli.bug45289">
    </testcase>
    <testcase name="bug46109" classname="ext/mysqli.bug46109">
    </testcase>
    <testcase name="bug46614" classname="ext/mysqli.bug46614">
    </testcase>
    <testcase name="bug47050" classname="ext/mysqli.bug47050">
    </testcase>
    <testcase name="bug48909" classname="ext/mysqli.bug48909">
    </testcase>
    <testcase name="bug49027" classname="ext/mysqli.bug49027">
    </testcase>
    <testcase name="bug49442" classname="ext/mysqli.bug49442">
      <failure message="" />
    </testcase>
    <testcase name="bug50772" classname="ext/mysqli.bug50772">
    </testcase>
    <testcase name="bug51605" classname="ext/mysqli.bug51605">
    </testcase>
    <testcase name="bug51647" classname="ext/mysqli.bug51647">
      <skipped message="" />
    </testcase>
    <testcase name="bug52082" classname="ext/mysqli.bug52082">
    </testcase>
    <testcase name="bug52891" classname="ext/mysqli.bug52891">
    </testcase>
    <testcase name="bug53503" classname="ext/mysqli.bug53503">
      <failure message="" />
    </testcase>
    <testcase name="bug54221" classname="ext/mysqli.bug54221">
    </testcase>
    <testcase name="bug54674" classname="ext/mysqli.bug54674">
    </testcase>
    <testcase name="bug55283" classname="ext/mysqli.bug55283">
      <skipped message="" />
    </testcase>
    <testcase name="bug55582" classname="ext/mysqli.bug55582">
    </testcase>
    <testcase name="bug55653" classname="ext/mysqli.bug55653">
    </testcase>
    <testcase name="bug55859" classname="ext/mysqli.bug55859">
    </testcase>
    <testcase name="bug62046" classname="ext/mysqli.bug62046">
    </testcase>
    <testcase name="bug62885" classname="ext/mysqli.bug62885">
    </testcase>
    <testcase name="bug63398" classname="ext/mysqli.bug63398">
    </testcase>
    <testcase name="bug64726" classname="ext/mysqli.bug64726">
    </testcase>
    <testcase name="bug66043" classname="ext/mysqli.bug66043">
      <skipped message="" />
    </testcase>
    <testcase name="bug66124" classname="ext/mysqli.bug66124">
    </testcase>
    <testcase name="bug66762" classname="ext/mysqli.bug66762">
    </testcase>
    <testcase name="bug67839" classname="ext/mysqli.bug67839">
    </testcase>
    <testcase name="bug68077" classname="ext/mysqli.bug68077">
      <failure message="" />
    </testcase>
    <testcase name="bug69899" classname="ext/mysqli.bug69899">
    </testcase>
    <testcase name="bug70384" classname="ext/mysqli.bug70384">
      <skipped message="" />
    </testcase>
    <testcase name="bug70949" classname="ext/mysqli.bug70949">
    </testcase>
    <testcase name="bug71863" classname="ext/mysqli.bug71863">
    </testcase>
    <testcase name="bug72489" classname="ext/mysqli.bug72489">
    </testcase>
    <testcase name="bug72701" classname="ext/mysqli.bug72701">
      <skipped message="" />
    </testcase>
    <testcase name="bug73462" classname="ext/mysqli.bug73462">
    </testcase>
    <testcase name="bug73800" classname="ext/mysqli.bug73800">
    </testcase>
    <testcase name="bug73949" classname="ext/mysqli.bug73949">
    </testcase>
    <testcase name="bug74021" classname="ext/mysqli.bug74021">
    </testcase>
    <testcase name="bug74547" classname="ext/mysqli.bug74547">
    </testcase>
    <testcase name="bug74595" classname="ext/mysqli.bug74595">
    </testcase>
    <testcase name="bug74737" classname="ext/mysqli.bug74737">
    </testcase>
    <testcase name="bug74968" classname="ext/mysqli.bug74968">
    </testcase>
    <testcase name="bug75018" classname="ext/mysqli.bug75018">
    </testcase>
    <testcase name="bug75434" classname="ext/mysqli.bug75434">
    </testcase>
    <testcase name="bug75448" classname="ext/mysqli.bug75448">
    </testcase>
    <testcase name="bug76386" classname="ext/mysqli.bug76386">
      <skipped message="" />
    </testcase>
    <testcase name="bug77597" classname="ext/mysqli.bug77597">
    </testcase>
    <testcase name="bug_bits" classname="ext/mysqli.bug_bits">
    </testcase>
    <testcase name="bug_mysql_49406" classname="ext/mysqli.bug_mysql_49406">
    </testcase>
    <testcase name="mysqli_affected_rows" classname="ext/mysqli.mysqli_affected_rows">
    </testcase>
    <testcase name="mysqli_affected_rows_oo" classname="ext/mysqli.mysqli_affected_rows_oo">
    </testcase>
    <testcase name="mysqli_auth_pam" classname="ext/mysqli.mysqli_auth_pam">
      <skipped message="" />
    </testcase>
    <testcase name="mysqli_autocommit" classname="ext/mysqli.mysqli_autocommit">
    </testcase>
    <testcase name="mysqli_autocommit_oo" classname="ext/mysqli.mysqli_autocommit_oo">
    </testcase>
    <testcase name="mysqli_begin_transaction" classname="ext/mysqli.mysqli_begin_transaction">
    </testcase>
    <testcase name="mysqli_change_user" classname="ext/mysqli.mysqli_change_user">
    </testcase>
    <testcase name="mysqli_change_user_get_lock" classname="ext/mysqli.mysqli_change_user_get_lock">
      <skipped message="" />
    </testcase>
    <testcase name="mysqli_change_user_insert_id" classname="ext/mysqli.mysqli_change_user_insert_id">
    </testcase>
    <testcase name="mysqli_change_user_locks_temporary" classname="ext/mysqli.mysqli_change_user_locks_temporary">
      <skipped message="" />
    </testcase>
    <testcase name="mysqli_change_user_new" classname="ext/mysqli.mysqli_change_user_new">
      <skipped message="" />
    </testcase>
    <testcase name="mysqli_change_user_old" classname="ext/mysqli.mysqli_change_user_old">
      <failure message="" />
    </testcase>
    <testcase name="mysqli_change_user_oo" classname="ext/mysqli.mysqli_change_user_oo">
      <failure message="" />
    </testcase>
    <testcase name="mysqli_change_user_prepared_statements" classname="ext/mysqli.mysqli_change_user_prepared_statements">
    </testcase>
    <testcase name="mysqli_change_user_rollback" classname="ext/mysqli.mysqli_change_user_rollback">
    </testcase>
    <testcase name="mysqli_change_user_set_names" classname="ext/mysqli.mysqli_change_user_set_names">
    </testcase>
    <testcase name="mysqli_character_set" classname="ext/mysqli.mysqli_character_set">
    </testcase>
    <testcase name="mysqli_character_set_name" classname="ext/mysqli.mysqli_character_set_name">
    </testcase>
    <testcase name="mysqli_character_set_name_oo" classname="ext/mysqli.mysqli_character_set_name_oo">
    </testcase>
    <testcase name="mysqli_class_mysqli_driver_interface" classname="ext/mysqli.mysqli_class_mysqli_driver_interface">
    </testcase>
    <testcase name="mysqli_class_mysqli_driver_reflection" classname="ext/mysqli.mysqli_class_mysqli_driver_reflection">
    </testcase>
    <testcase name="mysqli_class_mysqli_interface" classname="ext/mysqli.mysqli_class_mysqli_interface">
    </testcase>
    <testcase name="mysqli_class_mysqli_properties_no_conn" classname="ext/mysqli.mysqli_class_mysqli_properties_no_conn">
    </testcase>
    <testcase name="mysqli_class_mysqli_reflection" classname="ext/mysqli.mysqli_class_mysqli_reflection">
    </testcase>
    <testcase name="mysqli_class_mysqli_result_interface" classname="ext/mysqli.mysqli_class_mysqli_result_interface">
    </testcase>
    <testcase name="mysqli_class_mysqli_result_reflection" classname="ext/mysqli.mysqli_class_mysqli_result_reflection">
    </testcase>
    <testcase name="mysqli_class_mysqli_stmt_interface" classname="ext/mysqli.mysqli_class_mysqli_stmt_interface">
    </testcase>
    <testcase name="mysqli_class_mysqli_warning" classname="ext/mysqli.mysqli_class_mysqli_warning">
      <skipped message="" />
    </testcase>
    <testcase name="mysqli_class_mysqli_warning_reflection" classname="ext/mysqli.mysqli_class_mysqli_warning_reflection">
    </testcase>
    <testcase name="mysqli_close" classname="ext/mysqli.mysqli_close">
    </testcase>
    <testcase name="mysqli_close_oo" classname="ext/mysqli.mysqli_close_oo">
    </testcase>
    <testcase name="mysqli_commit" classname="ext/mysqli.mysqli_commit">
    </testcase>
    <testcase name="mysqli_commit_oo" classname="ext/mysqli.mysqli_commit_oo">
    </testcase>
    <testcase name="mysqli_connect" classname="ext/mysqli.mysqli_connect">
    </testcase>
    <testcase name="mysqli_connect_errno" classname="ext/mysqli.mysqli_connect_errno">
    </testcase>
    <testcase name="mysqli_connect_error" classname="ext/mysqli.mysqli_connect_error">
    </testcase>
    <testcase name="mysqli_connect_oo" classname="ext/mysqli.mysqli_connect_oo">
    </testcase>
    <testcase name="mysqli_connect_oo_defaults" classname="ext/mysqli.mysqli_connect_oo_defaults">
    </testcase>
    <testcase name="mysqli_connect_oo_warnings" classname="ext/mysqli.mysqli_connect_oo_warnings">
      <skipped message="" />
    </testcase>
    <testcase name="mysqli_connect_twice" classname="ext/mysqli.mysqli_connect_twice">
    </testcase>
    <testcase name="mysqli_constants" classname="ext/mysqli.mysqli_constants">
    </testcase>
    <testcase name="mysqli_constants_categories" classname="ext/mysqli.mysqli_constants_categories">
    </testcase>
    <testcase name="mysqli_data_seek" classname="ext/mysqli.mysqli_data_seek">
    </testcase>
    <testcase name="mysqli_data_seek_oo" classname="ext/mysqli.mysqli_data_seek_oo">
    </testcase>
    <testcase name="mysqli_debug" classname="ext/mysqli.mysqli_debug">
      <skipped message="" />
    </testcase>
    <testcase name="mysqli_debug_append" classname="ext/mysqli.mysqli_debug_append">
      <skipped message="" />
    </testcase>
    <testcase name="mysqli_debug_control_string" classname="ext/mysqli.mysqli_debug_control_string">
      <skipped message="" />
    </testcase>
    <testcase name="mysqli_debug_ini" classname="ext/mysqli.mysqli_debug_ini">
      <skipped message="" />
    </testcase>
    <testcase name="mysqli_debug_mysqlnd_control_string" classname="ext/mysqli.mysqli_debug_mysqlnd_control_string">
      <skipped message="" />
    </testcase>
    <testcase name="mysqli_debug_mysqlnd_only" classname="ext/mysqli.mysqli_debug_mysqlnd_only">
      <skipped message="" />
    </testcase>
    <testcase name="mysqli_disable_reads_from_master" classname="ext/mysqli.mysqli_disable_reads_from_master">
      <skipped message="" />
    </testcase>
    <testcase name="mysqli_driver" classname="ext/mysqli.mysqli_driver">
    </testcase>
    <testcase name="mysqli_driver_unclonable" classname="ext/mysqli.mysqli_driver_unclonable">
    </testcase>
    <testcase name="mysqli_dump_debug_info" classname="ext/mysqli.mysqli_dump_debug_info">
    </testcase>
    <testcase name="mysqli_dump_debug_info_oo" classname="ext/mysqli.mysqli_dump_debug_info_oo">
    </testcase>
    <testcase name="mysqli_embedded_connect" classname="ext/mysqli.mysqli_embedded_connect">
      <skipped message="" />
    </testcase>
    <testcase name="mysqli_enable_reads_from_master" classname="ext/mysqli.mysqli_enable_reads_from_master">
      <skipped message="" />
    </testcase>
    <testcase name="mysqli_errno" classname="ext/mysqli.mysqli_errno">
    </testcase>
    <testcase name="mysqli_errno_oo" classname="ext/mysqli.mysqli_errno_oo">
    </testcase>
    <testcase name="mysqli_error" classname="ext/mysqli.mysqli_error">
    </testcase>
    <testcase name="mysqli_error_oo" classname="ext/mysqli.mysqli_error_oo">
    </testcase>
    <testcase name="mysqli_error_unicode" classname="ext/mysqli.mysqli_error_unicode">
    </testcase>
    <testcase name="mysqli_expire_password" classname="ext/mysqli.mysqli_expire_password">
      <skipped message="" />
    </testcase>
    <testcase name="mysqli_explain_metadata" classname="ext/mysqli.mysqli_explain_metadata">
    </testcase>
    <testcase name="mysqli_fetch_all" classname="ext/mysqli.mysqli_fetch_all">
    </testcase>
    <testcase name="mysqli_fetch_all_oo" classname="ext/mysqli.mysqli_fetch_all_oo">
    </testcase>
    <testcase name="mysqli_fetch_array" classname="ext/mysqli.mysqli_fetch_array">
    </testcase>
    <testcase name="mysqli_fetch_array_assoc" classname="ext/mysqli.mysqli_fetch_array_assoc">
    </testcase>
    <testcase name="mysqli_fetch_array_large" classname="ext/mysqli.mysqli_fetch_array_large">
    </testcase>
    <testcase name="mysqli_fetch_array_many_rows" classname="ext/mysqli.mysqli_fetch_array_many_rows">
    </testcase>
    <testcase name="mysqli_fetch_array_oo" classname="ext/mysqli.mysqli_fetch_array_oo">
    </testcase>
    <testcase name="mysqli_fetch_assoc" classname="ext/mysqli.mysqli_fetch_assoc">
    </testcase>
    <testcase name="mysqli_fetch_assoc_bit" classname="ext/mysqli.mysqli_fetch_assoc_bit">
    </testcase>
    <testcase name="mysqli_fetch_assoc_no_alias" classname="ext/mysqli.mysqli_fetch_assoc_no_alias">
    </testcase>
    <testcase name="mysqli_fetch_assoc_no_alias_utf8" classname="ext/mysqli.mysqli_fetch_assoc_no_alias_utf8">
    </testcase>
    <testcase name="mysqli_fetch_assoc_oo" classname="ext/mysqli.mysqli_fetch_assoc_oo">
    </testcase>
    <testcase name="mysqli_fetch_assoc_zerofill" classname="ext/mysqli.mysqli_fetch_assoc_zerofill">
    </testcase>
    <testcase name="mysqli_fetch_field" classname="ext/mysqli.mysqli_fetch_field">
    </testcase>
    <testcase name="mysqli_fetch_field_direct" classname="ext/mysqli.mysqli_fetch_field_direct">
    </testcase>
    <testcase name="mysqli_fetch_field_direct_oo" classname="ext/mysqli.mysqli_fetch_field_direct_oo">
    </testcase>
    <testcase name="mysqli_fetch_field_flags" classname="ext/mysqli.mysqli_fetch_field_flags">
    </testcase>
    <testcase name="mysqli_fetch_field_oo" classname="ext/mysqli.mysqli_fetch_field_oo">
    </testcase>
    <testcase name="mysqli_fetch_field_types" classname="ext/mysqli.mysqli_fetch_field_types">
    </testcase>
    <testcase name="mysqli_fetch_fields" classname="ext/mysqli.mysqli_fetch_fields">
    </testcase>
    <testcase name="mysqli_fetch_lengths" classname="ext/mysqli.mysqli_fetch_lengths">
    </testcase>
    <testcase name="mysqli_fetch_lengths_oo" classname="ext/mysqli.mysqli_fetch_lengths_oo">
    </testcase>
    <testcase name="mysqli_fetch_object" classname="ext/mysqli.mysqli_fetch_object">
    </testcase>
    <testcase name="mysqli_fetch_object_no_constructor" classname="ext/mysqli.mysqli_fetch_object_no_constructor">
    </testcase>
    <testcase name="mysqli_fetch_object_no_object" classname="ext/mysqli.mysqli_fetch_object_no_object">
    </testcase>
    <testcase name="mysqli_fetch_object_oo" classname="ext/mysqli.mysqli_fetch_object_oo">
    </testcase>
    <testcase name="mysqli_fetch_row" classname="ext/mysqli.mysqli_fetch_row">
    </testcase>
    <testcase name="mysqli_field_count" classname="ext/mysqli.mysqli_field_count">
    </testcase>
    <testcase name="mysqli_field_seek" classname="ext/mysqli.mysqli_field_seek">
    </testcase>
    <testcase name="mysqli_field_tell" classname="ext/mysqli.mysqli_field_tell">
    </testcase>
    <testcase name="mysqli_fork" classname="ext/mysqli.mysqli_fork">
    </testcase>
    <testcase name="mysqli_free_result" classname="ext/mysqli.mysqli_free_result">
    </testcase>
    <testcase name="mysqli_get_charset" classname="ext/mysqli.mysqli_get_charset">
    </testcase>
    <testcase name="mysqli_get_client_info" classname="ext/mysqli.mysqli_get_client_info">
    </testcase>
    <testcase name="mysqli_get_client_stats" classname="ext/mysqli.mysqli_get_client_stats">
      <failure message="" />
    </testcase>
    <testcase name="mysqli_get_client_stats_implicit_free" classname="ext/mysqli.mysqli_get_client_stats_implicit_free">
    </testcase>
    <testcase name="mysqli_get_client_stats_off" classname="ext/mysqli.mysqli_get_client_stats_off">
    </testcase>
    <testcase name="mysqli_get_client_stats_ps" classname="ext/mysqli.mysqli_get_client_stats_ps">
    </testcase>
    <testcase name="mysqli_get_client_stats_skipped" classname="ext/mysqli.mysqli_get_client_stats_skipped">
    </testcase>
    <testcase name="mysqli_get_client_version" classname="ext/mysqli.mysqli_get_client_version">
    </testcase>
    <testcase name="mysqli_get_connection_stats" classname="ext/mysqli.mysqli_get_connection_stats">
    </testcase>
    <testcase name="mysqli_get_connection_stats_off" classname="ext/mysqli.mysqli_get_connection_stats_off">
    </testcase>
    <testcase name="mysqli_get_host_info" classname="ext/mysqli.mysqli_get_host_info">
    </testcase>
    <testcase name="mysqli_get_proto_info" classname="ext/mysqli.mysqli_get_proto_info">
    </testcase>
    <testcase name="mysqli_get_server_info" classname="ext/mysqli.mysqli_get_server_info">
    </testcase>
    <testcase name="mysqli_get_server_version" classname="ext/mysqli.mysqli_get_server_version">
    </testcase>
    <testcase name="mysqli_get_warnings" classname="ext/mysqli.mysqli_get_warnings">
      <skipped message="" />
    </testcase>
    <testcase name="mysqli_info" classname="ext/mysqli.mysqli_info">
    </testcase>
    <testcase name="mysqli_init" classname="ext/mysqli.mysqli_init">
    </testcase>
    <testcase name="mysqli_insert_id" classname="ext/mysqli.mysqli_insert_id">
    </testcase>
    <testcase name="mysqli_insert_id_variation" classname="ext/mysqli.mysqli_insert_id_variation">
    </testcase>
    <testcase name="mysqli_insert_packet_overflow" classname="ext/mysqli.mysqli_insert_packet_overflow">
    </testcase>
    <testcase name="mysqli_kill" classname="ext/mysqli.mysqli_kill">
    </testcase>
    <testcase name="mysqli_last_insert_id" classname="ext/mysqli.mysqli_last_insert_id">
    </testcase>
    <testcase name="mysqli_local_infile_default_off" classname="ext/mysqli.mysqli_local_infile_default_off">
    </testcase>
    <testcase name="mysqli_local_infile_set_on" classname="ext/mysqli.mysqli_local_infile_set_on">
    </testcase>
    <testcase name="mysqli_max_links" classname="ext/mysqli.mysqli_max_links">
    </testcase>
    <testcase name="mysqli_more_results" classname="ext/mysqli.mysqli_more_results">
    </testcase>
    <testcase name="mysqli_multi_query" classname="ext/mysqli.mysqli_multi_query">
    </testcase>
    <testcase name="mysqli_mysqli_result_invalid_mode" classname="ext/mysqli.mysqli_mysqli_result_invalid_mode">
    </testcase>
    <testcase name="mysqli_mysqlnd_read_timeout" classname="ext/mysqli.mysqli_mysqlnd_read_timeout">
    </testcase>
    <testcase name="mysqli_mysqlnd_read_timeout_long" classname="ext/mysqli.mysqli_mysqlnd_read_timeout_long">
    </testcase>
    <testcase name="mysqli_mysqlnd_read_timeout_zero" classname="ext/mysqli.mysqli_mysqlnd_read_timeout_zero">
    </testcase>
    <testcase name="mysqli_next_result" classname="ext/mysqli.mysqli_next_result">
    </testcase>
    <testcase name="mysqli_no_reconnect" classname="ext/mysqli.mysqli_no_reconnect">
    </testcase>
    <testcase name="mysqli_num_fields" classname="ext/mysqli.mysqli_num_fields">
    </testcase>
    <testcase name="mysqli_num_rows" classname="ext/mysqli.mysqli_num_rows">
    </testcase>
    <testcase name="mysqli_open_bug74432" classname="ext/mysqli.mysqli_open_bug74432">
    </testcase>
    <testcase name="mysqli_options" classname="ext/mysqli.mysqli_options">
    </testcase>
    <testcase name="mysqli_options_init_command" classname="ext/mysqli.mysqli_options_init_command">
    </testcase>
    <testcase name="mysqli_options_int_and_float_native" classname="ext/mysqli.mysqli_options_int_and_float_native">
    </testcase>
    <testcase name="mysqli_options_openbasedir" classname="ext/mysqli.mysqli_options_openbasedir">
    </testcase>
    <testcase name="mysqli_pam_sha256" classname="ext/mysqli.mysqli_pam_sha256">
      <skipped message="" />
    </testcase>
    <testcase name="mysqli_pam_sha256_public_key_ini" classname="ext/mysqli.mysqli_pam_sha256_public_key_ini">
      <skipped message="" />
    </testcase>
    <testcase name="mysqli_pam_sha256_public_key_option" classname="ext/mysqli.mysqli_pam_sha256_public_key_option">
      <skipped message="" />
    </testcase>
    <testcase name="mysqli_pam_sha256_public_key_option_invalid" classname="ext/mysqli.mysqli_pam_sha256_public_key_option_invalid">
      <skipped message="" />
    </testcase>
    <testcase name="mysqli_pconn_conn_multiple" classname="ext/mysqli.mysqli_pconn_conn_multiple">
    </testcase>
    <testcase name="mysqli_pconn_disabled" classname="ext/mysqli.mysqli_pconn_disabled">
      <skipped message="" />
    </testcase>
    <testcase name="mysqli_pconn_kill" classname="ext/mysqli.mysqli_pconn_kill">
    </testcase>
    <testcase name="mysqli_pconn_limits" classname="ext/mysqli.mysqli_pconn_limits">
    </testcase>
    <testcase name="mysqli_pconn_max_links" classname="ext/mysqli.mysqli_pconn_max_links">
      <skipped message="" />
    </testcase>
    <testcase name="mysqli_pconn_reuse" classname="ext/mysqli.mysqli_pconn_reuse">
      <skipped message="" />
    </testcase>
    <testcase name="mysqli_pconn_twice" classname="ext/mysqli.mysqli_pconn_twice">
    </testcase>
    <testcase name="mysqli_pconnect" classname="ext/mysqli.mysqli_pconnect">
    </testcase>
    <testcase name="mysqli_phpinfo" classname="ext/mysqli.mysqli_phpinfo">
    </testcase>
    <testcase name="mysqli_ping" classname="ext/mysqli.mysqli_ping">
    </testcase>
    <testcase name="mysqli_poll" classname="ext/mysqli.mysqli_poll">
    </testcase>
    <testcase name="mysqli_poll_kill" classname="ext/mysqli.mysqli_poll_kill">
      <failure message="" />
    </testcase>
    <testcase name="mysqli_poll_mixing_insert_select" classname="ext/mysqli.mysqli_poll_mixing_insert_select">
    </testcase>
    <testcase name="mysqli_poll_reference" classname="ext/mysqli.mysqli_poll_reference">
    </testcase>
    <testcase name="mysqli_prepare" classname="ext/mysqli.mysqli_prepare">
    </testcase>
    <testcase name="mysqli_prepare_no_object" classname="ext/mysqli.mysqli_prepare_no_object">
    </testcase>
    <testcase name="mysqli_ps_select_union" classname="ext/mysqli.mysqli_ps_select_union">
    </testcase>
    <testcase name="mysqli_query" classname="ext/mysqli.mysqli_query">
    </testcase>
    <testcase name="mysqli_query_iterators" classname="ext/mysqli.mysqli_query_iterators">
    </testcase>
    <testcase name="mysqli_query_stored_proc" classname="ext/mysqli.mysqli_query_stored_proc">
    </testcase>
    <testcase name="mysqli_query_unicode" classname="ext/mysqli.mysqli_query_unicode">
    </testcase>
    <testcase name="mysqli_real_connect" classname="ext/mysqli.mysqli_real_connect">
    </testcase>
    <testcase name="mysqli_real_connect_pconn" classname="ext/mysqli.mysqli_real_connect_pconn">
    </testcase>
    <testcase name="mysqli_real_escape_string" classname="ext/mysqli.mysqli_real_escape_string">
    </testcase>
    <testcase name="mysqli_real_escape_string_big5" classname="ext/mysqli.mysqli_real_escape_string_big5">
    </testcase>
    <testcase name="mysqli_real_escape_string_eucjpms" classname="ext/mysqli.mysqli_real_escape_string_eucjpms">
    </testcase>
    <testcase name="mysqli_real_escape_string_euckr" classname="ext/mysqli.mysqli_real_escape_string_euckr">
    </testcase>
    <testcase name="mysqli_real_escape_string_gb2312" classname="ext/mysqli.mysqli_real_escape_string_gb2312">
    </testcase>
    <testcase name="mysqli_real_escape_string_gbk" classname="ext/mysqli.mysqli_real_escape_string_gbk">
    </testcase>
    <testcase name="mysqli_real_escape_string_nobackslash" classname="ext/mysqli.mysqli_real_escape_string_nobackslash">
    </testcase>
    <testcase name="mysqli_real_escape_string_sjis" classname="ext/mysqli.mysqli_real_escape_string_sjis">
    </testcase>
    <testcase name="mysqli_real_escape_string_unicode" classname="ext/mysqli.mysqli_real_escape_string_unicode">
    </testcase>
    <testcase name="mysqli_real_query" classname="ext/mysqli.mysqli_real_query">
    </testcase>
    <testcase name="mysqli_reap_async_query" classname="ext/mysqli.mysqli_reap_async_query">
    </testcase>
    <testcase name="mysqli_reconnect" classname="ext/mysqli.mysqli_reconnect">
      <skipped message="" />
    </testcase>
    <testcase name="mysqli_release_savepoint" classname="ext/mysqli.mysqli_release_savepoint">
    </testcase>
    <testcase name="mysqli_report" classname="ext/mysqli.mysqli_report">
    </testcase>
    <testcase name="mysqli_report_new" classname="ext/mysqli.mysqli_report_new">
      <skipped message="" />
    </testcase>
    <testcase name="mysqli_report_wo_ps" classname="ext/mysqli.mysqli_report_wo_ps">
    </testcase>
    <testcase name="mysqli_result_references" classname="ext/mysqli.mysqli_result_references">
    </testcase>
    <testcase name="mysqli_result_references_mysqlnd" classname="ext/mysqli.mysqli_result_references_mysqlnd">
    </testcase>
    <testcase name="mysqli_result_unclonable" classname="ext/mysqli.mysqli_result_unclonable">
    </testcase>
    <testcase name="mysqli_rollback" classname="ext/mysqli.mysqli_rollback">
    </testcase>
    <testcase name="mysqli_savepoint" classname="ext/mysqli.mysqli_savepoint">
    </testcase>
    <testcase name="mysqli_select_db" classname="ext/mysqli.mysqli_select_db">
    </testcase>
    <testcase name="mysqli_send_query" classname="ext/mysqli.mysqli_send_query">
      <skipped message="" />
    </testcase>
    <testcase name="mysqli_set_charset" classname="ext/mysqli.mysqli_set_charset">
    </testcase>
    <testcase name="mysqli_set_opt" classname="ext/mysqli.mysqli_set_opt">
    </testcase>
    <testcase name="mysqli_sqlstate" classname="ext/mysqli.mysqli_sqlstate">
    </testcase>
    <testcase name="mysqli_ssl_set" classname="ext/mysqli.mysqli_ssl_set">
    </testcase>
    <testcase name="mysqli_stat" classname="ext/mysqli.mysqli_stat">
    </testcase>
    <testcase name="mysqli_stmt_affected_rows" classname="ext/mysqli.mysqli_stmt_affected_rows">
    </testcase>
    <testcase name="mysqli_stmt_attr_get" classname="ext/mysqli.mysqli_stmt_attr_get">
    </testcase>
    <testcase name="mysqli_stmt_attr_get_prefetch" classname="ext/mysqli.mysqli_stmt_attr_get_prefetch">
      <skipped message="" />
    </testcase>
    <testcase name="mysqli_stmt_attr_set" classname="ext/mysqli.mysqli_stmt_attr_set">
      <failure message="" />
    </testcase>
    <testcase name="mysqli_stmt_big_prepare" classname="ext/mysqli.mysqli_stmt_big_prepare">
    </testcase>
    <testcase name="mysqli_stmt_bind_limits" classname="ext/mysqli.mysqli_stmt_bind_limits">
    </testcase>
    <testcase name="mysqli_stmt_bind_param" classname="ext/mysqli.mysqli_stmt_bind_param">
    </testcase>
    <testcase name="mysqli_stmt_bind_param_call_user_func" classname="ext/mysqli.mysqli_stmt_bind_param_call_user_func">
    </testcase>
    <testcase name="mysqli_stmt_bind_param_check_param_no_change" classname="ext/mysqli.mysqli_stmt_bind_param_check_param_no_change">
    </testcase>
    <testcase name="mysqli_stmt_bind_param_many_columns" classname="ext/mysqli.mysqli_stmt_bind_param_many_columns">
    </testcase>
    <testcase name="mysqli_stmt_bind_param_references" classname="ext/mysqli.mysqli_stmt_bind_param_references">
    </testcase>
    <testcase name="mysqli_stmt_bind_param_type_juggling" classname="ext/mysqli.mysqli_stmt_bind_param_type_juggling">
    </testcase>
    <testcase name="mysqli_stmt_bind_result" classname="ext/mysqli.mysqli_stmt_bind_result">
    </testcase>
    <testcase name="mysqli_stmt_bind_result_bit" classname="ext/mysqli.mysqli_stmt_bind_result_bit">
    </testcase>
    <testcase name="mysqli_stmt_bind_result_format" classname="ext/mysqli.mysqli_stmt_bind_result_format">
    </testcase>
    <testcase name="mysqli_stmt_bind_result_references" classname="ext/mysqli.mysqli_stmt_bind_result_references">
    </testcase>
    <testcase name="mysqli_stmt_bind_result_zerofill" classname="ext/mysqli.mysqli_stmt_bind_result_zerofill">
    </testcase>
    <testcase name="mysqli_stmt_close" classname="ext/mysqli.mysqli_stmt_close">
    </testcase>
    <testcase name="mysqli_stmt_data_seek" classname="ext/mysqli.mysqli_stmt_data_seek">
    </testcase>
    <testcase name="mysqli_stmt_datatype_change" classname="ext/mysqli.mysqli_stmt_datatype_change">
    </testcase>
    <testcase name="mysqli_stmt_errno" classname="ext/mysqli.mysqli_stmt_errno">
    </testcase>
    <testcase name="mysqli_stmt_error" classname="ext/mysqli.mysqli_stmt_error">
    </testcase>
    <testcase name="mysqli_stmt_execute" classname="ext/mysqli.mysqli_stmt_execute">
    </testcase>
    <testcase name="mysqli_stmt_execute_stored_proc" classname="ext/mysqli.mysqli_stmt_execute_stored_proc">
    </testcase>
    <testcase name="mysqli_stmt_execute_stored_proc_next_result" classname="ext/mysqli.mysqli_stmt_execute_stored_proc_next_result">
      <failure message="" />
    </testcase>
    <testcase name="mysqli_stmt_execute_stored_proc_out" classname="ext/mysqli.mysqli_stmt_execute_stored_proc_out">
      <failure message="" />
    </testcase>
    <testcase name="mysqli_stmt_fetch" classname="ext/mysqli.mysqli_stmt_fetch">
    </testcase>
    <testcase name="mysqli_stmt_fetch_bit" classname="ext/mysqli.mysqli_stmt_fetch_bit">
    </testcase>
    <testcase name="mysqli_stmt_fetch_fields_win32_unicode" classname="ext/mysqli.mysqli_stmt_fetch_fields_win32_unicode">
    </testcase>
    <testcase name="mysqli_stmt_fetch_geom" classname="ext/mysqli.mysqli_stmt_fetch_geom">
    </testcase>
    <testcase name="mysqli_stmt_field_count" classname="ext/mysqli.mysqli_stmt_field_count">
    </testcase>
    <testcase name="mysqli_stmt_free_result" classname="ext/mysqli.mysqli_stmt_free_result">
    </testcase>
    <testcase name="mysqli_stmt_get_result" classname="ext/mysqli.mysqli_stmt_get_result">
    </testcase>
    <testcase name="mysqli_stmt_get_result2" classname="ext/mysqli.mysqli_stmt_get_result2">
    </testcase>
    <testcase name="mysqli_stmt_get_result_bit" classname="ext/mysqli.mysqli_stmt_get_result_bit">
    </testcase>
    <testcase name="mysqli_stmt_get_result_field_count" classname="ext/mysqli.mysqli_stmt_get_result_field_count">
    </testcase>
    <testcase name="mysqli_stmt_get_result_geom" classname="ext/mysqli.mysqli_stmt_get_result_geom">
    </testcase>
    <testcase name="mysqli_stmt_get_result_metadata" classname="ext/mysqli.mysqli_stmt_get_result_metadata">
    </testcase>
    <testcase name="mysqli_stmt_get_result_metadata_fetch_field" classname="ext/mysqli.mysqli_stmt_get_result_metadata_fetch_field">
    </testcase>
    <testcase name="mysqli_stmt_get_result_non_select" classname="ext/mysqli.mysqli_stmt_get_result_non_select">
    </testcase>
    <testcase name="mysqli_stmt_get_result_seek" classname="ext/mysqli.mysqli_stmt_get_result_seek">
    </testcase>
    <testcase name="mysqli_stmt_get_result_types" classname="ext/mysqli.mysqli_stmt_get_result_types">
    </testcase>
    <testcase name="mysqli_stmt_get_warnings" classname="ext/mysqli.mysqli_stmt_get_warnings">
    </testcase>
    <testcase name="mysqli_stmt_init" classname="ext/mysqli.mysqli_stmt_init">
    </testcase>
    <testcase name="mysqli_stmt_insert_id" classname="ext/mysqli.mysqli_stmt_insert_id">
    </testcase>
    <testcase name="mysqli_stmt_multires" classname="ext/mysqli.mysqli_stmt_multires">
    </testcase>
    <testcase name="mysqli_stmt_num_rows" classname="ext/mysqli.mysqli_stmt_num_rows">
    </testcase>
    <testcase name="mysqli_stmt_param_count" classname="ext/mysqli.mysqli_stmt_param_count">
    </testcase>
    <testcase name="mysqli_stmt_prepare" classname="ext/mysqli.mysqli_stmt_prepare">
    </testcase>
    <testcase name="mysqli_stmt_reset" classname="ext/mysqli.mysqli_stmt_reset">
    </testcase>
    <testcase name="mysqli_stmt_result_metadata" classname="ext/mysqli.mysqli_stmt_result_metadata">
    </testcase>
    <testcase name="mysqli_stmt_result_metadata_sqltests" classname="ext/mysqli.mysqli_stmt_result_metadata_sqltests">
      <skipped message="" />
    </testcase>
    <testcase name="mysqli_stmt_send_long_data" classname="ext/mysqli.mysqli_stmt_send_long_data">
      <failure message="" />
    </testcase>
    <testcase name="mysqli_stmt_send_long_data_packet_size_libmysql" classname="ext/mysqli.mysqli_stmt_send_long_data_packet_size_libmysql">
      <skipped message="" />
    </testcase>
    <testcase name="mysqli_stmt_send_long_data_packet_size_mysqlnd" classname="ext/mysqli.mysqli_stmt_send_long_data_packet_size_mysqlnd">
      <failure message="" />
    </testcase>
    <testcase name="mysqli_stmt_sqlstate" classname="ext/mysqli.mysqli_stmt_sqlstate">
    </testcase>
    <testcase name="mysqli_stmt_store_result" classname="ext/mysqli.mysqli_stmt_store_result">
    </testcase>
    <testcase name="mysqli_stmt_unclonable" classname="ext/mysqli.mysqli_stmt_unclonable">
    </testcase>
    <testcase name="mysqli_store_result" classname="ext/mysqli.mysqli_store_result">
    </testcase>
    <testcase name="mysqli_store_result_buffered_c" classname="ext/mysqli.mysqli_store_result_buffered_c">
    </testcase>
    <testcase name="mysqli_store_result_copy" classname="ext/mysqli.mysqli_store_result_copy">
    </testcase>
    <testcase name="mysqli_thread_id" classname="ext/mysqli.mysqli_thread_id">
    </testcase>
    <testcase name="mysqli_thread_safe" classname="ext/mysqli.mysqli_thread_safe">
    </testcase>
    <testcase name="mysqli_unclonable" classname="ext/mysqli.mysqli_unclonable">
    </testcase>
    <testcase name="mysqli_use_result" classname="ext/mysqli.mysqli_use_result">
    </testcase>
    <testcase name="mysqli_warning_count" classname="ext/mysqli.mysqli_warning_count">
    </testcase>
    <testcase name="mysqli_warning_unclonable" classname="ext/mysqli.mysqli_warning_unclonable">
      <skipped message="" />
    </testcase>
  </testsuite>
  <testsuite name="ext/odbc" tests="15" disabled="0" errors="0" failures="0" skipped="15">
    <testcase name="bug47803" classname="ext/odbc.bug47803">
      <skipped message="" />
    </testcase>
    <testcase name="bug60616" classname="ext/odbc.bug60616">
      <skipped message="" />
    </testcase>
    <testcase name="bug68087" classname="ext/odbc.bug68087">
      <skipped message="" />
    </testcase>
    <testcase name="bug69354" classname="ext/odbc.bug69354">
      <skipped message="" />
    </testcase>
    <testcase name="bug69975" classname="ext/odbc.bug69975">
      <skipped message="" />
    </testcase>
    <testcase name="bug71171" classname="ext/odbc.bug71171">
      <skipped message="" />
    </testcase>
    <testcase name="bug73448" classname="ext/odbc.bug73448">
      <skipped message="" />
    </testcase>
    <testcase name="bug73725" classname="ext/odbc.bug73725">
      <skipped message="" />
    </testcase>
    <testcase name="odbc_columnprivileges_001" classname="ext/odbc.odbc_columnprivileges_001">
      <skipped message="" />
    </testcase>
    <testcase name="odbc_columns_001" classname="ext/odbc.odbc_columns_001">
      <skipped message="" />
    </testcase>
    <testcase name="odbc_data_source_001" classname="ext/odbc.odbc_data_source_001">
      <skipped message="" />
    </testcase>
    <testcase name="odbc_exec_001" classname="ext/odbc.odbc_exec_001">
      <skipped message="" />
    </testcase>
    <testcase name="odbc_exec_002" classname="ext/odbc.odbc_exec_002">
      <skipped message="" />
    </testcase>
    <testcase name="odbc_free_result_001" classname="ext/odbc.odbc_free_result_001">
      <skipped message="" />
    </testcase>
    <testcase name="odbc_tables_001" classname="ext/odbc.odbc_tables_001">
      <skipped message="" />
    </testcase>
  </testsuite>
  <testsuite name="ext/opcache" tests="135" disabled="0" errors="0" failures="0" skipped="3">
    <testcase name="001_cli" classname="ext/opcache.001_cli">
    </testcase>
    <testcase name="blacklist-win32" classname="ext/opcache.blacklist-win32">
      <skipped message="" />
    </testcase>
    <testcase name="blacklist" classname="ext/opcache.blacklist">
    </testcase>
    <testcase name="block_pass_001" classname="ext/opcache.block_pass_001">
    </testcase>
    <testcase name="block_removal_with_duplicate_successors" classname="ext/opcache.block_removal_with_duplicate_successors">
    </testcase>
    <testcase name="bool_cp_in_pass1" classname="ext/opcache.bool_cp_in_pass1">
    </testcase>
    <testcase name="bu69838" classname="ext/opcache.bu69838">
    </testcase>
    <testcase name="bug64353" classname="ext/opcache.bug64353">
    </testcase>
    <testcase name="bug64482" classname="ext/opcache.bug64482">
    </testcase>
    <testcase name="bug65510" classname="ext/opcache.bug65510">
    </testcase>
    <testcase name="bug65559" classname="ext/opcache.bug65559">
    </testcase>
    <testcase name="bug65665" classname="ext/opcache.bug65665">
    </testcase>
    <testcase name="bug65845" classname="ext/opcache.bug65845">
    </testcase>
    <testcase name="bug65915" classname="ext/opcache.bug65915">
    </testcase>
    <testcase name="bug66176" classname="ext/opcache.bug66176">
    </testcase>
    <testcase name="bug66251" classname="ext/opcache.bug66251">
    </testcase>
    <testcase name="bug66334" classname="ext/opcache.bug66334">
    </testcase>
    <testcase name="bug66338" classname="ext/opcache.bug66338">
    </testcase>
    <testcase name="bug66440" classname="ext/opcache.bug66440">
    </testcase>
    <testcase name="bug66461" classname="ext/opcache.bug66461">
    </testcase>
    <testcase name="bug66474" classname="ext/opcache.bug66474">
    </testcase>
    <testcase name="bug67215" classname="ext/opcache.bug67215">
    </testcase>
    <testcase name="bug68104" classname="ext/opcache.bug68104">
    </testcase>
    <testcase name="bug68252" classname="ext/opcache.bug68252">
    </testcase>
    <testcase name="bug68644" classname="ext/opcache.bug68644">
    </testcase>
    <testcase name="bug69038" classname="ext/opcache.bug69038">
    </testcase>
    <testcase name="bug69125" classname="ext/opcache.bug69125">
    </testcase>
    <testcase name="bug69159" classname="ext/opcache.bug69159">
    </testcase>
    <testcase name="bug69281" classname="ext/opcache.bug69281">
    </testcase>
    <testcase name="bug695449" classname="ext/opcache.bug695449">
    </testcase>
    <testcase name="bug69688" classname="ext/opcache.bug69688">
    </testcase>
    <testcase name="bug70111" classname="ext/opcache.bug70111">
    </testcase>
    <testcase name="bug70207" classname="ext/opcache.bug70207">
    </testcase>
    <testcase name="bug70237" classname="ext/opcache.bug70237">
    </testcase>
    <testcase name="bug70423" classname="ext/opcache.bug70423">
    </testcase>
    <testcase name="bug71127" classname="ext/opcache.bug71127">
    </testcase>
    <testcase name="bug71443" classname="ext/opcache.bug71443">
    </testcase>
    <testcase name="bug71843" classname="ext/opcache.bug71843">
    </testcase>
    <testcase name="bug72014" classname="ext/opcache.bug72014">
    </testcase>
    <testcase name="bug72762" classname="ext/opcache.bug72762">
    </testcase>
    <testcase name="bug73402" classname="ext/opcache.bug73402">
    </testcase>
    <testcase name="bug73583" classname="ext/opcache.bug73583">
    </testcase>
    <testcase name="bug73654" classname="ext/opcache.bug73654">
    </testcase>
    <testcase name="bug73668" classname="ext/opcache.bug73668">
    </testcase>
    <testcase name="bug73746" classname="ext/opcache.bug73746">
    </testcase>
    <testcase name="bug73789" classname="ext/opcache.bug73789">
    </testcase>
    <testcase name="bug73847" classname="ext/opcache.bug73847">
    </testcase>
    <testcase name="bug74019" classname="ext/opcache.bug74019">
    </testcase>
    <testcase name="bug74152" classname="ext/opcache.bug74152">
    </testcase>
    <testcase name="bug74431" classname="ext/opcache.bug74431">
    </testcase>
    <testcase name="bug74442" classname="ext/opcache.bug74442">
    </testcase>
    <testcase name="bug74456" classname="ext/opcache.bug74456">
    </testcase>
    <testcase name="bug74596" classname="ext/opcache.bug74596">
    </testcase>
    <testcase name="bug74623" classname="ext/opcache.bug74623">
    </testcase>
    <testcase name="bug74663" classname="ext/opcache.bug74663">
    </testcase>
    <testcase name="bug74980" classname="ext/opcache.bug74980">
    </testcase>
    <testcase name="bug75230" classname="ext/opcache.bug75230">
    </testcase>
    <testcase name="bug75255" classname="ext/opcache.bug75255">
    </testcase>
    <testcase name="bug75357" classname="ext/opcache.bug75357">
    </testcase>
    <testcase name="bug75370" classname="ext/opcache.bug75370">
    </testcase>
    <testcase name="bug75556" classname="ext/opcache.bug75556">
    </testcase>
    <testcase name="bug75570" classname="ext/opcache.bug75570">
    </testcase>
    <testcase name="bug75608" classname="ext/opcache.bug75608">
    </testcase>
    <testcase name="bug75681" classname="ext/opcache.bug75681">
    </testcase>
    <testcase name="bug75687" classname="ext/opcache.bug75687">
    </testcase>
    <testcase name="bug75698" classname="ext/opcache.bug75698">
    </testcase>
    <testcase name="bug75729" classname="ext/opcache.bug75729">
    </testcase>
    <testcase name="bug75893" classname="ext/opcache.bug75893">
    </testcase>
    <testcase name="bug75938" classname="ext/opcache.bug75938">
    </testcase>
    <testcase name="bug75969" classname="ext/opcache.bug75969">
    </testcase>
    <testcase name="bug76074" classname="ext/opcache.bug76074">
    </testcase>
    <testcase name="bug76094" classname="ext/opcache.bug76094">
    </testcase>
    <testcase name="bug76275" classname="ext/opcache.bug76275">
    </testcase>
    <testcase name="bug76281" classname="ext/opcache.bug76281">
    </testcase>
    <testcase name="bug76337" classname="ext/opcache.bug76337">
      <skipped message="" />
    </testcase>
    <testcase name="bug76446" classname="ext/opcache.bug76446">
    </testcase>
    <testcase name="bug76463" classname="ext/opcache.bug76463">
    </testcase>
    <testcase name="bug76466" classname="ext/opcache.bug76466">
    </testcase>
    <testcase name="bug76477" classname="ext/opcache.bug76477">
    </testcase>
    <testcase name="bug76711" classname="ext/opcache.bug76711">
    </testcase>
    <testcase name="bug76796" classname="ext/opcache.bug76796">
    </testcase>
    <testcase name="bug77058" classname="ext/opcache.bug77058">
    </testcase>
    <testcase name="bug77092" classname="ext/opcache.bug77092">
    </testcase>
    <testcase name="bug77215" classname="ext/opcache.bug77215">
    </testcase>
    <testcase name="bug77257" classname="ext/opcache.bug77257">
    </testcase>
    <testcase name="bug77266" classname="ext/opcache.bug77266">
    </testcase>
    <testcase name="bug77275" classname="ext/opcache.bug77275">
    </testcase>
    <testcase name="bug77310_1" classname="ext/opcache.bug77310_1">
    </testcase>
    <testcase name="bug77434" classname="ext/opcache.bug77434">
    </testcase>
    <testcase name="bug77691" classname="ext/opcache.bug77691">
    </testcase>
    <testcase name="bug77743" classname="ext/opcache.bug77743">
    </testcase>
    <testcase name="compact_literals" classname="ext/opcache.compact_literals">
    </testcase>
    <testcase name="invalid_array_key_type" classname="ext/opcache.invalid_array_key_type">
    </testcase>
    <testcase name="invalid_new_dce" classname="ext/opcache.invalid_new_dce">
    </testcase>
    <testcase name="is_script_cached" classname="ext/opcache.is_script_cached">
    </testcase>
    <testcase name="issue0057" classname="ext/opcache.issue0057">
    </testcase>
    <testcase name="issue0079" classname="ext/opcache.issue0079">
    </testcase>
    <testcase name="issue0115" classname="ext/opcache.issue0115">
    </testcase>
    <testcase name="issue0128" classname="ext/opcache.issue0128">
    </testcase>
    <testcase name="issue0140" classname="ext/opcache.issue0140">
    </testcase>
    <testcase name="issue0149" classname="ext/opcache.issue0149">
    </testcase>
    <testcase name="issue0183" classname="ext/opcache.issue0183">
      <skipped message="" />
    </testcase>
    <testcase name="jmp_elim_001" classname="ext/opcache.jmp_elim_001">
    </testcase>
    <testcase name="jmp_elim_002" classname="ext/opcache.jmp_elim_002">
    </testcase>
    <testcase name="jmp_elim_003" classname="ext/opcache.jmp_elim_003">
    </testcase>
    <testcase name="jmp_elim_004" classname="ext/opcache.jmp_elim_004">
    </testcase>
    <testcase name="jmpz_jmp_elim" classname="ext/opcache.jmpz_jmp_elim">
    </testcase>
    <testcase name="leak_001" classname="ext/opcache.leak_001">
    </testcase>
    <testcase name="log_verbosity_bug" classname="ext/opcache.log_verbosity_bug">
    </testcase>
    <testcase name="method_call_on_literal" classname="ext/opcache.method_call_on_literal">
    </testcase>
    <testcase name="neg_range_inference" classname="ext/opcache.neg_range_inference">
    </testcase>
    <testcase name="optimize_func_calls" classname="ext/opcache.optimize_func_calls">
    </testcase>
    <testcase name="optimize_func_calls_001" classname="ext/opcache.optimize_func_calls_001">
    </testcase>
    <testcase name="phi_remove_001" classname="ext/opcache.phi_remove_001">
    </testcase>
    <testcase name="phi_remove_002" classname="ext/opcache.phi_remove_002">
    </testcase>
    <testcase name="revalidate_path_01" classname="ext/opcache.revalidate_path_01">
    </testcase>
    <testcase name="ssa_bug_001" classname="ext/opcache.ssa_bug_001">
    </testcase>
    <testcase name="ssa_bug_002" classname="ext/opcache.ssa_bug_002">
    </testcase>
    <testcase name="ssa_bug_003" classname="ext/opcache.ssa_bug_003">
    </testcase>
    <testcase name="ssa_bug_004" classname="ext/opcache.ssa_bug_004">
    </testcase>
    <testcase name="ssa_bug_005" classname="ext/opcache.ssa_bug_005">
    </testcase>
    <testcase name="ssa_bug_006" classname="ext/opcache.ssa_bug_006">
    </testcase>
    <testcase name="ssa_bug_007" classname="ext/opcache.ssa_bug_007">
    </testcase>
    <testcase name="ssa_bug_008" classname="ext/opcache.ssa_bug_008">
    </testcase>
    <testcase name="ssa_bug_009" classname="ext/opcache.ssa_bug_009">
    </testcase>
    <testcase name="ssa_bug_010" classname="ext/opcache.ssa_bug_010">
    </testcase>
    <testcase name="ssa_bug_011" classname="ext/opcache.ssa_bug_011">
    </testcase>
    <testcase name="switch_with_coinciding_targets" classname="ext/opcache.switch_with_coinciding_targets">
    </testcase>
    <testcase name="verify_return_dfg" classname="ext/opcache.verify_return_dfg">
    </testcase>
    <testcase name="wrong_inlining_001" classname="ext/opcache.wrong_inlining_001">
    </testcase>
    <testcase name="wrong_inlining_002" classname="ext/opcache.wrong_inlining_002">
    </testcase>
    <testcase name="wrong_inlining_003" classname="ext/opcache.wrong_inlining_003">
    </testcase>
    <testcase name="wrong_inlining_004" classname="ext/opcache.wrong_inlining_004">
    </testcase>
    <testcase name="wrong_inlining_005" classname="ext/opcache.wrong_inlining_005">
    </testcase>
    <testcase name="zzz_basic_logging" classname="ext/opcache.zzz_basic_logging">
    </testcase>
  </testsuite>
  <testsuite name="ext/opcache/opt" tests="34" disabled="0" errors="0" failures="0" skipped="0">
    <testcase name="dce_001" classname="ext/opcache/opt.dce_001">
    </testcase>
    <testcase name="dce_002" classname="ext/opcache/opt.dce_002">
    </testcase>
    <testcase name="dce_003" classname="ext/opcache/opt.dce_003">
    </testcase>
    <testcase name="dce_004" classname="ext/opcache/opt.dce_004">
    </testcase>
    <testcase name="dce_005" classname="ext/opcache/opt.dce_005">
    </testcase>
    <testcase name="dce_006" classname="ext/opcache/opt.dce_006">
    </testcase>
    <testcase name="dce_007" classname="ext/opcache/opt.dce_007">
    </testcase>
    <testcase name="dce_008" classname="ext/opcache/opt.dce_008">
    </testcase>
    <testcase name="jmp_001" classname="ext/opcache/opt.jmp_001">
    </testcase>
    <testcase name="sccp_001" classname="ext/opcache/opt.sccp_001">
    </testcase>
    <testcase name="sccp_002" classname="ext/opcache/opt.sccp_002">
    </testcase>
    <testcase name="sccp_003" classname="ext/opcache/opt.sccp_003">
    </testcase>
    <testcase name="sccp_004" classname="ext/opcache/opt.sccp_004">
    </testcase>
    <testcase name="sccp_005" classname="ext/opcache/opt.sccp_005">
    </testcase>
    <testcase name="sccp_006" classname="ext/opcache/opt.sccp_006">
    </testcase>
    <testcase name="sccp_007" classname="ext/opcache/opt.sccp_007">
    </testcase>
    <testcase name="sccp_008" classname="ext/opcache/opt.sccp_008">
    </testcase>
    <testcase name="sccp_009" classname="ext/opcache/opt.sccp_009">
    </testcase>
    <testcase name="sccp_010" classname="ext/opcache/opt.sccp_010">
    </testcase>
    <testcase name="sccp_011" classname="ext/opcache/opt.sccp_011">
    </testcase>
    <testcase name="sccp_012" classname="ext/opcache/opt.sccp_012">
    </testcase>
    <testcase name="sccp_013" classname="ext/opcache/opt.sccp_013">
    </testcase>
    <testcase name="sccp_014" classname="ext/opcache/opt.sccp_014">
    </testcase>
    <testcase name="sccp_015" classname="ext/opcache/opt.sccp_015">
    </testcase>
    <testcase name="sccp_016" classname="ext/opcache/opt.sccp_016">
    </testcase>
    <testcase name="sccp_017" classname="ext/opcache/opt.sccp_017">
    </testcase>
    <testcase name="sccp_018" classname="ext/opcache/opt.sccp_018">
    </testcase>
    <testcase name="sccp_019" classname="ext/opcache/opt.sccp_019">
    </testcase>
    <testcase name="sccp_020" classname="ext/opcache/opt.sccp_020">
    </testcase>
    <testcase name="sccp_021" classname="ext/opcache/opt.sccp_021">
    </testcase>
    <testcase name="sccp_022" classname="ext/opcache/opt.sccp_022">
    </testcase>
    <testcase name="sccp_023" classname="ext/opcache/opt.sccp_023">
    </testcase>
    <testcase name="sccp_024" classname="ext/opcache/opt.sccp_024">
    </testcase>
    <testcase name="sccp_025" classname="ext/opcache/opt.sccp_025">
    </testcase>
  </testsuite>
  <testsuite name="ext/openssl" tests="144" disabled="0" errors="0" failures="22" skipped="11">
    <testcase name="001" classname="ext/openssl.001">
      <skipped message="" />
    </testcase>
    <testcase name="bug25614" classname="ext/openssl.bug25614">
      <skipped message="" />
    </testcase>
    <testcase name="bug28382" classname="ext/openssl.bug28382">
    </testcase>
    <testcase name="bug36732" classname="ext/openssl.bug36732">
    </testcase>
    <testcase name="bug37820" classname="ext/openssl.bug37820">
    </testcase>
    <testcase name="bug38255" classname="ext/openssl.bug38255">
    </testcase>
    <testcase name="bug38261" classname="ext/openssl.bug38261">
    </testcase>
    <testcase name="bug39217" classname="ext/openssl.bug39217">
    </testcase>
    <testcase name="bug41033" classname="ext/openssl.bug41033">
    </testcase>
    <testcase name="bug41353" classname="ext/openssl.bug41353">
    </testcase>
    <testcase name="bug46127" classname="ext/openssl.bug46127">
      <failure message="" />
    </testcase>
    <testcase name="bug47828" classname="ext/openssl.bug47828">
    </testcase>
    <testcase name="bug48182" classname="ext/openssl.bug48182">
      <failure message="" />
    </testcase>
    <testcase name="bug54060" classname="ext/openssl.bug54060">
    </testcase>
    <testcase name="bug54061" classname="ext/openssl.bug54061">
    </testcase>
    <testcase name="bug54992" classname="ext/openssl.bug54992">
      <failure message="" />
    </testcase>
    <testcase name="bug55259" classname="ext/openssl.bug55259">
    </testcase>
    <testcase name="bug55646" classname="ext/openssl.bug55646">
    </testcase>
    <testcase name="bug60632" classname="ext/openssl.bug60632">
    </testcase>
    <testcase name="bug61124" classname="ext/openssl.bug61124">
    </testcase>
    <testcase name="bug61930" classname="ext/openssl.bug61930">
    </testcase>
    <testcase name="bug64802" classname="ext/openssl.bug64802">
    </testcase>
    <testcase name="bug65538_001" classname="ext/openssl.bug65538_001">
      <failure message="" />
    </testcase>
    <testcase name="bug65538_002" classname="ext/openssl.bug65538_002">
    </testcase>
    <testcase name="bug65538_003" classname="ext/openssl.bug65538_003">
      <failure message="" />
    </testcase>
    <testcase name="bug65698" classname="ext/openssl.bug65698">
    </testcase>
    <testcase name="bug65729" classname="ext/openssl.bug65729">
    </testcase>
    <testcase name="bug66501" classname="ext/openssl.bug66501">
    </testcase>
    <testcase name="bug67403" classname="ext/openssl.bug67403">
    </testcase>
    <testcase name="bug68265" classname="ext/openssl.bug68265">
    </testcase>
    <testcase name="bug68879" classname="ext/openssl.bug68879">
    </testcase>
    <testcase name="bug68912" classname="ext/openssl.bug68912">
      <skipped message="" />
    </testcase>
    <testcase name="bug68920" classname="ext/openssl.bug68920">
    </testcase>
    <testcase name="bug69215" classname="ext/openssl.bug69215">
    </testcase>
    <testcase name="bug70395" classname="ext/openssl.bug70395">
    </testcase>
    <testcase name="bug70438" classname="ext/openssl.bug70438">
      <skipped message="" />
    </testcase>
    <testcase name="bug71475" classname="ext/openssl.bug71475">
    </testcase>
    <testcase name="bug71917" classname="ext/openssl.bug71917">
    </testcase>
    <testcase name="bug72165" classname="ext/openssl.bug72165">
      <failure message="" />
    </testcase>
    <testcase name="bug72333" classname="ext/openssl.bug72333">
      <failure message="" />
    </testcase>
    <testcase name="bug72336" classname="ext/openssl.bug72336">
    </testcase>
    <testcase name="bug72362" classname="ext/openssl.bug72362">
    </testcase>
    <testcase name="bug73072" classname="ext/openssl.bug73072">
    </testcase>
    <testcase name="bug73478" classname="ext/openssl.bug73478">
    </testcase>
    <testcase name="bug73711" classname="ext/openssl.bug73711">
    </testcase>
    <testcase name="bug73833" classname="ext/openssl.bug73833">
    </testcase>
    <testcase name="bug74022" classname="ext/openssl.bug74022">
    </testcase>
    <testcase name="bug74022_2" classname="ext/openssl.bug74022_2">
    </testcase>
    <testcase name="bug74099" classname="ext/openssl.bug74099">
    </testcase>
    <testcase name="bug74159" classname="ext/openssl.bug74159">
      <failure message="" />
    </testcase>
    <testcase name="bug74341" classname="ext/openssl.bug74341">
    </testcase>
    <testcase name="bug74402" classname="ext/openssl.bug74402">
      <skipped message="" />
    </testcase>
    <testcase name="bug74651" classname="ext/openssl.bug74651">
    </testcase>
    <testcase name="bug74720_0" classname="ext/openssl.bug74720_0">
    </testcase>
    <testcase name="bug74720_1" classname="ext/openssl.bug74720_1">
    </testcase>
    <testcase name="bug74798" classname="ext/openssl.bug74798">
    </testcase>
    <testcase name="bug74903" classname="ext/openssl.bug74903">
    </testcase>
    <testcase name="bug75307" classname="ext/openssl.bug75307">
    </testcase>
    <testcase name="bug76296" classname="ext/openssl.bug76296">
    </testcase>
    <testcase name="bug76705" classname="ext/openssl.bug76705">
    </testcase>
    <testcase name="bug77390" classname="ext/openssl.bug77390">
      <skipped message="" />
    </testcase>
    <testcase name="capture_peer_cert_001" classname="ext/openssl.capture_peer_cert_001">
      <failure message="" />
    </testcase>
    <testcase name="check_default_conf_path" classname="ext/openssl.check_default_conf_path">
      <skipped message="" />
    </testcase>
    <testcase name="cve-2013-6420" classname="ext/openssl.cve-2013-6420">
    </testcase>
    <testcase name="cve2013_4073" classname="ext/openssl.cve2013_4073">
    </testcase>
    <testcase name="ecc" classname="ext/openssl.ecc">
      <failure message="" />
    </testcase>
    <testcase name="openssl_csr_export_bacis" classname="ext/openssl.openssl_csr_export_bacis">
    </testcase>
    <testcase name="openssl_csr_export_to_file_basic" classname="ext/openssl.openssl_csr_export_to_file_basic">
    </testcase>
    <testcase name="openssl_csr_get_public_key_basic" classname="ext/openssl.openssl_csr_get_public_key_basic">
    </testcase>
    <testcase name="openssl_csr_get_subject_basic" classname="ext/openssl.openssl_csr_get_subject_basic">
    </testcase>
    <testcase name="openssl_csr_new_basic" classname="ext/openssl.openssl_csr_new_basic">
    </testcase>
    <testcase name="openssl_csr_sign_basic" classname="ext/openssl.openssl_csr_sign_basic">
    </testcase>
    <testcase name="openssl_decrypt_basic" classname="ext/openssl.openssl_decrypt_basic">
    </testcase>
    <testcase name="openssl_decrypt_ccm" classname="ext/openssl.openssl_decrypt_ccm">
    </testcase>
    <testcase name="openssl_decrypt_error" classname="ext/openssl.openssl_decrypt_error">
    </testcase>
    <testcase name="openssl_decrypt_gcm" classname="ext/openssl.openssl_decrypt_gcm">
    </testcase>
    <testcase name="openssl_digest_basic" classname="ext/openssl.openssl_digest_basic">
    </testcase>
    <testcase name="openssl_encrypt_ccm" classname="ext/openssl.openssl_encrypt_ccm">
    </testcase>
    <testcase name="openssl_encrypt_crash" classname="ext/openssl.openssl_encrypt_crash">
    </testcase>
    <testcase name="openssl_encrypt_error" classname="ext/openssl.openssl_encrypt_error">
    </testcase>
    <testcase name="openssl_encrypt_gcm" classname="ext/openssl.openssl_encrypt_gcm">
    </testcase>
    <testcase name="openssl_error_string_basic" classname="ext/openssl.openssl_error_string_basic">
      <failure message="" />
    </testcase>
    <testcase name="openssl_free_key" classname="ext/openssl.openssl_free_key">
      <skipped message="" />
    </testcase>
    <testcase name="openssl_get_cert_locations_basic" classname="ext/openssl.openssl_get_cert_locations_basic">
    </testcase>
    <testcase name="openssl_get_cipher_methods" classname="ext/openssl.openssl_get_cipher_methods">
    </testcase>
    <testcase name="openssl_get_md_methods" classname="ext/openssl.openssl_get_md_methods">
    </testcase>
    <testcase name="openssl_open_basic" classname="ext/openssl.openssl_open_basic">
    </testcase>
    <testcase name="openssl_pbkdf2_basic" classname="ext/openssl.openssl_pbkdf2_basic">
    </testcase>
    <testcase name="openssl_peer_fingerprint_basic" classname="ext/openssl.openssl_peer_fingerprint_basic">
      <failure message="" />
    </testcase>
    <testcase name="openssl_pkcs12_export_basic" classname="ext/openssl.openssl_pkcs12_export_basic">
    </testcase>
    <testcase name="openssl_pkcs12_export_to_file_basic" classname="ext/openssl.openssl_pkcs12_export_to_file_basic">
    </testcase>
    <testcase name="openssl_pkcs12_read_basic" classname="ext/openssl.openssl_pkcs12_read_basic">
    </testcase>
    <testcase name="openssl_pkcs7_decrypt_basic" classname="ext/openssl.openssl_pkcs7_decrypt_basic">
    </testcase>
    <testcase name="openssl_pkcs7_decrypt_error" classname="ext/openssl.openssl_pkcs7_decrypt_error">
    </testcase>
    <testcase name="openssl_pkcs7_encrypt_basic" classname="ext/openssl.openssl_pkcs7_encrypt_basic">
    </testcase>
    <testcase name="openssl_pkcs7_read_basic" classname="ext/openssl.openssl_pkcs7_read_basic">
    </testcase>
    <testcase name="openssl_pkcs7_sign_basic" classname="ext/openssl.openssl_pkcs7_sign_basic">
    </testcase>
    <testcase name="openssl_pkcs7_verify_basic" classname="ext/openssl.openssl_pkcs7_verify_basic">
    </testcase>
    <testcase name="openssl_pkey_derive-dh" classname="ext/openssl.openssl_pkey_derive-dh">
    </testcase>
    <testcase name="openssl_pkey_derive-ecdh" classname="ext/openssl.openssl_pkey_derive-ecdh">
    </testcase>
    <testcase name="openssl_pkey_export_basic" classname="ext/openssl.openssl_pkey_export_basic">
    </testcase>
    <testcase name="openssl_pkey_get_details_basic" classname="ext/openssl.openssl_pkey_get_details_basic">
    </testcase>
    <testcase name="openssl_pkey_new_basic" classname="ext/openssl.openssl_pkey_new_basic">
    </testcase>
    <testcase name="openssl_pkey_new_error" classname="ext/openssl.openssl_pkey_new_error">
    </testcase>
    <testcase name="openssl_private_decrypt_basic" classname="ext/openssl.openssl_private_decrypt_basic">
    </testcase>
    <testcase name="openssl_private_encrypt_basic" classname="ext/openssl.openssl_private_encrypt_basic">
    </testcase>
    <testcase name="openssl_public_decrypt_basic" classname="ext/openssl.openssl_public_decrypt_basic">
    </testcase>
    <testcase name="openssl_public_encrypt_basic" classname="ext/openssl.openssl_public_encrypt_basic">
    </testcase>
    <testcase name="openssl_random_pseudo_bytes_basic" classname="ext/openssl.openssl_random_pseudo_bytes_basic">
    </testcase>
    <testcase name="openssl_seal_basic" classname="ext/openssl.openssl_seal_basic">
    </testcase>
    <testcase name="openssl_sign_basic" classname="ext/openssl.openssl_sign_basic">
    </testcase>
    <testcase name="openssl_spki_export_basic" classname="ext/openssl.openssl_spki_export_basic">
      <skipped message="" />
    </testcase>
    <testcase name="openssl_spki_export_challenge_basic" classname="ext/openssl.openssl_spki_export_challenge_basic">
      <skipped message="" />
    </testcase>
    <testcase name="openssl_spki_new_basic" classname="ext/openssl.openssl_spki_new_basic">
    </testcase>
    <testcase name="openssl_spki_verify_basic" classname="ext/openssl.openssl_spki_verify_basic">
    </testcase>
    <testcase name="openssl_verify_basic" classname="ext/openssl.openssl_verify_basic">
    </testcase>
    <testcase name="openssl_x509_check_private_key_basic" classname="ext/openssl.openssl_x509_check_private_key_basic">
    </testcase>
    <testcase name="openssl_x509_checkpurpose_basic" classname="ext/openssl.openssl_x509_checkpurpose_basic">
    </testcase>
    <testcase name="openssl_x509_export_basic" classname="ext/openssl.openssl_x509_export_basic">
    </testcase>
    <testcase name="openssl_x509_export_to_file_basic" classname="ext/openssl.openssl_x509_export_to_file_basic">
    </testcase>
    <testcase name="openssl_x509_fingerprint_basic" classname="ext/openssl.openssl_x509_fingerprint_basic">
    </testcase>
    <testcase name="openssl_x509_free_basic" classname="ext/openssl.openssl_x509_free_basic">
    </testcase>
    <testcase name="openssl_x509_parse_basic" classname="ext/openssl.openssl_x509_parse_basic">
    </testcase>
    <testcase name="openssl_x509_read_basic" classname="ext/openssl.openssl_x509_read_basic">
    </testcase>
    <testcase name="peer_verification" classname="ext/openssl.peer_verification">
      <failure message="" />
    </testcase>
    <testcase name="san_peer_matching" classname="ext/openssl.san_peer_matching">
    </testcase>
    <testcase name="session_meta_capture" classname="ext/openssl.session_meta_capture">
      <failure message="" />
    </testcase>
    <testcase name="sni_server" classname="ext/openssl.sni_server">
    </testcase>
    <testcase name="sni_server_key_cert" classname="ext/openssl.sni_server_key_cert">
    </testcase>
    <testcase name="stream_crypto_flags_001" classname="ext/openssl.stream_crypto_flags_001">
      <failure message="" />
    </testcase>
    <testcase name="stream_crypto_flags_002" classname="ext/openssl.stream_crypto_flags_002">
      <failure message="" />
    </testcase>
    <testcase name="stream_crypto_flags_003" classname="ext/openssl.stream_crypto_flags_003">
      <failure message="" />
    </testcase>
    <testcase name="stream_crypto_flags_004" classname="ext/openssl.stream_crypto_flags_004">
      <failure message="" />
    </testcase>
    <testcase name="stream_security_level" classname="ext/openssl.stream_security_level">
      <failure message="" />
    </testcase>
    <testcase name="stream_server_reneg_limit" classname="ext/openssl.stream_server_reneg_limit">
      <skipped message="" />
    </testcase>
    <testcase name="stream_verify_peer_name_001" classname="ext/openssl.stream_verify_peer_name_001">
      <failure message="" />
    </testcase>
    <testcase name="stream_verify_peer_name_002" classname="ext/openssl.stream_verify_peer_name_002">
      <failure message="" />
    </testcase>
    <testcase name="stream_verify_peer_name_003" classname="ext/openssl.stream_verify_peer_name_003">
      <failure message="" />
    </testcase>
    <testcase name="streams_crypto_method" classname="ext/openssl.streams_crypto_method">
    </testcase>
    <testcase name="tls_min_v1-0_max_v1-1_wrapper" classname="ext/openssl.tls_min_v1-0_max_v1-1_wrapper">
    </testcase>
    <testcase name="tls_wrapper" classname="ext/openssl.tls_wrapper">
    </testcase>
    <testcase name="tlsv1-0_wrapper" classname="ext/openssl.tlsv1-0_wrapper">
    </testcase>
    <testcase name="tlsv1-1_wrapper" classname="ext/openssl.tlsv1-1_wrapper">
    </testcase>
    <testcase name="tlsv1-2_wrapper" classname="ext/openssl.tlsv1-2_wrapper">
    </testcase>
  </testsuite>
  <testsuite name="ext/pcntl" tests="22" disabled="0" errors="0" failures="1" skipped="1">
    <testcase name="001" classname="ext/pcntl.001">
    </testcase>
    <testcase name="002" classname="ext/pcntl.002">
      <failure message="" />
    </testcase>
    <testcase name="003" classname="ext/pcntl.003">
    </testcase>
    <testcase name="async_signals" classname="ext/pcntl.async_signals">
    </testcase>
    <testcase name="bug47566" classname="ext/pcntl.bug47566">
    </testcase>
    <testcase name="bug72154" classname="ext/pcntl.bug72154">
    </testcase>
    <testcase name="bug73783" classname="ext/pcntl.bug73783">
    </testcase>
    <testcase name="pcntl_alarm" classname="ext/pcntl.pcntl_alarm">
    </testcase>
    <testcase name="pcntl_exec" classname="ext/pcntl.pcntl_exec">
    </testcase>
    <testcase name="pcntl_exec_2" classname="ext/pcntl.pcntl_exec_2">
    </testcase>
    <testcase name="pcntl_exec_3" classname="ext/pcntl.pcntl_exec_3">
    </testcase>
    <testcase name="pcntl_fork_basic" classname="ext/pcntl.pcntl_fork_basic">
    </testcase>
    <testcase name="pcntl_fork_variation" classname="ext/pcntl.pcntl_fork_variation">
    </testcase>
    <testcase name="pcntl_get_last_error" classname="ext/pcntl.pcntl_get_last_error">
    </testcase>
    <testcase name="pcntl_realtime_signal" classname="ext/pcntl.pcntl_realtime_signal">
    </testcase>
    <testcase name="pcntl_signal" classname="ext/pcntl.pcntl_signal">
    </testcase>
    <testcase name="pcntl_signal_dispatch" classname="ext/pcntl.pcntl_signal_dispatch">
    </testcase>
    <testcase name="pcntl_signal_get_handler" classname="ext/pcntl.pcntl_signal_get_handler">
    </testcase>
    <testcase name="pcntl_wait" classname="ext/pcntl.pcntl_wait">
    </testcase>
    <testcase name="pcntl_wait_rusage1" classname="ext/pcntl.pcntl_wait_rusage1">
    </testcase>
    <testcase name="pcntl_waitpid_rusage1" classname="ext/pcntl.pcntl_waitpid_rusage1">
      <skipped message="" />
    </testcase>
    <testcase name="signal_closure_handler" classname="ext/pcntl.signal_closure_handler">
    </testcase>
  </testsuite>
  <testsuite name="ext/pcre" tests="135" disabled="0" errors="0" failures="0" skipped="2">
    <testcase name="001" classname="ext/pcre.001">
    </testcase>
    <testcase name="002" classname="ext/pcre.002">
    </testcase>
    <testcase name="003" classname="ext/pcre.003">
    </testcase>
    <testcase name="004" classname="ext/pcre.004">
    </testcase>
    <testcase name="005" classname="ext/pcre.005">
    </testcase>
    <testcase name="006" classname="ext/pcre.006">
    </testcase>
    <testcase name="007" classname="ext/pcre.007">
    </testcase>
    <testcase name="backtrack_limit" classname="ext/pcre.backtrack_limit">
    </testcase>
    <testcase name="bug20528" classname="ext/pcre.bug20528">
    </testcase>
    <testcase name="bug21732" classname="ext/pcre.bug21732">
    </testcase>
    <testcase name="bug21758" classname="ext/pcre.bug21758">
    </testcase>
    <testcase name="bug26927" classname="ext/pcre.bug26927">
    </testcase>
    <testcase name="bug27011" classname="ext/pcre.bug27011">
    </testcase>
    <testcase name="bug27103" classname="ext/pcre.bug27103">
    </testcase>
    <testcase name="bug34790" classname="ext/pcre.bug34790">
    </testcase>
    <testcase name="bug37800" classname="ext/pcre.bug37800">
    </testcase>
    <testcase name="bug37911" classname="ext/pcre.bug37911">
    </testcase>
    <testcase name="bug38600" classname="ext/pcre.bug38600">
    </testcase>
    <testcase name="bug40195" classname="ext/pcre.bug40195">
    </testcase>
    <testcase name="bug40909" classname="ext/pcre.bug40909">
    </testcase>
    <testcase name="bug41050" classname="ext/pcre.bug41050">
    </testcase>
    <testcase name="bug41148" classname="ext/pcre.bug41148">
    </testcase>
    <testcase name="bug41638" classname="ext/pcre.bug41638">
    </testcase>
    <testcase name="bug42298" classname="ext/pcre.bug42298">
    </testcase>
    <testcase name="bug42737" classname="ext/pcre.bug42737">
    </testcase>
    <testcase name="bug42945" classname="ext/pcre.bug42945">
    </testcase>
    <testcase name="bug44191" classname="ext/pcre.bug44191">
    </testcase>
    <testcase name="bug44214" classname="ext/pcre.bug44214">
    </testcase>
    <testcase name="bug44214_2" classname="ext/pcre.bug44214_2">
    </testcase>
    <testcase name="bug44925" classname="ext/pcre.bug44925">
    </testcase>
    <testcase name="bug47229" classname="ext/pcre.bug47229">
    </testcase>
    <testcase name="bug47662" classname="ext/pcre.bug47662">
    </testcase>
    <testcase name="bug52732" classname="ext/pcre.bug52732">
    </testcase>
    <testcase name="bug52971" classname="ext/pcre.bug52971">
    </testcase>
    <testcase name="bug53823" classname="ext/pcre.bug53823">
    </testcase>
    <testcase name="bug61780" classname="ext/pcre.bug61780">
    </testcase>
    <testcase name="bug61780_1" classname="ext/pcre.bug61780_1">
    </testcase>
    <testcase name="bug61780_2" classname="ext/pcre.bug61780_2">
    </testcase>
    <testcase name="bug63055" classname="ext/pcre.bug63055">
    </testcase>
    <testcase name="bug66121" classname="ext/pcre.bug66121">
    </testcase>
    <testcase name="bug67238" classname="ext/pcre.bug67238">
    </testcase>
    <testcase name="bug69864" classname="ext/pcre.bug69864">
    </testcase>
    <testcase name="bug70232" classname="ext/pcre.bug70232">
    </testcase>
    <testcase name="bug70345" classname="ext/pcre.bug70345">
    </testcase>
    <testcase name="bug71537" classname="ext/pcre.bug71537">
    </testcase>
    <testcase name="bug72463" classname="ext/pcre.bug72463">
    </testcase>
    <testcase name="bug72463_2" classname="ext/pcre.bug72463_2">
      <skipped message="" />
    </testcase>
    <testcase name="bug72688" classname="ext/pcre.bug72688">
    </testcase>
    <testcase name="bug73392" classname="ext/pcre.bug73392">
    </testcase>
    <testcase name="bug73483" classname="ext/pcre.bug73483">
    </testcase>
    <testcase name="bug73612" classname="ext/pcre.bug73612">
    </testcase>
    <testcase name="bug74183" classname="ext/pcre.bug74183">
    </testcase>
    <testcase name="bug74873" classname="ext/pcre.bug74873">
    </testcase>
    <testcase name="bug75089" classname="ext/pcre.bug75089">
    </testcase>
    <testcase name="bug75207" classname="ext/pcre.bug75207">
    </testcase>
    <testcase name="bug75355" classname="ext/pcre.bug75355">
    </testcase>
    <testcase name="bug75539" classname="ext/pcre.bug75539">
    </testcase>
    <testcase name="bug76127" classname="ext/pcre.bug76127">
    </testcase>
    <testcase name="bug76512" classname="ext/pcre.bug76512">
    </testcase>
    <testcase name="bug76514" classname="ext/pcre.bug76514">
    </testcase>
    <testcase name="bug76850" classname="ext/pcre.bug76850">
    </testcase>
    <testcase name="bug76909" classname="ext/pcre.bug76909">
    </testcase>
    <testcase name="bug77193" classname="ext/pcre.bug77193">
    </testcase>
    <testcase name="bug77827" classname="ext/pcre.bug77827">
    </testcase>
    <testcase name="cache_limit" classname="ext/pcre.cache_limit">
    </testcase>
    <testcase name="check_jit_enabled" classname="ext/pcre.check_jit_enabled">
    </testcase>
    <testcase name="delimiters" classname="ext/pcre.delimiters">
    </testcase>
    <testcase name="dollar_endonly" classname="ext/pcre.dollar_endonly">
    </testcase>
    <testcase name="grep" classname="ext/pcre.grep">
    </testcase>
    <testcase name="grep2" classname="ext/pcre.grep2">
    </testcase>
    <testcase name="invalid_utf8" classname="ext/pcre.invalid_utf8">
    </testcase>
    <testcase name="invalid_utf8_offset" classname="ext/pcre.invalid_utf8_offset">
    </testcase>
    <testcase name="locales" classname="ext/pcre.locales">
      <skipped message="" />
    </testcase>
    <testcase name="marks" classname="ext/pcre.marks">
    </testcase>
    <testcase name="match_flags" classname="ext/pcre.match_flags">
    </testcase>
    <testcase name="match_flags2" classname="ext/pcre.match_flags2">
    </testcase>
    <testcase name="match_flags3" classname="ext/pcre.match_flags3">
    </testcase>
    <testcase name="multiline" classname="ext/pcre.multiline">
    </testcase>
    <testcase name="no_jit_bug70110" classname="ext/pcre.no_jit_bug70110">
    </testcase>
    <testcase name="null_bytes" classname="ext/pcre.null_bytes">
    </testcase>
    <testcase name="pcre-constants" classname="ext/pcre.pcre-constants">
    </testcase>
    <testcase name="pcre_anchored" classname="ext/pcre.pcre_anchored">
    </testcase>
    <testcase name="pcre_count" classname="ext/pcre.pcre_count">
    </testcase>
    <testcase name="pcre_extended" classname="ext/pcre.pcre_extended">
    </testcase>
    <testcase name="pcre_extra" classname="ext/pcre.pcre_extra">
    </testcase>
    <testcase name="preg_filter" classname="ext/pcre.preg_filter">
    </testcase>
    <testcase name="preg_grep_basic" classname="ext/pcre.preg_grep_basic">
    </testcase>
    <testcase name="preg_grep_error" classname="ext/pcre.preg_grep_error">
    </testcase>
    <testcase name="preg_grep_error1" classname="ext/pcre.preg_grep_error1">
    </testcase>
    <testcase name="preg_grep_error2" classname="ext/pcre.preg_grep_error2">
    </testcase>
    <testcase name="preg_last_error_error" classname="ext/pcre.preg_last_error_error">
    </testcase>
    <testcase name="preg_match_all_basic" classname="ext/pcre.preg_match_all_basic">
    </testcase>
    <testcase name="preg_match_all_edit_basic" classname="ext/pcre.preg_match_all_edit_basic">
    </testcase>
    <testcase name="preg_match_all_error" classname="ext/pcre.preg_match_all_error">
    </testcase>
    <testcase name="preg_match_all_error1" classname="ext/pcre.preg_match_all_error1">
    </testcase>
    <testcase name="preg_match_all_error2" classname="ext/pcre.preg_match_all_error2">
    </testcase>
    <testcase name="preg_match_all_error3" classname="ext/pcre.preg_match_all_error3">
    </testcase>
    <testcase name="preg_match_basic" classname="ext/pcre.preg_match_basic">
    </testcase>
    <testcase name="preg_match_basic_002" classname="ext/pcre.preg_match_basic_002">
    </testcase>
    <testcase name="preg_match_basic_edit" classname="ext/pcre.preg_match_basic_edit">
    </testcase>
    <testcase name="preg_match_error" classname="ext/pcre.preg_match_error">
    </testcase>
    <testcase name="preg_match_error1" classname="ext/pcre.preg_match_error1">
    </testcase>
    <testcase name="preg_match_error2" classname="ext/pcre.preg_match_error2">
    </testcase>
    <testcase name="preg_match_error3" classname="ext/pcre.preg_match_error3">
    </testcase>
    <testcase name="preg_match_error4" classname="ext/pcre.preg_match_error4">
    </testcase>
    <testcase name="preg_match_variation1" classname="ext/pcre.preg_match_variation1">
    </testcase>
    <testcase name="preg_quote_basic" classname="ext/pcre.preg_quote_basic">
    </testcase>
    <testcase name="preg_quote_error" classname="ext/pcre.preg_quote_error">
    </testcase>
    <testcase name="preg_quote_error1" classname="ext/pcre.preg_quote_error1">
    </testcase>
    <testcase name="preg_replace" classname="ext/pcre.preg_replace">
    </testcase>
    <testcase name="preg_replace2" classname="ext/pcre.preg_replace2">
    </testcase>
    <testcase name="preg_replace_basic" classname="ext/pcre.preg_replace_basic">
    </testcase>
    <testcase name="preg_replace_callback" classname="ext/pcre.preg_replace_callback">
    </testcase>
    <testcase name="preg_replace_callback2" classname="ext/pcre.preg_replace_callback2">
    </testcase>
    <testcase name="preg_replace_callback3" classname="ext/pcre.preg_replace_callback3">
    </testcase>
    <testcase name="preg_replace_callback_array" classname="ext/pcre.preg_replace_callback_array">
    </testcase>
    <testcase name="preg_replace_callback_array2" classname="ext/pcre.preg_replace_callback_array2">
    </testcase>
    <testcase name="preg_replace_callback_basic" classname="ext/pcre.preg_replace_callback_basic">
    </testcase>
    <testcase name="preg_replace_callback_error" classname="ext/pcre.preg_replace_callback_error">
    </testcase>
    <testcase name="preg_replace_callback_error1" classname="ext/pcre.preg_replace_callback_error1">
    </testcase>
    <testcase name="preg_replace_edit_basic" classname="ext/pcre.preg_replace_edit_basic">
    </testcase>
    <testcase name="preg_replace_error" classname="ext/pcre.preg_replace_error">
    </testcase>
    <testcase name="preg_replace_error1" classname="ext/pcre.preg_replace_error1">
    </testcase>
    <testcase name="preg_replace_error2" classname="ext/pcre.preg_replace_error2">
    </testcase>
    <testcase name="preg_replace_variation1" classname="ext/pcre.preg_replace_variation1">
    </testcase>
    <testcase name="preg_split_basic" classname="ext/pcre.preg_split_basic">
    </testcase>
    <testcase name="preg_split_error" classname="ext/pcre.preg_split_error">
    </testcase>
    <testcase name="preg_split_error1" classname="ext/pcre.preg_split_error1">
    </testcase>
    <testcase name="preg_split_error2" classname="ext/pcre.preg_split_error2">
    </testcase>
    <testcase name="recursion_limit" classname="ext/pcre.recursion_limit">
    </testcase>
    <testcase name="request47456" classname="ext/pcre.request47456">
    </testcase>
    <testcase name="split" classname="ext/pcre.split">
    </testcase>
    <testcase name="split2" classname="ext/pcre.split2">
    </testcase>
    <testcase name="study" classname="ext/pcre.study">
    </testcase>
    <testcase name="ungreedy" classname="ext/pcre.ungreedy">
    </testcase>
  </testsuite>
  <testsuite name="ext/pdo" tests="77" disabled="0" errors="0" failures="1" skipped="1">
    <testcase name="bug_34630" classname="ext/pdo.bug_34630">
    </testcase>
    <testcase name="bug_34687" classname="ext/pdo.bug_34687">
    </testcase>
    <testcase name="bug_35671" classname="ext/pdo.bug_35671">
    </testcase>
    <testcase name="bug_36428" classname="ext/pdo.bug_36428">
    </testcase>
    <testcase name="bug_36798" classname="ext/pdo.bug_36798">
    </testcase>
    <testcase name="bug_38253" classname="ext/pdo.bug_38253">
    </testcase>
    <testcase name="bug_38394" classname="ext/pdo.bug_38394">
    </testcase>
    <testcase name="bug_39398" classname="ext/pdo.bug_39398">
    </testcase>
    <testcase name="bug_39656" classname="ext/pdo.bug_39656">
    </testcase>
    <testcase name="bug_40285" classname="ext/pdo.bug_40285">
    </testcase>
    <testcase name="bug_42917" classname="ext/pdo.bug_42917">
    </testcase>
    <testcase name="bug_43130" classname="ext/pdo.bug_43130">
    </testcase>
    <testcase name="bug_43139" classname="ext/pdo.bug_43139">
    </testcase>
    <testcase name="bug_43663" classname="ext/pdo.bug_43663">
    </testcase>
    <testcase name="bug_44159" classname="ext/pdo.bug_44159">
    </testcase>
    <testcase name="bug_44173" classname="ext/pdo.bug_44173">
    </testcase>
    <testcase name="bug_44409" classname="ext/pdo.bug_44409">
    </testcase>
    <testcase name="bug_44861" classname="ext/pdo.bug_44861">
      <skipped message="" />
    </testcase>
    <testcase name="bug_47769" classname="ext/pdo.bug_47769">
    </testcase>
    <testcase name="bug_50458" classname="ext/pdo.bug_50458">
    </testcase>
    <testcase name="bug_52098" classname="ext/pdo.bug_52098">
    </testcase>
    <testcase name="bug_60665" classname="ext/pdo.bug_60665">
    </testcase>
    <testcase name="bug_61292" classname="ext/pdo.bug_61292">
    </testcase>
    <testcase name="bug_64172" classname="ext/pdo.bug_64172">
    </testcase>
    <testcase name="bug_65946" classname="ext/pdo.bug_65946">
    </testcase>
    <testcase name="bug_69356" classname="ext/pdo.bug_69356">
    </testcase>
    <testcase name="bug_71447" classname="ext/pdo.bug_71447">
    </testcase>
    <testcase name="bug_72788" classname="ext/pdo.bug_72788">
    </testcase>
    <testcase name="bug_73234" classname="ext/pdo.bug_73234">
    </testcase>
    <testcase name="bug_77849" classname="ext/pdo.bug_77849">
    </testcase>
    <testcase name="bug_77849_2" classname="ext/pdo.bug_77849_2">
    </testcase>
    <testcase name="debug_emulated_prepares" classname="ext/pdo.debug_emulated_prepares">
    </testcase>
    <testcase name="pdo_001" classname="ext/pdo.pdo_001">
    </testcase>
    <testcase name="pdo_002" classname="ext/pdo.pdo_002">
    </testcase>
    <testcase name="pdo_003" classname="ext/pdo.pdo_003">
    </testcase>
    <testcase name="pdo_004" classname="ext/pdo.pdo_004">
    </testcase>
    <testcase name="pdo_005" classname="ext/pdo.pdo_005">
    </testcase>
    <testcase name="pdo_006" classname="ext/pdo.pdo_006">
    </testcase>
    <testcase name="pdo_007" classname="ext/pdo.pdo_007">
    </testcase>
    <testcase name="pdo_008" classname="ext/pdo.pdo_008">
    </testcase>
    <testcase name="pdo_009" classname="ext/pdo.pdo_009">
    </testcase>
    <testcase name="pdo_010" classname="ext/pdo.pdo_010">
    </testcase>
    <testcase name="pdo_011" classname="ext/pdo.pdo_011">
    </testcase>
    <testcase name="pdo_012" classname="ext/pdo.pdo_012">
    </testcase>
    <testcase name="pdo_013" classname="ext/pdo.pdo_013">
    </testcase>
    <testcase name="pdo_014" classname="ext/pdo.pdo_014">
    </testcase>
    <testcase name="pdo_015" classname="ext/pdo.pdo_015">
    </testcase>
    <testcase name="pdo_016" classname="ext/pdo.pdo_016">
    </testcase>
    <testcase name="pdo_016a" classname="ext/pdo.pdo_016a">
    </testcase>
    <testcase name="pdo_017" classname="ext/pdo.pdo_017">
    </testcase>
    <testcase name="pdo_018" classname="ext/pdo.pdo_018">
    </testcase>
    <testcase name="pdo_019" classname="ext/pdo.pdo_019">
    </testcase>
    <testcase name="pdo_020" classname="ext/pdo.pdo_020">
    </testcase>
    <testcase name="pdo_021" classname="ext/pdo.pdo_021">
    </testcase>
    <testcase name="pdo_022" classname="ext/pdo.pdo_022">
      <failure message="" />
    </testcase>
    <testcase name="pdo_023" classname="ext/pdo.pdo_023">
    </testcase>
    <testcase name="pdo_024" classname="ext/pdo.pdo_024">
    </testcase>
    <testcase name="pdo_025" classname="ext/pdo.pdo_025">
    </testcase>
    <testcase name="pdo_026" classname="ext/pdo.pdo_026">
    </testcase>
    <testcase name="pdo_027" classname="ext/pdo.pdo_027">
    </testcase>
    <testcase name="pdo_028" classname="ext/pdo.pdo_028">
    </testcase>
    <testcase name="pdo_029" classname="ext/pdo.pdo_029">
    </testcase>
    <testcase name="pdo_030" classname="ext/pdo.pdo_030">
    </testcase>
    <testcase name="pdo_031" classname="ext/pdo.pdo_031">
    </testcase>
    <testcase name="pdo_032" classname="ext/pdo.pdo_032">
    </testcase>
    <testcase name="pdo_033" classname="ext/pdo.pdo_033">
    </testcase>
    <testcase name="pdo_034" classname="ext/pdo.pdo_034">
    </testcase>
    <testcase name="pdo_035" classname="ext/pdo.pdo_035">
    </testcase>
    <testcase name="pdo_036" classname="ext/pdo.pdo_036">
    </testcase>
    <testcase name="pdo_037" classname="ext/pdo.pdo_037">
    </testcase>
    <testcase name="pdo_038" classname="ext/pdo.pdo_038">
    </testcase>
    <testcase name="pdo_drivers_basic" classname="ext/pdo.pdo_drivers_basic">
    </testcase>
    <testcase name="pdo_drivers_error" classname="ext/pdo.pdo_drivers_error">
    </testcase>
    <testcase name="pdorow" classname="ext/pdo.pdorow">
    </testcase>
    <testcase name="pecl_bug_5217" classname="ext/pdo.pecl_bug_5217">
    </testcase>
    <testcase name="pecl_bug_5772" classname="ext/pdo.pecl_bug_5772">
    </testcase>
    <testcase name="pecl_bug_5809" classname="ext/pdo.pecl_bug_5809">
    </testcase>
  </testsuite>
  <testsuite name="ext/pdo_mysql" tests="120" disabled="0" errors="1" failures="7" skipped="8">
    <testcase name="PDO_getAvaliableDrivers" classname="ext/pdo_mysql.PDO_getAvaliableDrivers">
    </testcase>
    <testcase name="bug41125" classname="ext/pdo_mysql.bug41125">
    </testcase>
    <testcase name="bug44327" classname="ext/pdo_mysql.bug44327">
    </testcase>
    <testcase name="bug46292" classname="ext/pdo_mysql.bug46292">
    </testcase>
    <testcase name="bug53551" classname="ext/pdo_mysql.bug53551">
    </testcase>
    <testcase name="bug53782" classname="ext/pdo_mysql.bug53782">
    </testcase>
    <testcase name="bug54929" classname="ext/pdo_mysql.bug54929">
    </testcase>
    <testcase name="bug63176" classname="ext/pdo_mysql.bug63176">
    </testcase>
    <testcase name="bug66141" classname="ext/pdo_mysql.bug66141">
    </testcase>
    <testcase name="bug68371" classname="ext/pdo_mysql.bug68371">
    </testcase>
    <testcase name="bug70272" classname="ext/pdo_mysql.bug70272">
    </testcase>
    <testcase name="bug70389" classname="ext/pdo_mysql.bug70389">
    </testcase>
    <testcase name="bug70862" classname="ext/pdo_mysql.bug70862">
    </testcase>
    <testcase name="bug71569" classname="ext/pdo_mysql.bug71569">
    </testcase>
    <testcase name="bug75177" classname="ext/pdo_mysql.bug75177">
    </testcase>
    <testcase name="bug77289" classname="ext/pdo_mysql.bug77289">
    </testcase>
    <testcase name="bug_33689" classname="ext/pdo_mysql.bug_33689">
    </testcase>
    <testcase name="bug_37445" classname="ext/pdo_mysql.bug_37445">
    </testcase>
    <testcase name="bug_39483" classname="ext/pdo_mysql.bug_39483">
    </testcase>
    <testcase name="bug_39858" classname="ext/pdo_mysql.bug_39858">
      <failure message="" />
    </testcase>
    <testcase name="bug_41125" classname="ext/pdo_mysql.bug_41125">
      <skipped message="" />
    </testcase>
    <testcase name="bug_41698" classname="ext/pdo_mysql.bug_41698">
    </testcase>
    <testcase name="bug_41997" classname="ext/pdo_mysql.bug_41997">
      <failure message="" />
    </testcase>
    <testcase name="bug_42499" classname="ext/pdo_mysql.bug_42499">
    </testcase>
    <testcase name="bug_43371" classname="ext/pdo_mysql.bug_43371">
    </testcase>
    <testcase name="bug_44454" classname="ext/pdo_mysql.bug_44454">
    </testcase>
    <testcase name="bug_44707" classname="ext/pdo_mysql.bug_44707">
    </testcase>
    <testcase name="bug_45120" classname="ext/pdo_mysql.bug_45120">
    </testcase>
    <testcase name="bug_50323" classname="ext/pdo_mysql.bug_50323">
    </testcase>
    <testcase name="bug_51670" classname="ext/pdo_mysql.bug_51670">
    </testcase>
    <testcase name="bug_61207" classname="ext/pdo_mysql.bug_61207">
    </testcase>
    <testcase name="bug_61411" classname="ext/pdo_mysql.bug_61411">
    </testcase>
    <testcase name="bug_61755" classname="ext/pdo_mysql.bug_61755">
    </testcase>
    <testcase name="bug_74376" classname="ext/pdo_mysql.bug_74376">
    </testcase>
    <testcase name="bug_pecl_12925" classname="ext/pdo_mysql.bug_pecl_12925">
    </testcase>
    <testcase name="bug_pecl_7976" classname="ext/pdo_mysql.bug_pecl_7976">
      <failure message="" />
    </testcase>
    <testcase name="last_insert_id" classname="ext/pdo_mysql.last_insert_id">
    </testcase>
    <testcase name="pdo_mysql___construct" classname="ext/pdo_mysql.pdo_mysql___construct">
    </testcase>
    <testcase name="pdo_mysql___construct_ini" classname="ext/pdo_mysql.pdo_mysql___construct_ini">
      <skipped message="" />
    </testcase>
    <testcase name="pdo_mysql___construct_options" classname="ext/pdo_mysql.pdo_mysql___construct_options">
      <failure message="" />
    </testcase>
    <testcase name="pdo_mysql___construct_options_libmysql" classname="ext/pdo_mysql.pdo_mysql___construct_options_libmysql">
      <skipped message="" />
    </testcase>
    <testcase name="pdo_mysql___construct_uri" classname="ext/pdo_mysql.pdo_mysql___construct_uri">
    </testcase>
    <testcase name="pdo_mysql_attr_autocommit" classname="ext/pdo_mysql.pdo_mysql_attr_autocommit">
    </testcase>
    <testcase name="pdo_mysql_attr_case" classname="ext/pdo_mysql.pdo_mysql_attr_case">
    </testcase>
    <testcase name="pdo_mysql_attr_client_version" classname="ext/pdo_mysql.pdo_mysql_attr_client_version">
    </testcase>
    <testcase name="pdo_mysql_attr_connection_status" classname="ext/pdo_mysql.pdo_mysql_attr_connection_status">
    </testcase>
    <testcase name="pdo_mysql_attr_driver_name" classname="ext/pdo_mysql.pdo_mysql_attr_driver_name">
    </testcase>
    <testcase name="pdo_mysql_attr_errmode" classname="ext/pdo_mysql.pdo_mysql_attr_errmode">
    </testcase>
    <testcase name="pdo_mysql_attr_fetch_table_names" classname="ext/pdo_mysql.pdo_mysql_attr_fetch_table_names">
    </testcase>
    <testcase name="pdo_mysql_attr_init_command" classname="ext/pdo_mysql.pdo_mysql_attr_init_command">
    </testcase>
    <testcase name="pdo_mysql_attr_max_buffer_size" classname="ext/pdo_mysql.pdo_mysql_attr_max_buffer_size">
      <skipped message="" />
    </testcase>
    <testcase name="pdo_mysql_attr_multi_statements" classname="ext/pdo_mysql.pdo_mysql_attr_multi_statements">
    </testcase>
    <testcase name="pdo_mysql_attr_oracle_nulls" classname="ext/pdo_mysql.pdo_mysql_attr_oracle_nulls">
    </testcase>
    <testcase name="pdo_mysql_attr_prefetch" classname="ext/pdo_mysql.pdo_mysql_attr_prefetch">
    </testcase>
    <testcase name="pdo_mysql_attr_server_info" classname="ext/pdo_mysql.pdo_mysql_attr_server_info">
    </testcase>
    <testcase name="pdo_mysql_attr_server_version" classname="ext/pdo_mysql.pdo_mysql_attr_server_version">
    </testcase>
    <testcase name="pdo_mysql_attr_statement_class" classname="ext/pdo_mysql.pdo_mysql_attr_statement_class">
    </testcase>
    <testcase name="pdo_mysql_begintransaction" classname="ext/pdo_mysql.pdo_mysql_begintransaction">
    </testcase>
    <testcase name="pdo_mysql_bit" classname="ext/pdo_mysql.pdo_mysql_bit">
      <skipped message="" />
    </testcase>
    <testcase name="pdo_mysql_class_constants" classname="ext/pdo_mysql.pdo_mysql_class_constants">
    </testcase>
    <testcase name="pdo_mysql_commit" classname="ext/pdo_mysql.pdo_mysql_commit">
    </testcase>
    <testcase name="pdo_mysql_connect_charset" classname="ext/pdo_mysql.pdo_mysql_connect_charset">
    </testcase>
    <testcase name="pdo_mysql_errorcode" classname="ext/pdo_mysql.pdo_mysql_errorcode">
    </testcase>
    <testcase name="pdo_mysql_errorinfo" classname="ext/pdo_mysql.pdo_mysql_errorinfo">
    </testcase>
    <testcase name="pdo_mysql_exec" classname="ext/pdo_mysql.pdo_mysql_exec">
    </testcase>
    <testcase name="pdo_mysql_exec_ddl" classname="ext/pdo_mysql.pdo_mysql_exec_ddl">
    </testcase>
    <testcase name="pdo_mysql_exec_load_data" classname="ext/pdo_mysql.pdo_mysql_exec_load_data">
      <skipped message="" />
    </testcase>
    <testcase name="pdo_mysql_exec_select" classname="ext/pdo_mysql.pdo_mysql_exec_select">
    </testcase>
    <testcase name="pdo_mysql_fetch_both" classname="ext/pdo_mysql.pdo_mysql_fetch_both">
    </testcase>
    <testcase name="pdo_mysql_get_attribute" classname="ext/pdo_mysql.pdo_mysql_get_attribute">
    </testcase>
    <testcase name="pdo_mysql_interface" classname="ext/pdo_mysql.pdo_mysql_interface">
    </testcase>
    <testcase name="pdo_mysql_last_insert_id" classname="ext/pdo_mysql.pdo_mysql_last_insert_id">
    </testcase>
    <testcase name="pdo_mysql_local_infile_default_off" classname="ext/pdo_mysql.pdo_mysql_local_infile_default_off">
    </testcase>
    <testcase name="pdo_mysql_local_infile_set_on" classname="ext/pdo_mysql.pdo_mysql_local_infile_set_on">
      <failure message="" />
    </testcase>
    <testcase name="pdo_mysql_multi_stmt_nextrowset" classname="ext/pdo_mysql.pdo_mysql_multi_stmt_nextrowset">
    </testcase>
    <testcase name="pdo_mysql_param_str_natl" classname="ext/pdo_mysql.pdo_mysql_param_str_natl">
    </testcase>
    <testcase name="pdo_mysql_pconnect" classname="ext/pdo_mysql.pdo_mysql_pconnect">
    </testcase>
    <testcase name="pdo_mysql_phpinfo" classname="ext/pdo_mysql.pdo_mysql_phpinfo">
    </testcase>
    <testcase name="pdo_mysql_prepare_emulated" classname="ext/pdo_mysql.pdo_mysql_prepare_emulated">
      <error message="" />
    </testcase>
    <testcase name="pdo_mysql_prepare_emulated_anonymous" classname="ext/pdo_mysql.pdo_mysql_prepare_emulated_anonymous">
    </testcase>
    <testcase name="pdo_mysql_prepare_emulated_placeholder_everywhere" classname="ext/pdo_mysql.pdo_mysql_prepare_emulated_placeholder_everywhere">
    </testcase>
    <testcase name="pdo_mysql_prepare_load_data" classname="ext/pdo_mysql.pdo_mysql_prepare_load_data">
      <skipped message="" />
    </testcase>
    <testcase name="pdo_mysql_prepare_match_against" classname="ext/pdo_mysql.pdo_mysql_prepare_match_against">
    </testcase>
    <testcase name="pdo_mysql_prepare_native" classname="ext/pdo_mysql.pdo_mysql_prepare_native">
    </testcase>
    <testcase name="pdo_mysql_prepare_native_clear_error" classname="ext/pdo_mysql.pdo_mysql_prepare_native_clear_error">
    </testcase>
    <testcase name="pdo_mysql_prepare_native_column" classname="ext/pdo_mysql.pdo_mysql_prepare_native_column">
    </testcase>
    <testcase name="pdo_mysql_prepare_native_dup_named_placeholder" classname="ext/pdo_mysql.pdo_mysql_prepare_native_dup_named_placeholder">
    </testcase>
    <testcase name="pdo_mysql_prepare_native_mixed_style" classname="ext/pdo_mysql.pdo_mysql_prepare_native_mixed_style">
    </testcase>
    <testcase name="pdo_mysql_prepare_native_named_placeholder" classname="ext/pdo_mysql.pdo_mysql_prepare_native_named_placeholder">
    </testcase>
    <testcase name="pdo_mysql_prepare_native_placeholder_everywhere" classname="ext/pdo_mysql.pdo_mysql_prepare_native_placeholder_everywhere">
    </testcase>
    <testcase name="pdo_mysql_quote" classname="ext/pdo_mysql.pdo_mysql_quote">
    </testcase>
    <testcase name="pdo_mysql_rollback" classname="ext/pdo_mysql.pdo_mysql_rollback">
    </testcase>
    <testcase name="pdo_mysql_stmt_bindcolumn" classname="ext/pdo_mysql.pdo_mysql_stmt_bindcolumn">
    </testcase>
    <testcase name="pdo_mysql_stmt_bindparam" classname="ext/pdo_mysql.pdo_mysql_stmt_bindparam">
    </testcase>
    <testcase name="pdo_mysql_stmt_bindparam_types" classname="ext/pdo_mysql.pdo_mysql_stmt_bindparam_types">
    </testcase>
    <testcase name="pdo_mysql_stmt_bindvalue" classname="ext/pdo_mysql.pdo_mysql_stmt_bindvalue">
    </testcase>
    <testcase name="pdo_mysql_stmt_blobfromsteam" classname="ext/pdo_mysql.pdo_mysql_stmt_blobfromsteam">
    </testcase>
    <testcase name="pdo_mysql_stmt_blobs" classname="ext/pdo_mysql.pdo_mysql_stmt_blobs">
    </testcase>
    <testcase name="pdo_mysql_stmt_closecursor" classname="ext/pdo_mysql.pdo_mysql_stmt_closecursor">
    </testcase>
    <testcase name="pdo_mysql_stmt_closecursor_empty" classname="ext/pdo_mysql.pdo_mysql_stmt_closecursor_empty">
    </testcase>
    <testcase name="pdo_mysql_stmt_columncount" classname="ext/pdo_mysql.pdo_mysql_stmt_columncount">
    </testcase>
    <testcase name="pdo_mysql_stmt_errorcode" classname="ext/pdo_mysql.pdo_mysql_stmt_errorcode">
    </testcase>
    <testcase name="pdo_mysql_stmt_errorinfo" classname="ext/pdo_mysql.pdo_mysql_stmt_errorinfo">
    </testcase>
    <testcase name="pdo_mysql_stmt_fetch_non_select" classname="ext/pdo_mysql.pdo_mysql_stmt_fetch_non_select">
    </testcase>
    <testcase name="pdo_mysql_stmt_fetch_serialize" classname="ext/pdo_mysql.pdo_mysql_stmt_fetch_serialize">
    </testcase>
    <testcase name="pdo_mysql_stmt_fetch_serialize_simple" classname="ext/pdo_mysql.pdo_mysql_stmt_fetch_serialize_simple">
    </testcase>
    <testcase name="pdo_mysql_stmt_fetchobject" classname="ext/pdo_mysql.pdo_mysql_stmt_fetchobject">
    </testcase>
    <testcase name="pdo_mysql_stmt_getcolumnmeta" classname="ext/pdo_mysql.pdo_mysql_stmt_getcolumnmeta">
    </testcase>
    <testcase name="pdo_mysql_stmt_multiquery" classname="ext/pdo_mysql.pdo_mysql_stmt_multiquery">
    </testcase>
    <testcase name="pdo_mysql_stmt_nextrowset" classname="ext/pdo_mysql.pdo_mysql_stmt_nextrowset">
      <failure message="" />
    </testcase>
    <testcase name="pdo_mysql_stmt_rowcount" classname="ext/pdo_mysql.pdo_mysql_stmt_rowcount">
    </testcase>
    <testcase name="pdo_mysql_stmt_unbuffered_2050" classname="ext/pdo_mysql.pdo_mysql_stmt_unbuffered_2050">
      <skipped message="" />
    </testcase>
    <testcase name="pdo_mysql_stmt_variable_columncount" classname="ext/pdo_mysql.pdo_mysql_stmt_variable_columncount">
      <failure message="" />
    </testcase>
    <testcase name="pdo_mysql_subclass" classname="ext/pdo_mysql.pdo_mysql_subclass">
    </testcase>
    <testcase name="pdo_mysql_types" classname="ext/pdo_mysql.pdo_mysql_types">
    </testcase>
    <testcase name="pdo_mysql_types_zerofill" classname="ext/pdo_mysql.pdo_mysql_types_zerofill">
    </testcase>
    <testcase name="pecl_bug_5200" classname="ext/pdo_mysql.pecl_bug_5200">
    </testcase>
    <testcase name="pecl_bug_5780" classname="ext/pdo_mysql.pecl_bug_5780">
    </testcase>
    <testcase name="pecl_bug_5802" classname="ext/pdo_mysql.pecl_bug_5802">
    </testcase>
    <testcase name="show_tables" classname="ext/pdo_mysql.show_tables">
    </testcase>
  </testsuite>
  <testsuite name="ext/pdo_odbc" tests="2" disabled="0" errors="0" failures="2" skipped="0">
    <testcase name="long_columns" classname="ext/pdo_odbc.long_columns">
      <failure message="" />
    </testcase>
    <testcase name="max_columns" classname="ext/pdo_odbc.max_columns">
      <failure message="" />
    </testcase>
  </testsuite>
  <testsuite name="ext/pdo_sqlite" tests="29" disabled="0" errors="0" failures="0" skipped="1">
    <testcase name="bug33841" classname="ext/pdo_sqlite.bug33841">
    </testcase>
    <testcase name="bug35336" classname="ext/pdo_sqlite.bug35336">
    </testcase>
    <testcase name="bug43831" classname="ext/pdo_sqlite.bug43831">
    </testcase>
    <testcase name="bug44327_2" classname="ext/pdo_sqlite.bug44327_2">
    </testcase>
    <testcase name="bug44327_3" classname="ext/pdo_sqlite.bug44327_3">
    </testcase>
    <testcase name="bug46139" classname="ext/pdo_sqlite.bug46139">
    </testcase>
    <testcase name="bug46542" classname="ext/pdo_sqlite.bug46542">
    </testcase>
    <testcase name="bug48773" classname="ext/pdo_sqlite.bug48773">
    </testcase>
    <testcase name="bug50728" classname="ext/pdo_sqlite.bug50728">
    </testcase>
    <testcase name="bug52487" classname="ext/pdo_sqlite.bug52487">
    </testcase>
    <testcase name="bug60104" classname="ext/pdo_sqlite.bug60104">
    </testcase>
    <testcase name="bug66033" classname="ext/pdo_sqlite.bug66033">
    </testcase>
    <testcase name="bug70221" classname="ext/pdo_sqlite.bug70221">
    </testcase>
    <testcase name="bug70862" classname="ext/pdo_sqlite.bug70862">
    </testcase>
    <testcase name="bug_42589" classname="ext/pdo_sqlite.bug_42589">
    </testcase>
    <testcase name="bug_63916-2" classname="ext/pdo_sqlite.bug_63916-2">
      <skipped message="" />
    </testcase>
    <testcase name="bug_63916" classname="ext/pdo_sqlite.bug_63916">
    </testcase>
    <testcase name="debugdumpparams_001" classname="ext/pdo_sqlite.debugdumpparams_001">
    </testcase>
    <testcase name="pdo_fetch_func_001" classname="ext/pdo_sqlite.pdo_fetch_func_001">
    </testcase>
    <testcase name="pdo_sqlite_createaggregate" classname="ext/pdo_sqlite.pdo_sqlite_createaggregate">
    </testcase>
    <testcase name="pdo_sqlite_createaggregate_002" classname="ext/pdo_sqlite.pdo_sqlite_createaggregate_002">
    </testcase>
    <testcase name="pdo_sqlite_createcollation" classname="ext/pdo_sqlite.pdo_sqlite_createcollation">
    </testcase>
    <testcase name="pdo_sqlite_createfunction" classname="ext/pdo_sqlite.pdo_sqlite_createfunction">
    </testcase>
    <testcase name="pdo_sqlite_createfunction_002" classname="ext/pdo_sqlite.pdo_sqlite_createfunction_002">
    </testcase>
    <testcase name="pdo_sqlite_createfunction_with_flags" classname="ext/pdo_sqlite.pdo_sqlite_createfunction_with_flags">
    </testcase>
    <testcase name="pdo_sqlite_get_attribute" classname="ext/pdo_sqlite.pdo_sqlite_get_attribute">
    </testcase>
    <testcase name="pdo_sqlite_lastinsertid" classname="ext/pdo_sqlite.pdo_sqlite_lastinsertid">
    </testcase>
    <testcase name="pdo_sqlite_open_flags" classname="ext/pdo_sqlite.pdo_sqlite_open_flags">
    </testcase>
    <testcase name="pdo_sqlite_transaction" classname="ext/pdo_sqlite.pdo_sqlite_transaction">
    </testcase>
  </testsuite>
  <testsuite name="ext/phar" tests="282" disabled="0" errors="0" failures="1" skipped="18">
    <testcase name="001" classname="ext/phar.001">
    </testcase>
    <testcase name="002" classname="ext/phar.002">
    </testcase>
    <testcase name="003" classname="ext/phar.003">
    </testcase>
    <testcase name="003a" classname="ext/phar.003a">
    </testcase>
    <testcase name="004" classname="ext/phar.004">
    </testcase>
    <testcase name="005" classname="ext/phar.005">
    </testcase>
    <testcase name="006" classname="ext/phar.006">
    </testcase>
    <testcase name="007" classname="ext/phar.007">
    </testcase>
    <testcase name="008" classname="ext/phar.008">
    </testcase>
    <testcase name="009" classname="ext/phar.009">
    </testcase>
    <testcase name="010" classname="ext/phar.010">
    </testcase>
    <testcase name="011" classname="ext/phar.011">
    </testcase>
    <testcase name="012" classname="ext/phar.012">
    </testcase>
    <testcase name="013" classname="ext/phar.013">
    </testcase>
    <testcase name="014" classname="ext/phar.014">
    </testcase>
    <testcase name="015" classname="ext/phar.015">
    </testcase>
    <testcase name="015b" classname="ext/phar.015b">
    </testcase>
    <testcase name="016" classname="ext/phar.016">
    </testcase>
    <testcase name="016b" classname="ext/phar.016b">
    </testcase>
    <testcase name="017" classname="ext/phar.017">
    </testcase>
    <testcase name="018" classname="ext/phar.018">
    </testcase>
    <testcase name="019" classname="ext/phar.019">
    </testcase>
    <testcase name="019b" classname="ext/phar.019b">
    </testcase>
    <testcase name="019c" classname="ext/phar.019c">
    </testcase>
    <testcase name="020" classname="ext/phar.020">
    </testcase>
    <testcase name="021" classname="ext/phar.021">
    </testcase>
    <testcase name="022" classname="ext/phar.022">
    </testcase>
    <testcase name="023" classname="ext/phar.023">
    </testcase>
    <testcase name="024-opcache-win32" classname="ext/phar.024-opcache-win32">
      <skipped message="" />
    </testcase>
    <testcase name="024" classname="ext/phar.024">
    </testcase>
    <testcase name="025" classname="ext/phar.025">
    </testcase>
    <testcase name="026" classname="ext/phar.026">
    </testcase>
    <testcase name="027" classname="ext/phar.027">
    </testcase>
    <testcase name="028" classname="ext/phar.028">
    </testcase>
    <testcase name="029" classname="ext/phar.029">
    </testcase>
    <testcase name="030" classname="ext/phar.030">
    </testcase>
    <testcase name="031" classname="ext/phar.031">
    </testcase>
    <testcase name="032" classname="ext/phar.032">
    </testcase>
    <testcase name="033" classname="ext/phar.033">
    </testcase>
    <testcase name="033a" classname="ext/phar.033a">
    </testcase>
    <testcase name="addfuncs" classname="ext/phar.addfuncs">
    </testcase>
    <testcase name="alias_acrobatics" classname="ext/phar.alias_acrobatics">
    </testcase>
    <testcase name="badparameters" classname="ext/phar.badparameters">
    </testcase>
    <testcase name="bug13727" classname="ext/phar.bug13727">
    </testcase>
    <testcase name="bug13786" classname="ext/phar.bug13786">
    </testcase>
    <testcase name="bug45218_SLOWTEST" classname="ext/phar.bug45218_SLOWTEST">
    </testcase>
    <testcase name="bug46032" classname="ext/phar.bug46032">
    </testcase>
    <testcase name="bug46060" classname="ext/phar.bug46060">
    </testcase>
    <testcase name="bug46178" classname="ext/phar.bug46178">
    </testcase>
    <testcase name="bug47085" classname="ext/phar.bug47085">
    </testcase>
    <testcase name="bug48377-2" classname="ext/phar.bug48377-2">
    </testcase>
    <testcase name="bug48377" classname="ext/phar.bug48377">
    </testcase>
    <testcase name="bug52013" classname="ext/phar.bug52013">
    </testcase>
    <testcase name="bug53872" classname="ext/phar.bug53872">
    </testcase>
    <testcase name="bug54289" classname="ext/phar.bug54289">
    </testcase>
    <testcase name="bug54395" classname="ext/phar.bug54395">
    </testcase>
    <testcase name="bug60164" classname="ext/phar.bug60164">
    </testcase>
    <testcase name="bug60261" classname="ext/phar.bug60261">
    </testcase>
    <testcase name="bug65028" classname="ext/phar.bug65028">
    </testcase>
    <testcase name="bug65414" classname="ext/phar.bug65414">
    </testcase>
    <testcase name="bug66960" classname="ext/phar.bug66960">
    </testcase>
    <testcase name="bug69324" classname="ext/phar.bug69324">
    </testcase>
    <testcase name="bug69441" classname="ext/phar.bug69441">
    </testcase>
    <testcase name="bug69453" classname="ext/phar.bug69453">
    </testcase>
    <testcase name="bug69720" classname="ext/phar.bug69720">
    </testcase>
    <testcase name="bug69958" classname="ext/phar.bug69958">
      <failure message="" />
    </testcase>
    <testcase name="bug70019" classname="ext/phar.bug70019">
    </testcase>
    <testcase name="bug70433" classname="ext/phar.bug70433">
    </testcase>
    <testcase name="bug71331" classname="ext/phar.bug71331">
    </testcase>
    <testcase name="bug71354" classname="ext/phar.bug71354">
    </testcase>
    <testcase name="bug71391" classname="ext/phar.bug71391">
    </testcase>
    <testcase name="bug71488" classname="ext/phar.bug71488">
    </testcase>
    <testcase name="bug71498" classname="ext/phar.bug71498">
    </testcase>
    <testcase name="bug71625" classname="ext/phar.bug71625">
      <skipped message="" />
    </testcase>
    <testcase name="bug72321" classname="ext/phar.bug72321">
    </testcase>
    <testcase name="bug72928" classname="ext/phar.bug72928">
    </testcase>
    <testcase name="bug73035" classname="ext/phar.bug73035">
    </testcase>
    <testcase name="bug73764" classname="ext/phar.bug73764">
    </testcase>
    <testcase name="bug73768" classname="ext/phar.bug73768">
    </testcase>
    <testcase name="bug74196" classname="ext/phar.bug74196">
    </testcase>
    <testcase name="bug74383" classname="ext/phar.bug74383">
    </testcase>
    <testcase name="bug74386" classname="ext/phar.bug74386">
    </testcase>
    <testcase name="bug74991" classname="ext/phar.bug74991">
    </testcase>
    <testcase name="bug77022" classname="ext/phar.bug77022">
    </testcase>
    <testcase name="bug77143" classname="ext/phar.bug77143">
    </testcase>
    <testcase name="bug77247" classname="ext/phar.bug77247">
    </testcase>
    <testcase name="bug77396" classname="ext/phar.bug77396">
    </testcase>
    <testcase name="bug77586" classname="ext/phar.bug77586">
      <skipped message="" />
    </testcase>
    <testcase name="cached_manifest_1" classname="ext/phar.cached_manifest_1">
    </testcase>
    <testcase name="create_new_and_modify" classname="ext/phar.create_new_and_modify">
    </testcase>
    <testcase name="create_new_phar" classname="ext/phar.create_new_phar">
    </testcase>
    <testcase name="create_new_phar_b" classname="ext/phar.create_new_phar_b">
    </testcase>
    <testcase name="create_new_phar_c" classname="ext/phar.create_new_phar_c">
    </testcase>
    <testcase name="create_path_error" classname="ext/phar.create_path_error">
    </testcase>
    <testcase name="delete" classname="ext/phar.delete">
    </testcase>
    <testcase name="delete_in_phar" classname="ext/phar.delete_in_phar">
    </testcase>
    <testcase name="delete_in_phar_b" classname="ext/phar.delete_in_phar_b">
    </testcase>
    <testcase name="delete_in_phar_confirm" classname="ext/phar.delete_in_phar_confirm">
    </testcase>
    <testcase name="dir" classname="ext/phar.dir">
    </testcase>
    <testcase name="fatal_error_webphar" classname="ext/phar.fatal_error_webphar">
    </testcase>
    <testcase name="fgc_edgecases" classname="ext/phar.fgc_edgecases">
    </testcase>
    <testcase name="file_get_contents" classname="ext/phar.file_get_contents">
    </testcase>
    <testcase name="fopen" classname="ext/phar.fopen">
    </testcase>
    <testcase name="fopen_edgecases" classname="ext/phar.fopen_edgecases">
    </testcase>
    <testcase name="fopen_edgecases2" classname="ext/phar.fopen_edgecases2">
    </testcase>
    <testcase name="front-phar" classname="ext/phar.front-phar">
    </testcase>
    <testcase name="frontcontroller1" classname="ext/phar.frontcontroller1">
    </testcase>
    <testcase name="frontcontroller10" classname="ext/phar.frontcontroller10">
    </testcase>
    <testcase name="frontcontroller11" classname="ext/phar.frontcontroller11">
    </testcase>
    <testcase name="frontcontroller12" classname="ext/phar.frontcontroller12">
    </testcase>
    <testcase name="frontcontroller13" classname="ext/phar.frontcontroller13">
    </testcase>
    <testcase name="frontcontroller14" classname="ext/phar.frontcontroller14">
    </testcase>
    <testcase name="frontcontroller15" classname="ext/phar.frontcontroller15">
    </testcase>
    <testcase name="frontcontroller16" classname="ext/phar.frontcontroller16">
    </testcase>
    <testcase name="frontcontroller17" classname="ext/phar.frontcontroller17">
    </testcase>
    <testcase name="frontcontroller18" classname="ext/phar.frontcontroller18">
    </testcase>
    <testcase name="frontcontroller19" classname="ext/phar.frontcontroller19">
    </testcase>
    <testcase name="frontcontroller2" classname="ext/phar.frontcontroller2">
    </testcase>
    <testcase name="frontcontroller20" classname="ext/phar.frontcontroller20">
    </testcase>
    <testcase name="frontcontroller21" classname="ext/phar.frontcontroller21">
    </testcase>
    <testcase name="frontcontroller22" classname="ext/phar.frontcontroller22">
    </testcase>
    <testcase name="frontcontroller23" classname="ext/phar.frontcontroller23">
    </testcase>
    <testcase name="frontcontroller24" classname="ext/phar.frontcontroller24">
    </testcase>
    <testcase name="frontcontroller25" classname="ext/phar.frontcontroller25">
    </testcase>
    <testcase name="frontcontroller26" classname="ext/phar.frontcontroller26">
    </testcase>
    <testcase name="frontcontroller27" classname="ext/phar.frontcontroller27">
    </testcase>
    <testcase name="frontcontroller28" classname="ext/phar.frontcontroller28">
    </testcase>
    <testcase name="frontcontroller29" classname="ext/phar.frontcontroller29">
    </testcase>
    <testcase name="frontcontroller3" classname="ext/phar.frontcontroller3">
    </testcase>
    <testcase name="frontcontroller30" classname="ext/phar.frontcontroller30">
    </testcase>
    <testcase name="frontcontroller31" classname="ext/phar.frontcontroller31">
    </testcase>
    <testcase name="frontcontroller32" classname="ext/phar.frontcontroller32">
    </testcase>
    <testcase name="frontcontroller33" classname="ext/phar.frontcontroller33">
    </testcase>
    <testcase name="frontcontroller34" classname="ext/phar.frontcontroller34">
    </testcase>
    <testcase name="frontcontroller4" classname="ext/phar.frontcontroller4">
    </testcase>
    <testcase name="frontcontroller5" classname="ext/phar.frontcontroller5">
    </testcase>
    <testcase name="frontcontroller6" classname="ext/phar.frontcontroller6">
    </testcase>
    <testcase name="frontcontroller7" classname="ext/phar.frontcontroller7">
    </testcase>
    <testcase name="frontcontroller8" classname="ext/phar.frontcontroller8">
    </testcase>
    <testcase name="frontcontroller9" classname="ext/phar.frontcontroller9">
    </testcase>
    <testcase name="include_path" classname="ext/phar.include_path">
    </testcase>
    <testcase name="include_path_advanced" classname="ext/phar.include_path_advanced">
    </testcase>
    <testcase name="ini_set" classname="ext/phar.ini_set">
    </testcase>
    <testcase name="ini_set_off" classname="ext/phar.ini_set_off">
    </testcase>
    <testcase name="invalid_alias" classname="ext/phar.invalid_alias">
    </testcase>
    <testcase name="invalid_setstubalias" classname="ext/phar.invalid_setstubalias">
    </testcase>
    <testcase name="metadata_read" classname="ext/phar.metadata_read">
    </testcase>
    <testcase name="metadata_write" classname="ext/phar.metadata_write">
    </testcase>
    <testcase name="metadata_write_commit" classname="ext/phar.metadata_write_commit">
    </testcase>
    <testcase name="mkdir" classname="ext/phar.mkdir">
    </testcase>
    <testcase name="mounteddir" classname="ext/phar.mounteddir">
    </testcase>
    <testcase name="nophar" classname="ext/phar.nophar">
      <skipped message="" />
    </testcase>
    <testcase name="nophar_web" classname="ext/phar.nophar_web">
      <skipped message="" />
    </testcase>
    <testcase name="open_for_write_existing" classname="ext/phar.open_for_write_existing">
    </testcase>
    <testcase name="open_for_write_existing_b" classname="ext/phar.open_for_write_existing_b">
    </testcase>
    <testcase name="open_for_write_existing_c" classname="ext/phar.open_for_write_existing_c">
    </testcase>
    <testcase name="open_for_write_newfile" classname="ext/phar.open_for_write_newfile">
    </testcase>
    <testcase name="open_for_write_newfile_b" classname="ext/phar.open_for_write_newfile_b">
    </testcase>
    <testcase name="open_for_write_newfile_c" classname="ext/phar.open_for_write_newfile_c">
    </testcase>
    <testcase name="opendir" classname="ext/phar.opendir">
    </testcase>
    <testcase name="opendir_edgecases" classname="ext/phar.opendir_edgecases">
    </testcase>
    <testcase name="phar_begin_setstub_commit" classname="ext/phar.phar_begin_setstub_commit">
    </testcase>
    <testcase name="phar_buildfromdirectory1" classname="ext/phar.phar_buildfromdirectory1">
    </testcase>
    <testcase name="phar_buildfromdirectory2-win" classname="ext/phar.phar_buildfromdirectory2-win">
      <skipped message="" />
    </testcase>
    <testcase name="phar_buildfromdirectory2" classname="ext/phar.phar_buildfromdirectory2">
    </testcase>
    <testcase name="phar_buildfromdirectory3" classname="ext/phar.phar_buildfromdirectory3">
    </testcase>
    <testcase name="phar_buildfromdirectory4" classname="ext/phar.phar_buildfromdirectory4">
    </testcase>
    <testcase name="phar_buildfromdirectory5" classname="ext/phar.phar_buildfromdirectory5">
    </testcase>
    <testcase name="phar_buildfromdirectory6" classname="ext/phar.phar_buildfromdirectory6">
    </testcase>
    <testcase name="phar_buildfromiterator1" classname="ext/phar.phar_buildfromiterator1">
    </testcase>
    <testcase name="phar_buildfromiterator10" classname="ext/phar.phar_buildfromiterator10">
    </testcase>
    <testcase name="phar_buildfromiterator2" classname="ext/phar.phar_buildfromiterator2">
    </testcase>
    <testcase name="phar_buildfromiterator3" classname="ext/phar.phar_buildfromiterator3">
    </testcase>
    <testcase name="phar_buildfromiterator4" classname="ext/phar.phar_buildfromiterator4">
    </testcase>
    <testcase name="phar_buildfromiterator5" classname="ext/phar.phar_buildfromiterator5">
    </testcase>
    <testcase name="phar_buildfromiterator6" classname="ext/phar.phar_buildfromiterator6">
    </testcase>
    <testcase name="phar_buildfromiterator7" classname="ext/phar.phar_buildfromiterator7">
    </testcase>
    <testcase name="phar_buildfromiterator8" classname="ext/phar.phar_buildfromiterator8">
    </testcase>
    <testcase name="phar_buildfromiterator9" classname="ext/phar.phar_buildfromiterator9">
    </testcase>
    <testcase name="phar_bz2" classname="ext/phar.phar_bz2">
    </testcase>
    <testcase name="phar_commitwrite" classname="ext/phar.phar_commitwrite">
    </testcase>
    <testcase name="phar_construct_invalidurl" classname="ext/phar.phar_construct_invalidurl">
    </testcase>
    <testcase name="phar_convert_again" classname="ext/phar.phar_convert_again">
    </testcase>
    <testcase name="phar_convert_repeated" classname="ext/phar.phar_convert_repeated">
    </testcase>
    <testcase name="phar_convert_repeated_b" classname="ext/phar.phar_convert_repeated_b">
    </testcase>
    <testcase name="phar_convert_tar" classname="ext/phar.phar_convert_tar">
    </testcase>
    <testcase name="phar_convert_tar2" classname="ext/phar.phar_convert_tar2">
    </testcase>
    <testcase name="phar_convert_tar3" classname="ext/phar.phar_convert_tar3">
    </testcase>
    <testcase name="phar_convert_zip" classname="ext/phar.phar_convert_zip">
    </testcase>
    <testcase name="phar_copy" classname="ext/phar.phar_copy">
    </testcase>
    <testcase name="phar_create_in_cwd" classname="ext/phar.phar_create_in_cwd">
    </testcase>
    <testcase name="phar_createdefaultstub" classname="ext/phar.phar_createdefaultstub">
    </testcase>
    <testcase name="phar_ctx_001" classname="ext/phar.phar_ctx_001">
    </testcase>
    <testcase name="phar_decompress" classname="ext/phar.phar_decompress">
    </testcase>
    <testcase name="phar_dir_iterate" classname="ext/phar.phar_dir_iterate">
    </testcase>
    <testcase name="phar_dotted_path" classname="ext/phar.phar_dotted_path">
    </testcase>
    <testcase name="phar_extract" classname="ext/phar.phar_extract">
    </testcase>
    <testcase name="phar_extract2" classname="ext/phar.phar_extract2">
    </testcase>
    <testcase name="phar_extract3" classname="ext/phar.phar_extract3">
    </testcase>
    <testcase name="phar_get_supported_signatures_001" classname="ext/phar.phar_get_supported_signatures_001">
      <skipped message="" />
    </testcase>
    <testcase name="phar_get_supported_signatures_001a" classname="ext/phar.phar_get_supported_signatures_001a">
      <skipped message="" />
    </testcase>
    <testcase name="phar_get_supported_signatures_002" classname="ext/phar.phar_get_supported_signatures_002">
      <skipped message="" />
    </testcase>
    <testcase name="phar_get_supported_signatures_002a" classname="ext/phar.phar_get_supported_signatures_002a">
    </testcase>
    <testcase name="phar_get_supportedcomp1" classname="ext/phar.phar_get_supportedcomp1">
    </testcase>
    <testcase name="phar_get_supportedcomp2" classname="ext/phar.phar_get_supportedcomp2">
      <skipped message="" />
    </testcase>
    <testcase name="phar_get_supportedcomp3" classname="ext/phar.phar_get_supportedcomp3">
      <skipped message="" />
    </testcase>
    <testcase name="phar_get_supportedcomp4" classname="ext/phar.phar_get_supportedcomp4">
      <skipped message="" />
    </testcase>
    <testcase name="phar_gobyebye-win32" classname="ext/phar.phar_gobyebye-win32">
      <skipped message="" />
    </testcase>
    <testcase name="phar_gobyebye" classname="ext/phar.phar_gobyebye">
    </testcase>
    <testcase name="phar_gzip" classname="ext/phar.phar_gzip">
    </testcase>
    <testcase name="phar_isvalidpharfilename" classname="ext/phar.phar_isvalidpharfilename">
    </testcase>
    <testcase name="phar_magic" classname="ext/phar.phar_magic">
    </testcase>
    <testcase name="phar_metadata_read" classname="ext/phar.phar_metadata_read">
    </testcase>
    <testcase name="phar_metadata_write" classname="ext/phar.phar_metadata_write">
    </testcase>
    <testcase name="phar_mount" classname="ext/phar.phar_mount">
    </testcase>
    <testcase name="phar_offset_check" classname="ext/phar.phar_offset_check">
    </testcase>
    <testcase name="phar_offset_get_error" classname="ext/phar.phar_offset_get_error">
    </testcase>
    <testcase name="phar_oo_001" classname="ext/phar.phar_oo_001">
    </testcase>
    <testcase name="phar_oo_002" classname="ext/phar.phar_oo_002">
    </testcase>
    <testcase name="phar_oo_003" classname="ext/phar.phar_oo_003">
    </testcase>
    <testcase name="phar_oo_004" classname="ext/phar.phar_oo_004">
    </testcase>
    <testcase name="phar_oo_005" classname="ext/phar.phar_oo_005">
    </testcase>
    <testcase name="phar_oo_006" classname="ext/phar.phar_oo_006">
    </testcase>
    <testcase name="phar_oo_007" classname="ext/phar.phar_oo_007">
    </testcase>
    <testcase name="phar_oo_008" classname="ext/phar.phar_oo_008">
    </testcase>
    <testcase name="phar_oo_009" classname="ext/phar.phar_oo_009">
    </testcase>
    <testcase name="phar_oo_010" classname="ext/phar.phar_oo_010">
    </testcase>
    <testcase name="phar_oo_011" classname="ext/phar.phar_oo_011">
    </testcase>
    <testcase name="phar_oo_011b" classname="ext/phar.phar_oo_011b">
    </testcase>
    <testcase name="phar_oo_012" classname="ext/phar.phar_oo_012">
    </testcase>
    <testcase name="phar_oo_012_confirm" classname="ext/phar.phar_oo_012_confirm">
    </testcase>
    <testcase name="phar_oo_012b" classname="ext/phar.phar_oo_012b">
    </testcase>
    <testcase name="phar_oo_compressallbz2" classname="ext/phar.phar_oo_compressallbz2">
    </testcase>
    <testcase name="phar_oo_compressallgz" classname="ext/phar.phar_oo_compressallgz">
    </testcase>
    <testcase name="phar_oo_compressed_001" classname="ext/phar.phar_oo_compressed_001">
    </testcase>
    <testcase name="phar_oo_compressed_001b" classname="ext/phar.phar_oo_compressed_001b">
    </testcase>
    <testcase name="phar_oo_compressed_002" classname="ext/phar.phar_oo_compressed_002">
    </testcase>
    <testcase name="phar_oo_compressed_002b" classname="ext/phar.phar_oo_compressed_002b">
    </testcase>
    <testcase name="phar_oo_getcontents" classname="ext/phar.phar_oo_getcontents">
    </testcase>
    <testcase name="phar_oo_getcontentsgz" classname="ext/phar.phar_oo_getcontentsgz">
    </testcase>
    <testcase name="phar_oo_getmodified" classname="ext/phar.phar_oo_getmodified">
    </testcase>
    <testcase name="phar_oo_iswriteable" classname="ext/phar.phar_oo_iswriteable">
    </testcase>
    <testcase name="phar_oo_nosig" classname="ext/phar.phar_oo_nosig">
    </testcase>
    <testcase name="phar_oo_uncompressall" classname="ext/phar.phar_oo_uncompressall">
    </testcase>
    <testcase name="phar_running" classname="ext/phar.phar_running">
    </testcase>
    <testcase name="phar_setalias" classname="ext/phar.phar_setalias">
    </testcase>
    <testcase name="phar_setalias2" classname="ext/phar.phar_setalias2">
    </testcase>
    <testcase name="phar_setdefaultstub" classname="ext/phar.phar_setdefaultstub">
    </testcase>
    <testcase name="phar_setsignaturealgo1" classname="ext/phar.phar_setsignaturealgo1">
      <skipped message="" />
    </testcase>
    <testcase name="phar_setsignaturealgo2" classname="ext/phar.phar_setsignaturealgo2">
    </testcase>
    <testcase name="phar_stub" classname="ext/phar.phar_stub">
    </testcase>
    <testcase name="phar_stub_error" classname="ext/phar.phar_stub_error">
    </testcase>
    <testcase name="phar_stub_write" classname="ext/phar.phar_stub_write">
    </testcase>
    <testcase name="phar_stub_write_file" classname="ext/phar.phar_stub_write_file">
    </testcase>
    <testcase name="phar_unlinkarchive" classname="ext/phar.phar_unlinkarchive">
    </testcase>
    <testcase name="pharfileinfo_chmod" classname="ext/phar.pharfileinfo_chmod">
    </testcase>
    <testcase name="pharfileinfo_compression" classname="ext/phar.pharfileinfo_compression">
    </testcase>
    <testcase name="pharfileinfo_construct" classname="ext/phar.pharfileinfo_construct">
    </testcase>
    <testcase name="pharfileinfo_destruct" classname="ext/phar.pharfileinfo_destruct">
    </testcase>
    <testcase name="pharfileinfo_getcrc32" classname="ext/phar.pharfileinfo_getcrc32">
    </testcase>
    <testcase name="pharfileinfo_setmetadata" classname="ext/phar.pharfileinfo_setmetadata">
    </testcase>
    <testcase name="phpinfo_001" classname="ext/phar.phpinfo_001">
      <skipped message="" />
    </testcase>
    <testcase name="phpinfo_002" classname="ext/phar.phpinfo_002">
      <skipped message="" />
    </testcase>
    <testcase name="phpinfo_003" classname="ext/phar.phpinfo_003">
      <skipped message="" />
    </testcase>
    <testcase name="phpinfo_004" classname="ext/phar.phpinfo_004">
      <skipped message="" />
    </testcase>
    <testcase name="readfile" classname="ext/phar.readfile">
    </testcase>
    <testcase name="readfile_edgecases" classname="ext/phar.readfile_edgecases">
    </testcase>
    <testcase name="refcount1" classname="ext/phar.refcount1">
    </testcase>
    <testcase name="rename" classname="ext/phar.rename">
    </testcase>
    <testcase name="rename_dir" classname="ext/phar.rename_dir">
    </testcase>
    <testcase name="rename_dir_and_mount" classname="ext/phar.rename_dir_and_mount">
    </testcase>
    <testcase name="rmdir" classname="ext/phar.rmdir">
    </testcase>
    <testcase name="security" classname="ext/phar.security">
    </testcase>
    <testcase name="stat" classname="ext/phar.stat">
    </testcase>
    <testcase name="stat2_5-3" classname="ext/phar.stat2_5-3">
    </testcase>
    <testcase name="test_alias_unset" classname="ext/phar.test_alias_unset">
    </testcase>
    <testcase name="test_signaturealgos" classname="ext/phar.test_signaturealgos">
    </testcase>
    <testcase name="test_unset" classname="ext/phar.test_unset">
    </testcase>
    <testcase name="webphar_compilefail" classname="ext/phar.webphar_compilefail">
    </testcase>
    <testcase name="withphar" classname="ext/phar.withphar">
    </testcase>
    <testcase name="withphar_web" classname="ext/phar.withphar_web">
    </testcase>
    <testcase name="zf_test" classname="ext/phar.zf_test">
    </testcase>
  </testsuite>
  <testsuite name="ext/phar/bug64931" tests="1" disabled="0" errors="0" failures="0" skipped="0">
    <testcase name="bug64931" classname="ext/phar/bug64931.bug64931">
    </testcase>
  </testsuite>
  <testsuite name="ext/phar/cache_list" tests="60" disabled="0" errors="0" failures="0" skipped="1">
    <testcase name="copyonwrite1-phar" classname="ext/phar/cache_list.copyonwrite1-phar">
    </testcase>
    <testcase name="copyonwrite10-phar" classname="ext/phar/cache_list.copyonwrite10-phar">
    </testcase>
    <testcase name="copyonwrite11-phar" classname="ext/phar/cache_list.copyonwrite11-phar">
    </testcase>
    <testcase name="copyonwrite12-phar" classname="ext/phar/cache_list.copyonwrite12-phar">
    </testcase>
    <testcase name="copyonwrite13-phar" classname="ext/phar/cache_list.copyonwrite13-phar">
    </testcase>
    <testcase name="copyonwrite14-phar" classname="ext/phar/cache_list.copyonwrite14-phar">
    </testcase>
    <testcase name="copyonwrite15-phar" classname="ext/phar/cache_list.copyonwrite15-phar">
    </testcase>
    <testcase name="copyonwrite16-phar" classname="ext/phar/cache_list.copyonwrite16-phar">
    </testcase>
    <testcase name="copyonwrite17-phar" classname="ext/phar/cache_list.copyonwrite17-phar">
    </testcase>
    <testcase name="copyonwrite18-phar" classname="ext/phar/cache_list.copyonwrite18-phar">
    </testcase>
    <testcase name="copyonwrite19-phar" classname="ext/phar/cache_list.copyonwrite19-phar">
    </testcase>
    <testcase name="copyonwrite2-phar" classname="ext/phar/cache_list.copyonwrite2-phar">
    </testcase>
    <testcase name="copyonwrite20-phar" classname="ext/phar/cache_list.copyonwrite20-phar">
    </testcase>
    <testcase name="copyonwrite21-phar" classname="ext/phar/cache_list.copyonwrite21-phar">
    </testcase>
    <testcase name="copyonwrite22-phar" classname="ext/phar/cache_list.copyonwrite22-phar">
    </testcase>
    <testcase name="copyonwrite23-phar" classname="ext/phar/cache_list.copyonwrite23-phar">
    </testcase>
    <testcase name="copyonwrite24-phar" classname="ext/phar/cache_list.copyonwrite24-phar">
    </testcase>
    <testcase name="copyonwrite25-phar" classname="ext/phar/cache_list.copyonwrite25-phar">
    </testcase>
    <testcase name="copyonwrite3-phar" classname="ext/phar/cache_list.copyonwrite3-phar">
    </testcase>
    <testcase name="copyonwrite4-phar" classname="ext/phar/cache_list.copyonwrite4-phar">
    </testcase>
    <testcase name="copyonwrite4a" classname="ext/phar/cache_list.copyonwrite4a">
    </testcase>
    <testcase name="copyonwrite5-phar" classname="ext/phar/cache_list.copyonwrite5-phar">
    </testcase>
    <testcase name="copyonwrite6-phar" classname="ext/phar/cache_list.copyonwrite6-phar">
    </testcase>
    <testcase name="copyonwrite7-phar" classname="ext/phar/cache_list.copyonwrite7-phar">
    </testcase>
    <testcase name="copyonwrite8-phar" classname="ext/phar/cache_list.copyonwrite8-phar">
    </testcase>
    <testcase name="copyonwrite9-phar" classname="ext/phar/cache_list.copyonwrite9-phar">
    </testcase>
    <testcase name="frontcontroller1" classname="ext/phar/cache_list.frontcontroller1">
    </testcase>
    <testcase name="frontcontroller10" classname="ext/phar/cache_list.frontcontroller10">
    </testcase>
    <testcase name="frontcontroller11" classname="ext/phar/cache_list.frontcontroller11">
      <skipped message="" />
    </testcase>
    <testcase name="frontcontroller12" classname="ext/phar/cache_list.frontcontroller12">
    </testcase>
    <testcase name="frontcontroller13" classname="ext/phar/cache_list.frontcontroller13">
    </testcase>
    <testcase name="frontcontroller14" classname="ext/phar/cache_list.frontcontroller14">
    </testcase>
    <testcase name="frontcontroller15" classname="ext/phar/cache_list.frontcontroller15">
    </testcase>
    <testcase name="frontcontroller16" classname="ext/phar/cache_list.frontcontroller16">
    </testcase>
    <testcase name="frontcontroller17" classname="ext/phar/cache_list.frontcontroller17">
    </testcase>
    <testcase name="frontcontroller18" classname="ext/phar/cache_list.frontcontroller18">
    </testcase>
    <testcase name="frontcontroller19" classname="ext/phar/cache_list.frontcontroller19">
    </testcase>
    <testcase name="frontcontroller2" classname="ext/phar/cache_list.frontcontroller2">
    </testcase>
    <testcase name="frontcontroller20" classname="ext/phar/cache_list.frontcontroller20">
    </testcase>
    <testcase name="frontcontroller21" classname="ext/phar/cache_list.frontcontroller21">
    </testcase>
    <testcase name="frontcontroller22" classname="ext/phar/cache_list.frontcontroller22">
    </testcase>
    <testcase name="frontcontroller23" classname="ext/phar/cache_list.frontcontroller23">
    </testcase>
    <testcase name="frontcontroller24" classname="ext/phar/cache_list.frontcontroller24">
    </testcase>
    <testcase name="frontcontroller25" classname="ext/phar/cache_list.frontcontroller25">
    </testcase>
    <testcase name="frontcontroller26" classname="ext/phar/cache_list.frontcontroller26">
    </testcase>
    <testcase name="frontcontroller27" classname="ext/phar/cache_list.frontcontroller27">
    </testcase>
    <testcase name="frontcontroller28" classname="ext/phar/cache_list.frontcontroller28">
    </testcase>
    <testcase name="frontcontroller29" classname="ext/phar/cache_list.frontcontroller29">
    </testcase>
    <testcase name="frontcontroller3" classname="ext/phar/cache_list.frontcontroller3">
    </testcase>
    <testcase name="frontcontroller30" classname="ext/phar/cache_list.frontcontroller30">
    </testcase>
    <testcase name="frontcontroller31" classname="ext/phar/cache_list.frontcontroller31">
    </testcase>
    <testcase name="frontcontroller32" classname="ext/phar/cache_list.frontcontroller32">
    </testcase>
    <testcase name="frontcontroller33" classname="ext/phar/cache_list.frontcontroller33">
    </testcase>
    <testcase name="frontcontroller34" classname="ext/phar/cache_list.frontcontroller34">
    </testcase>
    <testcase name="frontcontroller4" classname="ext/phar/cache_list.frontcontroller4">
    </testcase>
    <testcase name="frontcontroller5" classname="ext/phar/cache_list.frontcontroller5">
    </testcase>
    <testcase name="frontcontroller6" classname="ext/phar/cache_list.frontcontroller6">
    </testcase>
    <testcase name="frontcontroller7" classname="ext/phar/cache_list.frontcontroller7">
    </testcase>
    <testcase name="frontcontroller8" classname="ext/phar/cache_list.frontcontroller8">
    </testcase>
    <testcase name="frontcontroller9" classname="ext/phar/cache_list.frontcontroller9">
    </testcase>
  </testsuite>
  <testsuite name="ext/phar/tar" tests="92" disabled="0" errors="0" failures="0" skipped="1">
    <testcase name="033" classname="ext/phar/tar.033">
    </testcase>
    <testcase name="033a" classname="ext/phar/tar.033a">
    </testcase>
    <testcase name="alias_acrobatics" classname="ext/phar/tar.alias_acrobatics">
    </testcase>
    <testcase name="all" classname="ext/phar/tar.all">
    </testcase>
    <testcase name="badalias" classname="ext/phar/tar.badalias">
    </testcase>
    <testcase name="badchecksum" classname="ext/phar/tar.badchecksum">
    </testcase>
    <testcase name="bignames" classname="ext/phar/tar.bignames">
    </testcase>
    <testcase name="bignames_overflow" classname="ext/phar/tar.bignames_overflow">
    </testcase>
    <testcase name="bug49910" classname="ext/phar/tar.bug49910">
    </testcase>
    <testcase name="bug64343" classname="ext/phar/tar.bug64343">
    </testcase>
    <testcase name="bug67761" classname="ext/phar/tar.bug67761">
    </testcase>
    <testcase name="bug70417" classname="ext/phar/tar.bug70417">
      <skipped message="" />
    </testcase>
    <testcase name="bug71317-duplicate-filename" classname="ext/phar/tar.bug71317-duplicate-filename">
    </testcase>
    <testcase name="bug71504" classname="ext/phar/tar.bug71504">
    </testcase>
    <testcase name="create_new_and_modify" classname="ext/phar/tar.create_new_and_modify">
    </testcase>
    <testcase name="create_new_phar_b" classname="ext/phar/tar.create_new_phar_b">
    </testcase>
    <testcase name="delete" classname="ext/phar/tar.delete">
    </testcase>
    <testcase name="delete_in_phar" classname="ext/phar/tar.delete_in_phar">
    </testcase>
    <testcase name="delete_in_phar_b" classname="ext/phar/tar.delete_in_phar_b">
    </testcase>
    <testcase name="delete_in_phar_confirm" classname="ext/phar/tar.delete_in_phar_confirm">
    </testcase>
    <testcase name="dir" classname="ext/phar/tar.dir">
    </testcase>
    <testcase name="exists_as_phar" classname="ext/phar/tar.exists_as_phar">
    </testcase>
    <testcase name="frontcontroller1-phar" classname="ext/phar/tar.frontcontroller1-phar">
    </testcase>
    <testcase name="frontcontroller10-phar" classname="ext/phar/tar.frontcontroller10-phar">
    </testcase>
    <testcase name="frontcontroller11-phar" classname="ext/phar/tar.frontcontroller11-phar">
    </testcase>
    <testcase name="frontcontroller12-phar" classname="ext/phar/tar.frontcontroller12-phar">
    </testcase>
    <testcase name="frontcontroller13-phar" classname="ext/phar/tar.frontcontroller13-phar">
    </testcase>
    <testcase name="frontcontroller14-phar" classname="ext/phar/tar.frontcontroller14-phar">
    </testcase>
    <testcase name="frontcontroller15-phar" classname="ext/phar/tar.frontcontroller15-phar">
    </testcase>
    <testcase name="frontcontroller16-phar" classname="ext/phar/tar.frontcontroller16-phar">
    </testcase>
    <testcase name="frontcontroller17-phar" classname="ext/phar/tar.frontcontroller17-phar">
    </testcase>
    <testcase name="frontcontroller18-phar" classname="ext/phar/tar.frontcontroller18-phar">
    </testcase>
    <testcase name="frontcontroller19-phar" classname="ext/phar/tar.frontcontroller19-phar">
    </testcase>
    <testcase name="frontcontroller2-phar" classname="ext/phar/tar.frontcontroller2-phar">
    </testcase>
    <testcase name="frontcontroller20-phar" classname="ext/phar/tar.frontcontroller20-phar">
    </testcase>
    <testcase name="frontcontroller21-phar" classname="ext/phar/tar.frontcontroller21-phar">
    </testcase>
    <testcase name="frontcontroller3-phar" classname="ext/phar/tar.frontcontroller3-phar">
    </testcase>
    <testcase name="frontcontroller4-phar" classname="ext/phar/tar.frontcontroller4-phar">
    </testcase>
    <testcase name="frontcontroller5-phar" classname="ext/phar/tar.frontcontroller5-phar">
    </testcase>
    <testcase name="frontcontroller6-phar" classname="ext/phar/tar.frontcontroller6-phar">
    </testcase>
    <testcase name="frontcontroller7-phar" classname="ext/phar/tar.frontcontroller7-phar">
    </testcase>
    <testcase name="frontcontroller8-phar" classname="ext/phar/tar.frontcontroller8-phar">
    </testcase>
    <testcase name="frontcontroller9-phar" classname="ext/phar/tar.frontcontroller9-phar">
    </testcase>
    <testcase name="links" classname="ext/phar/tar.links">
    </testcase>
    <testcase name="links2" classname="ext/phar/tar.links2">
    </testcase>
    <testcase name="links3" classname="ext/phar/tar.links3">
    </testcase>
    <testcase name="links4" classname="ext/phar/tar.links4">
    </testcase>
    <testcase name="links5" classname="ext/phar/tar.links5">
    </testcase>
    <testcase name="links6" classname="ext/phar/tar.links6">
    </testcase>
    <testcase name="open_for_write_existing" classname="ext/phar/tar.open_for_write_existing">
    </testcase>
    <testcase name="open_for_write_existing_b" classname="ext/phar/tar.open_for_write_existing_b">
    </testcase>
    <testcase name="open_for_write_existing_c" classname="ext/phar/tar.open_for_write_existing_c">
    </testcase>
    <testcase name="open_for_write_newfile" classname="ext/phar/tar.open_for_write_newfile">
    </testcase>
    <testcase name="open_for_write_newfile_b" classname="ext/phar/tar.open_for_write_newfile_b">
    </testcase>
    <testcase name="open_for_write_newfile_c" classname="ext/phar/tar.open_for_write_newfile_c">
    </testcase>
    <testcase name="phar_begin_setstub_commit" classname="ext/phar/tar.phar_begin_setstub_commit">
    </testcase>
    <testcase name="phar_buildfromiterator4" classname="ext/phar/tar.phar_buildfromiterator4">
    </testcase>
    <testcase name="phar_buildfromiterator5" classname="ext/phar/tar.phar_buildfromiterator5">
    </testcase>
    <testcase name="phar_buildfromiterator6" classname="ext/phar/tar.phar_buildfromiterator6">
    </testcase>
    <testcase name="phar_buildfromiterator7" classname="ext/phar/tar.phar_buildfromiterator7">
    </testcase>
    <testcase name="phar_buildfromiterator8" classname="ext/phar/tar.phar_buildfromiterator8">
    </testcase>
    <testcase name="phar_buildfromiterator9" classname="ext/phar/tar.phar_buildfromiterator9">
    </testcase>
    <testcase name="phar_commitwrite" classname="ext/phar/tar.phar_commitwrite">
    </testcase>
    <testcase name="phar_convert_phar" classname="ext/phar/tar.phar_convert_phar">
    </testcase>
    <testcase name="phar_convert_phar2" classname="ext/phar/tar.phar_convert_phar2">
    </testcase>
    <testcase name="phar_convert_phar3" classname="ext/phar/tar.phar_convert_phar3">
    </testcase>
    <testcase name="phar_convert_phar4" classname="ext/phar/tar.phar_convert_phar4">
    </testcase>
    <testcase name="phar_copy" classname="ext/phar/tar.phar_copy">
    </testcase>
    <testcase name="phar_magic" classname="ext/phar/tar.phar_magic">
    </testcase>
    <testcase name="phar_setalias" classname="ext/phar/tar.phar_setalias">
    </testcase>
    <testcase name="phar_setalias2" classname="ext/phar/tar.phar_setalias2">
    </testcase>
    <testcase name="phar_setdefaultstub" classname="ext/phar/tar.phar_setdefaultstub">
    </testcase>
    <testcase name="phar_setsignaturealgo2" classname="ext/phar/tar.phar_setsignaturealgo2">
    </testcase>
    <testcase name="phar_stub" classname="ext/phar/tar.phar_stub">
    </testcase>
    <testcase name="phar_stub_error" classname="ext/phar/tar.phar_stub_error">
    </testcase>
    <testcase name="refcount1" classname="ext/phar/tar.refcount1">
    </testcase>
    <testcase name="rename" classname="ext/phar/tar.rename">
    </testcase>
    <testcase name="rename_dir" classname="ext/phar/tar.rename_dir">
    </testcase>
    <testcase name="require_hash" classname="ext/phar/tar.require_hash">
    </testcase>
    <testcase name="rmdir" classname="ext/phar/tar.rmdir">
    </testcase>
    <testcase name="tar_001" classname="ext/phar/tar.tar_001">
    </testcase>
    <testcase name="tar_002" classname="ext/phar/tar.tar_002">
    </testcase>
    <testcase name="tar_003" classname="ext/phar/tar.tar_003">
    </testcase>
    <testcase name="tar_004" classname="ext/phar/tar.tar_004">
    </testcase>
    <testcase name="tar_bz2" classname="ext/phar/tar.tar_bz2">
    </testcase>
    <testcase name="tar_gzip" classname="ext/phar/tar.tar_gzip">
    </testcase>
    <testcase name="tar_makebz2" classname="ext/phar/tar.tar_makebz2">
    </testcase>
    <testcase name="tar_makegz" classname="ext/phar/tar.tar_makegz">
    </testcase>
    <testcase name="tar_nohash" classname="ext/phar/tar.tar_nohash">
    </testcase>
    <testcase name="tar_nostub" classname="ext/phar/tar.tar_nostub">
    </testcase>
    <testcase name="tar_openssl_hash" classname="ext/phar/tar.tar_openssl_hash">
    </testcase>
    <testcase name="truncated" classname="ext/phar/tar.truncated">
    </testcase>
  </testsuite>
  <testsuite name="ext/phar/zip" tests="82" disabled="0" errors="0" failures="0" skipped="0">
    <testcase name="033" classname="ext/phar/zip.033">
    </testcase>
    <testcase name="033a" classname="ext/phar/zip.033a">
    </testcase>
    <testcase name="alias_acrobatics" classname="ext/phar/zip.alias_acrobatics">
    </testcase>
    <testcase name="all" classname="ext/phar/zip.all">
    </testcase>
    <testcase name="badalias" classname="ext/phar/zip.badalias">
    </testcase>
    <testcase name="bug48791" classname="ext/phar/zip.bug48791">
    </testcase>
    <testcase name="bzip2" classname="ext/phar/zip.bzip2">
    </testcase>
    <testcase name="corrupt_001" classname="ext/phar/zip.corrupt_001">
    </testcase>
    <testcase name="corrupt_002" classname="ext/phar/zip.corrupt_002">
    </testcase>
    <testcase name="corrupt_003" classname="ext/phar/zip.corrupt_003">
    </testcase>
    <testcase name="corrupt_004" classname="ext/phar/zip.corrupt_004">
    </testcase>
    <testcase name="corrupt_005" classname="ext/phar/zip.corrupt_005">
    </testcase>
    <testcase name="corrupt_006" classname="ext/phar/zip.corrupt_006">
    </testcase>
    <testcase name="corrupt_007" classname="ext/phar/zip.corrupt_007">
    </testcase>
    <testcase name="corrupt_008" classname="ext/phar/zip.corrupt_008">
    </testcase>
    <testcase name="corrupt_009" classname="ext/phar/zip.corrupt_009">
    </testcase>
    <testcase name="corrupt_010" classname="ext/phar/zip.corrupt_010">
    </testcase>
    <testcase name="create_new_and_modify" classname="ext/phar/zip.create_new_and_modify">
    </testcase>
    <testcase name="create_new_phar_b" classname="ext/phar/zip.create_new_phar_b">
    </testcase>
    <testcase name="delete" classname="ext/phar/zip.delete">
    </testcase>
    <testcase name="delete_in_phar" classname="ext/phar/zip.delete_in_phar">
    </testcase>
    <testcase name="delete_in_phar_b" classname="ext/phar/zip.delete_in_phar_b">
    </testcase>
    <testcase name="delete_in_phar_confirm" classname="ext/phar/zip.delete_in_phar_confirm">
    </testcase>
    <testcase name="dir" classname="ext/phar/zip.dir">
    </testcase>
    <testcase name="exists_as_phar" classname="ext/phar/zip.exists_as_phar">
    </testcase>
    <testcase name="frontcontroller1-phar" classname="ext/phar/zip.frontcontroller1-phar">
    </testcase>
    <testcase name="frontcontroller10-phar" classname="ext/phar/zip.frontcontroller10-phar">
    </testcase>
    <testcase name="frontcontroller11-phar" classname="ext/phar/zip.frontcontroller11-phar">
    </testcase>
    <testcase name="frontcontroller12-phar" classname="ext/phar/zip.frontcontroller12-phar">
    </testcase>
    <testcase name="frontcontroller13-phar" classname="ext/phar/zip.frontcontroller13-phar">
    </testcase>
    <testcase name="frontcontroller14-phar" classname="ext/phar/zip.frontcontroller14-phar">
    </testcase>
    <testcase name="frontcontroller15-phar" classname="ext/phar/zip.frontcontroller15-phar">
    </testcase>
    <testcase name="frontcontroller16-phar" classname="ext/phar/zip.frontcontroller16-phar">
    </testcase>
    <testcase name="frontcontroller17-phar" classname="ext/phar/zip.frontcontroller17-phar">
    </testcase>
    <testcase name="frontcontroller18-phar" classname="ext/phar/zip.frontcontroller18-phar">
    </testcase>
    <testcase name="frontcontroller19-phar" classname="ext/phar/zip.frontcontroller19-phar">
    </testcase>
    <testcase name="frontcontroller2-phar" classname="ext/phar/zip.frontcontroller2-phar">
    </testcase>
    <testcase name="frontcontroller20-phar" classname="ext/phar/zip.frontcontroller20-phar">
    </testcase>
    <testcase name="frontcontroller21-phar" classname="ext/phar/zip.frontcontroller21-phar">
    </testcase>
    <testcase name="frontcontroller3-phar" classname="ext/phar/zip.frontcontroller3-phar">
    </testcase>
    <testcase name="frontcontroller4-phar" classname="ext/phar/zip.frontcontroller4-phar">
    </testcase>
    <testcase name="frontcontroller5-phar" classname="ext/phar/zip.frontcontroller5-phar">
    </testcase>
    <testcase name="frontcontroller6-phar" classname="ext/phar/zip.frontcontroller6-phar">
    </testcase>
    <testcase name="frontcontroller7-phar" classname="ext/phar/zip.frontcontroller7-phar">
    </testcase>
    <testcase name="frontcontroller8-phar" classname="ext/phar/zip.frontcontroller8-phar">
    </testcase>
    <testcase name="frontcontroller9-phar" classname="ext/phar/zip.frontcontroller9-phar">
    </testcase>
    <testcase name="getalias" classname="ext/phar/zip.getalias">
    </testcase>
    <testcase name="largezip" classname="ext/phar/zip.largezip">
    </testcase>
    <testcase name="metadata_write_commit" classname="ext/phar/zip.metadata_write_commit">
    </testcase>
    <testcase name="notphar" classname="ext/phar/zip.notphar">
    </testcase>
    <testcase name="odt" classname="ext/phar/zip.odt">
    </testcase>
    <testcase name="open_for_write_existing" classname="ext/phar/zip.open_for_write_existing">
    </testcase>
    <testcase name="open_for_write_existing_b" classname="ext/phar/zip.open_for_write_existing_b">
    </testcase>
    <testcase name="open_for_write_existing_c" classname="ext/phar/zip.open_for_write_existing_c">
    </testcase>
    <testcase name="open_for_write_newfile" classname="ext/phar/zip.open_for_write_newfile">
    </testcase>
    <testcase name="open_for_write_newfile_b" classname="ext/phar/zip.open_for_write_newfile_b">
    </testcase>
    <testcase name="open_for_write_newfile_c" classname="ext/phar/zip.open_for_write_newfile_c">
    </testcase>
    <testcase name="phar_begin_setstub_commit" classname="ext/phar/zip.phar_begin_setstub_commit">
    </testcase>
    <testcase name="phar_buildfromiterator4" classname="ext/phar/zip.phar_buildfromiterator4">
    </testcase>
    <testcase name="phar_buildfromiterator5" classname="ext/phar/zip.phar_buildfromiterator5">
    </testcase>
    <testcase name="phar_buildfromiterator6" classname="ext/phar/zip.phar_buildfromiterator6">
    </testcase>
    <testcase name="phar_buildfromiterator7" classname="ext/phar/zip.phar_buildfromiterator7">
    </testcase>
    <testcase name="phar_buildfromiterator8" classname="ext/phar/zip.phar_buildfromiterator8">
    </testcase>
    <testcase name="phar_buildfromiterator9" classname="ext/phar/zip.phar_buildfromiterator9">
    </testcase>
    <testcase name="phar_commitwrite" classname="ext/phar/zip.phar_commitwrite">
    </testcase>
    <testcase name="phar_convert_phar" classname="ext/phar/zip.phar_convert_phar">
    </testcase>
    <testcase name="phar_copy" classname="ext/phar/zip.phar_copy">
    </testcase>
    <testcase name="phar_magic" classname="ext/phar/zip.phar_magic">
    </testcase>
    <testcase name="phar_oo_compressallbz2" classname="ext/phar/zip.phar_oo_compressallbz2">
    </testcase>
    <testcase name="phar_oo_compressallgz" classname="ext/phar/zip.phar_oo_compressallgz">
    </testcase>
    <testcase name="phar_setalias" classname="ext/phar/zip.phar_setalias">
    </testcase>
    <testcase name="phar_setalias2" classname="ext/phar/zip.phar_setalias2">
    </testcase>
    <testcase name="phar_setdefaultstub" classname="ext/phar/zip.phar_setdefaultstub">
    </testcase>
    <testcase name="phar_setsignaturealgo2" classname="ext/phar/zip.phar_setsignaturealgo2">
    </testcase>
    <testcase name="phar_stub" classname="ext/phar/zip.phar_stub">
    </testcase>
    <testcase name="phar_stub_error" classname="ext/phar/zip.phar_stub_error">
    </testcase>
    <testcase name="refcount1" classname="ext/phar/zip.refcount1">
    </testcase>
    <testcase name="rename" classname="ext/phar/zip.rename">
    </testcase>
    <testcase name="rename_dir" classname="ext/phar/zip.rename_dir">
    </testcase>
    <testcase name="rmdir" classname="ext/phar/zip.rmdir">
    </testcase>
    <testcase name="unixzip" classname="ext/phar/zip.unixzip">
    </testcase>
    <testcase name="zlib" classname="ext/phar/zip.zlib">
    </testcase>
  </testsuite>
  <testsuite name="ext/posix" tests="97" disabled="0" errors="0" failures="0" skipped="12">
    <testcase name="001" classname="ext/posix.001">
    </testcase>
    <testcase name="bug75696" classname="ext/posix.bug75696">
    </testcase>
    <testcase name="posix_ctermid" classname="ext/posix.posix_ctermid">
    </testcase>
    <testcase name="posix_ctermid_basic" classname="ext/posix.posix_ctermid_basic">
    </testcase>
    <testcase name="posix_ctermid_error" classname="ext/posix.posix_ctermid_error">
    </testcase>
    <testcase name="posix_errno_basic" classname="ext/posix.posix_errno_basic">
    </testcase>
    <testcase name="posix_errno_error" classname="ext/posix.posix_errno_error">
    </testcase>
    <testcase name="posix_errno_variation1" classname="ext/posix.posix_errno_variation1">
    </testcase>
    <testcase name="posix_errno_variation2" classname="ext/posix.posix_errno_variation2">
    </testcase>
    <testcase name="posix_get_last_error_error" classname="ext/posix.posix_get_last_error_error">
    </testcase>
    <testcase name="posix_getcwd" classname="ext/posix.posix_getcwd">
    </testcase>
    <testcase name="posix_getcwd_basic" classname="ext/posix.posix_getcwd_basic">
    </testcase>
    <testcase name="posix_getegid_basic" classname="ext/posix.posix_getegid_basic">
    </testcase>
    <testcase name="posix_geteuid_basic" classname="ext/posix.posix_geteuid_basic">
    </testcase>
    <testcase name="posix_geteuid_error1" classname="ext/posix.posix_geteuid_error1">
    </testcase>
    <testcase name="posix_getgid_error" classname="ext/posix.posix_getgid_error">
    </testcase>
    <testcase name="posix_getgrgid" classname="ext/posix.posix_getgrgid">
    </testcase>
    <testcase name="posix_getgrgid_basic" classname="ext/posix.posix_getgrgid_basic">
    </testcase>
    <testcase name="posix_getgrgid_error" classname="ext/posix.posix_getgrgid_error">
    </testcase>
    <testcase name="posix_getgrgid_macosx" classname="ext/posix.posix_getgrgid_macosx">
      <skipped message="" />
    </testcase>
    <testcase name="posix_getgrgid_variation" classname="ext/posix.posix_getgrgid_variation">
      <skipped message="" />
    </testcase>
    <testcase name="posix_getgrgid_wrongparams" classname="ext/posix.posix_getgrgid_wrongparams">
    </testcase>
    <testcase name="posix_getgroups_basic" classname="ext/posix.posix_getgroups_basic">
    </testcase>
    <testcase name="posix_getpgid_basic" classname="ext/posix.posix_getpgid_basic">
    </testcase>
    <testcase name="posix_getpgid_error" classname="ext/posix.posix_getpgid_error">
    </testcase>
    <testcase name="posix_getpgid_variation" classname="ext/posix.posix_getpgid_variation">
      <skipped message="" />
    </testcase>
    <testcase name="posix_getpgrp_basic" classname="ext/posix.posix_getpgrp_basic">
      <skipped message="" />
    </testcase>
    <testcase name="posix_getpgrp_error" classname="ext/posix.posix_getpgrp_error">
    </testcase>
    <testcase name="posix_getpid_basic" classname="ext/posix.posix_getpid_basic">
    </testcase>
    <testcase name="posix_getpid_error" classname="ext/posix.posix_getpid_error">
    </testcase>
    <testcase name="posix_getppid_basic" classname="ext/posix.posix_getppid_basic">
    </testcase>
    <testcase name="posix_getppid_error" classname="ext/posix.posix_getppid_error">
    </testcase>
    <testcase name="posix_getpwuid_basic" classname="ext/posix.posix_getpwuid_basic">
    </testcase>
    <testcase name="posix_getpwuid_error" classname="ext/posix.posix_getpwuid_error">
    </testcase>
    <testcase name="posix_getpwuid_variation" classname="ext/posix.posix_getpwuid_variation">
      <skipped message="" />
    </testcase>
    <testcase name="posix_getrlimit" classname="ext/posix.posix_getrlimit">
    </testcase>
    <testcase name="posix_getrlimit_basic" classname="ext/posix.posix_getrlimit_basic">
    </testcase>
    <testcase name="posix_getsid" classname="ext/posix.posix_getsid">
    </testcase>
    <testcase name="posix_getsid_basic" classname="ext/posix.posix_getsid_basic">
    </testcase>
    <testcase name="posix_getsid_error" classname="ext/posix.posix_getsid_error">
    </testcase>
    <testcase name="posix_getuid_error" classname="ext/posix.posix_getuid_error">
    </testcase>
    <testcase name="posix_initgroups" classname="ext/posix.posix_initgroups">
    </testcase>
    <testcase name="posix_initgroups_basic" classname="ext/posix.posix_initgroups_basic">
    </testcase>
    <testcase name="posix_isatty" classname="ext/posix.posix_isatty">
    </testcase>
    <testcase name="posix_kill_basic" classname="ext/posix.posix_kill_basic">
    </testcase>
    <testcase name="posix_kill_error" classname="ext/posix.posix_kill_error">
    </testcase>
    <testcase name="posix_kill_variation1" classname="ext/posix.posix_kill_variation1">
      <skipped message="" />
    </testcase>
    <testcase name="posix_kill_variation2" classname="ext/posix.posix_kill_variation2">
      <skipped message="" />
    </testcase>
    <testcase name="posix_mkfifo_wrongparams" classname="ext/posix.posix_mkfifo_wrongparams">
    </testcase>
    <testcase name="posix_mknod" classname="ext/posix.posix_mknod">
    </testcase>
    <testcase name="posix_mknod_basic" classname="ext/posix.posix_mknod_basic">
    </testcase>
    <testcase name="posix_setegid_basic" classname="ext/posix.posix_setegid_basic">
    </testcase>
    <testcase name="posix_seteuid_basic" classname="ext/posix.posix_seteuid_basic">
    </testcase>
    <testcase name="posix_seteuid_error" classname="ext/posix.posix_seteuid_error">
    </testcase>
    <testcase name="posix_seteuid_error2" classname="ext/posix.posix_seteuid_error2">
    </testcase>
    <testcase name="posix_seteuid_variation1" classname="ext/posix.posix_seteuid_variation1">
    </testcase>
    <testcase name="posix_seteuid_variation2" classname="ext/posix.posix_seteuid_variation2">
    </testcase>
    <testcase name="posix_seteuid_variation3" classname="ext/posix.posix_seteuid_variation3">
    </testcase>
    <testcase name="posix_seteuid_variation4" classname="ext/posix.posix_seteuid_variation4">
      <skipped message="" />
    </testcase>
    <testcase name="posix_seteuid_variation5" classname="ext/posix.posix_seteuid_variation5">
    </testcase>
    <testcase name="posix_seteuid_variation6" classname="ext/posix.posix_seteuid_variation6">
    </testcase>
    <testcase name="posix_setgid_basic" classname="ext/posix.posix_setgid_basic">
    </testcase>
    <testcase name="posix_setgid_error" classname="ext/posix.posix_setgid_error">
    </testcase>
    <testcase name="posix_setgid_variation1" classname="ext/posix.posix_setgid_variation1">
    </testcase>
    <testcase name="posix_setgid_variation2" classname="ext/posix.posix_setgid_variation2">
    </testcase>
    <testcase name="posix_setgid_variation3" classname="ext/posix.posix_setgid_variation3">
    </testcase>
    <testcase name="posix_setgid_variation4" classname="ext/posix.posix_setgid_variation4">
      <skipped message="" />
    </testcase>
    <testcase name="posix_setgid_variation5" classname="ext/posix.posix_setgid_variation5">
    </testcase>
    <testcase name="posix_setgid_variation6" classname="ext/posix.posix_setgid_variation6">
    </testcase>
    <testcase name="posix_setgid_variation7" classname="ext/posix.posix_setgid_variation7">
    </testcase>
    <testcase name="posix_setrlimit" classname="ext/posix.posix_setrlimit">
      <skipped message="" />
    </testcase>
    <testcase name="posix_setuid_basic" classname="ext/posix.posix_setuid_basic">
    </testcase>
    <testcase name="posix_setuid_error" classname="ext/posix.posix_setuid_error">
    </testcase>
    <testcase name="posix_setuid_error2" classname="ext/posix.posix_setuid_error2">
    </testcase>
    <testcase name="posix_setuid_variation1" classname="ext/posix.posix_setuid_variation1">
    </testcase>
    <testcase name="posix_setuid_variation2" classname="ext/posix.posix_setuid_variation2">
    </testcase>
    <testcase name="posix_setuid_variation3" classname="ext/posix.posix_setuid_variation3">
    </testcase>
    <testcase name="posix_setuid_variation4" classname="ext/posix.posix_setuid_variation4">
      <skipped message="" />
    </testcase>
    <testcase name="posix_setuid_variation5" classname="ext/posix.posix_setuid_variation5">
    </testcase>
    <testcase name="posix_setuid_variation6" classname="ext/posix.posix_setuid_variation6">
    </testcase>
    <testcase name="posix_strerror_error" classname="ext/posix.posix_strerror_error">
    </testcase>
    <testcase name="posix_strerror_variation1" classname="ext/posix.posix_strerror_variation1">
      <skipped message="" />
    </testcase>
    <testcase name="posix_times" classname="ext/posix.posix_times">
    </testcase>
    <testcase name="posix_times_basic" classname="ext/posix.posix_times_basic">
    </testcase>
    <testcase name="posix_times_error" classname="ext/posix.posix_times_error">
    </testcase>
    <testcase name="posix_ttyname" classname="ext/posix.posix_ttyname">
    </testcase>
    <testcase name="posix_ttyname_error" classname="ext/posix.posix_ttyname_error">
    </testcase>
    <testcase name="posix_ttyname_error_wrongparams" classname="ext/posix.posix_ttyname_error_wrongparams">
    </testcase>
    <testcase name="posix_ttyname_variation1" classname="ext/posix.posix_ttyname_variation1">
    </testcase>
    <testcase name="posix_ttyname_variation2" classname="ext/posix.posix_ttyname_variation2">
    </testcase>
    <testcase name="posix_ttyname_variation3" classname="ext/posix.posix_ttyname_variation3">
    </testcase>
    <testcase name="posix_ttyname_variation4" classname="ext/posix.posix_ttyname_variation4">
    </testcase>
    <testcase name="posix_ttyname_variation5" classname="ext/posix.posix_ttyname_variation5">
    </testcase>
    <testcase name="posix_ttyname_variation6" classname="ext/posix.posix_ttyname_variation6">
    </testcase>
    <testcase name="posix_ttyname_variation7" classname="ext/posix.posix_ttyname_variation7">
    </testcase>
    <testcase name="posix_uname_basic" classname="ext/posix.posix_uname_basic">
    </testcase>
    <testcase name="posix_uname_error" classname="ext/posix.posix_uname_error">
    </testcase>
  </testsuite>
  <testsuite name="ext/reflection" tests="355" disabled="0" errors="0" failures="0" skipped="1">
    <testcase name="001" classname="ext/reflection.001">
    </testcase>
    <testcase name="002" classname="ext/reflection.002">
    </testcase>
    <testcase name="003" classname="ext/reflection.003">
    </testcase>
    <testcase name="004" classname="ext/reflection.004">
    </testcase>
    <testcase name="005" classname="ext/reflection.005">
    </testcase>
    <testcase name="006" classname="ext/reflection.006">
    </testcase>
    <testcase name="007" classname="ext/reflection.007">
    </testcase>
    <testcase name="008" classname="ext/reflection.008">
    </testcase>
    <testcase name="009" classname="ext/reflection.009">
    </testcase>
    <testcase name="010" classname="ext/reflection.010">
    </testcase>
    <testcase name="011" classname="ext/reflection.011">
    </testcase>
    <testcase name="012" classname="ext/reflection.012">
    </testcase>
    <testcase name="013" classname="ext/reflection.013">
    </testcase>
    <testcase name="014" classname="ext/reflection.014">
    </testcase>
    <testcase name="015" classname="ext/reflection.015">
    </testcase>
    <testcase name="016" classname="ext/reflection.016">
    </testcase>
    <testcase name="017" classname="ext/reflection.017">
    </testcase>
    <testcase name="018" classname="ext/reflection.018">
    </testcase>
    <testcase name="019" classname="ext/reflection.019">
    </testcase>
    <testcase name="020" classname="ext/reflection.020">
    </testcase>
    <testcase name="021" classname="ext/reflection.021">
    </testcase>
    <testcase name="022" classname="ext/reflection.022">
    </testcase>
    <testcase name="023" classname="ext/reflection.023">
    </testcase>
    <testcase name="024" classname="ext/reflection.024">
    </testcase>
    <testcase name="025" classname="ext/reflection.025">
    </testcase>
    <testcase name="026" classname="ext/reflection.026">
    </testcase>
    <testcase name="027" classname="ext/reflection.027">
    </testcase>
    <testcase name="028" classname="ext/reflection.028">
    </testcase>
    <testcase name="ReflectionClassConstant_basic1" classname="ext/reflection.ReflectionClassConstant_basic1">
    </testcase>
    <testcase name="ReflectionClassConstant_getValue" classname="ext/reflection.ReflectionClassConstant_getValue">
    </testcase>
    <testcase name="ReflectionClass_CannotClone_basic" classname="ext/reflection.ReflectionClass_CannotClone_basic">
    </testcase>
    <testcase name="ReflectionClass_FileInfo_basic" classname="ext/reflection.ReflectionClass_FileInfo_basic">
    </testcase>
    <testcase name="ReflectionClass_FileInfo_error" classname="ext/reflection.ReflectionClass_FileInfo_error">
    </testcase>
    <testcase name="ReflectionClass_constructor_001" classname="ext/reflection.ReflectionClass_constructor_001">
    </testcase>
    <testcase name="ReflectionClass_constructor_002" classname="ext/reflection.ReflectionClass_constructor_002">
    </testcase>
    <testcase name="ReflectionClass_export_array_bug72222" classname="ext/reflection.ReflectionClass_export_array_bug72222">
    </testcase>
    <testcase name="ReflectionClass_export_basic1" classname="ext/reflection.ReflectionClass_export_basic1">
    </testcase>
    <testcase name="ReflectionClass_export_basic2" classname="ext/reflection.ReflectionClass_export_basic2">
    </testcase>
    <testcase name="ReflectionClass_getConstant_basic" classname="ext/reflection.ReflectionClass_getConstant_basic">
    </testcase>
    <testcase name="ReflectionClass_getConstant_error" classname="ext/reflection.ReflectionClass_getConstant_error">
    </testcase>
    <testcase name="ReflectionClass_getConstants_basic" classname="ext/reflection.ReflectionClass_getConstants_basic">
    </testcase>
    <testcase name="ReflectionClass_getConstants_error" classname="ext/reflection.ReflectionClass_getConstants_error">
    </testcase>
    <testcase name="ReflectionClass_getConstructor_basic" classname="ext/reflection.ReflectionClass_getConstructor_basic">
    </testcase>
    <testcase name="ReflectionClass_getConstructor_error" classname="ext/reflection.ReflectionClass_getConstructor_error">
    </testcase>
    <testcase name="ReflectionClass_getDefaultProperties_001" classname="ext/reflection.ReflectionClass_getDefaultProperties_001">
    </testcase>
    <testcase name="ReflectionClass_getDefaultProperties_002" classname="ext/reflection.ReflectionClass_getDefaultProperties_002">
    </testcase>
    <testcase name="ReflectionClass_getDocComment_001" classname="ext/reflection.ReflectionClass_getDocComment_001">
    </testcase>
    <testcase name="ReflectionClass_getDocComment_002" classname="ext/reflection.ReflectionClass_getDocComment_002">
    </testcase>
    <testcase name="ReflectionClass_getExtensionName_basic" classname="ext/reflection.ReflectionClass_getExtensionName_basic">
    </testcase>
    <testcase name="ReflectionClass_getExtensionName_variation" classname="ext/reflection.ReflectionClass_getExtensionName_variation">
    </testcase>
    <testcase name="ReflectionClass_getExtension_basic" classname="ext/reflection.ReflectionClass_getExtension_basic">
    </testcase>
    <testcase name="ReflectionClass_getExtension_variation" classname="ext/reflection.ReflectionClass_getExtension_variation">
    </testcase>
    <testcase name="ReflectionClass_getInterfaceNames_basic" classname="ext/reflection.ReflectionClass_getInterfaceNames_basic">
    </testcase>
    <testcase name="ReflectionClass_getInterfaces_001" classname="ext/reflection.ReflectionClass_getInterfaces_001">
    </testcase>
    <testcase name="ReflectionClass_getInterfaces_002" classname="ext/reflection.ReflectionClass_getInterfaces_002">
    </testcase>
    <testcase name="ReflectionClass_getInterfaces_003" classname="ext/reflection.ReflectionClass_getInterfaces_003">
    </testcase>
    <testcase name="ReflectionClass_getInterfaces_004" classname="ext/reflection.ReflectionClass_getInterfaces_004">
    </testcase>
    <testcase name="ReflectionClass_getMethod_001" classname="ext/reflection.ReflectionClass_getMethod_001">
    </testcase>
    <testcase name="ReflectionClass_getMethod_002" classname="ext/reflection.ReflectionClass_getMethod_002">
    </testcase>
    <testcase name="ReflectionClass_getMethods_001" classname="ext/reflection.ReflectionClass_getMethods_001">
    </testcase>
    <testcase name="ReflectionClass_getMethods_002" classname="ext/reflection.ReflectionClass_getMethods_002">
    </testcase>
    <testcase name="ReflectionClass_getMethods_003" classname="ext/reflection.ReflectionClass_getMethods_003">
    </testcase>
    <testcase name="ReflectionClass_getModifierNames_basic" classname="ext/reflection.ReflectionClass_getModifierNames_basic">
    </testcase>
    <testcase name="ReflectionClass_getModifiers_basic" classname="ext/reflection.ReflectionClass_getModifiers_basic">
    </testcase>
    <testcase name="ReflectionClass_getName_basic" classname="ext/reflection.ReflectionClass_getName_basic">
    </testcase>
    <testcase name="ReflectionClass_getName_error" classname="ext/reflection.ReflectionClass_getName_error">
    </testcase>
    <testcase name="ReflectionClass_getName_error1" classname="ext/reflection.ReflectionClass_getName_error1">
    </testcase>
    <testcase name="ReflectionClass_getNamespaceName" classname="ext/reflection.ReflectionClass_getNamespaceName">
    </testcase>
    <testcase name="ReflectionClass_getParentClass" classname="ext/reflection.ReflectionClass_getParentClass">
    </testcase>
    <testcase name="ReflectionClass_getParentClass_001" classname="ext/reflection.ReflectionClass_getParentClass_001">
    </testcase>
    <testcase name="ReflectionClass_getProperties_001" classname="ext/reflection.ReflectionClass_getProperties_001">
    </testcase>
    <testcase name="ReflectionClass_getProperties_002" classname="ext/reflection.ReflectionClass_getProperties_002">
    </testcase>
    <testcase name="ReflectionClass_getProperties_003" classname="ext/reflection.ReflectionClass_getProperties_003">
    </testcase>
    <testcase name="ReflectionClass_getProperty_001" classname="ext/reflection.ReflectionClass_getProperty_001">
    </testcase>
    <testcase name="ReflectionClass_getProperty_002" classname="ext/reflection.ReflectionClass_getProperty_002">
    </testcase>
    <testcase name="ReflectionClass_getProperty_003" classname="ext/reflection.ReflectionClass_getProperty_003">
    </testcase>
    <testcase name="ReflectionClass_getProperty_004" classname="ext/reflection.ReflectionClass_getProperty_004">
    </testcase>
    <testcase name="ReflectionClass_getReflectionConstant" classname="ext/reflection.ReflectionClass_getReflectionConstant">
    </testcase>
    <testcase name="ReflectionClass_getStaticPropertyValue_001" classname="ext/reflection.ReflectionClass_getStaticPropertyValue_001">
    </testcase>
    <testcase name="ReflectionClass_getStaticPropertyValue_002" classname="ext/reflection.ReflectionClass_getStaticPropertyValue_002">
    </testcase>
    <testcase name="ReflectionClass_hasConstant_001" classname="ext/reflection.ReflectionClass_hasConstant_001">
    </testcase>
    <testcase name="ReflectionClass_hasConstant_002" classname="ext/reflection.ReflectionClass_hasConstant_002">
    </testcase>
    <testcase name="ReflectionClass_hasConstant_basic" classname="ext/reflection.ReflectionClass_hasConstant_basic">
    </testcase>
    <testcase name="ReflectionClass_hasMethod_001" classname="ext/reflection.ReflectionClass_hasMethod_001">
    </testcase>
    <testcase name="ReflectionClass_hasMethod_002" classname="ext/reflection.ReflectionClass_hasMethod_002">
    </testcase>
    <testcase name="ReflectionClass_hasMethod_basic" classname="ext/reflection.ReflectionClass_hasMethod_basic">
    </testcase>
    <testcase name="ReflectionClass_hasProperty_001" classname="ext/reflection.ReflectionClass_hasProperty_001">
    </testcase>
    <testcase name="ReflectionClass_hasProperty_002" classname="ext/reflection.ReflectionClass_hasProperty_002">
    </testcase>
    <testcase name="ReflectionClass_hasProperty_basic" classname="ext/reflection.ReflectionClass_hasProperty_basic">
    </testcase>
    <testcase name="ReflectionClass_implementsInterface_001" classname="ext/reflection.ReflectionClass_implementsInterface_001">
    </testcase>
    <testcase name="ReflectionClass_isAbstract_basic" classname="ext/reflection.ReflectionClass_isAbstract_basic">
    </testcase>
    <testcase name="ReflectionClass_isAnonymous" classname="ext/reflection.ReflectionClass_isAnonymous">
    </testcase>
    <testcase name="ReflectionClass_isArray" classname="ext/reflection.ReflectionClass_isArray">
    </testcase>
    <testcase name="ReflectionClass_isCloneable_001" classname="ext/reflection.ReflectionClass_isCloneable_001">
    </testcase>
    <testcase name="ReflectionClass_isCloneable_002" classname="ext/reflection.ReflectionClass_isCloneable_002">
    </testcase>
    <testcase name="ReflectionClass_isFinal_basic" classname="ext/reflection.ReflectionClass_isFinal_basic">
    </testcase>
    <testcase name="ReflectionClass_isInstance_basic" classname="ext/reflection.ReflectionClass_isInstance_basic">
    </testcase>
    <testcase name="ReflectionClass_isInstance_error" classname="ext/reflection.ReflectionClass_isInstance_error">
    </testcase>
    <testcase name="ReflectionClass_isInstantiable_basic" classname="ext/reflection.ReflectionClass_isInstantiable_basic">
    </testcase>
    <testcase name="ReflectionClass_isInstantiable_error" classname="ext/reflection.ReflectionClass_isInstantiable_error">
    </testcase>
    <testcase name="ReflectionClass_isInstantiable_variation" classname="ext/reflection.ReflectionClass_isInstantiable_variation">
    </testcase>
    <testcase name="ReflectionClass_isInterface_basic" classname="ext/reflection.ReflectionClass_isInterface_basic">
    </testcase>
    <testcase name="ReflectionClass_isInternal_basic" classname="ext/reflection.ReflectionClass_isInternal_basic">
    </testcase>
    <testcase name="ReflectionClass_isInternal_error" classname="ext/reflection.ReflectionClass_isInternal_error">
    </testcase>
    <testcase name="ReflectionClass_isIterateable_001" classname="ext/reflection.ReflectionClass_isIterateable_001">
    </testcase>
    <testcase name="ReflectionClass_isIterateable_basic" classname="ext/reflection.ReflectionClass_isIterateable_basic">
    </testcase>
    <testcase name="ReflectionClass_isIterateable_variation1" classname="ext/reflection.ReflectionClass_isIterateable_variation1">
    </testcase>
    <testcase name="ReflectionClass_isSubclassOf_002" classname="ext/reflection.ReflectionClass_isSubclassOf_002">
    </testcase>
    <testcase name="ReflectionClass_isSubclassOf_basic" classname="ext/reflection.ReflectionClass_isSubclassOf_basic">
    </testcase>
    <testcase name="ReflectionClass_isSubclassOf_error" classname="ext/reflection.ReflectionClass_isSubclassOf_error">
    </testcase>
    <testcase name="ReflectionClass_isSubclassOf_error1" classname="ext/reflection.ReflectionClass_isSubclassOf_error1">
    </testcase>
    <testcase name="ReflectionClass_isUserDefined_basic" classname="ext/reflection.ReflectionClass_isUserDefined_basic">
    </testcase>
    <testcase name="ReflectionClass_isUserDefined_error" classname="ext/reflection.ReflectionClass_isUserDefined_error">
    </testcase>
    <testcase name="ReflectionClass_modifiers_001" classname="ext/reflection.ReflectionClass_modifiers_001">
    </testcase>
    <testcase name="ReflectionClass_modifiers_002" classname="ext/reflection.ReflectionClass_modifiers_002">
    </testcase>
    <testcase name="ReflectionClass_newInstanceArgs_001" classname="ext/reflection.ReflectionClass_newInstanceArgs_001">
    </testcase>
    <testcase name="ReflectionClass_newInstanceArgs_002" classname="ext/reflection.ReflectionClass_newInstanceArgs_002">
    </testcase>
    <testcase name="ReflectionClass_newInstanceWithoutConstructor" classname="ext/reflection.ReflectionClass_newInstanceWithoutConstructor">
    </testcase>
    <testcase name="ReflectionClass_newInstance_001" classname="ext/reflection.ReflectionClass_newInstance_001">
    </testcase>
    <testcase name="ReflectionClass_setStaticPropertyValue_001" classname="ext/reflection.ReflectionClass_setStaticPropertyValue_001">
    </testcase>
    <testcase name="ReflectionClass_setStaticPropertyValue_002" classname="ext/reflection.ReflectionClass_setStaticPropertyValue_002">
    </testcase>
    <testcase name="ReflectionClass_toString_001" classname="ext/reflection.ReflectionClass_toString_001">
    </testcase>
    <testcase name="ReflectionClass_toString_002" classname="ext/reflection.ReflectionClass_toString_002">
    </testcase>
    <testcase name="ReflectionClass_toString_003" classname="ext/reflection.ReflectionClass_toString_003">
    </testcase>
    <testcase name="ReflectionExtension_bug66218" classname="ext/reflection.ReflectionExtension_bug66218">
    </testcase>
    <testcase name="ReflectionExtension_constructor_basic" classname="ext/reflection.ReflectionExtension_constructor_basic">
    </testcase>
    <testcase name="ReflectionExtension_constructor_error" classname="ext/reflection.ReflectionExtension_constructor_error">
    </testcase>
    <testcase name="ReflectionExtension_export_basic" classname="ext/reflection.ReflectionExtension_export_basic">
    </testcase>
    <testcase name="ReflectionExtension_getClassNames_basic" classname="ext/reflection.ReflectionExtension_getClassNames_basic">
    </testcase>
    <testcase name="ReflectionExtension_getClassNames_variation1" classname="ext/reflection.ReflectionExtension_getClassNames_variation1">
    </testcase>
    <testcase name="ReflectionExtension_getClasses_basic" classname="ext/reflection.ReflectionExtension_getClasses_basic">
    </testcase>
    <testcase name="ReflectionExtension_getDependencies_basic" classname="ext/reflection.ReflectionExtension_getDependencies_basic">
    </testcase>
    <testcase name="ReflectionExtension_getDependencies_variation2" classname="ext/reflection.ReflectionExtension_getDependencies_variation2">
    </testcase>
    <testcase name="ReflectionExtension_getName_basic" classname="ext/reflection.ReflectionExtension_getName_basic">
    </testcase>
    <testcase name="ReflectionExtension_getVersion_basic" classname="ext/reflection.ReflectionExtension_getVersion_basic">
    </testcase>
    <testcase name="ReflectionExtension_info_basic" classname="ext/reflection.ReflectionExtension_info_basic">
    </testcase>
    <testcase name="ReflectionExtension_isPersistant" classname="ext/reflection.ReflectionExtension_isPersistant">
    </testcase>
    <testcase name="ReflectionExtension_isTemporary" classname="ext/reflection.ReflectionExtension_isTemporary">
    </testcase>
    <testcase name="ReflectionFunction_001" classname="ext/reflection.ReflectionFunction_001">
    </testcase>
    <testcase name="ReflectionFunction_construct-001" classname="ext/reflection.ReflectionFunction_construct-001">
    </testcase>
    <testcase name="ReflectionFunction_getClosureScopeClass" classname="ext/reflection.ReflectionFunction_getClosureScopeClass">
    </testcase>
    <testcase name="ReflectionFunction_getClosureThis" classname="ext/reflection.ReflectionFunction_getClosureThis">
    </testcase>
    <testcase name="ReflectionFunction_getClosure_basic" classname="ext/reflection.ReflectionFunction_getClosure_basic">
    </testcase>
    <testcase name="ReflectionFunction_getClosure_error" classname="ext/reflection.ReflectionFunction_getClosure_error">
    </testcase>
    <testcase name="ReflectionFunction_getDocComment-001" classname="ext/reflection.ReflectionFunction_getDocComment-001">
    </testcase>
    <testcase name="ReflectionFunction_getExtension" classname="ext/reflection.ReflectionFunction_getExtension">
    </testcase>
    <testcase name="ReflectionFunction_getExtensionName" classname="ext/reflection.ReflectionFunction_getExtensionName">
    </testcase>
    <testcase name="ReflectionFunction_getFileName-001" classname="ext/reflection.ReflectionFunction_getFileName-001">
    </testcase>
    <testcase name="ReflectionFunction_getFileName-002" classname="ext/reflection.ReflectionFunction_getFileName-002">
    </testcase>
    <testcase name="ReflectionFunction_getNamespaceName" classname="ext/reflection.ReflectionFunction_getNamespaceName">
    </testcase>
    <testcase name="ReflectionFunction_isClosure_basic" classname="ext/reflection.ReflectionFunction_isClosure_basic">
    </testcase>
    <testcase name="ReflectionFunction_isDeprecated_basic" classname="ext/reflection.ReflectionFunction_isDeprecated_basic">
    </testcase>
    <testcase name="ReflectionFunction_isDisabled_basic" classname="ext/reflection.ReflectionFunction_isDisabled_basic">
    </testcase>
    <testcase name="ReflectionFunction_isGenerator_basic" classname="ext/reflection.ReflectionFunction_isGenerator_basic">
    </testcase>
    <testcase name="ReflectionFunction_isVariadic_basic" classname="ext/reflection.ReflectionFunction_isVariadic_basic">
    </testcase>
    <testcase name="ReflectionGenerator_basic" classname="ext/reflection.ReflectionGenerator_basic">
    </testcase>
    <testcase name="ReflectionGenerator_getTrace" classname="ext/reflection.ReflectionGenerator_getTrace">
    </testcase>
    <testcase name="ReflectionGenerator_in_Generator" classname="ext/reflection.ReflectionGenerator_in_Generator">
    </testcase>
    <testcase name="ReflectionMethod_006" classname="ext/reflection.ReflectionMethod_006">
    </testcase>
    <testcase name="ReflectionMethod_basic1" classname="ext/reflection.ReflectionMethod_basic1">
    </testcase>
    <testcase name="ReflectionMethod_basic2" classname="ext/reflection.ReflectionMethod_basic2">
    </testcase>
    <testcase name="ReflectionMethod_basic3" classname="ext/reflection.ReflectionMethod_basic3">
    </testcase>
    <testcase name="ReflectionMethod_basic4" classname="ext/reflection.ReflectionMethod_basic4">
    </testcase>
    <testcase name="ReflectionMethod_constructor_basic" classname="ext/reflection.ReflectionMethod_constructor_basic">
    </testcase>
    <testcase name="ReflectionMethod_constructor_error1" classname="ext/reflection.ReflectionMethod_constructor_error1">
    </testcase>
    <testcase name="ReflectionMethod_constructor_error2" classname="ext/reflection.ReflectionMethod_constructor_error2">
    </testcase>
    <testcase name="ReflectionMethod_defaultArg" classname="ext/reflection.ReflectionMethod_defaultArg">
    </testcase>
    <testcase name="ReflectionMethod_getClosureThis" classname="ext/reflection.ReflectionMethod_getClosureThis">
    </testcase>
    <testcase name="ReflectionMethod_getClosure_basic" classname="ext/reflection.ReflectionMethod_getClosure_basic">
    </testcase>
    <testcase name="ReflectionMethod_getClosure_error" classname="ext/reflection.ReflectionMethod_getClosure_error">
    </testcase>
    <testcase name="ReflectionMethod_getDeclaringClass_basic" classname="ext/reflection.ReflectionMethod_getDeclaringClass_basic">
    </testcase>
    <testcase name="ReflectionMethod_getDocComment_basic" classname="ext/reflection.ReflectionMethod_getDocComment_basic">
    </testcase>
    <testcase name="ReflectionMethod_getDocComment_error" classname="ext/reflection.ReflectionMethod_getDocComment_error">
    </testcase>
    <testcase name="ReflectionMethod_getDocComment_property_list" classname="ext/reflection.ReflectionMethod_getDocComment_property_list">
    </testcase>
    <testcase name="ReflectionMethod_getModifiers_basic" classname="ext/reflection.ReflectionMethod_getModifiers_basic">
    </testcase>
    <testcase name="ReflectionMethod_getPrototype_basic" classname="ext/reflection.ReflectionMethod_getPrototype_basic">
    </testcase>
    <testcase name="ReflectionMethod_getStaticVariables_basic" classname="ext/reflection.ReflectionMethod_getStaticVariables_basic">
    </testcase>
    <testcase name="ReflectionMethod_invokeArgs_basic" classname="ext/reflection.ReflectionMethod_invokeArgs_basic">
    </testcase>
    <testcase name="ReflectionMethod_invokeArgs_error1" classname="ext/reflection.ReflectionMethod_invokeArgs_error1">
    </testcase>
    <testcase name="ReflectionMethod_invokeArgs_error2" classname="ext/reflection.ReflectionMethod_invokeArgs_error2">
    </testcase>
    <testcase name="ReflectionMethod_invokeArgs_error3" classname="ext/reflection.ReflectionMethod_invokeArgs_error3">
    </testcase>
    <testcase name="ReflectionMethod_invoke_basic" classname="ext/reflection.ReflectionMethod_invoke_basic">
    </testcase>
    <testcase name="ReflectionMethod_invoke_error1" classname="ext/reflection.ReflectionMethod_invoke_error1">
    </testcase>
    <testcase name="ReflectionMethod_invoke_error2" classname="ext/reflection.ReflectionMethod_invoke_error2">
    </testcase>
    <testcase name="ReflectionMethod_invoke_on_abstract_method_after_setAccessible" classname="ext/reflection.ReflectionMethod_invoke_on_abstract_method_after_setAccessible">
    </testcase>
    <testcase name="ReflectionMethod_returnsReference_basic" classname="ext/reflection.ReflectionMethod_returnsReference_basic">
    </testcase>
    <testcase name="ReflectionMethod_setAccessible" classname="ext/reflection.ReflectionMethod_setAccessible">
    </testcase>
    <testcase name="ReflectionNamedType" classname="ext/reflection.ReflectionNamedType">
    </testcase>
    <testcase name="ReflectionObject_FileInfo_basic" classname="ext/reflection.ReflectionObject_FileInfo_basic">
    </testcase>
    <testcase name="ReflectionObject_FileInfo_error" classname="ext/reflection.ReflectionObject_FileInfo_error">
    </testcase>
    <testcase name="ReflectionObject___toString_basic1" classname="ext/reflection.ReflectionObject___toString_basic1">
    </testcase>
    <testcase name="ReflectionObject___toString_basic2" classname="ext/reflection.ReflectionObject___toString_basic2">
    </testcase>
    <testcase name="ReflectionObject_constructor_basic" classname="ext/reflection.ReflectionObject_constructor_basic">
    </testcase>
    <testcase name="ReflectionObject_constructor_error" classname="ext/reflection.ReflectionObject_constructor_error">
    </testcase>
    <testcase name="ReflectionObject_export_basic1" classname="ext/reflection.ReflectionObject_export_basic1">
    </testcase>
    <testcase name="ReflectionObject_export_basic2" classname="ext/reflection.ReflectionObject_export_basic2">
    </testcase>
    <testcase name="ReflectionObject_export_basic3" classname="ext/reflection.ReflectionObject_export_basic3">
    </testcase>
    <testcase name="ReflectionObject_getConstant_basic" classname="ext/reflection.ReflectionObject_getConstant_basic">
    </testcase>
    <testcase name="ReflectionObject_getConstant_error" classname="ext/reflection.ReflectionObject_getConstant_error">
    </testcase>
    <testcase name="ReflectionObject_getConstants_basic" classname="ext/reflection.ReflectionObject_getConstants_basic">
    </testcase>
    <testcase name="ReflectionObject_getConstants_error" classname="ext/reflection.ReflectionObject_getConstants_error">
    </testcase>
    <testcase name="ReflectionObject_getConstructor_basic" classname="ext/reflection.ReflectionObject_getConstructor_basic">
    </testcase>
    <testcase name="ReflectionObject_getConstructor_error" classname="ext/reflection.ReflectionObject_getConstructor_error">
    </testcase>
    <testcase name="ReflectionObject_getName_basic" classname="ext/reflection.ReflectionObject_getName_basic">
    </testcase>
    <testcase name="ReflectionObject_getName_error" classname="ext/reflection.ReflectionObject_getName_error">
    </testcase>
    <testcase name="ReflectionObject_getName_error1" classname="ext/reflection.ReflectionObject_getName_error1">
    </testcase>
    <testcase name="ReflectionObject_isInstance_basic" classname="ext/reflection.ReflectionObject_isInstance_basic">
    </testcase>
    <testcase name="ReflectionObject_isInstance_error" classname="ext/reflection.ReflectionObject_isInstance_error">
    </testcase>
    <testcase name="ReflectionObject_isInstantiable_basic" classname="ext/reflection.ReflectionObject_isInstantiable_basic">
    </testcase>
    <testcase name="ReflectionObject_isInstantiable_error" classname="ext/reflection.ReflectionObject_isInstantiable_error">
    </testcase>
    <testcase name="ReflectionObject_isInstantiable_variation" classname="ext/reflection.ReflectionObject_isInstantiable_variation">
    </testcase>
    <testcase name="ReflectionObject_isInternal_basic" classname="ext/reflection.ReflectionObject_isInternal_basic">
    </testcase>
    <testcase name="ReflectionObject_isInternal_error" classname="ext/reflection.ReflectionObject_isInternal_error">
    </testcase>
    <testcase name="ReflectionObject_isSubclassOf-002" classname="ext/reflection.ReflectionObject_isSubclassOf-002">
    </testcase>
    <testcase name="ReflectionObject_isSubclassOf_basic" classname="ext/reflection.ReflectionObject_isSubclassOf_basic">
    </testcase>
    <testcase name="ReflectionObject_isSubclassOf_error" classname="ext/reflection.ReflectionObject_isSubclassOf_error">
    </testcase>
    <testcase name="ReflectionObject_isUserDefined_basic" classname="ext/reflection.ReflectionObject_isUserDefined_basic">
    </testcase>
    <testcase name="ReflectionObject_isUserDefined_error" classname="ext/reflection.ReflectionObject_isUserDefined_error">
    </testcase>
    <testcase name="ReflectionParameter_001" classname="ext/reflection.ReflectionParameter_001">
    </testcase>
    <testcase name="ReflectionParameter_002" classname="ext/reflection.ReflectionParameter_002">
    </testcase>
    <testcase name="ReflectionParameter_003" classname="ext/reflection.ReflectionParameter_003">
    </testcase>
    <testcase name="ReflectionParameter_DefaultValueConstant_basic1" classname="ext/reflection.ReflectionParameter_DefaultValueConstant_basic1">
    </testcase>
    <testcase name="ReflectionParameter_DefaultValueConstant_basic2" classname="ext/reflection.ReflectionParameter_DefaultValueConstant_basic2">
    </testcase>
    <testcase name="ReflectionParameter_DefaultValueConstant_error" classname="ext/reflection.ReflectionParameter_DefaultValueConstant_error">
    </testcase>
    <testcase name="ReflectionParameter_canBePassedByValue" classname="ext/reflection.ReflectionParameter_canBePassedByValue">
    </testcase>
    <testcase name="ReflectionParameter_export_basic" classname="ext/reflection.ReflectionParameter_export_basic">
    </testcase>
    <testcase name="ReflectionParameter_export_error" classname="ext/reflection.ReflectionParameter_export_error">
    </testcase>
    <testcase name="ReflectionParameter_export_error2" classname="ext/reflection.ReflectionParameter_export_error2">
    </testcase>
    <testcase name="ReflectionParameter_export_error3" classname="ext/reflection.ReflectionParameter_export_error3">
    </testcase>
    <testcase name="ReflectionParameter_getDeclaringFunction_basic" classname="ext/reflection.ReflectionParameter_getDeclaringFunction_basic">
    </testcase>
    <testcase name="ReflectionParameter_getPosition_basic" classname="ext/reflection.ReflectionParameter_getPosition_basic">
    </testcase>
    <testcase name="ReflectionParameter_invalidMethodInConstructor" classname="ext/reflection.ReflectionParameter_invalidMethodInConstructor">
    </testcase>
    <testcase name="ReflectionParameter_isDefault" classname="ext/reflection.ReflectionParameter_isDefault">
    </testcase>
    <testcase name="ReflectionParameter_isVariadic_basic" classname="ext/reflection.ReflectionParameter_isVariadic_basic">
    </testcase>
    <testcase name="ReflectionParameter_toString_basic" classname="ext/reflection.ReflectionParameter_toString_basic">
    </testcase>
    <testcase name="ReflectionProperty_basic1" classname="ext/reflection.ReflectionProperty_basic1">
    </testcase>
    <testcase name="ReflectionProperty_basic2" classname="ext/reflection.ReflectionProperty_basic2">
    </testcase>
    <testcase name="ReflectionProperty_constructor_error" classname="ext/reflection.ReflectionProperty_constructor_error">
    </testcase>
    <testcase name="ReflectionProperty_constructor_variation1" classname="ext/reflection.ReflectionProperty_constructor_variation1">
    </testcase>
    <testcase name="ReflectionProperty_error" classname="ext/reflection.ReflectionProperty_error">
    </testcase>
    <testcase name="ReflectionProperty_export_basic" classname="ext/reflection.ReflectionProperty_export_basic">
    </testcase>
    <testcase name="ReflectionProperty_export_error" classname="ext/reflection.ReflectionProperty_export_error">
    </testcase>
    <testcase name="ReflectionProperty_getDeclaringClass_variation1" classname="ext/reflection.ReflectionProperty_getDeclaringClass_variation1">
    </testcase>
    <testcase name="ReflectionProperty_getDocComment_basic" classname="ext/reflection.ReflectionProperty_getDocComment_basic">
    </testcase>
    <testcase name="ReflectionProperty_getDocComment_error" classname="ext/reflection.ReflectionProperty_getDocComment_error">
    </testcase>
    <testcase name="ReflectionProperty_getModifiers-001" classname="ext/reflection.ReflectionProperty_getModifiers-001">
    </testcase>
    <testcase name="ReflectionProperty_getModifiers_basic" classname="ext/reflection.ReflectionProperty_getModifiers_basic">
    </testcase>
    <testcase name="ReflectionProperty_getValue_error" classname="ext/reflection.ReflectionProperty_getValue_error">
    </testcase>
    <testcase name="ReflectionProperty_isDefault_basic" classname="ext/reflection.ReflectionProperty_isDefault_basic">
    </testcase>
    <testcase name="ReflectionProperty_setAccessible" classname="ext/reflection.ReflectionProperty_setAccessible">
    </testcase>
    <testcase name="ReflectionProperty_setValue_error" classname="ext/reflection.ReflectionProperty_setValue_error">
    </testcase>
    <testcase name="ReflectionType_001" classname="ext/reflection.ReflectionType_001">
    </testcase>
    <testcase name="ReflectionType_002" classname="ext/reflection.ReflectionType_002">
    </testcase>
    <testcase name="ReflectionType_possible_types" classname="ext/reflection.ReflectionType_possible_types">
    </testcase>
    <testcase name="ReflectionZendExtension" classname="ext/reflection.ReflectionZendExtension">
    </testcase>
    <testcase name="ReflectionZendExtension_error" classname="ext/reflection.ReflectionZendExtension_error">
    </testcase>
    <testcase name="bug26640" classname="ext/reflection.bug26640">
    </testcase>
    <testcase name="bug26695" classname="ext/reflection.bug26695">
    </testcase>
    <testcase name="bug29268" classname="ext/reflection.bug29268">
    </testcase>
    <testcase name="bug29523" classname="ext/reflection.bug29523">
    </testcase>
    <testcase name="bug29828" classname="ext/reflection.bug29828">
    </testcase>
    <testcase name="bug29986" classname="ext/reflection.bug29986">
    </testcase>
    <testcase name="bug30146" classname="ext/reflection.bug30146">
    </testcase>
    <testcase name="bug30148" classname="ext/reflection.bug30148">
    </testcase>
    <testcase name="bug30209" classname="ext/reflection.bug30209">
    </testcase>
    <testcase name="bug30856" classname="ext/reflection.bug30856">
    </testcase>
    <testcase name="bug30961" classname="ext/reflection.bug30961">
    </testcase>
    <testcase name="bug31651" classname="ext/reflection.bug31651">
    </testcase>
    <testcase name="bug32981" classname="ext/reflection.bug32981">
    </testcase>
    <testcase name="bug33312" classname="ext/reflection.bug33312">
    </testcase>
    <testcase name="bug33389" classname="ext/reflection.bug33389">
    </testcase>
    <testcase name="bug36308" classname="ext/reflection.bug36308">
    </testcase>
    <testcase name="bug36337" classname="ext/reflection.bug36337">
    </testcase>
    <testcase name="bug36434" classname="ext/reflection.bug36434">
    </testcase>
    <testcase name="bug37816" classname="ext/reflection.bug37816">
    </testcase>
    <testcase name="bug37964" classname="ext/reflection.bug37964">
    </testcase>
    <testcase name="bug38132" classname="ext/reflection.bug38132">
    </testcase>
    <testcase name="bug38194" classname="ext/reflection.bug38194">
    </testcase>
    <testcase name="bug38217" classname="ext/reflection.bug38217">
    </testcase>
    <testcase name="bug38465" classname="ext/reflection.bug38465">
    </testcase>
    <testcase name="bug38653" classname="ext/reflection.bug38653">
    </testcase>
    <testcase name="bug38942" classname="ext/reflection.bug38942">
    </testcase>
    <testcase name="bug39001" classname="ext/reflection.bug39001">
    </testcase>
    <testcase name="bug39067" classname="ext/reflection.bug39067">
    </testcase>
    <testcase name="bug39884" classname="ext/reflection.bug39884">
    </testcase>
    <testcase name="bug40431" classname="ext/reflection.bug40431">
    </testcase>
    <testcase name="bug40794" classname="ext/reflection.bug40794">
    </testcase>
    <testcase name="bug41061" classname="ext/reflection.bug41061">
    </testcase>
    <testcase name="bug41884" classname="ext/reflection.bug41884">
    </testcase>
    <testcase name="bug42976" classname="ext/reflection.bug42976">
    </testcase>
    <testcase name="bug43926" classname="ext/reflection.bug43926">
    </testcase>
    <testcase name="bug45139" classname="ext/reflection.bug45139">
    </testcase>
    <testcase name="bug45571" classname="ext/reflection.bug45571">
    </testcase>
    <testcase name="bug45765" classname="ext/reflection.bug45765">
    </testcase>
    <testcase name="bug46064" classname="ext/reflection.bug46064">
    </testcase>
    <testcase name="bug46064_2" classname="ext/reflection.bug46064_2">
    </testcase>
    <testcase name="bug46103" classname="ext/reflection.bug46103">
    </testcase>
    <testcase name="bug46205" classname="ext/reflection.bug46205">
    </testcase>
    <testcase name="bug47254" classname="ext/reflection.bug47254">
    </testcase>
    <testcase name="bug48336" classname="ext/reflection.bug48336">
    </testcase>
    <testcase name="bug48757" classname="ext/reflection.bug48757">
    </testcase>
    <testcase name="bug49074" classname="ext/reflection.bug49074">
    </testcase>
    <testcase name="bug49092" classname="ext/reflection.bug49092">
    </testcase>
    <testcase name="bug49719" classname="ext/reflection.bug49719">
    </testcase>
    <testcase name="bug51905" classname="ext/reflection.bug51905">
    </testcase>
    <testcase name="bug51911" classname="ext/reflection.bug51911">
    </testcase>
    <testcase name="bug52057" classname="ext/reflection.bug52057">
    </testcase>
    <testcase name="bug52854" classname="ext/reflection.bug52854">
    </testcase>
    <testcase name="bug53366" classname="ext/reflection.bug53366">
    </testcase>
    <testcase name="bug53915" classname="ext/reflection.bug53915">
    </testcase>
    <testcase name="bug60357" classname="ext/reflection.bug60357">
    </testcase>
    <testcase name="bug60367" classname="ext/reflection.bug60367">
    </testcase>
    <testcase name="bug61388" classname="ext/reflection.bug61388">
    </testcase>
    <testcase name="bug62384" classname="ext/reflection.bug62384">
    </testcase>
    <testcase name="bug62715" classname="ext/reflection.bug62715">
    </testcase>
    <testcase name="bug63399" classname="ext/reflection.bug63399">
    </testcase>
    <testcase name="bug63614" classname="ext/reflection.bug63614">
    </testcase>
    <testcase name="bug64007" classname="ext/reflection.bug64007">
    </testcase>
    <testcase name="bug64239" classname="ext/reflection.bug64239">
    </testcase>
    <testcase name="bug64936" classname="ext/reflection.bug64936">
    </testcase>
    <testcase name="bug66430" classname="ext/reflection.bug66430">
    </testcase>
    <testcase name="bug67068" classname="ext/reflection.bug67068">
    </testcase>
    <testcase name="bug69802" classname="ext/reflection.bug69802">
    </testcase>
    <testcase name="bug70674" classname="ext/reflection.bug70674">
    </testcase>
    <testcase name="bug70960" classname="ext/reflection.bug70960">
    </testcase>
    <testcase name="bug70982" classname="ext/reflection.bug70982">
    </testcase>
    <testcase name="bug71018" classname="ext/reflection.bug71018">
    </testcase>
    <testcase name="bug71767" classname="ext/reflection.bug71767">
    </testcase>
    <testcase name="bug72174" classname="ext/reflection.bug72174">
    </testcase>
    <testcase name="bug72661" classname="ext/reflection.bug72661">
    </testcase>
    <testcase name="bug74454" classname="ext/reflection.bug74454">
    </testcase>
    <testcase name="bug74673" classname="ext/reflection.bug74673">
    </testcase>
    <testcase name="bug74949" classname="ext/reflection.bug74949">
    </testcase>
    <testcase name="bug75231" classname="ext/reflection.bug75231">
    </testcase>
    <testcase name="bug76536" classname="ext/reflection.bug76536">
    </testcase>
    <testcase name="bug76936" classname="ext/reflection.bug76936">
    </testcase>
    <testcase name="bug77772" classname="ext/reflection.bug77772">
    </testcase>
    <testcase name="bug77882" classname="ext/reflection.bug77882">
    </testcase>
    <testcase name="closures_001" classname="ext/reflection.closures_001">
    </testcase>
    <testcase name="closures_002" classname="ext/reflection.closures_002">
    </testcase>
    <testcase name="closures_003" classname="ext/reflection.closures_003">
    </testcase>
    <testcase name="closures_003_v1" classname="ext/reflection.closures_003_v1">
    </testcase>
    <testcase name="closures_004" classname="ext/reflection.closures_004">
    </testcase>
    <testcase name="internal_static_property" classname="ext/reflection.internal_static_property">
      <skipped message="" />
    </testcase>
    <testcase name="parameters_001" classname="ext/reflection.parameters_001">
    </testcase>
    <testcase name="parameters_002" classname="ext/reflection.parameters_002">
    </testcase>
    <testcase name="property_exists" classname="ext/reflection.property_exists">
    </testcase>
    <testcase name="reflectionclass_for_traits" classname="ext/reflection.reflectionclass_for_traits">
    </testcase>
    <testcase name="request38992" classname="ext/reflection.request38992">
    </testcase>
    <testcase name="static_properties_002" classname="ext/reflection.static_properties_002">
    </testcase>
    <testcase name="traits001" classname="ext/reflection.traits001">
    </testcase>
    <testcase name="traits002" classname="ext/reflection.traits002">
    </testcase>
    <testcase name="traits003" classname="ext/reflection.traits003">
    </testcase>
    <testcase name="traits004" classname="ext/reflection.traits004">
    </testcase>
    <testcase name="traits005" classname="ext/reflection.traits005">
    </testcase>
  </testsuite>
  <testsuite name="ext/session" tests="238" disabled="0" errors="0" failures="2" skipped="1">
    <testcase name="001" classname="ext/session.001">
    </testcase>
    <testcase name="002" classname="ext/session.002">
    </testcase>
    <testcase name="003" classname="ext/session.003">
    </testcase>
    <testcase name="004" classname="ext/session.004">
    </testcase>
    <testcase name="005" classname="ext/session.005">
    </testcase>
    <testcase name="006" classname="ext/session.006">
    </testcase>
    <testcase name="009" classname="ext/session.009">
    </testcase>
    <testcase name="010" classname="ext/session.010">
    </testcase>
    <testcase name="011" classname="ext/session.011">
    </testcase>
    <testcase name="012" classname="ext/session.012">
    </testcase>
    <testcase name="013" classname="ext/session.013">
    </testcase>
    <testcase name="014" classname="ext/session.014">
    </testcase>
    <testcase name="015" classname="ext/session.015">
    </testcase>
    <testcase name="016" classname="ext/session.016">
    </testcase>
    <testcase name="017" classname="ext/session.017">
    </testcase>
    <testcase name="018" classname="ext/session.018">
    </testcase>
    <testcase name="019" classname="ext/session.019">
    </testcase>
    <testcase name="020" classname="ext/session.020">
    </testcase>
    <testcase name="021" classname="ext/session.021">
    </testcase>
    <testcase name="022" classname="ext/session.022">
    </testcase>
    <testcase name="023" classname="ext/session.023">
    </testcase>
    <testcase name="024" classname="ext/session.024">
    </testcase>
    <testcase name="025" classname="ext/session.025">
    </testcase>
    <testcase name="026" classname="ext/session.026">
    </testcase>
    <testcase name="027" classname="ext/session.027">
    </testcase>
    <testcase name="029" classname="ext/session.029">
    </testcase>
    <testcase name="031" classname="ext/session.031">
    </testcase>
    <testcase name="bug24592" classname="ext/session.bug24592">
    </testcase>
    <testcase name="bug26862" classname="ext/session.bug26862">
    </testcase>
    <testcase name="bug31454" classname="ext/session.bug31454">
    </testcase>
    <testcase name="bug32330" classname="ext/session.bug32330">
    </testcase>
    <testcase name="bug36459" classname="ext/session.bug36459">
    </testcase>
    <testcase name="bug38377" classname="ext/session.bug38377">
    </testcase>
    <testcase name="bug41600" classname="ext/session.bug41600">
    </testcase>
    <testcase name="bug42596" classname="ext/session.bug42596">
    </testcase>
    <testcase name="bug50308" classname="ext/session.bug50308">
    </testcase>
    <testcase name="bug51338" classname="ext/session.bug51338">
    </testcase>
    <testcase name="bug53141" classname="ext/session.bug53141">
    </testcase>
    <testcase name="bug55688" classname="ext/session.bug55688">
    </testcase>
    <testcase name="bug60634" classname="ext/session.bug60634">
    </testcase>
    <testcase name="bug60634_error_1" classname="ext/session.bug60634_error_1">
    </testcase>
    <testcase name="bug60634_error_2" classname="ext/session.bug60634_error_2">
    </testcase>
    <testcase name="bug60634_error_3" classname="ext/session.bug60634_error_3">
    </testcase>
    <testcase name="bug60634_error_4" classname="ext/session.bug60634_error_4">
    </testcase>
    <testcase name="bug60634_error_5" classname="ext/session.bug60634_error_5">
    </testcase>
    <testcase name="bug60860" classname="ext/session.bug60860">
    </testcase>
    <testcase name="bug61470" classname="ext/session.bug61470">
    </testcase>
    <testcase name="bug61728" classname="ext/session.bug61728">
    </testcase>
    <testcase name="bug63379" classname="ext/session.bug63379">
    </testcase>
    <testcase name="bug63379_nodestroy" classname="ext/session.bug63379_nodestroy">
    </testcase>
    <testcase name="bug65475" classname="ext/session.bug65475">
    </testcase>
    <testcase name="bug66481" classname="ext/session.bug66481">
    </testcase>
    <testcase name="bug66827" classname="ext/session.bug66827">
    </testcase>
    <testcase name="bug67694" classname="ext/session.bug67694">
    </testcase>
    <testcase name="bug67972" classname="ext/session.bug67972">
    </testcase>
    <testcase name="bug68063" classname="ext/session.bug68063">
    </testcase>
    <testcase name="bug69111" classname="ext/session.bug69111">
    </testcase>
    <testcase name="bug70013" classname="ext/session.bug70013">
    </testcase>
    <testcase name="bug70133" classname="ext/session.bug70133">
    </testcase>
    <testcase name="bug70876" classname="ext/session.bug70876">
    </testcase>
    <testcase name="bug71162" classname="ext/session.bug71162">
      <failure message="" />
    </testcase>
    <testcase name="bug71603" classname="ext/session.bug71603">
    </testcase>
    <testcase name="bug71972" classname="ext/session.bug71972">
    </testcase>
    <testcase name="bug71974" classname="ext/session.bug71974">
    </testcase>
    <testcase name="bug72562" classname="ext/session.bug72562">
    </testcase>
    <testcase name="bug72681" classname="ext/session.bug72681">
    </testcase>
    <testcase name="bug72940" classname="ext/session.bug72940">
    </testcase>
    <testcase name="bug73100" classname="ext/session.bug73100">
    </testcase>
    <testcase name="bug73273" classname="ext/session.bug73273">
    </testcase>
    <testcase name="bug73529" classname="ext/session.bug73529">
      <failure message="" />
    </testcase>
    <testcase name="bug74514" classname="ext/session.bug74514">
    </testcase>
    <testcase name="bug74541" classname="ext/session.bug74541">
    </testcase>
    <testcase name="bug74833" classname="ext/session.bug74833">
    </testcase>
    <testcase name="bug74892" classname="ext/session.bug74892">
    </testcase>
    <testcase name="bug74936" classname="ext/session.bug74936">
    </testcase>
    <testcase name="bug74941" classname="ext/session.bug74941">
    </testcase>
    <testcase name="rfc1867" classname="ext/session.rfc1867">
    </testcase>
    <testcase name="rfc1867_cleanup" classname="ext/session.rfc1867_cleanup">
    </testcase>
    <testcase name="rfc1867_disabled" classname="ext/session.rfc1867_disabled">
    </testcase>
    <testcase name="rfc1867_disabled_2" classname="ext/session.rfc1867_disabled_2">
    </testcase>
    <testcase name="rfc1867_inter" classname="ext/session.rfc1867_inter">
    </testcase>
    <testcase name="rfc1867_invalid_settings" classname="ext/session.rfc1867_invalid_settings">
    </testcase>
    <testcase name="rfc1867_invalid_settings_2" classname="ext/session.rfc1867_invalid_settings_2">
    </testcase>
    <testcase name="rfc1867_no_name" classname="ext/session.rfc1867_no_name">
    </testcase>
    <testcase name="rfc1867_sid_cookie" classname="ext/session.rfc1867_sid_cookie">
    </testcase>
    <testcase name="rfc1867_sid_get" classname="ext/session.rfc1867_sid_get">
    </testcase>
    <testcase name="rfc1867_sid_get_2" classname="ext/session.rfc1867_sid_get_2">
    </testcase>
    <testcase name="rfc1867_sid_invalid" classname="ext/session.rfc1867_sid_invalid">
    </testcase>
    <testcase name="rfc1867_sid_only_cookie" classname="ext/session.rfc1867_sid_only_cookie">
    </testcase>
    <testcase name="rfc1867_sid_only_cookie_2" classname="ext/session.rfc1867_sid_only_cookie_2">
    </testcase>
    <testcase name="rfc1867_sid_post" classname="ext/session.rfc1867_sid_post">
    </testcase>
    <testcase name="session_abort_basic" classname="ext/session.session_abort_basic">
    </testcase>
    <testcase name="session_basic1" classname="ext/session.session_basic1">
    </testcase>
    <testcase name="session_basic2" classname="ext/session.session_basic2">
    </testcase>
    <testcase name="session_basic3" classname="ext/session.session_basic3">
    </testcase>
    <testcase name="session_basic4" classname="ext/session.session_basic4">
    </testcase>
    <testcase name="session_basic5" classname="ext/session.session_basic5">
    </testcase>
    <testcase name="session_cache_expire_basic" classname="ext/session.session_cache_expire_basic">
    </testcase>
    <testcase name="session_cache_expire_error" classname="ext/session.session_cache_expire_error">
    </testcase>
    <testcase name="session_cache_expire_variation1" classname="ext/session.session_cache_expire_variation1">
    </testcase>
    <testcase name="session_cache_expire_variation2" classname="ext/session.session_cache_expire_variation2">
    </testcase>
    <testcase name="session_cache_expire_variation3" classname="ext/session.session_cache_expire_variation3">
    </testcase>
    <testcase name="session_cache_limiter_basic" classname="ext/session.session_cache_limiter_basic">
    </testcase>
    <testcase name="session_cache_limiter_error" classname="ext/session.session_cache_limiter_error">
    </testcase>
    <testcase name="session_cache_limiter_variation1" classname="ext/session.session_cache_limiter_variation1">
    </testcase>
    <testcase name="session_cache_limiter_variation2" classname="ext/session.session_cache_limiter_variation2">
    </testcase>
    <testcase name="session_cache_limiter_variation3" classname="ext/session.session_cache_limiter_variation3">
    </testcase>
    <testcase name="session_commit_basic" classname="ext/session.session_commit_basic">
    </testcase>
    <testcase name="session_commit_error" classname="ext/session.session_commit_error">
    </testcase>
    <testcase name="session_commit_variation1" classname="ext/session.session_commit_variation1">
    </testcase>
    <testcase name="session_commit_variation2" classname="ext/session.session_commit_variation2">
    </testcase>
    <testcase name="session_commit_variation3" classname="ext/session.session_commit_variation3">
    </testcase>
    <testcase name="session_commit_variation4" classname="ext/session.session_commit_variation4">
    </testcase>
    <testcase name="session_commit_variation5" classname="ext/session.session_commit_variation5">
    </testcase>
    <testcase name="session_create_id_basic" classname="ext/session.session_create_id_basic">
    </testcase>
    <testcase name="session_decode_basic" classname="ext/session.session_decode_basic">
    </testcase>
    <testcase name="session_decode_basic_serialize" classname="ext/session.session_decode_basic_serialize">
    </testcase>
    <testcase name="session_decode_error" classname="ext/session.session_decode_error">
    </testcase>
    <testcase name="session_decode_error2" classname="ext/session.session_decode_error2">
    </testcase>
    <testcase name="session_decode_variation1" classname="ext/session.session_decode_variation1">
    </testcase>
    <testcase name="session_decode_variation2" classname="ext/session.session_decode_variation2">
    </testcase>
    <testcase name="session_decode_variation3" classname="ext/session.session_decode_variation3">
    </testcase>
    <testcase name="session_decode_variation4" classname="ext/session.session_decode_variation4">
    </testcase>
    <testcase name="session_destroy_error" classname="ext/session.session_destroy_error">
    </testcase>
    <testcase name="session_destroy_variation1" classname="ext/session.session_destroy_variation1">
    </testcase>
    <testcase name="session_destroy_variation2" classname="ext/session.session_destroy_variation2">
    </testcase>
    <testcase name="session_destroy_variation3" classname="ext/session.session_destroy_variation3">
    </testcase>
    <testcase name="session_encode_basic" classname="ext/session.session_encode_basic">
    </testcase>
    <testcase name="session_encode_error" classname="ext/session.session_encode_error">
    </testcase>
    <testcase name="session_encode_error2" classname="ext/session.session_encode_error2">
    </testcase>
    <testcase name="session_encode_serialize" classname="ext/session.session_encode_serialize">
    </testcase>
    <testcase name="session_encode_variation1" classname="ext/session.session_encode_variation1">
    </testcase>
    <testcase name="session_encode_variation2" classname="ext/session.session_encode_variation2">
    </testcase>
    <testcase name="session_encode_variation3" classname="ext/session.session_encode_variation3">
    </testcase>
    <testcase name="session_encode_variation4" classname="ext/session.session_encode_variation4">
    </testcase>
    <testcase name="session_encode_variation5" classname="ext/session.session_encode_variation5">
    </testcase>
    <testcase name="session_encode_variation6" classname="ext/session.session_encode_variation6">
    </testcase>
    <testcase name="session_encode_variation7" classname="ext/session.session_encode_variation7">
    </testcase>
    <testcase name="session_encode_variation8" classname="ext/session.session_encode_variation8">
    </testcase>
    <testcase name="session_gc_basic" classname="ext/session.session_gc_basic">
    </testcase>
    <testcase name="session_get_cookie_params_basic" classname="ext/session.session_get_cookie_params_basic">
    </testcase>
    <testcase name="session_get_cookie_params_error" classname="ext/session.session_get_cookie_params_error">
    </testcase>
    <testcase name="session_get_cookie_params_variation1" classname="ext/session.session_get_cookie_params_variation1">
    </testcase>
    <testcase name="session_id_basic" classname="ext/session.session_id_basic">
    </testcase>
    <testcase name="session_id_basic2" classname="ext/session.session_id_basic2">
    </testcase>
    <testcase name="session_id_error" classname="ext/session.session_id_error">
    </testcase>
    <testcase name="session_id_error2" classname="ext/session.session_id_error2">
    </testcase>
    <testcase name="session_id_error3" classname="ext/session.session_id_error3">
    </testcase>
    <testcase name="session_ini_set" classname="ext/session.session_ini_set">
    </testcase>
    <testcase name="session_module_name_basic" classname="ext/session.session_module_name_basic">
    </testcase>
    <testcase name="session_module_name_error" classname="ext/session.session_module_name_error">
    </testcase>
    <testcase name="session_module_name_variation1" classname="ext/session.session_module_name_variation1">
    </testcase>
    <testcase name="session_module_name_variation2" classname="ext/session.session_module_name_variation2">
    </testcase>
    <testcase name="session_module_name_variation3" classname="ext/session.session_module_name_variation3">
    </testcase>
    <testcase name="session_module_name_variation4" classname="ext/session.session_module_name_variation4">
    </testcase>
    <testcase name="session_name_basic" classname="ext/session.session_name_basic">
    </testcase>
    <testcase name="session_name_error" classname="ext/session.session_name_error">
    </testcase>
    <testcase name="session_name_variation1" classname="ext/session.session_name_variation1">
    </testcase>
    <testcase name="session_name_variation2" classname="ext/session.session_name_variation2">
    </testcase>
    <testcase name="session_regenerate_id_basic" classname="ext/session.session_regenerate_id_basic">
    </testcase>
    <testcase name="session_regenerate_id_cookie" classname="ext/session.session_regenerate_id_cookie">
    </testcase>
    <testcase name="session_regenerate_id_error" classname="ext/session.session_regenerate_id_error">
    </testcase>
    <testcase name="session_regenerate_id_fastshutdown" classname="ext/session.session_regenerate_id_fastshutdown">
    </testcase>
    <testcase name="session_regenerate_id_variation1" classname="ext/session.session_regenerate_id_variation1">
    </testcase>
    <testcase name="session_reset_basic" classname="ext/session.session_reset_basic">
    </testcase>
    <testcase name="session_save_path_basic" classname="ext/session.session_save_path_basic">
    </testcase>
    <testcase name="session_save_path_error" classname="ext/session.session_save_path_error">
    </testcase>
    <testcase name="session_save_path_variation1" classname="ext/session.session_save_path_variation1">
    </testcase>
    <testcase name="session_save_path_variation2" classname="ext/session.session_save_path_variation2">
    </testcase>
    <testcase name="session_save_path_variation3" classname="ext/session.session_save_path_variation3">
    </testcase>
    <testcase name="session_save_path_variation4" classname="ext/session.session_save_path_variation4">
    </testcase>
    <testcase name="session_save_path_variation5" classname="ext/session.session_save_path_variation5">
      <skipped message="" />
    </testcase>
    <testcase name="session_set_cookie_params_basic" classname="ext/session.session_set_cookie_params_basic">
    </testcase>
    <testcase name="session_set_cookie_params_error" classname="ext/session.session_set_cookie_params_error">
    </testcase>
    <testcase name="session_set_cookie_params_variation1" classname="ext/session.session_set_cookie_params_variation1">
    </testcase>
    <testcase name="session_set_cookie_params_variation2" classname="ext/session.session_set_cookie_params_variation2">
    </testcase>
    <testcase name="session_set_cookie_params_variation3" classname="ext/session.session_set_cookie_params_variation3">
    </testcase>
    <testcase name="session_set_cookie_params_variation4" classname="ext/session.session_set_cookie_params_variation4">
    </testcase>
    <testcase name="session_set_cookie_params_variation5" classname="ext/session.session_set_cookie_params_variation5">
    </testcase>
    <testcase name="session_set_cookie_params_variation6" classname="ext/session.session_set_cookie_params_variation6">
    </testcase>
    <testcase name="session_set_cookie_params_variation7" classname="ext/session.session_set_cookie_params_variation7">
    </testcase>
    <testcase name="session_set_save_handler_basic" classname="ext/session.session_set_save_handler_basic">
    </testcase>
    <testcase name="session_set_save_handler_class_001" classname="ext/session.session_set_save_handler_class_001">
    </testcase>
    <testcase name="session_set_save_handler_class_002" classname="ext/session.session_set_save_handler_class_002">
    </testcase>
    <testcase name="session_set_save_handler_class_003" classname="ext/session.session_set_save_handler_class_003">
    </testcase>
    <testcase name="session_set_save_handler_class_004" classname="ext/session.session_set_save_handler_class_004">
    </testcase>
    <testcase name="session_set_save_handler_class_005" classname="ext/session.session_set_save_handler_class_005">
    </testcase>
    <testcase name="session_set_save_handler_class_006" classname="ext/session.session_set_save_handler_class_006">
    </testcase>
    <testcase name="session_set_save_handler_class_007" classname="ext/session.session_set_save_handler_class_007">
    </testcase>
    <testcase name="session_set_save_handler_class_008" classname="ext/session.session_set_save_handler_class_008">
    </testcase>
    <testcase name="session_set_save_handler_class_009" classname="ext/session.session_set_save_handler_class_009">
    </testcase>
    <testcase name="session_set_save_handler_class_010" classname="ext/session.session_set_save_handler_class_010">
    </testcase>
    <testcase name="session_set_save_handler_class_011" classname="ext/session.session_set_save_handler_class_011">
    </testcase>
    <testcase name="session_set_save_handler_class_012" classname="ext/session.session_set_save_handler_class_012">
    </testcase>
    <testcase name="session_set_save_handler_class_013" classname="ext/session.session_set_save_handler_class_013">
    </testcase>
    <testcase name="session_set_save_handler_class_014" classname="ext/session.session_set_save_handler_class_014">
    </testcase>
    <testcase name="session_set_save_handler_class_015" classname="ext/session.session_set_save_handler_class_015">
    </testcase>
    <testcase name="session_set_save_handler_class_016" classname="ext/session.session_set_save_handler_class_016">
    </testcase>
    <testcase name="session_set_save_handler_class_017" classname="ext/session.session_set_save_handler_class_017">
    </testcase>
    <testcase name="session_set_save_handler_class_018" classname="ext/session.session_set_save_handler_class_018">
    </testcase>
    <testcase name="session_set_save_handler_closures" classname="ext/session.session_set_save_handler_closures">
    </testcase>
    <testcase name="session_set_save_handler_error" classname="ext/session.session_set_save_handler_error">
    </testcase>
    <testcase name="session_set_save_handler_error2" classname="ext/session.session_set_save_handler_error2">
    </testcase>
    <testcase name="session_set_save_handler_error3" classname="ext/session.session_set_save_handler_error3">
    </testcase>
    <testcase name="session_set_save_handler_error4" classname="ext/session.session_set_save_handler_error4">
    </testcase>
    <testcase name="session_set_save_handler_iface_001" classname="ext/session.session_set_save_handler_iface_001">
    </testcase>
    <testcase name="session_set_save_handler_iface_002" classname="ext/session.session_set_save_handler_iface_002">
    </testcase>
    <testcase name="session_set_save_handler_iface_003" classname="ext/session.session_set_save_handler_iface_003">
    </testcase>
    <testcase name="session_set_save_handler_sid_001" classname="ext/session.session_set_save_handler_sid_001">
    </testcase>
    <testcase name="session_set_save_handler_sid_002" classname="ext/session.session_set_save_handler_sid_002">
    </testcase>
    <testcase name="session_set_save_handler_variation1" classname="ext/session.session_set_save_handler_variation1">
    </testcase>
    <testcase name="session_set_save_handler_variation2" classname="ext/session.session_set_save_handler_variation2">
    </testcase>
    <testcase name="session_set_save_handler_variation3" classname="ext/session.session_set_save_handler_variation3">
    </testcase>
    <testcase name="session_set_save_handler_variation4" classname="ext/session.session_set_save_handler_variation4">
    </testcase>
    <testcase name="session_set_save_handler_variation5" classname="ext/session.session_set_save_handler_variation5">
    </testcase>
    <testcase name="session_set_save_handler_variation6" classname="ext/session.session_set_save_handler_variation6">
    </testcase>
    <testcase name="session_start_error" classname="ext/session.session_start_error">
    </testcase>
    <testcase name="session_start_variation1" classname="ext/session.session_start_variation1">
    </testcase>
    <testcase name="session_start_variation2" classname="ext/session.session_start_variation2">
    </testcase>
    <testcase name="session_start_variation3" classname="ext/session.session_start_variation3">
    </testcase>
    <testcase name="session_start_variation4" classname="ext/session.session_start_variation4">
    </testcase>
    <testcase name="session_start_variation5" classname="ext/session.session_start_variation5">
    </testcase>
    <testcase name="session_start_variation6" classname="ext/session.session_start_variation6">
    </testcase>
    <testcase name="session_start_variation7" classname="ext/session.session_start_variation7">
    </testcase>
    <testcase name="session_start_variation8" classname="ext/session.session_start_variation8">
    </testcase>
    <testcase name="session_start_variation9" classname="ext/session.session_start_variation9">
    </testcase>
    <testcase name="session_status" classname="ext/session.session_status">
    </testcase>
    <testcase name="session_status_disabled" classname="ext/session.session_status_disabled">
    </testcase>
    <testcase name="session_unset_basic" classname="ext/session.session_unset_basic">
    </testcase>
    <testcase name="session_unset_error" classname="ext/session.session_unset_error">
    </testcase>
    <testcase name="session_unset_variation1" classname="ext/session.session_unset_variation1">
    </testcase>
    <testcase name="session_write_close_basic" classname="ext/session.session_write_close_basic">
    </testcase>
    <testcase name="session_write_close_error" classname="ext/session.session_write_close_error">
    </testcase>
    <testcase name="session_write_close_variation1" classname="ext/session.session_write_close_variation1">
    </testcase>
    <testcase name="session_write_close_variation2" classname="ext/session.session_write_close_variation2">
    </testcase>
    <testcase name="session_write_close_variation3" classname="ext/session.session_write_close_variation3">
    </testcase>
    <testcase name="session_write_close_variation4" classname="ext/session.session_write_close_variation4">
    </testcase>
    <testcase name="sessionhandler_open_001" classname="ext/session.sessionhandler_open_001">
    </testcase>
  </testsuite>
  <testsuite name="ext/shmop" tests="2" disabled="0" errors="0" failures="0" skipped="0">
    <testcase name="001" classname="ext/shmop.001">
    </testcase>
    <testcase name="002" classname="ext/shmop.002">
    </testcase>
  </testsuite>
  <testsuite name="ext/simplexml" tests="118" disabled="0" errors="0" failures="0" skipped="1">
    <testcase name="000" classname="ext/simplexml.000">
    </testcase>
    <testcase name="001-mb" classname="ext/simplexml.001-mb">
    </testcase>
    <testcase name="001" classname="ext/simplexml.001">
    </testcase>
    <testcase name="002" classname="ext/simplexml.002">
    </testcase>
    <testcase name="003" classname="ext/simplexml.003">
    </testcase>
    <testcase name="004" classname="ext/simplexml.004">
    </testcase>
    <testcase name="005" classname="ext/simplexml.005">
    </testcase>
    <testcase name="006" classname="ext/simplexml.006">
    </testcase>
    <testcase name="007" classname="ext/simplexml.007">
    </testcase>
    <testcase name="008" classname="ext/simplexml.008">
    </testcase>
    <testcase name="009" classname="ext/simplexml.009">
    </testcase>
    <testcase name="009b" classname="ext/simplexml.009b">
    </testcase>
    <testcase name="010" classname="ext/simplexml.010">
    </testcase>
    <testcase name="011" classname="ext/simplexml.011">
    </testcase>
    <testcase name="012" classname="ext/simplexml.012">
    </testcase>
    <testcase name="013" classname="ext/simplexml.013">
    </testcase>
    <testcase name="014" classname="ext/simplexml.014">
    </testcase>
    <testcase name="014a" classname="ext/simplexml.014a">
    </testcase>
    <testcase name="014b" classname="ext/simplexml.014b">
    </testcase>
    <testcase name="015" classname="ext/simplexml.015">
    </testcase>
    <testcase name="016" classname="ext/simplexml.016">
    </testcase>
    <testcase name="016a" classname="ext/simplexml.016a">
    </testcase>
    <testcase name="017" classname="ext/simplexml.017">
    </testcase>
    <testcase name="018" classname="ext/simplexml.018">
    </testcase>
    <testcase name="019" classname="ext/simplexml.019">
    </testcase>
    <testcase name="020" classname="ext/simplexml.020">
    </testcase>
    <testcase name="021" classname="ext/simplexml.021">
    </testcase>
    <testcase name="022" classname="ext/simplexml.022">
    </testcase>
    <testcase name="023" classname="ext/simplexml.023">
    </testcase>
    <testcase name="024" classname="ext/simplexml.024">
    </testcase>
    <testcase name="025" classname="ext/simplexml.025">
    </testcase>
    <testcase name="026" classname="ext/simplexml.026">
    </testcase>
    <testcase name="027" classname="ext/simplexml.027">
    </testcase>
    <testcase name="028" classname="ext/simplexml.028">
    </testcase>
    <testcase name="029" classname="ext/simplexml.029">
    </testcase>
    <testcase name="030" classname="ext/simplexml.030">
    </testcase>
    <testcase name="031" classname="ext/simplexml.031">
    </testcase>
    <testcase name="032" classname="ext/simplexml.032">
    </testcase>
    <testcase name="033" classname="ext/simplexml.033">
    </testcase>
    <testcase name="034" classname="ext/simplexml.034">
    </testcase>
    <testcase name="035" classname="ext/simplexml.035">
    </testcase>
    <testcase name="036" classname="ext/simplexml.036">
    </testcase>
    <testcase name="SimpleXMLElement_addAttribute_basic" classname="ext/simplexml.SimpleXMLElement_addAttribute_basic">
    </testcase>
    <testcase name="SimpleXMLElement_addAttribute_required_attribute_name" classname="ext/simplexml.SimpleXMLElement_addAttribute_required_attribute_name">
    </testcase>
    <testcase name="SimpleXMLElement_getDocNamespaces" classname="ext/simplexml.SimpleXMLElement_getDocNamespaces">
    </testcase>
    <testcase name="SimpleXMLElement_xpath" classname="ext/simplexml.SimpleXMLElement_xpath">
    </testcase>
    <testcase name="SimpleXMLElement_xpath_3" classname="ext/simplexml.SimpleXMLElement_xpath_3">
      <skipped message="" />
    </testcase>
    <testcase name="SimpleXMLElement_xpath_4" classname="ext/simplexml.SimpleXMLElement_xpath_4">
    </testcase>
    <testcase name="bug24392" classname="ext/simplexml.bug24392">
    </testcase>
    <testcase name="bug26976" classname="ext/simplexml.bug26976">
    </testcase>
    <testcase name="bug27010" classname="ext/simplexml.bug27010">
    </testcase>
    <testcase name="bug35785" classname="ext/simplexml.bug35785">
    </testcase>
    <testcase name="bug36611" classname="ext/simplexml.bug36611">
    </testcase>
    <testcase name="bug37076" classname="ext/simplexml.bug37076">
    </testcase>
    <testcase name="bug37076_1" classname="ext/simplexml.bug37076_1">
    </testcase>
    <testcase name="bug37386" classname="ext/simplexml.bug37386">
    </testcase>
    <testcase name="bug37565" classname="ext/simplexml.bug37565">
    </testcase>
    <testcase name="bug38347" classname="ext/simplexml.bug38347">
    </testcase>
    <testcase name="bug38354" classname="ext/simplexml.bug38354">
    </testcase>
    <testcase name="bug38406" classname="ext/simplexml.bug38406">
    </testcase>
    <testcase name="bug38424" classname="ext/simplexml.bug38424">
    </testcase>
    <testcase name="bug39662" classname="ext/simplexml.bug39662">
    </testcase>
    <testcase name="bug39760" classname="ext/simplexml.bug39760">
    </testcase>
    <testcase name="bug40451" classname="ext/simplexml.bug40451">
    </testcase>
    <testcase name="bug41175" classname="ext/simplexml.bug41175">
    </testcase>
    <testcase name="bug41582" classname="ext/simplexml.bug41582">
    </testcase>
    <testcase name="bug41861" classname="ext/simplexml.bug41861">
    </testcase>
    <testcase name="bug41867" classname="ext/simplexml.bug41867">
    </testcase>
    <testcase name="bug41947" classname="ext/simplexml.bug41947">
    </testcase>
    <testcase name="bug42259" classname="ext/simplexml.bug42259">
    </testcase>
    <testcase name="bug42369" classname="ext/simplexml.bug42369">
    </testcase>
    <testcase name="bug43221" classname="ext/simplexml.bug43221">
    </testcase>
    <testcase name="bug44478" classname="ext/simplexml.bug44478">
    </testcase>
    <testcase name="bug45553" classname="ext/simplexml.bug45553">
    </testcase>
    <testcase name="bug46003" classname="ext/simplexml.bug46003">
    </testcase>
    <testcase name="bug46047" classname="ext/simplexml.bug46047">
    </testcase>
    <testcase name="bug46048" classname="ext/simplexml.bug46048">
    </testcase>
    <testcase name="bug48601" classname="ext/simplexml.bug48601">
    </testcase>
    <testcase name="bug51615" classname="ext/simplexml.bug51615">
    </testcase>
    <testcase name="bug53033" classname="ext/simplexml.bug53033">
    </testcase>
    <testcase name="bug54973" classname="ext/simplexml.bug54973">
    </testcase>
    <testcase name="bug61335" classname="ext/simplexml.bug61335">
    </testcase>
    <testcase name="bug62328" classname="ext/simplexml.bug62328">
    </testcase>
    <testcase name="bug62639" classname="ext/simplexml.bug62639">
    </testcase>
    <testcase name="bug66084_0" classname="ext/simplexml.bug66084_0">
    </testcase>
    <testcase name="bug66084_1" classname="ext/simplexml.bug66084_1">
    </testcase>
    <testcase name="bug67116" classname="ext/simplexml.bug67116">
    </testcase>
    <testcase name="bug67572" classname="ext/simplexml.bug67572">
    </testcase>
    <testcase name="bug69169" classname="ext/simplexml.bug69169">
    </testcase>
    <testcase name="bug69491" classname="ext/simplexml.bug69491">
    </testcase>
    <testcase name="bug72588" classname="ext/simplexml.bug72588">
    </testcase>
    <testcase name="bug72957" classname="ext/simplexml.bug72957">
    </testcase>
    <testcase name="bug72971" classname="ext/simplexml.bug72971">
    </testcase>
    <testcase name="bug72971_2" classname="ext/simplexml.bug72971_2">
    </testcase>
    <testcase name="bug74950" classname="ext/simplexml.bug74950">
    </testcase>
    <testcase name="bug76712" classname="ext/simplexml.bug76712">
    </testcase>
    <testcase name="feature55218" classname="ext/simplexml.feature55218">
    </testcase>
    <testcase name="foreach_by_reference" classname="ext/simplexml.foreach_by_reference">
    </testcase>
    <testcase name="profile01" classname="ext/simplexml.profile01">
    </testcase>
    <testcase name="profile02" classname="ext/simplexml.profile02">
    </testcase>
    <testcase name="profile03" classname="ext/simplexml.profile03">
    </testcase>
    <testcase name="profile04" classname="ext/simplexml.profile04">
    </testcase>
    <testcase name="profile05" classname="ext/simplexml.profile05">
    </testcase>
    <testcase name="profile06" classname="ext/simplexml.profile06">
    </testcase>
    <testcase name="profile07" classname="ext/simplexml.profile07">
    </testcase>
    <testcase name="profile08" classname="ext/simplexml.profile08">
    </testcase>
    <testcase name="profile09" classname="ext/simplexml.profile09">
    </testcase>
    <testcase name="profile10" classname="ext/simplexml.profile10">
    </testcase>
    <testcase name="profile11" classname="ext/simplexml.profile11">
    </testcase>
    <testcase name="profile12" classname="ext/simplexml.profile12">
    </testcase>
    <testcase name="profile13" classname="ext/simplexml.profile13">
    </testcase>
    <testcase name="simplexml_import_dom" classname="ext/simplexml.simplexml_import_dom">
    </testcase>
    <testcase name="simplexml_load_file" classname="ext/simplexml.simplexml_load_file">
    </testcase>
    <testcase name="sxe_001" classname="ext/simplexml.sxe_001">
    </testcase>
    <testcase name="sxe_002" classname="ext/simplexml.sxe_002">
    </testcase>
    <testcase name="sxe_003" classname="ext/simplexml.sxe_003">
    </testcase>
    <testcase name="sxe_004" classname="ext/simplexml.sxe_004">
    </testcase>
    <testcase name="sxe_005" classname="ext/simplexml.sxe_005">
    </testcase>
  </testsuite>
  <testsuite name="ext/soap" tests="69" disabled="0" errors="0" failures="1" skipped="2">
    <testcase name="any" classname="ext/soap.any">
    </testcase>
    <testcase name="bug46760" classname="ext/soap.bug46760">
    </testcase>
    <testcase name="bug48557" classname="ext/soap.bug48557">
    </testcase>
    <testcase name="bug49898" classname="ext/soap.bug49898">
    </testcase>
    <testcase name="bug68361" classname="ext/soap.bug68361">
    </testcase>
    <testcase name="bug68996" classname="ext/soap.bug68996">
      <skipped message="" />
    </testcase>
    <testcase name="bug69137" classname="ext/soap.bug69137">
      <skipped message="" />
    </testcase>
    <testcase name="bug70211" classname="ext/soap.bug70211">
    </testcase>
    <testcase name="bug70388" classname="ext/soap.bug70388">
    </testcase>
    <testcase name="bug70875" classname="ext/soap.bug70875">
    </testcase>
    <testcase name="bug71610" classname="ext/soap.bug71610">
    </testcase>
    <testcase name="bug71711" classname="ext/soap.bug71711">
    </testcase>
    <testcase name="bug71996" classname="ext/soap.bug71996">
    </testcase>
    <testcase name="bug73037" classname="ext/soap.bug73037">
      <failure message="" />
    </testcase>
    <testcase name="bug73452" classname="ext/soap.bug73452">
    </testcase>
    <testcase name="bug77088" classname="ext/soap.bug77088">
    </testcase>
    <testcase name="bug77410" classname="ext/soap.bug77410">
    </testcase>
    <testcase name="classmap001" classname="ext/soap.classmap001">
    </testcase>
    <testcase name="classmap002" classname="ext/soap.classmap002">
    </testcase>
    <testcase name="classmap003" classname="ext/soap.classmap003">
    </testcase>
    <testcase name="classmap004" classname="ext/soap.classmap004">
    </testcase>
    <testcase name="fault001" classname="ext/soap.fault001">
    </testcase>
    <testcase name="fault_warning" classname="ext/soap.fault_warning">
    </testcase>
    <testcase name="server001" classname="ext/soap.server001">
    </testcase>
    <testcase name="server002" classname="ext/soap.server002">
    </testcase>
    <testcase name="server003" classname="ext/soap.server003">
    </testcase>
    <testcase name="server004" classname="ext/soap.server004">
    </testcase>
    <testcase name="server005" classname="ext/soap.server005">
    </testcase>
    <testcase name="server006" classname="ext/soap.server006">
    </testcase>
    <testcase name="server007" classname="ext/soap.server007">
    </testcase>
    <testcase name="server008" classname="ext/soap.server008">
    </testcase>
    <testcase name="server009" classname="ext/soap.server009">
    </testcase>
    <testcase name="server010" classname="ext/soap.server010">
    </testcase>
    <testcase name="server011" classname="ext/soap.server011">
    </testcase>
    <testcase name="server012" classname="ext/soap.server012">
    </testcase>
    <testcase name="server013" classname="ext/soap.server013">
    </testcase>
    <testcase name="server014" classname="ext/soap.server014">
    </testcase>
    <testcase name="server015" classname="ext/soap.server015">
    </testcase>
    <testcase name="server016" classname="ext/soap.server016">
    </testcase>
    <testcase name="server017" classname="ext/soap.server017">
    </testcase>
    <testcase name="server018" classname="ext/soap.server018">
    </testcase>
    <testcase name="server019" classname="ext/soap.server019">
    </testcase>
    <testcase name="server020" classname="ext/soap.server020">
    </testcase>
    <testcase name="server021" classname="ext/soap.server021">
    </testcase>
    <testcase name="server022" classname="ext/soap.server022">
    </testcase>
    <testcase name="server023" classname="ext/soap.server023">
    </testcase>
    <testcase name="server024" classname="ext/soap.server024">
    </testcase>
    <testcase name="server025" classname="ext/soap.server025">
    </testcase>
    <testcase name="server026" classname="ext/soap.server026">
    </testcase>
    <testcase name="server027" classname="ext/soap.server027">
    </testcase>
    <testcase name="server028" classname="ext/soap.server028">
    </testcase>
    <testcase name="server029" classname="ext/soap.server029">
    </testcase>
    <testcase name="server030" classname="ext/soap.server030">
    </testcase>
    <testcase name="server031" classname="ext/soap.server031">
    </testcase>
    <testcase name="setheaders" classname="ext/soap.setheaders">
    </testcase>
    <testcase name="transport001" classname="ext/soap.transport001">
    </testcase>
    <testcase name="typemap001" classname="ext/soap.typemap001">
    </testcase>
    <testcase name="typemap002" classname="ext/soap.typemap002">
    </testcase>
    <testcase name="typemap003" classname="ext/soap.typemap003">
    </testcase>
    <testcase name="typemap004" classname="ext/soap.typemap004">
    </testcase>
    <testcase name="typemap005" classname="ext/soap.typemap005">
    </testcase>
    <testcase name="typemap006" classname="ext/soap.typemap006">
    </testcase>
    <testcase name="typemap007" classname="ext/soap.typemap007">
    </testcase>
    <testcase name="typemap008" classname="ext/soap.typemap008">
    </testcase>
    <testcase name="typemap009" classname="ext/soap.typemap009">
    </testcase>
    <testcase name="typemap010" classname="ext/soap.typemap010">
    </testcase>
    <testcase name="typemap011" classname="ext/soap.typemap011">
    </testcase>
    <testcase name="typemap012" classname="ext/soap.typemap012">
    </testcase>
    <testcase name="typemap013" classname="ext/soap.typemap013">
    </testcase>
  </testsuite>
  <testsuite name="ext/soap/bugs" tests="91" disabled="0" errors="0" failures="1" skipped="1">
    <testcase name="bug27722" classname="ext/soap/bugs.bug27722">
    </testcase>
    <testcase name="bug27742" classname="ext/soap/bugs.bug27742">
    </testcase>
    <testcase name="bug28751" classname="ext/soap/bugs.bug28751">
    </testcase>
    <testcase name="bug28969" classname="ext/soap/bugs.bug28969">
    </testcase>
    <testcase name="bug28985" classname="ext/soap/bugs.bug28985">
    </testcase>
    <testcase name="bug29061" classname="ext/soap/bugs.bug29061">
    </testcase>
    <testcase name="bug29109" classname="ext/soap/bugs.bug29109">
      <failure message="" />
    </testcase>
    <testcase name="bug29236" classname="ext/soap/bugs.bug29236">
    </testcase>
    <testcase name="bug29795" classname="ext/soap/bugs.bug29795">
    </testcase>
    <testcase name="bug29830" classname="ext/soap/bugs.bug29830">
    </testcase>
    <testcase name="bug29839" classname="ext/soap/bugs.bug29839">
    </testcase>
    <testcase name="bug29844" classname="ext/soap/bugs.bug29844">
    </testcase>
    <testcase name="bug30045" classname="ext/soap/bugs.bug30045">
    </testcase>
    <testcase name="bug30106" classname="ext/soap/bugs.bug30106">
    </testcase>
    <testcase name="bug30175" classname="ext/soap/bugs.bug30175">
    </testcase>
    <testcase name="bug30799" classname="ext/soap/bugs.bug30799">
    </testcase>
    <testcase name="bug30928" classname="ext/soap/bugs.bug30928">
    </testcase>
    <testcase name="bug30994" classname="ext/soap/bugs.bug30994">
    </testcase>
    <testcase name="bug31422" classname="ext/soap/bugs.bug31422">
    </testcase>
    <testcase name="bug31695" classname="ext/soap/bugs.bug31695">
    </testcase>
    <testcase name="bug31755" classname="ext/soap/bugs.bug31755">
    </testcase>
    <testcase name="bug32776" classname="ext/soap/bugs.bug32776">
    </testcase>
    <testcase name="bug32941" classname="ext/soap/bugs.bug32941">
    </testcase>
    <testcase name="bug34449" classname="ext/soap/bugs.bug34449">
    </testcase>
    <testcase name="bug34453" classname="ext/soap/bugs.bug34453">
    </testcase>
    <testcase name="bug34643" classname="ext/soap/bugs.bug34643">
    </testcase>
    <testcase name="bug34657" classname="ext/soap/bugs.bug34657">
    </testcase>
    <testcase name="bug35142" classname="ext/soap/bugs.bug35142">
    </testcase>
    <testcase name="bug35273" classname="ext/soap/bugs.bug35273">
    </testcase>
    <testcase name="bug36226-2" classname="ext/soap/bugs.bug36226-2">
    </testcase>
    <testcase name="bug36226" classname="ext/soap/bugs.bug36226">
    </testcase>
    <testcase name="bug36575" classname="ext/soap/bugs.bug36575">
    </testcase>
    <testcase name="bug36614" classname="ext/soap/bugs.bug36614">
    </testcase>
    <testcase name="bug36629" classname="ext/soap/bugs.bug36629">
    </testcase>
    <testcase name="bug36908" classname="ext/soap/bugs.bug36908">
    </testcase>
    <testcase name="bug36999" classname="ext/soap/bugs.bug36999">
    </testcase>
    <testcase name="bug37013" classname="ext/soap/bugs.bug37013">
    </testcase>
    <testcase name="bug37083" classname="ext/soap/bugs.bug37083">
    </testcase>
    <testcase name="bug37278" classname="ext/soap/bugs.bug37278">
    </testcase>
    <testcase name="bug38004" classname="ext/soap/bugs.bug38004">
    </testcase>
    <testcase name="bug38005" classname="ext/soap/bugs.bug38005">
    </testcase>
    <testcase name="bug38055" classname="ext/soap/bugs.bug38055">
    </testcase>
    <testcase name="bug38067" classname="ext/soap/bugs.bug38067">
    </testcase>
    <testcase name="bug38536" classname="ext/soap/bugs.bug38536">
    </testcase>
    <testcase name="bug39121" classname="ext/soap/bugs.bug39121">
    </testcase>
    <testcase name="bug39815" classname="ext/soap/bugs.bug39815">
      <skipped message="" />
    </testcase>
    <testcase name="bug39832" classname="ext/soap/bugs.bug39832">
    </testcase>
    <testcase name="bug40609" classname="ext/soap/bugs.bug40609">
    </testcase>
    <testcase name="bug41004" classname="ext/soap/bugs.bug41004">
    </testcase>
    <testcase name="bug41097" classname="ext/soap/bugs.bug41097">
    </testcase>
    <testcase name="bug41337" classname="ext/soap/bugs.bug41337">
    </testcase>
    <testcase name="bug41337_2" classname="ext/soap/bugs.bug41337_2">
    </testcase>
    <testcase name="bug41477" classname="ext/soap/bugs.bug41477">
    </testcase>
    <testcase name="bug41566" classname="ext/soap/bugs.bug41566">
    </testcase>
    <testcase name="bug42086" classname="ext/soap/bugs.bug42086">
    </testcase>
    <testcase name="bug42151" classname="ext/soap/bugs.bug42151">
    </testcase>
    <testcase name="bug42183" classname="ext/soap/bugs.bug42183">
    </testcase>
    <testcase name="bug42214" classname="ext/soap/bugs.bug42214">
    </testcase>
    <testcase name="bug42326" classname="ext/soap/bugs.bug42326">
    </testcase>
    <testcase name="bug42359" classname="ext/soap/bugs.bug42359">
    </testcase>
    <testcase name="bug42488" classname="ext/soap/bugs.bug42488">
    </testcase>
    <testcase name="bug42692" classname="ext/soap/bugs.bug42692">
    </testcase>
    <testcase name="bug43045" classname="ext/soap/bugs.bug43045">
    </testcase>
    <testcase name="bug44686" classname="ext/soap/bugs.bug44686">
    </testcase>
    <testcase name="bug44811" classname="ext/soap/bugs.bug44811">
    </testcase>
    <testcase name="bug44882" classname="ext/soap/bugs.bug44882">
    </testcase>
    <testcase name="bug46419" classname="ext/soap/bugs.bug46419">
    </testcase>
    <testcase name="bug46427" classname="ext/soap/bugs.bug46427">
    </testcase>
    <testcase name="bug47049" classname="ext/soap/bugs.bug47049">
    </testcase>
    <testcase name="bug47273" classname="ext/soap/bugs.bug47273">
    </testcase>
    <testcase name="bug50675" classname="ext/soap/bugs.bug50675">
    </testcase>
    <testcase name="bug50698_1" classname="ext/soap/bugs.bug50698_1">
    </testcase>
    <testcase name="bug50698_2" classname="ext/soap/bugs.bug50698_2">
    </testcase>
    <testcase name="bug50698_3" classname="ext/soap/bugs.bug50698_3">
    </testcase>
    <testcase name="bug50698_4" classname="ext/soap/bugs.bug50698_4">
    </testcase>
    <testcase name="bug50762" classname="ext/soap/bugs.bug50762">
    </testcase>
    <testcase name="bug50997" classname="ext/soap/bugs.bug50997">
    </testcase>
    <testcase name="bug54911" classname="ext/soap/bugs.bug54911">
    </testcase>
    <testcase name="bug55323" classname="ext/soap/bugs.bug55323">
    </testcase>
    <testcase name="bug65018" classname="ext/soap/bugs.bug65018">
    </testcase>
    <testcase name="bug66112" classname="ext/soap/bugs.bug66112">
    </testcase>
    <testcase name="bug69085" classname="ext/soap/bugs.bug69085">
    </testcase>
    <testcase name="bug69462" classname="ext/soap/bugs.bug69462">
    </testcase>
    <testcase name="bug70469" classname="ext/soap/bugs.bug70469">
    </testcase>
    <testcase name="bug73237" classname="ext/soap/bugs.bug73237">
    </testcase>
    <testcase name="bug73538" classname="ext/soap/bugs.bug73538">
    </testcase>
    <testcase name="bug75502" classname="ext/soap/bugs.bug75502">
    </testcase>
    <testcase name="bug76348" classname="ext/soap/bugs.bug76348">
    </testcase>
    <testcase name="bug77141" classname="ext/soap/bugs.bug77141">
    </testcase>
    <testcase name="bug77945" classname="ext/soap/bugs.bug77945">
    </testcase>
    <testcase name="multiport" classname="ext/soap/bugs.multiport">
    </testcase>
  </testsuite>
  <testsuite name="ext/soap/interop/Round2/Base" tests="72" disabled="0" errors="0" failures="0" skipped="0">
    <testcase name="r2_base_001p" classname="ext/soap/interop/Round2/Base.r2_base_001p">
    </testcase>
    <testcase name="r2_base_001s" classname="ext/soap/interop/Round2/Base.r2_base_001s">
    </testcase>
    <testcase name="r2_base_001w" classname="ext/soap/interop/Round2/Base.r2_base_001w">
    </testcase>
    <testcase name="r2_base_002p" classname="ext/soap/interop/Round2/Base.r2_base_002p">
    </testcase>
    <testcase name="r2_base_002s" classname="ext/soap/interop/Round2/Base.r2_base_002s">
    </testcase>
    <testcase name="r2_base_002w" classname="ext/soap/interop/Round2/Base.r2_base_002w">
    </testcase>
    <testcase name="r2_base_003p" classname="ext/soap/interop/Round2/Base.r2_base_003p">
    </testcase>
    <testcase name="r2_base_003s" classname="ext/soap/interop/Round2/Base.r2_base_003s">
    </testcase>
    <testcase name="r2_base_003w" classname="ext/soap/interop/Round2/Base.r2_base_003w">
    </testcase>
    <testcase name="r2_base_004p" classname="ext/soap/interop/Round2/Base.r2_base_004p">
    </testcase>
    <testcase name="r2_base_004s" classname="ext/soap/interop/Round2/Base.r2_base_004s">
    </testcase>
    <testcase name="r2_base_004w" classname="ext/soap/interop/Round2/Base.r2_base_004w">
    </testcase>
    <testcase name="r2_base_005p" classname="ext/soap/interop/Round2/Base.r2_base_005p">
    </testcase>
    <testcase name="r2_base_005s" classname="ext/soap/interop/Round2/Base.r2_base_005s">
    </testcase>
    <testcase name="r2_base_005w" classname="ext/soap/interop/Round2/Base.r2_base_005w">
    </testcase>
    <testcase name="r2_base_006p" classname="ext/soap/interop/Round2/Base.r2_base_006p">
    </testcase>
    <testcase name="r2_base_006s" classname="ext/soap/interop/Round2/Base.r2_base_006s">
    </testcase>
    <testcase name="r2_base_006w" classname="ext/soap/interop/Round2/Base.r2_base_006w">
    </testcase>
    <testcase name="r2_base_007p" classname="ext/soap/interop/Round2/Base.r2_base_007p">
    </testcase>
    <testcase name="r2_base_007s" classname="ext/soap/interop/Round2/Base.r2_base_007s">
    </testcase>
    <testcase name="r2_base_007w" classname="ext/soap/interop/Round2/Base.r2_base_007w">
    </testcase>
    <testcase name="r2_base_008p" classname="ext/soap/interop/Round2/Base.r2_base_008p">
    </testcase>
    <testcase name="r2_base_008s" classname="ext/soap/interop/Round2/Base.r2_base_008s">
    </testcase>
    <testcase name="r2_base_008w" classname="ext/soap/interop/Round2/Base.r2_base_008w">
    </testcase>
    <testcase name="r2_base_009p" classname="ext/soap/interop/Round2/Base.r2_base_009p">
    </testcase>
    <testcase name="r2_base_009s" classname="ext/soap/interop/Round2/Base.r2_base_009s">
    </testcase>
    <testcase name="r2_base_009w" classname="ext/soap/interop/Round2/Base.r2_base_009w">
    </testcase>
    <testcase name="r2_base_010p" classname="ext/soap/interop/Round2/Base.r2_base_010p">
    </testcase>
    <testcase name="r2_base_010s" classname="ext/soap/interop/Round2/Base.r2_base_010s">
    </testcase>
    <testcase name="r2_base_010w" classname="ext/soap/interop/Round2/Base.r2_base_010w">
    </testcase>
    <testcase name="r2_base_011p" classname="ext/soap/interop/Round2/Base.r2_base_011p">
    </testcase>
    <testcase name="r2_base_011s" classname="ext/soap/interop/Round2/Base.r2_base_011s">
    </testcase>
    <testcase name="r2_base_011w" classname="ext/soap/interop/Round2/Base.r2_base_011w">
    </testcase>
    <testcase name="r2_base_012p" classname="ext/soap/interop/Round2/Base.r2_base_012p">
    </testcase>
    <testcase name="r2_base_012s" classname="ext/soap/interop/Round2/Base.r2_base_012s">
    </testcase>
    <testcase name="r2_base_012w" classname="ext/soap/interop/Round2/Base.r2_base_012w">
    </testcase>
    <testcase name="r2_base_013p" classname="ext/soap/interop/Round2/Base.r2_base_013p">
    </testcase>
    <testcase name="r2_base_013s" classname="ext/soap/interop/Round2/Base.r2_base_013s">
    </testcase>
    <testcase name="r2_base_013w" classname="ext/soap/interop/Round2/Base.r2_base_013w">
    </testcase>
    <testcase name="r2_base_014p" classname="ext/soap/interop/Round2/Base.r2_base_014p">
    </testcase>
    <testcase name="r2_base_014s" classname="ext/soap/interop/Round2/Base.r2_base_014s">
    </testcase>
    <testcase name="r2_base_014w" classname="ext/soap/interop/Round2/Base.r2_base_014w">
    </testcase>
    <testcase name="r2_base_015p" classname="ext/soap/interop/Round2/Base.r2_base_015p">
    </testcase>
    <testcase name="r2_base_015s" classname="ext/soap/interop/Round2/Base.r2_base_015s">
    </testcase>
    <testcase name="r2_base_015w" classname="ext/soap/interop/Round2/Base.r2_base_015w">
    </testcase>
    <testcase name="r2_base_016p" classname="ext/soap/interop/Round2/Base.r2_base_016p">
    </testcase>
    <testcase name="r2_base_016s" classname="ext/soap/interop/Round2/Base.r2_base_016s">
    </testcase>
    <testcase name="r2_base_016w" classname="ext/soap/interop/Round2/Base.r2_base_016w">
    </testcase>
    <testcase name="r2_base_017p" classname="ext/soap/interop/Round2/Base.r2_base_017p">
    </testcase>
    <testcase name="r2_base_017s" classname="ext/soap/interop/Round2/Base.r2_base_017s">
    </testcase>
    <testcase name="r2_base_017w" classname="ext/soap/interop/Round2/Base.r2_base_017w">
    </testcase>
    <testcase name="r2_base_018p" classname="ext/soap/interop/Round2/Base.r2_base_018p">
    </testcase>
    <testcase name="r2_base_018s" classname="ext/soap/interop/Round2/Base.r2_base_018s">
    </testcase>
    <testcase name="r2_base_018w" classname="ext/soap/interop/Round2/Base.r2_base_018w">
    </testcase>
    <testcase name="r2_base_019p" classname="ext/soap/interop/Round2/Base.r2_base_019p">
    </testcase>
    <testcase name="r2_base_019s" classname="ext/soap/interop/Round2/Base.r2_base_019s">
    </testcase>
    <testcase name="r2_base_019w" classname="ext/soap/interop/Round2/Base.r2_base_019w">
    </testcase>
    <testcase name="r2_base_020p" classname="ext/soap/interop/Round2/Base.r2_base_020p">
    </testcase>
    <testcase name="r2_base_020s" classname="ext/soap/interop/Round2/Base.r2_base_020s">
    </testcase>
    <testcase name="r2_base_020w" classname="ext/soap/interop/Round2/Base.r2_base_020w">
    </testcase>
    <testcase name="r2_base_021p" classname="ext/soap/interop/Round2/Base.r2_base_021p">
    </testcase>
    <testcase name="r2_base_021s" classname="ext/soap/interop/Round2/Base.r2_base_021s">
    </testcase>
    <testcase name="r2_base_021w" classname="ext/soap/interop/Round2/Base.r2_base_021w">
    </testcase>
    <testcase name="r2_base_022p" classname="ext/soap/interop/Round2/Base.r2_base_022p">
    </testcase>
    <testcase name="r2_base_022s" classname="ext/soap/interop/Round2/Base.r2_base_022s">
    </testcase>
    <testcase name="r2_base_022w" classname="ext/soap/interop/Round2/Base.r2_base_022w">
    </testcase>
    <testcase name="r2_base_023p" classname="ext/soap/interop/Round2/Base.r2_base_023p">
    </testcase>
    <testcase name="r2_base_023s" classname="ext/soap/interop/Round2/Base.r2_base_023s">
    </testcase>
    <testcase name="r2_base_023w" classname="ext/soap/interop/Round2/Base.r2_base_023w">
    </testcase>
    <testcase name="r2_base_024p" classname="ext/soap/interop/Round2/Base.r2_base_024p">
    </testcase>
    <testcase name="r2_base_024s" classname="ext/soap/interop/Round2/Base.r2_base_024s">
    </testcase>
    <testcase name="r2_base_024w" classname="ext/soap/interop/Round2/Base.r2_base_024w">
    </testcase>
  </testsuite>
  <testsuite name="ext/soap/interop/Round2/GroupB" tests="15" disabled="0" errors="0" failures="0" skipped="0">
    <testcase name="r2_groupB_001p" classname="ext/soap/interop/Round2/GroupB.r2_groupB_001p">
    </testcase>
    <testcase name="r2_groupB_001s" classname="ext/soap/interop/Round2/GroupB.r2_groupB_001s">
    </testcase>
    <testcase name="r2_groupB_001w" classname="ext/soap/interop/Round2/GroupB.r2_groupB_001w">
    </testcase>
    <testcase name="r2_groupB_002p" classname="ext/soap/interop/Round2/GroupB.r2_groupB_002p">
    </testcase>
    <testcase name="r2_groupB_002s" classname="ext/soap/interop/Round2/GroupB.r2_groupB_002s">
    </testcase>
    <testcase name="r2_groupB_002w" classname="ext/soap/interop/Round2/GroupB.r2_groupB_002w">
    </testcase>
    <testcase name="r2_groupB_003p" classname="ext/soap/interop/Round2/GroupB.r2_groupB_003p">
    </testcase>
    <testcase name="r2_groupB_003s" classname="ext/soap/interop/Round2/GroupB.r2_groupB_003s">
    </testcase>
    <testcase name="r2_groupB_003w" classname="ext/soap/interop/Round2/GroupB.r2_groupB_003w">
    </testcase>
    <testcase name="r2_groupB_004p" classname="ext/soap/interop/Round2/GroupB.r2_groupB_004p">
    </testcase>
    <testcase name="r2_groupB_004s" classname="ext/soap/interop/Round2/GroupB.r2_groupB_004s">
    </testcase>
    <testcase name="r2_groupB_004w" classname="ext/soap/interop/Round2/GroupB.r2_groupB_004w">
    </testcase>
    <testcase name="r2_groupB_005p" classname="ext/soap/interop/Round2/GroupB.r2_groupB_005p">
    </testcase>
    <testcase name="r2_groupB_005s" classname="ext/soap/interop/Round2/GroupB.r2_groupB_005s">
    </testcase>
    <testcase name="r2_groupB_005w" classname="ext/soap/interop/Round2/GroupB.r2_groupB_005w">
    </testcase>
  </testsuite>
  <testsuite name="ext/soap/interop/Round3/GroupD" tests="21" disabled="0" errors="0" failures="0" skipped="0">
    <testcase name="r3_groupD_compound1_001w" classname="ext/soap/interop/Round3/GroupD.r3_groupD_compound1_001w">
    </testcase>
    <testcase name="r3_groupD_compound1_002w" classname="ext/soap/interop/Round3/GroupD.r3_groupD_compound1_002w">
    </testcase>
    <testcase name="r3_groupD_compound1_003w" classname="ext/soap/interop/Round3/GroupD.r3_groupD_compound1_003w">
    </testcase>
    <testcase name="r3_groupD_compound2_001w" classname="ext/soap/interop/Round3/GroupD.r3_groupD_compound2_001w">
    </testcase>
    <testcase name="r3_groupD_doclit_001w" classname="ext/soap/interop/Round3/GroupD.r3_groupD_doclit_001w">
    </testcase>
    <testcase name="r3_groupD_doclit_002w" classname="ext/soap/interop/Round3/GroupD.r3_groupD_doclit_002w">
    </testcase>
    <testcase name="r3_groupD_doclit_003w" classname="ext/soap/interop/Round3/GroupD.r3_groupD_doclit_003w">
    </testcase>
    <testcase name="r3_groupD_doclit_004w" classname="ext/soap/interop/Round3/GroupD.r3_groupD_doclit_004w">
    </testcase>
    <testcase name="r3_groupD_doclitparams_001w" classname="ext/soap/interop/Round3/GroupD.r3_groupD_doclitparams_001w">
    </testcase>
    <testcase name="r3_groupD_doclitparams_002w" classname="ext/soap/interop/Round3/GroupD.r3_groupD_doclitparams_002w">
    </testcase>
    <testcase name="r3_groupD_doclitparams_003w" classname="ext/soap/interop/Round3/GroupD.r3_groupD_doclitparams_003w">
    </testcase>
    <testcase name="r3_groupD_doclitparams_004w" classname="ext/soap/interop/Round3/GroupD.r3_groupD_doclitparams_004w">
    </testcase>
    <testcase name="r3_groupD_emptysa_001w" classname="ext/soap/interop/Round3/GroupD.r3_groupD_emptysa_001w">
    </testcase>
    <testcase name="r3_groupD_import1_001w" classname="ext/soap/interop/Round3/GroupD.r3_groupD_import1_001w">
    </testcase>
    <testcase name="r3_groupD_import2_001w" classname="ext/soap/interop/Round3/GroupD.r3_groupD_import2_001w">
    </testcase>
    <testcase name="r3_groupD_import3_001w" classname="ext/soap/interop/Round3/GroupD.r3_groupD_import3_001w">
    </testcase>
    <testcase name="r3_groupD_import3_002w" classname="ext/soap/interop/Round3/GroupD.r3_groupD_import3_002w">
    </testcase>
    <testcase name="r3_groupD_rpcenc_001w" classname="ext/soap/interop/Round3/GroupD.r3_groupD_rpcenc_001w">
    </testcase>
    <testcase name="r3_groupD_rpcenc_002w" classname="ext/soap/interop/Round3/GroupD.r3_groupD_rpcenc_002w">
    </testcase>
    <testcase name="r3_groupD_rpcenc_003w" classname="ext/soap/interop/Round3/GroupD.r3_groupD_rpcenc_003w">
    </testcase>
    <testcase name="r3_groupD_rpcenc_004w" classname="ext/soap/interop/Round3/GroupD.r3_groupD_rpcenc_004w">
    </testcase>
  </testsuite>
  <testsuite name="ext/soap/interop/Round3/GroupE" tests="6" disabled="0" errors="0" failures="0" skipped="0">
    <testcase name="r3_groupE_list_001w" classname="ext/soap/interop/Round3/GroupE.r3_groupE_list_001w">
    </testcase>
    <testcase name="r3_groupE_list_002w" classname="ext/soap/interop/Round3/GroupE.r3_groupE_list_002w">
    </testcase>
    <testcase name="r3_groupE_list_003w" classname="ext/soap/interop/Round3/GroupE.r3_groupE_list_003w">
    </testcase>
    <testcase name="r3_groupE_list_004w" classname="ext/soap/interop/Round3/GroupE.r3_groupE_list_004w">
    </testcase>
    <testcase name="r3_groupE_list_005w" classname="ext/soap/interop/Round3/GroupE.r3_groupE_list_005w">
    </testcase>
    <testcase name="r3_groupE_list_006w" classname="ext/soap/interop/Round3/GroupE.r3_groupE_list_006w">
    </testcase>
  </testsuite>
  <testsuite name="ext/soap/interop/Round3/GroupF" tests="6" disabled="0" errors="0" failures="0" skipped="0">
    <testcase name="r3_groupF_ext_001w" classname="ext/soap/interop/Round3/GroupF.r3_groupF_ext_001w">
    </testcase>
    <testcase name="r3_groupF_extreq_001w" classname="ext/soap/interop/Round3/GroupF.r3_groupF_extreq_001w">
    </testcase>
    <testcase name="r3_groupF_headers_001w" classname="ext/soap/interop/Round3/GroupF.r3_groupF_headers_001w">
    </testcase>
    <testcase name="r3_groupF_headers_002w" classname="ext/soap/interop/Round3/GroupF.r3_groupF_headers_002w">
    </testcase>
    <testcase name="r3_groupF_headers_003w" classname="ext/soap/interop/Round3/GroupF.r3_groupF_headers_003w">
    </testcase>
    <testcase name="r3_groupF_headers_004w" classname="ext/soap/interop/Round3/GroupF.r3_groupF_headers_004w">
    </testcase>
  </testsuite>
  <testsuite name="ext/soap/interop/Round4/GroupH" tests="58" disabled="0" errors="0" failures="0" skipped="0">
    <testcase name="r4_groupH_complex_doclit_001w" classname="ext/soap/interop/Round4/GroupH.r4_groupH_complex_doclit_001w">
    </testcase>
    <testcase name="r4_groupH_complex_doclit_002w" classname="ext/soap/interop/Round4/GroupH.r4_groupH_complex_doclit_002w">
    </testcase>
    <testcase name="r4_groupH_complex_doclit_003w" classname="ext/soap/interop/Round4/GroupH.r4_groupH_complex_doclit_003w">
    </testcase>
    <testcase name="r4_groupH_complex_doclit_004w" classname="ext/soap/interop/Round4/GroupH.r4_groupH_complex_doclit_004w">
    </testcase>
    <testcase name="r4_groupH_complex_doclit_005w" classname="ext/soap/interop/Round4/GroupH.r4_groupH_complex_doclit_005w">
    </testcase>
    <testcase name="r4_groupH_complex_doclit_006w" classname="ext/soap/interop/Round4/GroupH.r4_groupH_complex_doclit_006w">
    </testcase>
    <testcase name="r4_groupH_complex_doclit_007w" classname="ext/soap/interop/Round4/GroupH.r4_groupH_complex_doclit_007w">
    </testcase>
    <testcase name="r4_groupH_complex_doclit_008w" classname="ext/soap/interop/Round4/GroupH.r4_groupH_complex_doclit_008w">
    </testcase>
    <testcase name="r4_groupH_complex_doclit_009w" classname="ext/soap/interop/Round4/GroupH.r4_groupH_complex_doclit_009w">
    </testcase>
    <testcase name="r4_groupH_complex_doclit_010w" classname="ext/soap/interop/Round4/GroupH.r4_groupH_complex_doclit_010w">
    </testcase>
    <testcase name="r4_groupH_complex_rpcenc_001w" classname="ext/soap/interop/Round4/GroupH.r4_groupH_complex_rpcenc_001w">
    </testcase>
    <testcase name="r4_groupH_complex_rpcenc_002w" classname="ext/soap/interop/Round4/GroupH.r4_groupH_complex_rpcenc_002w">
    </testcase>
    <testcase name="r4_groupH_complex_rpcenc_003w" classname="ext/soap/interop/Round4/GroupH.r4_groupH_complex_rpcenc_003w">
    </testcase>
    <testcase name="r4_groupH_complex_rpcenc_004w" classname="ext/soap/interop/Round4/GroupH.r4_groupH_complex_rpcenc_004w">
    </testcase>
    <testcase name="r4_groupH_complex_rpcenc_005w" classname="ext/soap/interop/Round4/GroupH.r4_groupH_complex_rpcenc_005w">
    </testcase>
    <testcase name="r4_groupH_complex_rpcenc_006w" classname="ext/soap/interop/Round4/GroupH.r4_groupH_complex_rpcenc_006w">
    </testcase>
    <testcase name="r4_groupH_complex_rpcenc_007w" classname="ext/soap/interop/Round4/GroupH.r4_groupH_complex_rpcenc_007w">
    </testcase>
    <testcase name="r4_groupH_complex_rpcenc_008w" classname="ext/soap/interop/Round4/GroupH.r4_groupH_complex_rpcenc_008w">
    </testcase>
    <testcase name="r4_groupH_complex_rpcenc_009w" classname="ext/soap/interop/Round4/GroupH.r4_groupH_complex_rpcenc_009w">
    </testcase>
    <testcase name="r4_groupH_complex_rpcenc_010w" classname="ext/soap/interop/Round4/GroupH.r4_groupH_complex_rpcenc_010w">
    </testcase>
    <testcase name="r4_groupH_simple_doclit_001w" classname="ext/soap/interop/Round4/GroupH.r4_groupH_simple_doclit_001w">
    </testcase>
    <testcase name="r4_groupH_simple_doclit_002w" classname="ext/soap/interop/Round4/GroupH.r4_groupH_simple_doclit_002w">
    </testcase>
    <testcase name="r4_groupH_simple_doclit_003w" classname="ext/soap/interop/Round4/GroupH.r4_groupH_simple_doclit_003w">
    </testcase>
    <testcase name="r4_groupH_simple_doclit_004w" classname="ext/soap/interop/Round4/GroupH.r4_groupH_simple_doclit_004w">
    </testcase>
    <testcase name="r4_groupH_simple_doclit_005w" classname="ext/soap/interop/Round4/GroupH.r4_groupH_simple_doclit_005w">
    </testcase>
    <testcase name="r4_groupH_simple_doclit_006w" classname="ext/soap/interop/Round4/GroupH.r4_groupH_simple_doclit_006w">
    </testcase>
    <testcase name="r4_groupH_simple_doclit_007w" classname="ext/soap/interop/Round4/GroupH.r4_groupH_simple_doclit_007w">
    </testcase>
    <testcase name="r4_groupH_simple_doclit_008w" classname="ext/soap/interop/Round4/GroupH.r4_groupH_simple_doclit_008w">
    </testcase>
    <testcase name="r4_groupH_simple_doclit_009w" classname="ext/soap/interop/Round4/GroupH.r4_groupH_simple_doclit_009w">
    </testcase>
    <testcase name="r4_groupH_simple_doclit_010w" classname="ext/soap/interop/Round4/GroupH.r4_groupH_simple_doclit_010w">
    </testcase>
    <testcase name="r4_groupH_simple_doclit_011w" classname="ext/soap/interop/Round4/GroupH.r4_groupH_simple_doclit_011w">
    </testcase>
    <testcase name="r4_groupH_simple_doclit_012w" classname="ext/soap/interop/Round4/GroupH.r4_groupH_simple_doclit_012w">
    </testcase>
    <testcase name="r4_groupH_simple_doclit_013w" classname="ext/soap/interop/Round4/GroupH.r4_groupH_simple_doclit_013w">
    </testcase>
    <testcase name="r4_groupH_simple_doclit_014w" classname="ext/soap/interop/Round4/GroupH.r4_groupH_simple_doclit_014w">
    </testcase>
    <testcase name="r4_groupH_simple_doclit_015w" classname="ext/soap/interop/Round4/GroupH.r4_groupH_simple_doclit_015w">
    </testcase>
    <testcase name="r4_groupH_simple_doclit_016w" classname="ext/soap/interop/Round4/GroupH.r4_groupH_simple_doclit_016w">
    </testcase>
    <testcase name="r4_groupH_simple_doclit_017w" classname="ext/soap/interop/Round4/GroupH.r4_groupH_simple_doclit_017w">
    </testcase>
    <testcase name="r4_groupH_simple_rpcenc_001w" classname="ext/soap/interop/Round4/GroupH.r4_groupH_simple_rpcenc_001w">
    </testcase>
    <testcase name="r4_groupH_simple_rpcenc_002w" classname="ext/soap/interop/Round4/GroupH.r4_groupH_simple_rpcenc_002w">
    </testcase>
    <testcase name="r4_groupH_simple_rpcenc_003w" classname="ext/soap/interop/Round4/GroupH.r4_groupH_simple_rpcenc_003w">
    </testcase>
    <testcase name="r4_groupH_simple_rpcenc_004w" classname="ext/soap/interop/Round4/GroupH.r4_groupH_simple_rpcenc_004w">
    </testcase>
    <testcase name="r4_groupH_simple_rpcenc_005w" classname="ext/soap/interop/Round4/GroupH.r4_groupH_simple_rpcenc_005w">
    </testcase>
    <testcase name="r4_groupH_simple_rpcenc_006w" classname="ext/soap/interop/Round4/GroupH.r4_groupH_simple_rpcenc_006w">
    </testcase>
    <testcase name="r4_groupH_simple_rpcenc_007w" classname="ext/soap/interop/Round4/GroupH.r4_groupH_simple_rpcenc_007w">
    </testcase>
    <testcase name="r4_groupH_simple_rpcenc_008w" classname="ext/soap/interop/Round4/GroupH.r4_groupH_simple_rpcenc_008w">
    </testcase>
    <testcase name="r4_groupH_simple_rpcenc_009w" classname="ext/soap/interop/Round4/GroupH.r4_groupH_simple_rpcenc_009w">
    </testcase>
    <testcase name="r4_groupH_simple_rpcenc_010w" classname="ext/soap/interop/Round4/GroupH.r4_groupH_simple_rpcenc_010w">
    </testcase>
    <testcase name="r4_groupH_simple_rpcenc_011w" classname="ext/soap/interop/Round4/GroupH.r4_groupH_simple_rpcenc_011w">
    </testcase>
    <testcase name="r4_groupH_simple_rpcenc_012w" classname="ext/soap/interop/Round4/GroupH.r4_groupH_simple_rpcenc_012w">
    </testcase>
    <testcase name="r4_groupH_simple_rpcenc_013w" classname="ext/soap/interop/Round4/GroupH.r4_groupH_simple_rpcenc_013w">
    </testcase>
    <testcase name="r4_groupH_simple_rpcenc_014w" classname="ext/soap/interop/Round4/GroupH.r4_groupH_simple_rpcenc_014w">
    </testcase>
    <testcase name="r4_groupH_simple_rpcenc_015w" classname="ext/soap/interop/Round4/GroupH.r4_groupH_simple_rpcenc_015w">
    </testcase>
    <testcase name="r4_groupH_simple_rpcenc_016w" classname="ext/soap/interop/Round4/GroupH.r4_groupH_simple_rpcenc_016w">
    </testcase>
    <testcase name="r4_groupH_simple_rpcenc_017w" classname="ext/soap/interop/Round4/GroupH.r4_groupH_simple_rpcenc_017w">
    </testcase>
    <testcase name="r4_groupH_soapfault_001w" classname="ext/soap/interop/Round4/GroupH.r4_groupH_soapfault_001w">
    </testcase>
    <testcase name="r4_groupH_soapfault_002w" classname="ext/soap/interop/Round4/GroupH.r4_groupH_soapfault_002w">
    </testcase>
    <testcase name="r4_groupH_soapfault_003w" classname="ext/soap/interop/Round4/GroupH.r4_groupH_soapfault_003w">
    </testcase>
    <testcase name="r4_groupH_soapfault_004w" classname="ext/soap/interop/Round4/GroupH.r4_groupH_soapfault_004w">
    </testcase>
  </testsuite>
  <testsuite name="ext/soap/interop/Round4/GroupI" tests="35" disabled="0" errors="0" failures="0" skipped="0">
    <testcase name="r4_groupI_xsd_001w" classname="ext/soap/interop/Round4/GroupI.r4_groupI_xsd_001w">
    </testcase>
    <testcase name="r4_groupI_xsd_002w" classname="ext/soap/interop/Round4/GroupI.r4_groupI_xsd_002w">
    </testcase>
    <testcase name="r4_groupI_xsd_003w" classname="ext/soap/interop/Round4/GroupI.r4_groupI_xsd_003w">
    </testcase>
    <testcase name="r4_groupI_xsd_004w" classname="ext/soap/interop/Round4/GroupI.r4_groupI_xsd_004w">
    </testcase>
    <testcase name="r4_groupI_xsd_005w" classname="ext/soap/interop/Round4/GroupI.r4_groupI_xsd_005w">
    </testcase>
    <testcase name="r4_groupI_xsd_006w" classname="ext/soap/interop/Round4/GroupI.r4_groupI_xsd_006w">
    </testcase>
    <testcase name="r4_groupI_xsd_007w" classname="ext/soap/interop/Round4/GroupI.r4_groupI_xsd_007w">
    </testcase>
    <testcase name="r4_groupI_xsd_008w" classname="ext/soap/interop/Round4/GroupI.r4_groupI_xsd_008w">
    </testcase>
    <testcase name="r4_groupI_xsd_009w" classname="ext/soap/interop/Round4/GroupI.r4_groupI_xsd_009w">
    </testcase>
    <testcase name="r4_groupI_xsd_010w" classname="ext/soap/interop/Round4/GroupI.r4_groupI_xsd_010w">
    </testcase>
    <testcase name="r4_groupI_xsd_011w" classname="ext/soap/interop/Round4/GroupI.r4_groupI_xsd_011w">
    </testcase>
    <testcase name="r4_groupI_xsd_012w" classname="ext/soap/interop/Round4/GroupI.r4_groupI_xsd_012w">
    </testcase>
    <testcase name="r4_groupI_xsd_013w" classname="ext/soap/interop/Round4/GroupI.r4_groupI_xsd_013w">
    </testcase>
    <testcase name="r4_groupI_xsd_014w" classname="ext/soap/interop/Round4/GroupI.r4_groupI_xsd_014w">
    </testcase>
    <testcase name="r4_groupI_xsd_015w" classname="ext/soap/interop/Round4/GroupI.r4_groupI_xsd_015w">
    </testcase>
    <testcase name="r4_groupI_xsd_016w" classname="ext/soap/interop/Round4/GroupI.r4_groupI_xsd_016w">
    </testcase>
    <testcase name="r4_groupI_xsd_017w" classname="ext/soap/interop/Round4/GroupI.r4_groupI_xsd_017w">
    </testcase>
    <testcase name="r4_groupI_xsd_018w" classname="ext/soap/interop/Round4/GroupI.r4_groupI_xsd_018w">
    </testcase>
    <testcase name="r4_groupI_xsd_019w" classname="ext/soap/interop/Round4/GroupI.r4_groupI_xsd_019w">
    </testcase>
    <testcase name="r4_groupI_xsd_020w" classname="ext/soap/interop/Round4/GroupI.r4_groupI_xsd_020w">
    </testcase>
    <testcase name="r4_groupI_xsd_021w" classname="ext/soap/interop/Round4/GroupI.r4_groupI_xsd_021w">
    </testcase>
    <testcase name="r4_groupI_xsd_022w" classname="ext/soap/interop/Round4/GroupI.r4_groupI_xsd_022w">
    </testcase>
    <testcase name="r4_groupI_xsd_023w" classname="ext/soap/interop/Round4/GroupI.r4_groupI_xsd_023w">
    </testcase>
    <testcase name="r4_groupI_xsd_024w" classname="ext/soap/interop/Round4/GroupI.r4_groupI_xsd_024w">
    </testcase>
    <testcase name="r4_groupI_xsd_025w" classname="ext/soap/interop/Round4/GroupI.r4_groupI_xsd_025w">
    </testcase>
    <testcase name="r4_groupI_xsd_026w" classname="ext/soap/interop/Round4/GroupI.r4_groupI_xsd_026w">
    </testcase>
    <testcase name="r4_groupI_xsd_027w" classname="ext/soap/interop/Round4/GroupI.r4_groupI_xsd_027w">
    </testcase>
    <testcase name="r4_groupI_xsd_028w" classname="ext/soap/interop/Round4/GroupI.r4_groupI_xsd_028w">
    </testcase>
    <testcase name="r4_groupI_xsd_029w" classname="ext/soap/interop/Round4/GroupI.r4_groupI_xsd_029w">
    </testcase>
    <testcase name="r4_groupI_xsd_030w" classname="ext/soap/interop/Round4/GroupI.r4_groupI_xsd_030w">
    </testcase>
    <testcase name="r4_groupI_xsd_031w" classname="ext/soap/interop/Round4/GroupI.r4_groupI_xsd_031w">
    </testcase>
    <testcase name="r4_groupI_xsd_032w" classname="ext/soap/interop/Round4/GroupI.r4_groupI_xsd_032w">
    </testcase>
    <testcase name="r4_groupI_xsd_033w" classname="ext/soap/interop/Round4/GroupI.r4_groupI_xsd_033w">
    </testcase>
    <testcase name="r4_groupI_xsd_034w" classname="ext/soap/interop/Round4/GroupI.r4_groupI_xsd_034w">
    </testcase>
    <testcase name="r4_groupI_xsd_035w" classname="ext/soap/interop/Round4/GroupI.r4_groupI_xsd_035w">
    </testcase>
  </testsuite>
  <testsuite name="ext/soap/schema" tests="85" disabled="0" errors="0" failures="0" skipped="0">
    <testcase name="schema001" classname="ext/soap/schema.schema001">
    </testcase>
    <testcase name="schema002" classname="ext/soap/schema.schema002">
    </testcase>
    <testcase name="schema003" classname="ext/soap/schema.schema003">
    </testcase>
    <testcase name="schema004" classname="ext/soap/schema.schema004">
    </testcase>
    <testcase name="schema005" classname="ext/soap/schema.schema005">
    </testcase>
    <testcase name="schema006" classname="ext/soap/schema.schema006">
    </testcase>
    <testcase name="schema007" classname="ext/soap/schema.schema007">
    </testcase>
    <testcase name="schema008" classname="ext/soap/schema.schema008">
    </testcase>
    <testcase name="schema009" classname="ext/soap/schema.schema009">
    </testcase>
    <testcase name="schema010" classname="ext/soap/schema.schema010">
    </testcase>
    <testcase name="schema011" classname="ext/soap/schema.schema011">
    </testcase>
    <testcase name="schema012" classname="ext/soap/schema.schema012">
    </testcase>
    <testcase name="schema013" classname="ext/soap/schema.schema013">
    </testcase>
    <testcase name="schema014" classname="ext/soap/schema.schema014">
    </testcase>
    <testcase name="schema015" classname="ext/soap/schema.schema015">
    </testcase>
    <testcase name="schema016" classname="ext/soap/schema.schema016">
    </testcase>
    <testcase name="schema017" classname="ext/soap/schema.schema017">
    </testcase>
    <testcase name="schema018" classname="ext/soap/schema.schema018">
    </testcase>
    <testcase name="schema019" classname="ext/soap/schema.schema019">
    </testcase>
    <testcase name="schema020" classname="ext/soap/schema.schema020">
    </testcase>
    <testcase name="schema021" classname="ext/soap/schema.schema021">
    </testcase>
    <testcase name="schema022" classname="ext/soap/schema.schema022">
    </testcase>
    <testcase name="schema023" classname="ext/soap/schema.schema023">
    </testcase>
    <testcase name="schema024" classname="ext/soap/schema.schema024">
    </testcase>
    <testcase name="schema025" classname="ext/soap/schema.schema025">
    </testcase>
    <testcase name="schema026" classname="ext/soap/schema.schema026">
    </testcase>
    <testcase name="schema027" classname="ext/soap/schema.schema027">
    </testcase>
    <testcase name="schema028" classname="ext/soap/schema.schema028">
    </testcase>
    <testcase name="schema029" classname="ext/soap/schema.schema029">
    </testcase>
    <testcase name="schema030" classname="ext/soap/schema.schema030">
    </testcase>
    <testcase name="schema031" classname="ext/soap/schema.schema031">
    </testcase>
    <testcase name="schema032" classname="ext/soap/schema.schema032">
    </testcase>
    <testcase name="schema033" classname="ext/soap/schema.schema033">
    </testcase>
    <testcase name="schema034" classname="ext/soap/schema.schema034">
    </testcase>
    <testcase name="schema035" classname="ext/soap/schema.schema035">
    </testcase>
    <testcase name="schema036" classname="ext/soap/schema.schema036">
    </testcase>
    <testcase name="schema037" classname="ext/soap/schema.schema037">
    </testcase>
    <testcase name="schema038" classname="ext/soap/schema.schema038">
    </testcase>
    <testcase name="schema039" classname="ext/soap/schema.schema039">
    </testcase>
    <testcase name="schema040" classname="ext/soap/schema.schema040">
    </testcase>
    <testcase name="schema041" classname="ext/soap/schema.schema041">
    </testcase>
    <testcase name="schema042" classname="ext/soap/schema.schema042">
    </testcase>
    <testcase name="schema043" classname="ext/soap/schema.schema043">
    </testcase>
    <testcase name="schema044" classname="ext/soap/schema.schema044">
    </testcase>
    <testcase name="schema045" classname="ext/soap/schema.schema045">
    </testcase>
    <testcase name="schema046" classname="ext/soap/schema.schema046">
    </testcase>
    <testcase name="schema047" classname="ext/soap/schema.schema047">
    </testcase>
    <testcase name="schema048" classname="ext/soap/schema.schema048">
    </testcase>
    <testcase name="schema049" classname="ext/soap/schema.schema049">
    </testcase>
    <testcase name="schema050" classname="ext/soap/schema.schema050">
    </testcase>
    <testcase name="schema051" classname="ext/soap/schema.schema051">
    </testcase>
    <testcase name="schema052" classname="ext/soap/schema.schema052">
    </testcase>
    <testcase name="schema053" classname="ext/soap/schema.schema053">
    </testcase>
    <testcase name="schema054" classname="ext/soap/schema.schema054">
    </testcase>
    <testcase name="schema055" classname="ext/soap/schema.schema055">
    </testcase>
    <testcase name="schema056" classname="ext/soap/schema.schema056">
    </testcase>
    <testcase name="schema057" classname="ext/soap/schema.schema057">
    </testcase>
    <testcase name="schema058" classname="ext/soap/schema.schema058">
    </testcase>
    <testcase name="schema059" classname="ext/soap/schema.schema059">
    </testcase>
    <testcase name="schema060" classname="ext/soap/schema.schema060">
    </testcase>
    <testcase name="schema061" classname="ext/soap/schema.schema061">
    </testcase>
    <testcase name="schema062" classname="ext/soap/schema.schema062">
    </testcase>
    <testcase name="schema063" classname="ext/soap/schema.schema063">
    </testcase>
    <testcase name="schema064" classname="ext/soap/schema.schema064">
    </testcase>
    <testcase name="schema065" classname="ext/soap/schema.schema065">
    </testcase>
    <testcase name="schema066" classname="ext/soap/schema.schema066">
    </testcase>
    <testcase name="schema067" classname="ext/soap/schema.schema067">
    </testcase>
    <testcase name="schema068" classname="ext/soap/schema.schema068">
    </testcase>
    <testcase name="schema069" classname="ext/soap/schema.schema069">
    </testcase>
    <testcase name="schema070" classname="ext/soap/schema.schema070">
    </testcase>
    <testcase name="schema071" classname="ext/soap/schema.schema071">
    </testcase>
    <testcase name="schema072" classname="ext/soap/schema.schema072">
    </testcase>
    <testcase name="schema073" classname="ext/soap/schema.schema073">
    </testcase>
    <testcase name="schema074" classname="ext/soap/schema.schema074">
    </testcase>
    <testcase name="schema075" classname="ext/soap/schema.schema075">
    </testcase>
    <testcase name="schema076" classname="ext/soap/schema.schema076">
    </testcase>
    <testcase name="schema077" classname="ext/soap/schema.schema077">
    </testcase>
    <testcase name="schema078" classname="ext/soap/schema.schema078">
    </testcase>
    <testcase name="schema079" classname="ext/soap/schema.schema079">
    </testcase>
    <testcase name="schema080" classname="ext/soap/schema.schema080">
    </testcase>
    <testcase name="schema081" classname="ext/soap/schema.schema081">
    </testcase>
    <testcase name="schema082" classname="ext/soap/schema.schema082">
    </testcase>
    <testcase name="schema083" classname="ext/soap/schema.schema083">
    </testcase>
    <testcase name="schema084" classname="ext/soap/schema.schema084">
    </testcase>
    <testcase name="schema085" classname="ext/soap/schema.schema085">
    </testcase>
  </testsuite>
  <testsuite name="ext/soap/soap12" tests="73" disabled="0" errors="0" failures="0" skipped="0">
    <testcase name="T01" classname="ext/soap/soap12.T01">
    </testcase>
    <testcase name="T02" classname="ext/soap/soap12.T02">
    </testcase>
    <testcase name="T03" classname="ext/soap/soap12.T03">
    </testcase>
    <testcase name="T04" classname="ext/soap/soap12.T04">
    </testcase>
    <testcase name="T05" classname="ext/soap/soap12.T05">
    </testcase>
    <testcase name="T10" classname="ext/soap/soap12.T10">
    </testcase>
    <testcase name="T11" classname="ext/soap/soap12.T11">
    </testcase>
    <testcase name="T12" classname="ext/soap/soap12.T12">
    </testcase>
    <testcase name="T13" classname="ext/soap/soap12.T13">
    </testcase>
    <testcase name="T14" classname="ext/soap/soap12.T14">
    </testcase>
    <testcase name="T15" classname="ext/soap/soap12.T15">
    </testcase>
    <testcase name="T19" classname="ext/soap/soap12.T19">
    </testcase>
    <testcase name="T22" classname="ext/soap/soap12.T22">
    </testcase>
    <testcase name="T23" classname="ext/soap/soap12.T23">
    </testcase>
    <testcase name="T24" classname="ext/soap/soap12.T24">
    </testcase>
    <testcase name="T25" classname="ext/soap/soap12.T25">
    </testcase>
    <testcase name="T26" classname="ext/soap/soap12.T26">
    </testcase>
    <testcase name="T27" classname="ext/soap/soap12.T27">
    </testcase>
    <testcase name="T28" classname="ext/soap/soap12.T28">
    </testcase>
    <testcase name="T29" classname="ext/soap/soap12.T29">
    </testcase>
    <testcase name="T30" classname="ext/soap/soap12.T30">
    </testcase>
    <testcase name="T31" classname="ext/soap/soap12.T31">
    </testcase>
    <testcase name="T32" classname="ext/soap/soap12.T32">
    </testcase>
    <testcase name="T33" classname="ext/soap/soap12.T33">
    </testcase>
    <testcase name="T34" classname="ext/soap/soap12.T34">
    </testcase>
    <testcase name="T35" classname="ext/soap/soap12.T35">
    </testcase>
    <testcase name="T36" classname="ext/soap/soap12.T36">
    </testcase>
    <testcase name="T37" classname="ext/soap/soap12.T37">
    </testcase>
    <testcase name="T38_1" classname="ext/soap/soap12.T38_1">
    </testcase>
    <testcase name="T38_2" classname="ext/soap/soap12.T38_2">
    </testcase>
    <testcase name="T39" classname="ext/soap/soap12.T39">
    </testcase>
    <testcase name="T40" classname="ext/soap/soap12.T40">
    </testcase>
    <testcase name="T41" classname="ext/soap/soap12.T41">
    </testcase>
    <testcase name="T42" classname="ext/soap/soap12.T42">
    </testcase>
    <testcase name="T43" classname="ext/soap/soap12.T43">
    </testcase>
    <testcase name="T44" classname="ext/soap/soap12.T44">
    </testcase>
    <testcase name="T45" classname="ext/soap/soap12.T45">
    </testcase>
    <testcase name="T46" classname="ext/soap/soap12.T46">
    </testcase>
    <testcase name="T47" classname="ext/soap/soap12.T47">
    </testcase>
    <testcase name="T48" classname="ext/soap/soap12.T48">
    </testcase>
    <testcase name="T49" classname="ext/soap/soap12.T49">
    </testcase>
    <testcase name="T50" classname="ext/soap/soap12.T50">
    </testcase>
    <testcase name="T51" classname="ext/soap/soap12.T51">
    </testcase>
    <testcase name="T52" classname="ext/soap/soap12.T52">
    </testcase>
    <testcase name="T53" classname="ext/soap/soap12.T53">
    </testcase>
    <testcase name="T54" classname="ext/soap/soap12.T54">
    </testcase>
    <testcase name="T55" classname="ext/soap/soap12.T55">
    </testcase>
    <testcase name="T56" classname="ext/soap/soap12.T56">
    </testcase>
    <testcase name="T57" classname="ext/soap/soap12.T57">
    </testcase>
    <testcase name="T58" classname="ext/soap/soap12.T58">
    </testcase>
    <testcase name="T59" classname="ext/soap/soap12.T59">
    </testcase>
    <testcase name="T60" classname="ext/soap/soap12.T60">
    </testcase>
    <testcase name="T61" classname="ext/soap/soap12.T61">
    </testcase>
    <testcase name="T63" classname="ext/soap/soap12.T63">
    </testcase>
    <testcase name="T64" classname="ext/soap/soap12.T64">
    </testcase>
    <testcase name="T65" classname="ext/soap/soap12.T65">
    </testcase>
    <testcase name="T66" classname="ext/soap/soap12.T66">
    </testcase>
    <testcase name="T67" classname="ext/soap/soap12.T67">
    </testcase>
    <testcase name="T68" classname="ext/soap/soap12.T68">
    </testcase>
    <testcase name="T69" classname="ext/soap/soap12.T69">
    </testcase>
    <testcase name="T70" classname="ext/soap/soap12.T70">
    </testcase>
    <testcase name="T71" classname="ext/soap/soap12.T71">
    </testcase>
    <testcase name="T72" classname="ext/soap/soap12.T72">
    </testcase>
    <testcase name="T73" classname="ext/soap/soap12.T73">
    </testcase>
    <testcase name="T74" classname="ext/soap/soap12.T74">
    </testcase>
    <testcase name="T75" classname="ext/soap/soap12.T75">
    </testcase>
    <testcase name="T76_1" classname="ext/soap/soap12.T76_1">
    </testcase>
    <testcase name="T76_2" classname="ext/soap/soap12.T76_2">
    </testcase>
    <testcase name="T77_1" classname="ext/soap/soap12.T77_1">
    </testcase>
    <testcase name="T77_2" classname="ext/soap/soap12.T77_2">
    </testcase>
    <testcase name="T77_3" classname="ext/soap/soap12.T77_3">
    </testcase>
    <testcase name="T78" classname="ext/soap/soap12.T78">
    </testcase>
    <testcase name="T80" classname="ext/soap/soap12.T80">
    </testcase>
  </testsuite>
  <testsuite name="ext/sockets" tests="93" disabled="0" errors="0" failures="11" skipped="27">
    <testcase name="bug46360" classname="ext/sockets.bug46360">
    </testcase>
    <testcase name="bug49341" classname="ext/sockets.bug49341">
      <skipped message="" />
    </testcase>
    <testcase name="bug51958" classname="ext/sockets.bug51958">
      <skipped message="" />
    </testcase>
    <testcase name="bug63000" classname="ext/sockets.bug63000">
      <skipped message="" />
    </testcase>
    <testcase name="bug76839" classname="ext/sockets.bug76839">
    </testcase>
    <testcase name="ipv4loop" classname="ext/sockets.ipv4loop">
    </testcase>
    <testcase name="ipv6loop" classname="ext/sockets.ipv6loop">
    </testcase>
    <testcase name="mcast_ipv4_recv" classname="ext/sockets.mcast_ipv4_recv">
      <skipped message="" />
    </testcase>
    <testcase name="mcast_ipv4_send" classname="ext/sockets.mcast_ipv4_send">
      <skipped message="" />
    </testcase>
    <testcase name="mcast_ipv4_send_error" classname="ext/sockets.mcast_ipv4_send_error">
    </testcase>
    <testcase name="mcast_ipv6_recv" classname="ext/sockets.mcast_ipv6_recv">
      <skipped message="" />
    </testcase>
    <testcase name="mcast_ipv6_recv_limited" classname="ext/sockets.mcast_ipv6_recv_limited">
      <skipped message="" />
    </testcase>
    <testcase name="mcast_ipv6_send" classname="ext/sockets.mcast_ipv6_send">
    </testcase>
    <testcase name="socket_abstract_path" classname="ext/sockets.socket_abstract_path">
      <skipped message="" />
    </testcase>
    <testcase name="socket_abstract_path_sendmsg" classname="ext/sockets.socket_abstract_path_sendmsg">
      <skipped message="" />
    </testcase>
    <testcase name="socket_accept-wrongparams" classname="ext/sockets.socket_accept-wrongparams">
    </testcase>
    <testcase name="socket_addrinfo_bind" classname="ext/sockets.socket_addrinfo_bind">
    </testcase>
    <testcase name="socket_addrinfo_connect" classname="ext/sockets.socket_addrinfo_connect">
    </testcase>
    <testcase name="socket_addrinfo_explain" classname="ext/sockets.socket_addrinfo_explain">
    </testcase>
    <testcase name="socket_addrinfo_lookup" classname="ext/sockets.socket_addrinfo_lookup">
    </testcase>
    <testcase name="socket_bind" classname="ext/sockets.socket_bind">
    </testcase>
    <testcase name="socket_bind_params" classname="ext/sockets.socket_bind_params">
    </testcase>
    <testcase name="socket_clear_error-win32" classname="ext/sockets.socket_clear_error-win32">
      <skipped message="" />
    </testcase>
    <testcase name="socket_clear_error" classname="ext/sockets.socket_clear_error">
    </testcase>
    <testcase name="socket_close_params" classname="ext/sockets.socket_close_params">
    </testcase>
    <testcase name="socket_cmsg_credentials" classname="ext/sockets.socket_cmsg_credentials">
      <skipped message="" />
    </testcase>
    <testcase name="socket_cmsg_rights" classname="ext/sockets.socket_cmsg_rights">
      <failure message="" />
    </testcase>
    <testcase name="socket_connect_error" classname="ext/sockets.socket_connect_error">
    </testcase>
    <testcase name="socket_connect_params" classname="ext/sockets.socket_connect_params">
    </testcase>
    <testcase name="socket_create_listen-nobind" classname="ext/sockets.socket_create_listen-nobind">
      <failure message="" />
    </testcase>
    <testcase name="socket_create_listen-win32" classname="ext/sockets.socket_create_listen-win32">
      <skipped message="" />
    </testcase>
    <testcase name="socket_create_listen-wrongparams" classname="ext/sockets.socket_create_listen-wrongparams">
    </testcase>
    <testcase name="socket_create_listen" classname="ext/sockets.socket_create_listen">
    </testcase>
    <testcase name="socket_create_listen_params" classname="ext/sockets.socket_create_listen_params">
    </testcase>
    <testcase name="socket_create_listen_used" classname="ext/sockets.socket_create_listen_used">
    </testcase>
    <testcase name="socket_create_pair-wrongparams-win32" classname="ext/sockets.socket_create_pair-wrongparams-win32">
      <skipped message="" />
    </testcase>
    <testcase name="socket_create_pair-wrongparams" classname="ext/sockets.socket_create_pair-wrongparams">
      <failure message="" />
    </testcase>
    <testcase name="socket_create_pair" classname="ext/sockets.socket_create_pair">
    </testcase>
    <testcase name="socket_create_params" classname="ext/sockets.socket_create_params">
    </testcase>
    <testcase name="socket_export_stream-1" classname="ext/sockets.socket_export_stream-1">
    </testcase>
    <testcase name="socket_export_stream-2" classname="ext/sockets.socket_export_stream-2">
    </testcase>
    <testcase name="socket_export_stream-3" classname="ext/sockets.socket_export_stream-3">
      <skipped message="" />
    </testcase>
    <testcase name="socket_export_stream-4-win" classname="ext/sockets.socket_export_stream-4-win">
      <skipped message="" />
    </testcase>
    <testcase name="socket_export_stream-4" classname="ext/sockets.socket_export_stream-4">
    </testcase>
    <testcase name="socket_export_stream-5" classname="ext/sockets.socket_export_stream-5">
      <skipped message="" />
    </testcase>
    <testcase name="socket_getopt" classname="ext/sockets.socket_getopt">
      <failure>016+ \n
017+ Warning: socket_set_option(): Failed obtaining address for interface 1: error 22 in /QOpenSys/home/kadler/php-src/ext/sockets/tests/socket_getopt.php on line 31\n
016- bool(true)\n
017- int(1)\n
018+ bool(false)\n
019+ int(0)\n
</failure>
      <system-out>Setting IP_MULTICAST_TTL
bool(true)
int(9)
 
Setting IP_MULTICAST_LOOP
bool(true)
int(0)
bool(true)
int(1)
 
Setting IP_MULTICAST_IF
interface 0:
bool(true)
int(0)
interface 1:
 
Warning: socket_set_option(): Failed obtaining address for interface 1: error 22 in /QOpenSys/home/kadler/php-src/ext/sockets/tests/socket_getopt.php on line 31
bool(false)
int(0)
</system-out>
    </testcase>
    <testcase name="socket_getpeername" classname="ext/sockets.socket_getpeername">
    </testcase>
    <testcase name="socket_getpeername_ipv4loop" classname="ext/sockets.socket_getpeername_ipv4loop">
    </testcase>
    <testcase name="socket_getpeername_ipv6loop" classname="ext/sockets.socket_getpeername_ipv6loop">
    </testcase>
    <testcase name="socket_getsockname" classname="ext/sockets.socket_getsockname">
    </testcase>
    <testcase name="socket_import_stream-1" classname="ext/sockets.socket_import_stream-1">
    </testcase>
    <testcase name="socket_import_stream-2" classname="ext/sockets.socket_import_stream-2">
    </testcase>
    <testcase name="socket_import_stream-3" classname="ext/sockets.socket_import_stream-3">
      <skipped message="" />
    </testcase>
    <testcase name="socket_import_stream-4-win" classname="ext/sockets.socket_import_stream-4-win">
      <skipped message="" />
    </testcase>
    <testcase name="socket_import_stream-4" classname="ext/sockets.socket_import_stream-4">
    </testcase>
    <testcase name="socket_import_stream-5" classname="ext/sockets.socket_import_stream-5">
      <skipped message="" />
    </testcase>
    <testcase name="socket_listen-wrongparams" classname="ext/sockets.socket_listen-wrongparams">
    </testcase>
    <testcase name="socket_listen_params" classname="ext/sockets.socket_listen_params">
    </testcase>
    <testcase name="socket_read_params" classname="ext/sockets.socket_read_params">
    </testcase>
    <testcase name="socket_recvmsg" classname="ext/sockets.socket_recvmsg">
      <failure message="" />
    </testcase>
    <testcase name="socket_select-wrongparams-1-win32" classname="ext/sockets.socket_select-wrongparams-1-win32">
      <skipped message="" />
    </testcase>
    <testcase name="socket_select-wrongparams-1" classname="ext/sockets.socket_select-wrongparams-1">
    </testcase>
    <testcase name="socket_select-wrongparams-2" classname="ext/sockets.socket_select-wrongparams-2">
    </testcase>
    <testcase name="socket_select-wrongparams-3" classname="ext/sockets.socket_select-wrongparams-3">
    </testcase>
    <testcase name="socket_select-wrongparams-4" classname="ext/sockets.socket_select-wrongparams-4">
    </testcase>
    <testcase name="socket_select" classname="ext/sockets.socket_select">
    </testcase>
    <testcase name="socket_send" classname="ext/sockets.socket_send">
      <failure message="" />
    </testcase>
    <testcase name="socket_send_params" classname="ext/sockets.socket_send_params">
    </testcase>
    <testcase name="socket_send_win32" classname="ext/sockets.socket_send_win32">
      <skipped message="" />
    </testcase>
    <testcase name="socket_sendrecvmsg_multi_msg-win32" classname="ext/sockets.socket_sendrecvmsg_multi_msg-win32">
      <skipped message="" />
    </testcase>
    <testcase name="socket_sendrecvmsg_multi_msg" classname="ext/sockets.socket_sendrecvmsg_multi_msg">
      <failure message="" />
    </testcase>
    <testcase name="socket_sendto_params" classname="ext/sockets.socket_sendto_params">
    </testcase>
    <testcase name="socket_sentto_recvfrom_ipv4_udp" classname="ext/sockets.socket_sentto_recvfrom_ipv4_udp">
    </testcase>
    <testcase name="socket_sentto_recvfrom_ipv6_udp-win32" classname="ext/sockets.socket_sentto_recvfrom_ipv6_udp-win32">
      <skipped message="" />
    </testcase>
    <testcase name="socket_sentto_recvfrom_ipv6_udp" classname="ext/sockets.socket_sentto_recvfrom_ipv6_udp">
      <failure message="" />
    </testcase>
    <testcase name="socket_sentto_recvfrom_unix" classname="ext/sockets.socket_sentto_recvfrom_unix">
      <failure message="" />
    </testcase>
    <testcase name="socket_set_block-retval" classname="ext/sockets.socket_set_block-retval">
    </testcase>
    <testcase name="socket_set_block-wrongparams" classname="ext/sockets.socket_set_block-wrongparams">
    </testcase>
    <testcase name="socket_set_nonblock-retval" classname="ext/sockets.socket_set_nonblock-retval">
    </testcase>
    <testcase name="socket_set_nonblock-wrongparams" classname="ext/sockets.socket_set_nonblock-wrongparams">
    </testcase>
    <testcase name="socket_set_nonblock" classname="ext/sockets.socket_set_nonblock">
    </testcase>
    <testcase name="socket_set_option_bindtodevice" classname="ext/sockets.socket_set_option_bindtodevice">
      <skipped message="" />
    </testcase>
    <testcase name="socket_set_option_error_socket_option" classname="ext/sockets.socket_set_option_error_socket_option">
      <failure message="" />
    </testcase>
    <testcase name="socket_set_option_in6_pktinfo" classname="ext/sockets.socket_set_option_in6_pktinfo">
    </testcase>
    <testcase name="socket_set_option_rcvtimeo" classname="ext/sockets.socket_set_option_rcvtimeo">
    </testcase>
    <testcase name="socket_set_option_seolinger" classname="ext/sockets.socket_set_option_seolinger">
    </testcase>
    <testcase name="socket_set_option_sndtimeo" classname="ext/sockets.socket_set_option_sndtimeo">
    </testcase>
    <testcase name="socket_shutdown-win32" classname="ext/sockets.socket_shutdown-win32">
      <skipped message="" />
    </testcase>
    <testcase name="socket_shutdown" classname="ext/sockets.socket_shutdown">
      <failure message="" />
    </testcase>
    <testcase name="socket_strerror" classname="ext/sockets.socket_strerror">
      <skipped message="" />
    </testcase>
    <testcase name="socket_write_params" classname="ext/sockets.socket_write_params">
    </testcase>
    <testcase name="unixloop" classname="ext/sockets.unixloop">
    </testcase>
    <testcase name="wsaprotocol_info_0" classname="ext/sockets.wsaprotocol_info_0">
      <skipped message="" />
    </testcase>
  </testsuite>
  <testsuite name="ext/sodium" tests="21" disabled="0" errors="0" failures="0" skipped="1">
    <testcase name="crypto_aead" classname="ext/sodium.crypto_aead">
      <skipped message="" />
    </testcase>
    <testcase name="crypto_auth" classname="ext/sodium.crypto_auth">
    </testcase>
    <testcase name="crypto_box" classname="ext/sodium.crypto_box">
    </testcase>
    <testcase name="crypto_generichash" classname="ext/sodium.crypto_generichash">
    </testcase>
    <testcase name="crypto_hex" classname="ext/sodium.crypto_hex">
    </testcase>
    <testcase name="crypto_kdf" classname="ext/sodium.crypto_kdf">
    </testcase>
    <testcase name="crypto_kx" classname="ext/sodium.crypto_kx">
    </testcase>
    <testcase name="crypto_scalarmult" classname="ext/sodium.crypto_scalarmult">
    </testcase>
    <testcase name="crypto_secretbox" classname="ext/sodium.crypto_secretbox">
    </testcase>
    <testcase name="crypto_secretstream" classname="ext/sodium.crypto_secretstream">
    </testcase>
    <testcase name="crypto_shorthash" classname="ext/sodium.crypto_shorthash">
    </testcase>
    <testcase name="crypto_sign" classname="ext/sodium.crypto_sign">
    </testcase>
    <testcase name="crypto_stream" classname="ext/sodium.crypto_stream">
    </testcase>
    <testcase name="exception_trace_without_args" classname="ext/sodium.exception_trace_without_args">
    </testcase>
    <testcase name="inc_add" classname="ext/sodium.inc_add">
    </testcase>
    <testcase name="installed" classname="ext/sodium.installed">
    </testcase>
    <testcase name="pwhash_argon2i" classname="ext/sodium.pwhash_argon2i">
    </testcase>
    <testcase name="pwhash_scrypt" classname="ext/sodium.pwhash_scrypt">
    </testcase>
    <testcase name="sodium_error_001" classname="ext/sodium.sodium_error_001">
    </testcase>
    <testcase name="utils" classname="ext/sodium.utils">
    </testcase>
    <testcase name="version" classname="ext/sodium.version">
    </testcase>
  </testsuite>
  <testsuite name="ext/spl/examples" tests="1" disabled="0" errors="0" failures="0" skipped="0">
    <testcase name="dualiterator_001" classname="ext/spl/examples.dualiterator_001">
    </testcase>
  </testsuite>
  <testsuite name="ext/spl" tests="729" disabled="0" errors="0" failures="0" skipped="1">
    <testcase name="ArrayObject_clone_other_std_props" classname="ext/spl.ArrayObject_clone_other_std_props">
    </testcase>
    <testcase name="ArrayObject_dump_during_sort" classname="ext/spl.ArrayObject_dump_during_sort">
    </testcase>
    <testcase name="ArrayObject_exchange_array_during_sorting" classname="ext/spl.ArrayObject_exchange_array_during_sorting">
    </testcase>
    <testcase name="ArrayObject_illegal_offset_leak" classname="ext/spl.ArrayObject_illegal_offset_leak">
    </testcase>
    <testcase name="ArrayObject_modify_shared_object_properties" classname="ext/spl.ArrayObject_modify_shared_object_properties">
    </testcase>
    <testcase name="ArrayObject_overloaded_object_incompatible" classname="ext/spl.ArrayObject_overloaded_object_incompatible">
    </testcase>
    <testcase name="ArrayObject_sort_different_backing_storage" classname="ext/spl.ArrayObject_sort_different_backing_storage">
    </testcase>
    <testcase name="ArrayObject_std_props_no_recursion" classname="ext/spl.ArrayObject_std_props_no_recursion">
    </testcase>
    <testcase name="ArrayObject_unserialize_empty_string" classname="ext/spl.ArrayObject_unserialize_empty_string">
    </testcase>
    <testcase name="CallbackFilterIteratorTest-002" classname="ext/spl.CallbackFilterIteratorTest-002">
    </testcase>
    <testcase name="CallbackFilterIteratorTest" classname="ext/spl.CallbackFilterIteratorTest">
    </testcase>
    <testcase name="DirectoryIterator_by_reference" classname="ext/spl.DirectoryIterator_by_reference">
    </testcase>
    <testcase name="DirectoryIterator_empty_constructor" classname="ext/spl.DirectoryIterator_empty_constructor">
    </testcase>
    <testcase name="DirectoryIterator_getBasename_basic_test" classname="ext/spl.DirectoryIterator_getBasename_basic_test">
    </testcase>
    <testcase name="DirectoryIterator_getBasename_pass_array" classname="ext/spl.DirectoryIterator_getBasename_pass_array">
    </testcase>
    <testcase name="DirectoryIterator_getExtension_basic" classname="ext/spl.DirectoryIterator_getExtension_basic">
    </testcase>
    <testcase name="DirectoryIterator_getGroup_basic" classname="ext/spl.DirectoryIterator_getGroup_basic">
    </testcase>
    <testcase name="DirectoryIterator_getInode_basic" classname="ext/spl.DirectoryIterator_getInode_basic">
    </testcase>
    <testcase name="DirectoryIterator_getInode_error" classname="ext/spl.DirectoryIterator_getInode_error">
    </testcase>
    <testcase name="DirectoryIterator_getOwner_basic" classname="ext/spl.DirectoryIterator_getOwner_basic">
    </testcase>
    <testcase name="RecursiveCallbackFilterIteratorTest" classname="ext/spl.RecursiveCallbackFilterIteratorTest">
    </testcase>
    <testcase name="RecursiveDirectoryIterator_getSubPath_basic" classname="ext/spl.RecursiveDirectoryIterator_getSubPath_basic">
    </testcase>
    <testcase name="RecursiveDirectoryIterator_getSubPathname_basic" classname="ext/spl.RecursiveDirectoryIterator_getSubPathname_basic">
    </testcase>
    <testcase name="RegexIterator_with_reference_replacement" classname="ext/spl.RegexIterator_with_reference_replacement">
    </testcase>
    <testcase name="SplArray_fromArray" classname="ext/spl.SplArray_fromArray">
    </testcase>
    <testcase name="SplDoublyLinkedList_add_invalid_offset" classname="ext/spl.SplDoublyLinkedList_add_invalid_offset">
    </testcase>
    <testcase name="SplDoublyLinkedList_add_missing_parameter1" classname="ext/spl.SplDoublyLinkedList_add_missing_parameter1">
    </testcase>
    <testcase name="SplDoublyLinkedList_add_missing_parameter2" classname="ext/spl.SplDoublyLinkedList_add_missing_parameter2">
    </testcase>
    <testcase name="SplDoublyLinkedList_add_null_offset" classname="ext/spl.SplDoublyLinkedList_add_null_offset">
    </testcase>
    <testcase name="SplDoublyLinkedList_bottom_empty" classname="ext/spl.SplDoublyLinkedList_bottom_empty">
    </testcase>
    <testcase name="SplDoublyLinkedList_bottom_pass_array" classname="ext/spl.SplDoublyLinkedList_bottom_pass_array">
    </testcase>
    <testcase name="SplDoublyLinkedList_bottom_pass_float" classname="ext/spl.SplDoublyLinkedList_bottom_pass_float">
    </testcase>
    <testcase name="SplDoublyLinkedList_bottom_pass_integer" classname="ext/spl.SplDoublyLinkedList_bottom_pass_integer">
    </testcase>
    <testcase name="SplDoublyLinkedList_bottom_pass_null" classname="ext/spl.SplDoublyLinkedList_bottom_pass_null">
    </testcase>
    <testcase name="SplDoublyLinkedList_count" classname="ext/spl.SplDoublyLinkedList_count">
    </testcase>
    <testcase name="SplDoublyLinkedList_count_param_SplDoublyLinkedList" classname="ext/spl.SplDoublyLinkedList_count_param_SplDoublyLinkedList">
    </testcase>
    <testcase name="SplDoublyLinkedList_current" classname="ext/spl.SplDoublyLinkedList_current">
    </testcase>
    <testcase name="SplDoublyLinkedList_current_empty" classname="ext/spl.SplDoublyLinkedList_current_empty">
    </testcase>
    <testcase name="SplDoublyLinkedList_debug-info" classname="ext/spl.SplDoublyLinkedList_debug-info">
    </testcase>
    <testcase name="SplDoublyLinkedList_getIteratorMode" classname="ext/spl.SplDoublyLinkedList_getIteratorMode">
    </testcase>
    <testcase name="SplDoublyLinkedList_getIteratorMode_error" classname="ext/spl.SplDoublyLinkedList_getIteratorMode_error">
    </testcase>
    <testcase name="SplDoublyLinkedList_isEmpty_empty-with-parameter" classname="ext/spl.SplDoublyLinkedList_isEmpty_empty-with-parameter">
    </testcase>
    <testcase name="SplDoublyLinkedList_isEmpty_empty" classname="ext/spl.SplDoublyLinkedList_isEmpty_empty">
    </testcase>
    <testcase name="SplDoublyLinkedList_isEmpty_not-empty-with-parameter" classname="ext/spl.SplDoublyLinkedList_isEmpty_not-empty-with-parameter">
    </testcase>
    <testcase name="SplDoublyLinkedList_isEmpty_not-empty" classname="ext/spl.SplDoublyLinkedList_isEmpty_not-empty">
    </testcase>
    <testcase name="SplDoublyLinkedList_key" classname="ext/spl.SplDoublyLinkedList_key">
    </testcase>
    <testcase name="SplDoublyLinkedList_lifoMode" classname="ext/spl.SplDoublyLinkedList_lifoMode">
    </testcase>
    <testcase name="SplDoublyLinkedList_offsetExists_invalid_parameter" classname="ext/spl.SplDoublyLinkedList_offsetExists_invalid_parameter">
    </testcase>
    <testcase name="SplDoublyLinkedList_offsetExists_success" classname="ext/spl.SplDoublyLinkedList_offsetExists_success">
    </testcase>
    <testcase name="SplDoublyLinkedList_offsetGet_empty" classname="ext/spl.SplDoublyLinkedList_offsetGet_empty">
    </testcase>
    <testcase name="SplDoublyLinkedList_offsetGet_missing_param" classname="ext/spl.SplDoublyLinkedList_offsetGet_missing_param">
    </testcase>
    <testcase name="SplDoublyLinkedList_offsetGet_param_array" classname="ext/spl.SplDoublyLinkedList_offsetGet_param_array">
    </testcase>
    <testcase name="SplDoublyLinkedList_offsetGet_param_string" classname="ext/spl.SplDoublyLinkedList_offsetGet_param_string">
    </testcase>
    <testcase name="SplDoublyLinkedList_offsetSet_invalid_parameter" classname="ext/spl.SplDoublyLinkedList_offsetSet_invalid_parameter">
    </testcase>
    <testcase name="SplDoublyLinkedList_offsetSet_one_invalid_parameter" classname="ext/spl.SplDoublyLinkedList_offsetSet_one_invalid_parameter">
    </testcase>
    <testcase name="SplDoublyLinkedList_offsetUnset_greater_than_elements" classname="ext/spl.SplDoublyLinkedList_offsetUnset_greater_than_elements">
    </testcase>
    <testcase name="SplDoublyLinkedList_offsetUnset_negative-parameter" classname="ext/spl.SplDoublyLinkedList_offsetUnset_negative-parameter">
    </testcase>
    <testcase name="SplDoublyLinkedList_offsetUnset_parameter-larger-num-elements" classname="ext/spl.SplDoublyLinkedList_offsetUnset_parameter-larger-num-elements">
    </testcase>
    <testcase name="SplDoublyLinkedList_pop_noParams" classname="ext/spl.SplDoublyLinkedList_pop_noParams">
    </testcase>
    <testcase name="SplDoublyLinkedList_pop_params" classname="ext/spl.SplDoublyLinkedList_pop_params">
    </testcase>
    <testcase name="SplDoublyLinkedList_push_missing_parameter" classname="ext/spl.SplDoublyLinkedList_push_missing_parameter">
    </testcase>
    <testcase name="SplDoublyLinkedList_serialization" classname="ext/spl.SplDoublyLinkedList_serialization">
    </testcase>
    <testcase name="SplDoublyLinkedList_setIteratorMode_param_SplDoublyLinkedList" classname="ext/spl.SplDoublyLinkedList_setIteratorMode_param_SplDoublyLinkedList">
    </testcase>
    <testcase name="SplDoublyLinkedList_top_empty" classname="ext/spl.SplDoublyLinkedList_top_empty">
    </testcase>
    <testcase name="SplDoublyLinkedList_top_pass_array" classname="ext/spl.SplDoublyLinkedList_top_pass_array">
    </testcase>
    <testcase name="SplDoublyLinkedList_top_pass_float" classname="ext/spl.SplDoublyLinkedList_top_pass_float">
    </testcase>
    <testcase name="SplDoublyLinkedList_top_pass_integer" classname="ext/spl.SplDoublyLinkedList_top_pass_integer">
    </testcase>
    <testcase name="SplDoublyLinkedList_top_pass_null" classname="ext/spl.SplDoublyLinkedList_top_pass_null">
    </testcase>
    <testcase name="SplDoublyLinkedList_unshift_missing_parameter" classname="ext/spl.SplDoublyLinkedList_unshift_missing_parameter">
    </testcase>
    <testcase name="SplDoublylinkedlist_offsetunset_first" classname="ext/spl.SplDoublylinkedlist_offsetunset_first">
    </testcase>
    <testcase name="SplDoublylinkedlist_offsetunset_first002" classname="ext/spl.SplDoublylinkedlist_offsetunset_first002">
    </testcase>
    <testcase name="SplDoublylinkedlist_offsetunset_last" classname="ext/spl.SplDoublylinkedlist_offsetunset_last">
    </testcase>
    <testcase name="SplFileInfo_001" classname="ext/spl.SplFileInfo_001">
    </testcase>
    <testcase name="SplFileInfo_getExtension_basic" classname="ext/spl.SplFileInfo_getExtension_basic">
    </testcase>
    <testcase name="SplFileInfo_getGroup_basic" classname="ext/spl.SplFileInfo_getGroup_basic">
    </testcase>
    <testcase name="SplFileInfo_getGroup_error" classname="ext/spl.SplFileInfo_getGroup_error">
    </testcase>
    <testcase name="SplFileInfo_getInode_basic" classname="ext/spl.SplFileInfo_getInode_basic">
    </testcase>
    <testcase name="SplFileInfo_getInode_error" classname="ext/spl.SplFileInfo_getInode_error">
    </testcase>
    <testcase name="SplFileInfo_getOwner_basic" classname="ext/spl.SplFileInfo_getOwner_basic">
    </testcase>
    <testcase name="SplFileInfo_getOwner_error" classname="ext/spl.SplFileInfo_getOwner_error">
    </testcase>
    <testcase name="SplFileInfo_getPerms_basic" classname="ext/spl.SplFileInfo_getPerms_basic">
    </testcase>
    <testcase name="SplFileInfo_getPerms_error" classname="ext/spl.SplFileInfo_getPerms_error">
    </testcase>
    <testcase name="SplFileInfo_setFileClass_basic" classname="ext/spl.SplFileInfo_setFileClass_basic">
    </testcase>
    <testcase name="SplFileInfo_setFileClass_error" classname="ext/spl.SplFileInfo_setFileClass_error">
    </testcase>
    <testcase name="SplFileInfo_setInfoClass_basic" classname="ext/spl.SplFileInfo_setInfoClass_basic">
    </testcase>
    <testcase name="SplFileInfo_setInfoClass_error" classname="ext/spl.SplFileInfo_setInfoClass_error">
    </testcase>
    <testcase name="SplFileObject_current_basic" classname="ext/spl.SplFileObject_current_basic">
    </testcase>
    <testcase name="SplFileObject_current_error001" classname="ext/spl.SplFileObject_current_error001">
    </testcase>
    <testcase name="SplFileObject_current_variation001" classname="ext/spl.SplFileObject_current_variation001">
    </testcase>
    <testcase name="SplFileObject_fflush_basic_001" classname="ext/spl.SplFileObject_fflush_basic_001">
    </testcase>
    <testcase name="SplFileObject_fgetcsv_basic" classname="ext/spl.SplFileObject_fgetcsv_basic">
    </testcase>
    <testcase name="SplFileObject_fgetcsv_delimiter_basic" classname="ext/spl.SplFileObject_fgetcsv_delimiter_basic">
    </testcase>
    <testcase name="SplFileObject_fgetcsv_delimiter_error" classname="ext/spl.SplFileObject_fgetcsv_delimiter_error">
    </testcase>
    <testcase name="SplFileObject_fgetcsv_enclosure_basic" classname="ext/spl.SplFileObject_fgetcsv_enclosure_basic">
    </testcase>
    <testcase name="SplFileObject_fgetcsv_enclosure_error" classname="ext/spl.SplFileObject_fgetcsv_enclosure_error">
    </testcase>
    <testcase name="SplFileObject_fgetcsv_escape_basic" classname="ext/spl.SplFileObject_fgetcsv_escape_basic">
    </testcase>
    <testcase name="SplFileObject_fgetcsv_escape_default" classname="ext/spl.SplFileObject_fgetcsv_escape_default">
    </testcase>
    <testcase name="SplFileObject_fgetcsv_escape_error" classname="ext/spl.SplFileObject_fgetcsv_escape_error">
    </testcase>
    <testcase name="SplFileObject_fpassthru_basic" classname="ext/spl.SplFileObject_fpassthru_basic">
    </testcase>
    <testcase name="SplFileObject_fputcsv" classname="ext/spl.SplFileObject_fputcsv">
    </testcase>
    <testcase name="SplFileObject_fputcsv_002" classname="ext/spl.SplFileObject_fputcsv_002">
    </testcase>
    <testcase name="SplFileObject_fputcsv_error" classname="ext/spl.SplFileObject_fputcsv_error">
    </testcase>
    <testcase name="SplFileObject_fputcsv_variation1" classname="ext/spl.SplFileObject_fputcsv_variation1">
    </testcase>
    <testcase name="SplFileObject_fputcsv_variation10" classname="ext/spl.SplFileObject_fputcsv_variation10">
    </testcase>
    <testcase name="SplFileObject_fputcsv_variation11" classname="ext/spl.SplFileObject_fputcsv_variation11">
    </testcase>
    <testcase name="SplFileObject_fputcsv_variation12" classname="ext/spl.SplFileObject_fputcsv_variation12">
    </testcase>
    <testcase name="SplFileObject_fputcsv_variation13" classname="ext/spl.SplFileObject_fputcsv_variation13">
    </testcase>
    <testcase name="SplFileObject_fputcsv_variation14" classname="ext/spl.SplFileObject_fputcsv_variation14">
    </testcase>
    <testcase name="SplFileObject_fputcsv_variation5" classname="ext/spl.SplFileObject_fputcsv_variation5">
    </testcase>
    <testcase name="SplFileObject_fputcsv_variation6" classname="ext/spl.SplFileObject_fputcsv_variation6">
    </testcase>
    <testcase name="SplFileObject_fputcsv_variation7" classname="ext/spl.SplFileObject_fputcsv_variation7">
    </testcase>
    <testcase name="SplFileObject_fputcsv_variation8" classname="ext/spl.SplFileObject_fputcsv_variation8">
    </testcase>
    <testcase name="SplFileObject_fscanf_basic" classname="ext/spl.SplFileObject_fscanf_basic">
    </testcase>
    <testcase name="SplFileObject_fseek_error_001" classname="ext/spl.SplFileObject_fseek_error_001">
    </testcase>
    <testcase name="SplFileObject_ftruncate_error_001" classname="ext/spl.SplFileObject_ftruncate_error_001">
    </testcase>
    <testcase name="SplFileObject_fwrite_error_001" classname="ext/spl.SplFileObject_fwrite_error_001">
    </testcase>
    <testcase name="SplFileObject_fwrite_variation_001" classname="ext/spl.SplFileObject_fwrite_variation_001">
    </testcase>
    <testcase name="SplFileObject_fwrite_variation_002" classname="ext/spl.SplFileObject_fwrite_variation_002">
    </testcase>
    <testcase name="SplFileObject_getCsvControl_basic_001" classname="ext/spl.SplFileObject_getCsvControl_basic_001">
    </testcase>
    <testcase name="SplFileObject_getchildren_basic" classname="ext/spl.SplFileObject_getchildren_basic">
    </testcase>
    <testcase name="SplFileObject_getchildren_error001" classname="ext/spl.SplFileObject_getchildren_error001">
    </testcase>
    <testcase name="SplFileObject_getflags_basic" classname="ext/spl.SplFileObject_getflags_basic">
    </testcase>
    <testcase name="SplFileObject_getflags_error001" classname="ext/spl.SplFileObject_getflags_error001">
    </testcase>
    <testcase name="SplFileObject_getflags_error002" classname="ext/spl.SplFileObject_getflags_error002">
    </testcase>
    <testcase name="SplFileObject_getflags_variation001" classname="ext/spl.SplFileObject_getflags_variation001">
    </testcase>
    <testcase name="SplFileObject_haschildren_basic" classname="ext/spl.SplFileObject_haschildren_basic">
    </testcase>
    <testcase name="SplFileObject_haschildren_error001" classname="ext/spl.SplFileObject_haschildren_error001">
    </testcase>
    <testcase name="SplFileObject_key_basic" classname="ext/spl.SplFileObject_key_basic">
    </testcase>
    <testcase name="SplFileObject_key_error001" classname="ext/spl.SplFileObject_key_error001">
    </testcase>
    <testcase name="SplFileObject_key_error002" classname="ext/spl.SplFileObject_key_error002">
    </testcase>
    <testcase name="SplFileObject_key_error003" classname="ext/spl.SplFileObject_key_error003">
    </testcase>
    <testcase name="SplFileObject_next_basic" classname="ext/spl.SplFileObject_next_basic">
    </testcase>
    <testcase name="SplFileObject_next_variation001" classname="ext/spl.SplFileObject_next_variation001">
    </testcase>
    <testcase name="SplFileObject_next_variation002" classname="ext/spl.SplFileObject_next_variation002">
    </testcase>
    <testcase name="SplFileObject_rewind_basic" classname="ext/spl.SplFileObject_rewind_basic">
    </testcase>
    <testcase name="SplFileObject_rewind_error001" classname="ext/spl.SplFileObject_rewind_error001">
    </testcase>
    <testcase name="SplFileObject_rewind_variation001" classname="ext/spl.SplFileObject_rewind_variation001">
    </testcase>
    <testcase name="SplFileObject_seek_basic" classname="ext/spl.SplFileObject_seek_basic">
    </testcase>
    <testcase name="SplFileObject_seek_error002" classname="ext/spl.SplFileObject_seek_error002">
    </testcase>
    <testcase name="SplFileObject_seek_error_001" classname="ext/spl.SplFileObject_seek_error_001">
    </testcase>
    <testcase name="SplFileObject_setCsvControl_basic" classname="ext/spl.SplFileObject_setCsvControl_basic">
    </testcase>
    <testcase name="SplFileObject_setCsvControl_error001" classname="ext/spl.SplFileObject_setCsvControl_error001">
    </testcase>
    <testcase name="SplFileObject_setCsvControl_error002" classname="ext/spl.SplFileObject_setCsvControl_error002">
    </testcase>
    <testcase name="SplFileObject_setCsvControl_error003" classname="ext/spl.SplFileObject_setCsvControl_error003">
    </testcase>
    <testcase name="SplFileObject_setCsvControl_variation001" classname="ext/spl.SplFileObject_setCsvControl_variation001">
    </testcase>
    <testcase name="SplFixedArray__construct_param_array" classname="ext/spl.SplFixedArray__construct_param_array">
    </testcase>
    <testcase name="SplFixedArray__construct_param_float" classname="ext/spl.SplFixedArray__construct_param_float">
    </testcase>
    <testcase name="SplFixedArray__construct_param_null" classname="ext/spl.SplFixedArray__construct_param_null">
    </testcase>
    <testcase name="SplFixedArray__construct_param_string" classname="ext/spl.SplFixedArray__construct_param_string">
    </testcase>
    <testcase name="SplFixedArray_construct_param_SplFixedArray" classname="ext/spl.SplFixedArray_construct_param_SplFixedArray">
    </testcase>
    <testcase name="SplFixedArray_count_checkParams" classname="ext/spl.SplFixedArray_count_checkParams">
    </testcase>
    <testcase name="SplFixedArray_count_param_int" classname="ext/spl.SplFixedArray_count_param_int">
    </testcase>
    <testcase name="SplFixedArray_current_param" classname="ext/spl.SplFixedArray_current_param">
    </testcase>
    <testcase name="SplFixedArray_fromArray_invalid_parameter_001" classname="ext/spl.SplFixedArray_fromArray_invalid_parameter_001">
    </testcase>
    <testcase name="SplFixedArray_fromArray_invalid_parameter_002" classname="ext/spl.SplFixedArray_fromArray_invalid_parameter_002">
    </testcase>
    <testcase name="SplFixedArray_fromarray_indexes" classname="ext/spl.SplFixedArray_fromarray_indexes">
    </testcase>
    <testcase name="SplFixedArray_fromarray_non_indexes" classname="ext/spl.SplFixedArray_fromarray_non_indexes">
    </testcase>
    <testcase name="SplFixedArray_fromarray_param_boolean" classname="ext/spl.SplFixedArray_fromarray_param_boolean">
    </testcase>
    <testcase name="SplFixedArray_fromarray_param_multiarray" classname="ext/spl.SplFixedArray_fromarray_param_multiarray">
    </testcase>
    <testcase name="SplFixedArray_getSize_pass_param" classname="ext/spl.SplFixedArray_getSize_pass_param">
    </testcase>
    <testcase name="SplFixedArray_key_param" classname="ext/spl.SplFixedArray_key_param">
    </testcase>
    <testcase name="SplFixedArray_key_setsize" classname="ext/spl.SplFixedArray_key_setsize">
    </testcase>
    <testcase name="SplFixedArray_next_param" classname="ext/spl.SplFixedArray_next_param">
    </testcase>
    <testcase name="SplFixedArray_offsetExists_integer" classname="ext/spl.SplFixedArray_offsetExists_integer">
    </testcase>
    <testcase name="SplFixedArray_offsetExists_invalid_parameter" classname="ext/spl.SplFixedArray_offsetExists_invalid_parameter">
    </testcase>
    <testcase name="SplFixedArray_offsetExists_less_than_zero" classname="ext/spl.SplFixedArray_offsetExists_less_than_zero">
    </testcase>
    <testcase name="SplFixedArray_offsetGet_integer" classname="ext/spl.SplFixedArray_offsetGet_integer">
    </testcase>
    <testcase name="SplFixedArray_offsetGet_invalid_parameter" classname="ext/spl.SplFixedArray_offsetGet_invalid_parameter">
    </testcase>
    <testcase name="SplFixedArray_offsetSet_invalid_parameter" classname="ext/spl.SplFixedArray_offsetSet_invalid_parameter">
    </testcase>
    <testcase name="SplFixedArray_offsetSet_one_invalid_parameter" classname="ext/spl.SplFixedArray_offsetSet_one_invalid_parameter">
    </testcase>
    <testcase name="SplFixedArray_offsetUnset_invalid_parameter" classname="ext/spl.SplFixedArray_offsetUnset_invalid_parameter">
    </testcase>
    <testcase name="SplFixedArray_offsetUnset_string" classname="ext/spl.SplFixedArray_offsetUnset_string">
    </testcase>
    <testcase name="SplFixedArray_override_offsetGet_only" classname="ext/spl.SplFixedArray_override_offsetGet_only">
    </testcase>
    <testcase name="SplFixedArray_rewind_param" classname="ext/spl.SplFixedArray_rewind_param">
    </testcase>
    <testcase name="SplFixedArray_serialize" classname="ext/spl.SplFixedArray_serialize">
    </testcase>
    <testcase name="SplFixedArray_setSize_filled_to_smaller" classname="ext/spl.SplFixedArray_setSize_filled_to_smaller">
    </testcase>
    <testcase name="SplFixedArray_setSize_param_array" classname="ext/spl.SplFixedArray_setSize_param_array">
    </testcase>
    <testcase name="SplFixedArray_setSize_param_float" classname="ext/spl.SplFixedArray_setSize_param_float">
    </testcase>
    <testcase name="SplFixedArray_setSize_param_null" classname="ext/spl.SplFixedArray_setSize_param_null">
    </testcase>
    <testcase name="SplFixedArray_setSize_reduce" classname="ext/spl.SplFixedArray_setSize_reduce">
    </testcase>
    <testcase name="SplFixedArray_setsize_001" classname="ext/spl.SplFixedArray_setsize_001">
    </testcase>
    <testcase name="SplFixedArray_setsize_grow" classname="ext/spl.SplFixedArray_setsize_grow">
    </testcase>
    <testcase name="SplFixedArray_setsize_shrink" classname="ext/spl.SplFixedArray_setsize_shrink">
    </testcase>
    <testcase name="SplFixedArray_toArray_empty" classname="ext/spl.SplFixedArray_toArray_empty">
    </testcase>
    <testcase name="SplFixedArray_toArray_with-params" classname="ext/spl.SplFixedArray_toArray_with-params">
    </testcase>
    <testcase name="SplHeap_count_invalid_parameter" classname="ext/spl.SplHeap_count_invalid_parameter">
    </testcase>
    <testcase name="SplHeap_extract_invalid_parameter" classname="ext/spl.SplHeap_extract_invalid_parameter">
    </testcase>
    <testcase name="SplHeap_insert_invalid_parameter" classname="ext/spl.SplHeap_insert_invalid_parameter">
    </testcase>
    <testcase name="SplHeap_isEmpty" classname="ext/spl.SplHeap_isEmpty">
    </testcase>
    <testcase name="SplHeap_isEmpty_invalid_parameter" classname="ext/spl.SplHeap_isEmpty_invalid_parameter">
    </testcase>
    <testcase name="SplHeap_with_by_reference_compare" classname="ext/spl.SplHeap_with_by_reference_compare">
    </testcase>
    <testcase name="SplObjectStorage_addAll_invalid_parameter" classname="ext/spl.SplObjectStorage_addAll_invalid_parameter">
    </testcase>
    <testcase name="SplObjectStorage_attach_invalid_parameter" classname="ext/spl.SplObjectStorage_attach_invalid_parameter">
    </testcase>
    <testcase name="SplObjectStorage_contains_invalid_parameter" classname="ext/spl.SplObjectStorage_contains_invalid_parameter">
    </testcase>
    <testcase name="SplObjectStorage_current_empty_storage" classname="ext/spl.SplObjectStorage_current_empty_storage">
    </testcase>
    <testcase name="SplObjectStorage_detach_invalid_parameter" classname="ext/spl.SplObjectStorage_detach_invalid_parameter">
    </testcase>
    <testcase name="SplObjectStorage_getHash" classname="ext/spl.SplObjectStorage_getHash">
    </testcase>
    <testcase name="SplObjectStorage_getInfo_empty_storage" classname="ext/spl.SplObjectStorage_getInfo_empty_storage">
    </testcase>
    <testcase name="SplObjectStorage_offsetGet" classname="ext/spl.SplObjectStorage_offsetGet">
    </testcase>
    <testcase name="SplObjectStorage_offsetGet_invalid_parameter" classname="ext/spl.SplObjectStorage_offsetGet_invalid_parameter">
    </testcase>
    <testcase name="SplObjectStorage_offsetGet_missing_object" classname="ext/spl.SplObjectStorage_offsetGet_missing_object">
    </testcase>
    <testcase name="SplObjectStorage_removeAllExcept_basic" classname="ext/spl.SplObjectStorage_removeAllExcept_basic">
    </testcase>
    <testcase name="SplObjectStorage_removeAllExcept_invalid_parameter" classname="ext/spl.SplObjectStorage_removeAllExcept_invalid_parameter">
    </testcase>
    <testcase name="SplObjectStorage_removeAll_invalid_parameter" classname="ext/spl.SplObjectStorage_removeAll_invalid_parameter">
    </testcase>
    <testcase name="SplObjectStorage_setInfo_empty_storage" classname="ext/spl.SplObjectStorage_setInfo_empty_storage">
    </testcase>
    <testcase name="SplObjectStorage_setInfo_invalid_parameter" classname="ext/spl.SplObjectStorage_setInfo_invalid_parameter">
    </testcase>
    <testcase name="SplObjectStorage_unserialize_bad" classname="ext/spl.SplObjectStorage_unserialize_bad">
    </testcase>
    <testcase name="SplObjectStorage_unserialize_invalid_parameter1" classname="ext/spl.SplObjectStorage_unserialize_invalid_parameter1">
    </testcase>
    <testcase name="SplObjectStorage_unserialize_invalid_parameter2" classname="ext/spl.SplObjectStorage_unserialize_invalid_parameter2">
    </testcase>
    <testcase name="SplObjectStorage_unserialize_invalid_parameter3" classname="ext/spl.SplObjectStorage_unserialize_invalid_parameter3">
    </testcase>
    <testcase name="SplObjectStorage_unserialize_nested" classname="ext/spl.SplObjectStorage_unserialize_nested">
    </testcase>
    <testcase name="SplObjectStorage_var_dump" classname="ext/spl.SplObjectStorage_var_dump">
    </testcase>
    <testcase name="SplPriorityQueue_extract_invalid_parameter" classname="ext/spl.SplPriorityQueue_extract_invalid_parameter">
    </testcase>
    <testcase name="SplPriorityQueue_insert_invalid_parameter" classname="ext/spl.SplPriorityQueue_insert_invalid_parameter">
    </testcase>
    <testcase name="SplQueue_setIteratorMode" classname="ext/spl.SplQueue_setIteratorMode">
    </testcase>
    <testcase name="SplQueue_setIteratorMode_param_lifo" classname="ext/spl.SplQueue_setIteratorMode_param_lifo">
    </testcase>
    <testcase name="SplStack_setIteratorMode" classname="ext/spl.SplStack_setIteratorMode">
    </testcase>
    <testcase name="SplTempFileObject_constructor_basic" classname="ext/spl.SplTempFileObject_constructor_basic">
    </testcase>
    <testcase name="SplTempFileObject_constructor_error" classname="ext/spl.SplTempFileObject_constructor_error">
    </testcase>
    <testcase name="SplTempFileObject_constructor_maxmemory_basic" classname="ext/spl.SplTempFileObject_constructor_maxmemory_basic">
    </testcase>
    <testcase name="SplTempFileObject_constructor_memory_lt1_variation" classname="ext/spl.SplTempFileObject_constructor_memory_lt1_variation">
    </testcase>
    <testcase name="arrayObject___construct_basic1" classname="ext/spl.arrayObject___construct_basic1">
    </testcase>
    <testcase name="arrayObject___construct_basic2" classname="ext/spl.arrayObject___construct_basic2">
    </testcase>
    <testcase name="arrayObject___construct_basic3" classname="ext/spl.arrayObject___construct_basic3">
    </testcase>
    <testcase name="arrayObject___construct_basic4" classname="ext/spl.arrayObject___construct_basic4">
    </testcase>
    <testcase name="arrayObject___construct_basic5" classname="ext/spl.arrayObject___construct_basic5">
    </testcase>
    <testcase name="arrayObject___construct_basic6" classname="ext/spl.arrayObject___construct_basic6">
    </testcase>
    <testcase name="arrayObject___construct_basic7" classname="ext/spl.arrayObject___construct_basic7">
    </testcase>
    <testcase name="arrayObject___construct_error1" classname="ext/spl.arrayObject___construct_error1">
    </testcase>
    <testcase name="arrayObject___construct_error2" classname="ext/spl.arrayObject___construct_error2">
    </testcase>
    <testcase name="arrayObject_asort_basic1" classname="ext/spl.arrayObject_asort_basic1">
    </testcase>
    <testcase name="arrayObject_asort_basic2" classname="ext/spl.arrayObject_asort_basic2">
    </testcase>
    <testcase name="arrayObject_clone_basic1" classname="ext/spl.arrayObject_clone_basic1">
    </testcase>
    <testcase name="arrayObject_clone_basic2" classname="ext/spl.arrayObject_clone_basic2">
    </testcase>
    <testcase name="arrayObject_clone_basic3" classname="ext/spl.arrayObject_clone_basic3">
    </testcase>
    <testcase name="arrayObject_count_basic1" classname="ext/spl.arrayObject_count_basic1">
    </testcase>
    <testcase name="arrayObject_exchangeArray_basic1" classname="ext/spl.arrayObject_exchangeArray_basic1">
    </testcase>
    <testcase name="arrayObject_exchangeArray_basic2" classname="ext/spl.arrayObject_exchangeArray_basic2">
    </testcase>
    <testcase name="arrayObject_exchangeArray_basic3" classname="ext/spl.arrayObject_exchangeArray_basic3">
    </testcase>
    <testcase name="arrayObject_getFlags_basic1" classname="ext/spl.arrayObject_getFlags_basic1">
    </testcase>
    <testcase name="arrayObject_getFlags_basic2" classname="ext/spl.arrayObject_getFlags_basic2">
    </testcase>
    <testcase name="arrayObject_getIteratorClass_basic1" classname="ext/spl.arrayObject_getIteratorClass_basic1">
    </testcase>
    <testcase name="arrayObject_ksort_basic1" classname="ext/spl.arrayObject_ksort_basic1">
    </testcase>
    <testcase name="arrayObject_ksort_basic2" classname="ext/spl.arrayObject_ksort_basic2">
    </testcase>
    <testcase name="arrayObject_magicMethods1" classname="ext/spl.arrayObject_magicMethods1">
    </testcase>
    <testcase name="arrayObject_magicMethods2" classname="ext/spl.arrayObject_magicMethods2">
    </testcase>
    <testcase name="arrayObject_magicMethods3" classname="ext/spl.arrayObject_magicMethods3">
    </testcase>
    <testcase name="arrayObject_magicMethods4" classname="ext/spl.arrayObject_magicMethods4">
    </testcase>
    <testcase name="arrayObject_magicMethods5" classname="ext/spl.arrayObject_magicMethods5">
    </testcase>
    <testcase name="arrayObject_magicMethods6" classname="ext/spl.arrayObject_magicMethods6">
    </testcase>
    <testcase name="arrayObject_natcasesort_basic1" classname="ext/spl.arrayObject_natcasesort_basic1">
    </testcase>
    <testcase name="arrayObject_natsort_basic1" classname="ext/spl.arrayObject_natsort_basic1">
    </testcase>
    <testcase name="arrayObject_offsetExists_nullcheck" classname="ext/spl.arrayObject_offsetExists_nullcheck">
    </testcase>
    <testcase name="arrayObject_setFlags_basic1" classname="ext/spl.arrayObject_setFlags_basic1">
    </testcase>
    <testcase name="arrayObject_setFlags_basic2" classname="ext/spl.arrayObject_setFlags_basic2">
    </testcase>
    <testcase name="arrayObject_setIteratorClass_error1" classname="ext/spl.arrayObject_setIteratorClass_error1">
    </testcase>
    <testcase name="arrayObject_uasort_basic1" classname="ext/spl.arrayObject_uasort_basic1">
    </testcase>
    <testcase name="arrayObject_uasort_error1" classname="ext/spl.arrayObject_uasort_error1">
    </testcase>
    <testcase name="arrayObject_uksort_basic1" classname="ext/spl.arrayObject_uksort_basic1">
    </testcase>
    <testcase name="arrayObject_uksort_error1" classname="ext/spl.arrayObject_uksort_error1">
    </testcase>
    <testcase name="array_001" classname="ext/spl.array_001">
    </testcase>
    <testcase name="array_002" classname="ext/spl.array_002">
    </testcase>
    <testcase name="array_003" classname="ext/spl.array_003">
    </testcase>
    <testcase name="array_004" classname="ext/spl.array_004">
    </testcase>
    <testcase name="array_005" classname="ext/spl.array_005">
    </testcase>
    <testcase name="array_006" classname="ext/spl.array_006">
    </testcase>
    <testcase name="array_007" classname="ext/spl.array_007">
    </testcase>
    <testcase name="array_008" classname="ext/spl.array_008">
    </testcase>
    <testcase name="array_009" classname="ext/spl.array_009">
    </testcase>
    <testcase name="array_009a" classname="ext/spl.array_009a">
    </testcase>
    <testcase name="array_010" classname="ext/spl.array_010">
    </testcase>
    <testcase name="array_011" classname="ext/spl.array_011">
    </testcase>
    <testcase name="array_012" classname="ext/spl.array_012">
    </testcase>
    <testcase name="array_013" classname="ext/spl.array_013">
    </testcase>
    <testcase name="array_014" classname="ext/spl.array_014">
    </testcase>
    <testcase name="array_015" classname="ext/spl.array_015">
    </testcase>
    <testcase name="array_016" classname="ext/spl.array_016">
    </testcase>
    <testcase name="array_017" classname="ext/spl.array_017">
    </testcase>
    <testcase name="array_018" classname="ext/spl.array_018">
    </testcase>
    <testcase name="array_019" classname="ext/spl.array_019">
    </testcase>
    <testcase name="array_020" classname="ext/spl.array_020">
    </testcase>
    <testcase name="array_021" classname="ext/spl.array_021">
    </testcase>
    <testcase name="array_022" classname="ext/spl.array_022">
    </testcase>
    <testcase name="array_023" classname="ext/spl.array_023">
    </testcase>
    <testcase name="array_024" classname="ext/spl.array_024">
    </testcase>
    <testcase name="array_025" classname="ext/spl.array_025">
    </testcase>
    <testcase name="array_026" classname="ext/spl.array_026">
    </testcase>
    <testcase name="array_027" classname="ext/spl.array_027">
    </testcase>
    <testcase name="array_028" classname="ext/spl.array_028">
    </testcase>
    <testcase name="bug28822" classname="ext/spl.bug28822">
    </testcase>
    <testcase name="bug31185" classname="ext/spl.bug31185">
    </testcase>
    <testcase name="bug31346" classname="ext/spl.bug31346">
    </testcase>
    <testcase name="bug31348" classname="ext/spl.bug31348">
    </testcase>
    <testcase name="bug31926" classname="ext/spl.bug31926">
    </testcase>
    <testcase name="bug32134" classname="ext/spl.bug32134">
    </testcase>
    <testcase name="bug32394" classname="ext/spl.bug32394">
    </testcase>
    <testcase name="bug33136" classname="ext/spl.bug33136">
    </testcase>
    <testcase name="bug34548" classname="ext/spl.bug34548">
    </testcase>
    <testcase name="bug36258" classname="ext/spl.bug36258">
    </testcase>
    <testcase name="bug36287" classname="ext/spl.bug36287">
    </testcase>
    <testcase name="bug36825" classname="ext/spl.bug36825">
    </testcase>
    <testcase name="bug36941" classname="ext/spl.bug36941">
    </testcase>
    <testcase name="bug37457" classname="ext/spl.bug37457">
    </testcase>
    <testcase name="bug38325" classname="ext/spl.bug38325">
    </testcase>
    <testcase name="bug38618" classname="ext/spl.bug38618">
    </testcase>
    <testcase name="bug40036" classname="ext/spl.bug40036">
    </testcase>
    <testcase name="bug40091" classname="ext/spl.bug40091">
    </testcase>
    <testcase name="bug40442" classname="ext/spl.bug40442">
    </testcase>
    <testcase name="bug40872" classname="ext/spl.bug40872">
    </testcase>
    <testcase name="bug41528" classname="ext/spl.bug41528">
    </testcase>
    <testcase name="bug41691" classname="ext/spl.bug41691">
    </testcase>
    <testcase name="bug41692" classname="ext/spl.bug41692">
    </testcase>
    <testcase name="bug41828" classname="ext/spl.bug41828">
    </testcase>
    <testcase name="bug42364" classname="ext/spl.bug42364">
    </testcase>
    <testcase name="bug42654" classname="ext/spl.bug42654">
    </testcase>
    <testcase name="bug42703" classname="ext/spl.bug42703">
    </testcase>
    <testcase name="bug44144" classname="ext/spl.bug44144">
    </testcase>
    <testcase name="bug44615" classname="ext/spl.bug44615">
    </testcase>
    <testcase name="bug45216" classname="ext/spl.bug45216">
    </testcase>
    <testcase name="bug45614" classname="ext/spl.bug45614">
    </testcase>
    <testcase name="bug45622" classname="ext/spl.bug45622">
    </testcase>
    <testcase name="bug45622b" classname="ext/spl.bug45622b">
    </testcase>
    <testcase name="bug45826" classname="ext/spl.bug45826">
    </testcase>
    <testcase name="bug46031" classname="ext/spl.bug46031">
    </testcase>
    <testcase name="bug46051" classname="ext/spl.bug46051">
    </testcase>
    <testcase name="bug46053" classname="ext/spl.bug46053">
    </testcase>
    <testcase name="bug46088" classname="ext/spl.bug46088">
    </testcase>
    <testcase name="bug46115" classname="ext/spl.bug46115">
    </testcase>
    <testcase name="bug46160" classname="ext/spl.bug46160">
    </testcase>
    <testcase name="bug47534" classname="ext/spl.bug47534">
    </testcase>
    <testcase name="bug48023" classname="ext/spl.bug48023">
    </testcase>
    <testcase name="bug48361" classname="ext/spl.bug48361">
    </testcase>
    <testcase name="bug48493" classname="ext/spl.bug48493">
    </testcase>
    <testcase name="bug49263" classname="ext/spl.bug49263">
    </testcase>
    <testcase name="bug49723" classname="ext/spl.bug49723">
    </testcase>
    <testcase name="bug49972" classname="ext/spl.bug49972">
    </testcase>
    <testcase name="bug50579" classname="ext/spl.bug50579">
    </testcase>
    <testcase name="bug51068" classname="ext/spl.bug51068">
    </testcase>
    <testcase name="bug51119" classname="ext/spl.bug51119">
    </testcase>
    <testcase name="bug51374" classname="ext/spl.bug51374">
    </testcase>
    <testcase name="bug51532" classname="ext/spl.bug51532">
    </testcase>
    <testcase name="bug52238" classname="ext/spl.bug52238">
    </testcase>
    <testcase name="bug52339" classname="ext/spl.bug52339">
    </testcase>
    <testcase name="bug52573" classname="ext/spl.bug52573">
    </testcase>
    <testcase name="bug52861" classname="ext/spl.bug52861">
    </testcase>
    <testcase name="bug53071" classname="ext/spl.bug53071">
    </testcase>
    <testcase name="bug53144" classname="ext/spl.bug53144">
    </testcase>
    <testcase name="bug53362" classname="ext/spl.bug53362">
    </testcase>
    <testcase name="bug53515" classname="ext/spl.bug53515">
    </testcase>
    <testcase name="bug54281" classname="ext/spl.bug54281">
    </testcase>
    <testcase name="bug54291" classname="ext/spl.bug54291">
    </testcase>
    <testcase name="bug54292" classname="ext/spl.bug54292">
    </testcase>
    <testcase name="bug54304" classname="ext/spl.bug54304">
    </testcase>
    <testcase name="bug54323" classname="ext/spl.bug54323">
    </testcase>
    <testcase name="bug54384" classname="ext/spl.bug54384">
    </testcase>
    <testcase name="bug54970" classname="ext/spl.bug54970">
    </testcase>
    <testcase name="bug54971" classname="ext/spl.bug54971">
    </testcase>
    <testcase name="bug55157_variation" classname="ext/spl.bug55157_variation">
    </testcase>
    <testcase name="bug55701" classname="ext/spl.bug55701">
    </testcase>
    <testcase name="bug60201" classname="ext/spl.bug60201">
    </testcase>
    <testcase name="bug61326" classname="ext/spl.bug61326">
    </testcase>
    <testcase name="bug61347" classname="ext/spl.bug61347">
    </testcase>
    <testcase name="bug61418" classname="ext/spl.bug61418">
    </testcase>
    <testcase name="bug61453" classname="ext/spl.bug61453">
    </testcase>
    <testcase name="bug61527" classname="ext/spl.bug61527">
    </testcase>
    <testcase name="bug61697" classname="ext/spl.bug61697">
    </testcase>
    <testcase name="bug61828" classname="ext/spl.bug61828">
    </testcase>
    <testcase name="bug62059" classname="ext/spl.bug62059">
    </testcase>
    <testcase name="bug62073" classname="ext/spl.bug62073">
    </testcase>
    <testcase name="bug62262" classname="ext/spl.bug62262">
    </testcase>
    <testcase name="bug62328" classname="ext/spl.bug62328">
    </testcase>
    <testcase name="bug62433" classname="ext/spl.bug62433">
    </testcase>
    <testcase name="bug62616" classname="ext/spl.bug62616">
    </testcase>
    <testcase name="bug62672" classname="ext/spl.bug62672">
    </testcase>
    <testcase name="bug62904" classname="ext/spl.bug62904">
    </testcase>
    <testcase name="bug62978" classname="ext/spl.bug62978">
    </testcase>
    <testcase name="bug63680" classname="ext/spl.bug63680">
    </testcase>
    <testcase name="bug64023" classname="ext/spl.bug64023">
    </testcase>
    <testcase name="bug64106" classname="ext/spl.bug64106">
    </testcase>
    <testcase name="bug64228" classname="ext/spl.bug64228">
    </testcase>
    <testcase name="bug64264" classname="ext/spl.bug64264">
    </testcase>
    <testcase name="bug64782" classname="ext/spl.bug64782">
    </testcase>
    <testcase name="bug65213" classname="ext/spl.bug65213">
    </testcase>
    <testcase name="bug65328" classname="ext/spl.bug65328">
    </testcase>
    <testcase name="bug65545" classname="ext/spl.bug65545">
    </testcase>
    <testcase name="bug65967" classname="ext/spl.bug65967">
    </testcase>
    <testcase name="bug66127" classname="ext/spl.bug66127">
    </testcase>
    <testcase name="bug66405" classname="ext/spl.bug66405">
    </testcase>
    <testcase name="bug66702" classname="ext/spl.bug66702">
    </testcase>
    <testcase name="bug66834" classname="ext/spl.bug66834">
    </testcase>
    <testcase name="bug67247" classname="ext/spl.bug67247">
    </testcase>
    <testcase name="bug67359" classname="ext/spl.bug67359">
    </testcase>
    <testcase name="bug67360" classname="ext/spl.bug67360">
    </testcase>
    <testcase name="bug67538" classname="ext/spl.bug67538">
    </testcase>
    <testcase name="bug67539" classname="ext/spl.bug67539">
    </testcase>
    <testcase name="bug67582" classname="ext/spl.bug67582">
    </testcase>
    <testcase name="bug67805" classname="ext/spl.bug67805">
    </testcase>
    <testcase name="bug68128-USE_KEY" classname="ext/spl.bug68128-USE_KEY">
    </testcase>
    <testcase name="bug68128" classname="ext/spl.bug68128">
    </testcase>
    <testcase name="bug68175" classname="ext/spl.bug68175">
    </testcase>
    <testcase name="bug68479" classname="ext/spl.bug68479">
    </testcase>
    <testcase name="bug68557" classname="ext/spl.bug68557">
    </testcase>
    <testcase name="bug68825" classname="ext/spl.bug68825">
    </testcase>
    <testcase name="bug69108" classname="ext/spl.bug69108">
    </testcase>
    <testcase name="bug69227" classname="ext/spl.bug69227">
    </testcase>
    <testcase name="bug69335" classname="ext/spl.bug69335">
    </testcase>
    <testcase name="bug69737" classname="ext/spl.bug69737">
    </testcase>
    <testcase name="bug69845" classname="ext/spl.bug69845">
    </testcase>
    <testcase name="bug69970" classname="ext/spl.bug69970">
    </testcase>
    <testcase name="bug70053" classname="ext/spl.bug70053">
    </testcase>
    <testcase name="bug70068" classname="ext/spl.bug70068">
    </testcase>
    <testcase name="bug70155" classname="ext/spl.bug70155">
    </testcase>
    <testcase name="bug70166" classname="ext/spl.bug70166">
    </testcase>
    <testcase name="bug70168" classname="ext/spl.bug70168">
    </testcase>
    <testcase name="bug70169" classname="ext/spl.bug70169">
    </testcase>
    <testcase name="bug70303" classname="ext/spl.bug70303">
    </testcase>
    <testcase name="bug70365" classname="ext/spl.bug70365">
    </testcase>
    <testcase name="bug70366" classname="ext/spl.bug70366">
    </testcase>
    <testcase name="bug70561" classname="ext/spl.bug70561">
    </testcase>
    <testcase name="bug70573" classname="ext/spl.bug70573">
    </testcase>
    <testcase name="bug70730" classname="ext/spl.bug70730">
    </testcase>
    <testcase name="bug70852" classname="ext/spl.bug70852">
    </testcase>
    <testcase name="bug70853" classname="ext/spl.bug70853">
    </testcase>
    <testcase name="bug70868" classname="ext/spl.bug70868">
    </testcase>
    <testcase name="bug70959" classname="ext/spl.bug70959">
    </testcase>
    <testcase name="bug71028" classname="ext/spl.bug71028">
    </testcase>
    <testcase name="bug71153" classname="ext/spl.bug71153">
    </testcase>
    <testcase name="bug71202" classname="ext/spl.bug71202">
    </testcase>
    <testcase name="bug71204" classname="ext/spl.bug71204">
    </testcase>
    <testcase name="bug71412" classname="ext/spl.bug71412">
    </testcase>
    <testcase name="bug71617" classname="ext/spl.bug71617">
    </testcase>
    <testcase name="bug71735" classname="ext/spl.bug71735">
    </testcase>
    <testcase name="bug71838" classname="ext/spl.bug71838">
    </testcase>
    <testcase name="bug72051" classname="ext/spl.bug72051">
    </testcase>
    <testcase name="bug72684" classname="ext/spl.bug72684">
    </testcase>
    <testcase name="bug72888" classname="ext/spl.bug72888">
    </testcase>
    <testcase name="bug73029" classname="ext/spl.bug73029">
    </testcase>
    <testcase name="bug73209" classname="ext/spl.bug73209">
    </testcase>
    <testcase name="bug73423" classname="ext/spl.bug73423">
    </testcase>
    <testcase name="bug73471" classname="ext/spl.bug73471">
    </testcase>
    <testcase name="bug73629" classname="ext/spl.bug73629">
    </testcase>
    <testcase name="bug73686" classname="ext/spl.bug73686">
    </testcase>
    <testcase name="bug73896" classname="ext/spl.bug73896">
    </testcase>
    <testcase name="bug74058" classname="ext/spl.bug74058">
    </testcase>
    <testcase name="bug74372" classname="ext/spl.bug74372">
    </testcase>
    <testcase name="bug74478" classname="ext/spl.bug74478">
    </testcase>
    <testcase name="bug74519" classname="ext/spl.bug74519">
    </testcase>
    <testcase name="bug74669" classname="ext/spl.bug74669">
    </testcase>
    <testcase name="bug75049" classname="ext/spl.bug75049">
    </testcase>
    <testcase name="bug75155" classname="ext/spl.bug75155">
    </testcase>
    <testcase name="bug75173" classname="ext/spl.bug75173">
    </testcase>
    <testcase name="bug75242" classname="ext/spl.bug75242">
    </testcase>
    <testcase name="bug75717" classname="ext/spl.bug75717">
    </testcase>
    <testcase name="bug76367" classname="ext/spl.bug76367">
    </testcase>
    <testcase name="bug77024" classname="ext/spl.bug77024">
    </testcase>
    <testcase name="bug77263" classname="ext/spl.bug77263">
    </testcase>
    <testcase name="bug77298" classname="ext/spl.bug77298">
    </testcase>
    <testcase name="bug77359" classname="ext/spl.bug77359">
    </testcase>
    <testcase name="bug77360" classname="ext/spl.bug77360">
    </testcase>
    <testcase name="bug77431" classname="ext/spl.bug77431">
    </testcase>
    <testcase name="bug77751" classname="ext/spl.bug77751">
    </testcase>
    <testcase name="bug77903" classname="ext/spl.bug77903">
    </testcase>
    <testcase name="class_implements_basic" classname="ext/spl.class_implements_basic">
    </testcase>
    <testcase name="class_implements_basic2" classname="ext/spl.class_implements_basic2">
    </testcase>
    <testcase name="class_implements_variation" classname="ext/spl.class_implements_variation">
    </testcase>
    <testcase name="class_implements_variation1" classname="ext/spl.class_implements_variation1">
    </testcase>
    <testcase name="class_implements_variation2" classname="ext/spl.class_implements_variation2">
    </testcase>
    <testcase name="class_uses_basic" classname="ext/spl.class_uses_basic">
    </testcase>
    <testcase name="class_uses_basic2" classname="ext/spl.class_uses_basic2">
    </testcase>
    <testcase name="class_uses_variation" classname="ext/spl.class_uses_variation">
    </testcase>
    <testcase name="class_uses_variation1" classname="ext/spl.class_uses_variation1">
    </testcase>
    <testcase name="class_uses_variation2" classname="ext/spl.class_uses_variation2">
    </testcase>
    <testcase name="countable_class_basic1" classname="ext/spl.countable_class_basic1">
    </testcase>
    <testcase name="countable_count_variation1" classname="ext/spl.countable_count_variation1">
    </testcase>
    <testcase name="dit_001" classname="ext/spl.dit_001">
    </testcase>
    <testcase name="dit_001_noglob" classname="ext/spl.dit_001_noglob">
      <skipped message="" />
    </testcase>
    <testcase name="dit_002" classname="ext/spl.dit_002">
    </testcase>
    <testcase name="dit_003" classname="ext/spl.dit_003">
    </testcase>
    <testcase name="dit_004" classname="ext/spl.dit_004">
    </testcase>
    <testcase name="dit_005" classname="ext/spl.dit_005">
    </testcase>
    <testcase name="dit_006" classname="ext/spl.dit_006">
    </testcase>
    <testcase name="dllist_001" classname="ext/spl.dllist_001">
    </testcase>
    <testcase name="dllist_002" classname="ext/spl.dllist_002">
    </testcase>
    <testcase name="dllist_003" classname="ext/spl.dllist_003">
    </testcase>
    <testcase name="dllist_004" classname="ext/spl.dllist_004">
    </testcase>
    <testcase name="dllist_005" classname="ext/spl.dllist_005">
    </testcase>
    <testcase name="dllist_006" classname="ext/spl.dllist_006">
    </testcase>
    <testcase name="dllist_007" classname="ext/spl.dllist_007">
    </testcase>
    <testcase name="dllist_008" classname="ext/spl.dllist_008">
    </testcase>
    <testcase name="dllist_010" classname="ext/spl.dllist_010">
    </testcase>
    <testcase name="dllist_011" classname="ext/spl.dllist_011">
    </testcase>
    <testcase name="dllist_012" classname="ext/spl.dllist_012">
    </testcase>
    <testcase name="dllist_013" classname="ext/spl.dllist_013">
    </testcase>
    <testcase name="dllist_memleak" classname="ext/spl.dllist_memleak">
    </testcase>
    <testcase name="fileobject_001" classname="ext/spl.fileobject_001">
    </testcase>
    <testcase name="fileobject_002" classname="ext/spl.fileobject_002">
    </testcase>
    <testcase name="fileobject_003" classname="ext/spl.fileobject_003">
    </testcase>
    <testcase name="fileobject_004" classname="ext/spl.fileobject_004">
    </testcase>
    <testcase name="fileobject_005" classname="ext/spl.fileobject_005">
    </testcase>
    <testcase name="fileobject_checktype_basic" classname="ext/spl.fileobject_checktype_basic">
    </testcase>
    <testcase name="fileobject_getbasename_basic" classname="ext/spl.fileobject_getbasename_basic">
    </testcase>
    <testcase name="fileobject_getcurrentline_basic" classname="ext/spl.fileobject_getcurrentline_basic">
    </testcase>
    <testcase name="fileobject_getfileinfo_basic" classname="ext/spl.fileobject_getfileinfo_basic">
    </testcase>
    <testcase name="fileobject_getmaxlinelen_basic" classname="ext/spl.fileobject_getmaxlinelen_basic">
    </testcase>
    <testcase name="fileobject_getmaxlinelen_error001" classname="ext/spl.fileobject_getmaxlinelen_error001">
    </testcase>
    <testcase name="fileobject_getsize_basic" classname="ext/spl.fileobject_getsize_basic">
    </testcase>
    <testcase name="fileobject_setmaxlinelen_basic" classname="ext/spl.fileobject_setmaxlinelen_basic">
    </testcase>
    <testcase name="fileobject_setmaxlinelen_error001" classname="ext/spl.fileobject_setmaxlinelen_error001">
    </testcase>
    <testcase name="fileobject_setmaxlinelen_error002" classname="ext/spl.fileobject_setmaxlinelen_error002">
    </testcase>
    <testcase name="fileobject_setmaxlinelen_error003" classname="ext/spl.fileobject_setmaxlinelen_error003">
    </testcase>
    <testcase name="filesystemiterator_flags" classname="ext/spl.filesystemiterator_flags">
    </testcase>
    <testcase name="fixedarray_001" classname="ext/spl.fixedarray_001">
    </testcase>
    <testcase name="fixedarray_002" classname="ext/spl.fixedarray_002">
    </testcase>
    <testcase name="fixedarray_003" classname="ext/spl.fixedarray_003">
    </testcase>
    <testcase name="fixedarray_004" classname="ext/spl.fixedarray_004">
    </testcase>
    <testcase name="fixedarray_005" classname="ext/spl.fixedarray_005">
    </testcase>
    <testcase name="fixedarray_006" classname="ext/spl.fixedarray_006">
    </testcase>
    <testcase name="fixedarray_007" classname="ext/spl.fixedarray_007">
    </testcase>
    <testcase name="fixedarray_008" classname="ext/spl.fixedarray_008">
    </testcase>
    <testcase name="fixedarray_009" classname="ext/spl.fixedarray_009">
    </testcase>
    <testcase name="fixedarray_010" classname="ext/spl.fixedarray_010">
    </testcase>
    <testcase name="fixedarray_011" classname="ext/spl.fixedarray_011">
    </testcase>
    <testcase name="fixedarray_012" classname="ext/spl.fixedarray_012">
    </testcase>
    <testcase name="fixedarray_013" classname="ext/spl.fixedarray_013">
    </testcase>
    <testcase name="fixedarray_014" classname="ext/spl.fixedarray_014">
    </testcase>
    <testcase name="fixedarray_015" classname="ext/spl.fixedarray_015">
    </testcase>
    <testcase name="fixedarray_016" classname="ext/spl.fixedarray_016">
    </testcase>
    <testcase name="fixedarray_018" classname="ext/spl.fixedarray_018">
    </testcase>
    <testcase name="fixedarray_019" classname="ext/spl.fixedarray_019">
    </testcase>
    <testcase name="fixedarray_020" classname="ext/spl.fixedarray_020">
    </testcase>
    <testcase name="fixedarray_021" classname="ext/spl.fixedarray_021">
    </testcase>
    <testcase name="heap_001" classname="ext/spl.heap_001">
    </testcase>
    <testcase name="heap_002" classname="ext/spl.heap_002">
    </testcase>
    <testcase name="heap_003" classname="ext/spl.heap_003">
    </testcase>
    <testcase name="heap_004" classname="ext/spl.heap_004">
    </testcase>
    <testcase name="heap_005" classname="ext/spl.heap_005">
    </testcase>
    <testcase name="heap_006" classname="ext/spl.heap_006">
    </testcase>
    <testcase name="heap_007" classname="ext/spl.heap_007">
    </testcase>
    <testcase name="heap_008" classname="ext/spl.heap_008">
    </testcase>
    <testcase name="heap_009" classname="ext/spl.heap_009">
    </testcase>
    <testcase name="heap_010" classname="ext/spl.heap_010">
    </testcase>
    <testcase name="heap_011" classname="ext/spl.heap_011">
    </testcase>
    <testcase name="heap_012" classname="ext/spl.heap_012">
    </testcase>
    <testcase name="heap_corruption" classname="ext/spl.heap_corruption">
    </testcase>
    <testcase name="heap_current_variation_001" classname="ext/spl.heap_current_variation_001">
    </testcase>
    <testcase name="heap_isempty_variation_001" classname="ext/spl.heap_isempty_variation_001">
    </testcase>
    <testcase name="heap_it_current_empty" classname="ext/spl.heap_it_current_empty">
    </testcase>
    <testcase name="heap_top_variation_001" classname="ext/spl.heap_top_variation_001">
    </testcase>
    <testcase name="heap_top_variation_002" classname="ext/spl.heap_top_variation_002">
    </testcase>
    <testcase name="heap_top_variation_003" classname="ext/spl.heap_top_variation_003">
    </testcase>
    <testcase name="iterator_001" classname="ext/spl.iterator_001">
    </testcase>
    <testcase name="iterator_002" classname="ext/spl.iterator_002">
    </testcase>
    <testcase name="iterator_003" classname="ext/spl.iterator_003">
    </testcase>
    <testcase name="iterator_004" classname="ext/spl.iterator_004">
    </testcase>
    <testcase name="iterator_005" classname="ext/spl.iterator_005">
    </testcase>
    <testcase name="iterator_006" classname="ext/spl.iterator_006">
    </testcase>
    <testcase name="iterator_007" classname="ext/spl.iterator_007">
    </testcase>
    <testcase name="iterator_008" classname="ext/spl.iterator_008">
    </testcase>
    <testcase name="iterator_009" classname="ext/spl.iterator_009">
    </testcase>
    <testcase name="iterator_010" classname="ext/spl.iterator_010">
    </testcase>
    <testcase name="iterator_011" classname="ext/spl.iterator_011">
    </testcase>
    <testcase name="iterator_012" classname="ext/spl.iterator_012">
    </testcase>
    <testcase name="iterator_013" classname="ext/spl.iterator_013">
    </testcase>
    <testcase name="iterator_014" classname="ext/spl.iterator_014">
    </testcase>
    <testcase name="iterator_015" classname="ext/spl.iterator_015">
    </testcase>
    <testcase name="iterator_016" classname="ext/spl.iterator_016">
    </testcase>
    <testcase name="iterator_018" classname="ext/spl.iterator_018">
    </testcase>
    <testcase name="iterator_021" classname="ext/spl.iterator_021">
    </testcase>
    <testcase name="iterator_022" classname="ext/spl.iterator_022">
    </testcase>
    <testcase name="iterator_023" classname="ext/spl.iterator_023">
    </testcase>
    <testcase name="iterator_024" classname="ext/spl.iterator_024">
    </testcase>
    <testcase name="iterator_025" classname="ext/spl.iterator_025">
    </testcase>
    <testcase name="iterator_026" classname="ext/spl.iterator_026">
    </testcase>
    <testcase name="iterator_027" classname="ext/spl.iterator_027">
    </testcase>
    <testcase name="iterator_028" classname="ext/spl.iterator_028">
    </testcase>
    <testcase name="iterator_029" classname="ext/spl.iterator_029">
    </testcase>
    <testcase name="iterator_030" classname="ext/spl.iterator_030">
    </testcase>
    <testcase name="iterator_031" classname="ext/spl.iterator_031">
    </testcase>
    <testcase name="iterator_032" classname="ext/spl.iterator_032">
    </testcase>
    <testcase name="iterator_033" classname="ext/spl.iterator_033">
    </testcase>
    <testcase name="iterator_034" classname="ext/spl.iterator_034">
    </testcase>
    <testcase name="iterator_035" classname="ext/spl.iterator_035">
    </testcase>
    <testcase name="iterator_036" classname="ext/spl.iterator_036">
    </testcase>
    <testcase name="iterator_037" classname="ext/spl.iterator_037">
    </testcase>
    <testcase name="iterator_038" classname="ext/spl.iterator_038">
    </testcase>
    <testcase name="iterator_039" classname="ext/spl.iterator_039">
    </testcase>
    <testcase name="iterator_040" classname="ext/spl.iterator_040">
    </testcase>
    <testcase name="iterator_041" classname="ext/spl.iterator_041">
    </testcase>
    <testcase name="iterator_041a" classname="ext/spl.iterator_041a">
    </testcase>
    <testcase name="iterator_041b" classname="ext/spl.iterator_041b">
    </testcase>
    <testcase name="iterator_042" classname="ext/spl.iterator_042">
    </testcase>
    <testcase name="iterator_043" classname="ext/spl.iterator_043">
    </testcase>
    <testcase name="iterator_044" classname="ext/spl.iterator_044">
    </testcase>
    <testcase name="iterator_045" classname="ext/spl.iterator_045">
    </testcase>
    <testcase name="iterator_046" classname="ext/spl.iterator_046">
    </testcase>
    <testcase name="iterator_047" classname="ext/spl.iterator_047">
    </testcase>
    <testcase name="iterator_048" classname="ext/spl.iterator_048">
    </testcase>
    <testcase name="iterator_049" classname="ext/spl.iterator_049">
    </testcase>
    <testcase name="iterator_049b" classname="ext/spl.iterator_049b">
    </testcase>
    <testcase name="iterator_050" classname="ext/spl.iterator_050">
    </testcase>
    <testcase name="iterator_051" classname="ext/spl.iterator_051">
    </testcase>
    <testcase name="iterator_052" classname="ext/spl.iterator_052">
    </testcase>
    <testcase name="iterator_053" classname="ext/spl.iterator_053">
    </testcase>
    <testcase name="iterator_054" classname="ext/spl.iterator_054">
    </testcase>
    <testcase name="iterator_055" classname="ext/spl.iterator_055">
    </testcase>
    <testcase name="iterator_056" classname="ext/spl.iterator_056">
    </testcase>
    <testcase name="iterator_057" classname="ext/spl.iterator_057">
    </testcase>
    <testcase name="iterator_058" classname="ext/spl.iterator_058">
    </testcase>
    <testcase name="iterator_062" classname="ext/spl.iterator_062">
    </testcase>
    <testcase name="iterator_067" classname="ext/spl.iterator_067">
    </testcase>
    <testcase name="iterator_068" classname="ext/spl.iterator_068">
    </testcase>
    <testcase name="iterator_069" classname="ext/spl.iterator_069">
    </testcase>
    <testcase name="iterator_070" classname="ext/spl.iterator_070">
    </testcase>
    <testcase name="iterator_071" classname="ext/spl.iterator_071">
    </testcase>
    <testcase name="iterator_count" classname="ext/spl.iterator_count">
    </testcase>
    <testcase name="iterator_to_array" classname="ext/spl.iterator_to_array">
    </testcase>
    <testcase name="iterator_to_array_nonscalar_keys" classname="ext/spl.iterator_to_array_nonscalar_keys">
    </testcase>
    <testcase name="limititerator_seek" classname="ext/spl.limititerator_seek">
    </testcase>
    <testcase name="multiple_iterator_001" classname="ext/spl.multiple_iterator_001">
    </testcase>
    <testcase name="observer_001" classname="ext/spl.observer_001">
    </testcase>
    <testcase name="observer_002" classname="ext/spl.observer_002">
    </testcase>
    <testcase name="observer_003" classname="ext/spl.observer_003">
    </testcase>
    <testcase name="observer_004" classname="ext/spl.observer_004">
    </testcase>
    <testcase name="observer_005" classname="ext/spl.observer_005">
    </testcase>
    <testcase name="observer_006" classname="ext/spl.observer_006">
    </testcase>
    <testcase name="observer_007" classname="ext/spl.observer_007">
    </testcase>
    <testcase name="observer_008" classname="ext/spl.observer_008">
    </testcase>
    <testcase name="observer_009" classname="ext/spl.observer_009">
    </testcase>
    <testcase name="observer_010" classname="ext/spl.observer_010">
    </testcase>
    <testcase name="pqueue_001" classname="ext/spl.pqueue_001">
    </testcase>
    <testcase name="pqueue_002" classname="ext/spl.pqueue_002">
    </testcase>
    <testcase name="pqueue_003" classname="ext/spl.pqueue_003">
    </testcase>
    <testcase name="pqueue_004" classname="ext/spl.pqueue_004">
    </testcase>
    <testcase name="pqueue_compare_basic" classname="ext/spl.pqueue_compare_basic">
    </testcase>
    <testcase name="pqueue_compare_error" classname="ext/spl.pqueue_compare_error">
    </testcase>
    <testcase name="pqueue_current_error" classname="ext/spl.pqueue_current_error">
    </testcase>
    <testcase name="recursiveIteratorIterator_beginchildren_error" classname="ext/spl.recursiveIteratorIterator_beginchildren_error">
    </testcase>
    <testcase name="recursiveIteratorIterator_callHasChildren_error" classname="ext/spl.recursiveIteratorIterator_callHasChildren_error">
    </testcase>
    <testcase name="recursiveIteratorIterator_endchildren_error" classname="ext/spl.recursiveIteratorIterator_endchildren_error">
    </testcase>
    <testcase name="recursiveIteratorIterator_nextelement_error" classname="ext/spl.recursiveIteratorIterator_nextelement_error">
    </testcase>
    <testcase name="recursive_tree_iterator_001" classname="ext/spl.recursive_tree_iterator_001">
    </testcase>
    <testcase name="recursive_tree_iterator_002" classname="ext/spl.recursive_tree_iterator_002">
    </testcase>
    <testcase name="recursive_tree_iterator_003" classname="ext/spl.recursive_tree_iterator_003">
    </testcase>
    <testcase name="recursive_tree_iterator_004" classname="ext/spl.recursive_tree_iterator_004">
    </testcase>
    <testcase name="recursive_tree_iterator_005" classname="ext/spl.recursive_tree_iterator_005">
    </testcase>
    <testcase name="recursive_tree_iterator_006" classname="ext/spl.recursive_tree_iterator_006">
    </testcase>
    <testcase name="recursive_tree_iterator_007" classname="ext/spl.recursive_tree_iterator_007">
    </testcase>
    <testcase name="recursive_tree_iterator_008" classname="ext/spl.recursive_tree_iterator_008">
    </testcase>
    <testcase name="recursive_tree_iterator_setpostfix" classname="ext/spl.recursive_tree_iterator_setpostfix">
    </testcase>
    <testcase name="recursive_tree_iterator_setprefixpart" classname="ext/spl.recursive_tree_iterator_setprefixpart">
    </testcase>
    <testcase name="recursiveiteratoriterator_beginiteration_basic" classname="ext/spl.recursiveiteratoriterator_beginiteration_basic">
    </testcase>
    <testcase name="recursiveiteratoriterator_enditeration_basic" classname="ext/spl.recursiveiteratoriterator_enditeration_basic">
    </testcase>
    <testcase name="recursiveiteratoriterator_getsubiterator_basic" classname="ext/spl.recursiveiteratoriterator_getsubiterator_basic">
    </testcase>
    <testcase name="recursiveiteratoriterator_getsubiterator_error" classname="ext/spl.recursiveiteratoriterator_getsubiterator_error">
    </testcase>
    <testcase name="recursiveiteratoriterator_getsubiterator_variation" classname="ext/spl.recursiveiteratoriterator_getsubiterator_variation">
    </testcase>
    <testcase name="recursiveiteratoriterator_getsubiterator_variation_002" classname="ext/spl.recursiveiteratoriterator_getsubiterator_variation_002">
    </testcase>
    <testcase name="recursiveiteratoriterator_getsubiterator_variation_003" classname="ext/spl.recursiveiteratoriterator_getsubiterator_variation_003">
    </testcase>
    <testcase name="recursiveiteratoriterator_nextelement_basic" classname="ext/spl.recursiveiteratoriterator_nextelement_basic">
    </testcase>
    <testcase name="regexIterator_flags_basic" classname="ext/spl.regexIterator_flags_basic">
    </testcase>
    <testcase name="regexIterator_mode_basic" classname="ext/spl.regexIterator_mode_basic">
    </testcase>
    <testcase name="regexIterator_setMode_error" classname="ext/spl.regexIterator_setMode_error">
    </testcase>
    <testcase name="regexiterator_getpregflags" classname="ext/spl.regexiterator_getpregflags">
    </testcase>
    <testcase name="regexiterator_getregex" classname="ext/spl.regexiterator_getregex">
    </testcase>
    <testcase name="regexiterator_setflags_exception" classname="ext/spl.regexiterator_setflags_exception">
    </testcase>
    <testcase name="regexiterator_setpregflags" classname="ext/spl.regexiterator_setpregflags">
    </testcase>
    <testcase name="regexiterator_setpregflags_exception" classname="ext/spl.regexiterator_setpregflags_exception">
    </testcase>
    <testcase name="splDoublyLinkedList_shift_noParams" classname="ext/spl.splDoublyLinkedList_shift_noParams">
    </testcase>
    <testcase name="spl_001" classname="ext/spl.spl_001">
    </testcase>
    <testcase name="spl_002" classname="ext/spl.spl_002">
    </testcase>
    <testcase name="spl_003" classname="ext/spl.spl_003">
    </testcase>
    <testcase name="spl_004" classname="ext/spl.spl_004">
    </testcase>
    <testcase name="spl_005" classname="ext/spl.spl_005">
    </testcase>
    <testcase name="spl_006" classname="ext/spl.spl_006">
    </testcase>
    <testcase name="spl_007" classname="ext/spl.spl_007">
    </testcase>
    <testcase name="spl_autoload_001" classname="ext/spl.spl_autoload_001">
    </testcase>
    <testcase name="spl_autoload_002" classname="ext/spl.spl_autoload_002">
    </testcase>
    <testcase name="spl_autoload_003" classname="ext/spl.spl_autoload_003">
    </testcase>
    <testcase name="spl_autoload_004" classname="ext/spl.spl_autoload_004">
    </testcase>
    <testcase name="spl_autoload_005" classname="ext/spl.spl_autoload_005">
    </testcase>
    <testcase name="spl_autoload_006" classname="ext/spl.spl_autoload_006">
    </testcase>
    <testcase name="spl_autoload_007" classname="ext/spl.spl_autoload_007">
    </testcase>
    <testcase name="spl_autoload_008" classname="ext/spl.spl_autoload_008">
    </testcase>
    <testcase name="spl_autoload_009" classname="ext/spl.spl_autoload_009">
    </testcase>
    <testcase name="spl_autoload_010" classname="ext/spl.spl_autoload_010">
    </testcase>
    <testcase name="spl_autoload_011" classname="ext/spl.spl_autoload_011">
    </testcase>
    <testcase name="spl_autoload_012" classname="ext/spl.spl_autoload_012">
    </testcase>
    <testcase name="spl_autoload_013" classname="ext/spl.spl_autoload_013">
    </testcase>
    <testcase name="spl_autoload_014" classname="ext/spl.spl_autoload_014">
    </testcase>
    <testcase name="spl_autoload_bug48541" classname="ext/spl.spl_autoload_bug48541">
    </testcase>
    <testcase name="spl_autoload_call_basic" classname="ext/spl.spl_autoload_call_basic">
    </testcase>
    <testcase name="spl_caching_iterator_constructor_flags" classname="ext/spl.spl_caching_iterator_constructor_flags">
    </testcase>
    <testcase name="spl_cachingiterator___toString_basic" classname="ext/spl.spl_cachingiterator___toString_basic">
    </testcase>
    <testcase name="spl_cachingiterator_setFlags_basic" classname="ext/spl.spl_cachingiterator_setFlags_basic">
    </testcase>
    <testcase name="spl_classes" classname="ext/spl.spl_classes">
    </testcase>
    <testcase name="spl_fileinfo_getextension_leadingdot" classname="ext/spl.spl_fileinfo_getextension_leadingdot">
    </testcase>
    <testcase name="spl_fileinfo_getlinktarget_basic" classname="ext/spl.spl_fileinfo_getlinktarget_basic">
    </testcase>
    <testcase name="spl_heap_count_basic" classname="ext/spl.spl_heap_count_basic">
    </testcase>
    <testcase name="spl_heap_count_error" classname="ext/spl.spl_heap_count_error">
    </testcase>
    <testcase name="spl_heap_extract_parameter_error" classname="ext/spl.spl_heap_extract_parameter_error">
    </testcase>
    <testcase name="spl_heap_insert_basic" classname="ext/spl.spl_heap_insert_basic">
    </testcase>
    <testcase name="spl_heap_is_empty_basic" classname="ext/spl.spl_heap_is_empty_basic">
    </testcase>
    <testcase name="spl_heap_isempty" classname="ext/spl.spl_heap_isempty">
    </testcase>
    <testcase name="spl_heap_iteration_error" classname="ext/spl.spl_heap_iteration_error">
    </testcase>
    <testcase name="spl_heap_recoverfromcorruption_arguments" classname="ext/spl.spl_heap_recoverfromcorruption_arguments">
    </testcase>
    <testcase name="spl_iterator_apply_error" classname="ext/spl.spl_iterator_apply_error">
    </testcase>
    <testcase name="spl_iterator_apply_error_001" classname="ext/spl.spl_iterator_apply_error_001">
    </testcase>
    <testcase name="spl_iterator_caching_count_basic" classname="ext/spl.spl_iterator_caching_count_basic">
    </testcase>
    <testcase name="spl_iterator_caching_count_error" classname="ext/spl.spl_iterator_caching_count_error">
    </testcase>
    <testcase name="spl_iterator_caching_getcache_error" classname="ext/spl.spl_iterator_caching_getcache_error">
    </testcase>
    <testcase name="spl_iterator_getcallchildren" classname="ext/spl.spl_iterator_getcallchildren">
    </testcase>
    <testcase name="spl_iterator_iterator_constructor" classname="ext/spl.spl_iterator_iterator_constructor">
    </testcase>
    <testcase name="spl_iterator_recursive_getiterator_error" classname="ext/spl.spl_iterator_recursive_getiterator_error">
    </testcase>
    <testcase name="spl_iterator_to_array_basic" classname="ext/spl.spl_iterator_to_array_basic">
    </testcase>
    <testcase name="spl_iterator_to_array_error" classname="ext/spl.spl_iterator_to_array_error">
    </testcase>
    <testcase name="spl_limit_iterator_check_limits" classname="ext/spl.spl_limit_iterator_check_limits">
    </testcase>
    <testcase name="spl_maxheap_compare_basic" classname="ext/spl.spl_maxheap_compare_basic">
    </testcase>
    <testcase name="spl_minheap_compare_error" classname="ext/spl.spl_minheap_compare_error">
    </testcase>
    <testcase name="spl_object_id" classname="ext/spl.spl_object_id">
    </testcase>
    <testcase name="spl_pq_top_basic" classname="ext/spl.spl_pq_top_basic">
    </testcase>
    <testcase name="spl_pq_top_error_args" classname="ext/spl.spl_pq_top_error_args">
    </testcase>
    <testcase name="spl_pq_top_error_corrupt" classname="ext/spl.spl_pq_top_error_corrupt">
    </testcase>
    <testcase name="spl_pq_top_error_empty" classname="ext/spl.spl_pq_top_error_empty">
    </testcase>
    <testcase name="spl_priorityqeue_insert_two_params_error" classname="ext/spl.spl_priorityqeue_insert_two_params_error">
    </testcase>
    <testcase name="spl_recursiveIteratorIterator_setMaxDepth_parameter_count" classname="ext/spl.spl_recursiveIteratorIterator_setMaxDepth_parameter_count">
    </testcase>
    <testcase name="spl_recursive_iterator_iterator_key_case" classname="ext/spl.spl_recursive_iterator_iterator_key_case">
    </testcase>
    <testcase name="splfixedarray_offsetExists_larger" classname="ext/spl.splfixedarray_offsetExists_larger">
    </testcase>
    <testcase name="splpriorityqueue_extract" classname="ext/spl.splpriorityqueue_extract">
    </testcase>
    <testcase name="splpriorityqueue_setextractflags" classname="ext/spl.splpriorityqueue_setextractflags">
    </testcase>
    <testcase name="unserialize" classname="ext/spl.unserialize">
    </testcase>
  </testsuite>
  <testsuite name="ext/sqlite3" tests="88" disabled="0" errors="0" failures="0" skipped="4">
    <testcase name="bug45798" classname="ext/sqlite3.bug45798">
    </testcase>
    <testcase name="bug47159" classname="ext/sqlite3.bug47159">
    </testcase>
    <testcase name="bug53463" classname="ext/sqlite3.bug53463">
    </testcase>
    <testcase name="bug63921-32bit" classname="ext/sqlite3.bug63921-32bit">
      <skipped message="" />
    </testcase>
    <testcase name="bug63921-64bit" classname="ext/sqlite3.bug63921-64bit">
    </testcase>
    <testcase name="bug66550" classname="ext/sqlite3.bug66550">
    </testcase>
    <testcase name="bug68760" classname="ext/sqlite3.bug68760">
    </testcase>
    <testcase name="bug69972" classname="ext/sqlite3.bug69972">
    </testcase>
    <testcase name="bug70628" classname="ext/sqlite3.bug70628">
    </testcase>
    <testcase name="bug71049" classname="ext/sqlite3.bug71049">
    </testcase>
    <testcase name="bug72571" classname="ext/sqlite3.bug72571">
    </testcase>
    <testcase name="bug72668" classname="ext/sqlite3.bug72668">
    </testcase>
    <testcase name="bug73068" classname="ext/sqlite3.bug73068">
    </testcase>
    <testcase name="bug73333" classname="ext/sqlite3.bug73333">
    </testcase>
    <testcase name="bug76665" classname="ext/sqlite3.bug76665">
    </testcase>
    <testcase name="bug77051" classname="ext/sqlite3.bug77051">
    </testcase>
    <testcase name="sqlite3_01_open-mb" classname="ext/sqlite3.sqlite3_01_open-mb">
    </testcase>
    <testcase name="sqlite3_01_open" classname="ext/sqlite3.sqlite3_01_open">
    </testcase>
    <testcase name="sqlite3_02_create" classname="ext/sqlite3.sqlite3_02_create">
    </testcase>
    <testcase name="sqlite3_02_open" classname="ext/sqlite3.sqlite3_02_open">
    </testcase>
    <testcase name="sqlite3_03_insert" classname="ext/sqlite3.sqlite3_03_insert">
    </testcase>
    <testcase name="sqlite3_04_update" classname="ext/sqlite3.sqlite3_04_update">
    </testcase>
    <testcase name="sqlite3_05_delete" classname="ext/sqlite3.sqlite3_05_delete">
    </testcase>
    <testcase name="sqlite3_06_prepared_stmt" classname="ext/sqlite3.sqlite3_06_prepared_stmt">
    </testcase>
    <testcase name="sqlite3_07_prepared_stmt" classname="ext/sqlite3.sqlite3_07_prepared_stmt">
    </testcase>
    <testcase name="sqlite3_08_udf" classname="ext/sqlite3.sqlite3_08_udf">
    </testcase>
    <testcase name="sqlite3_09_blob_bound_param" classname="ext/sqlite3.sqlite3_09_blob_bound_param">
    </testcase>
    <testcase name="sqlite3_10_bound_value_name" classname="ext/sqlite3.sqlite3_10_bound_value_name">
    </testcase>
    <testcase name="sqlite3_11_numrows" classname="ext/sqlite3.sqlite3_11_numrows">
      <skipped message="" />
    </testcase>
    <testcase name="sqlite3_12_unfinalized_stmt_cleanup" classname="ext/sqlite3.sqlite3_12_unfinalized_stmt_cleanup">
    </testcase>
    <testcase name="sqlite3_13_skip_all_cleanup" classname="ext/sqlite3.sqlite3_13_skip_all_cleanup">
    </testcase>
    <testcase name="sqlite3_14_querysingle" classname="ext/sqlite3.sqlite3_14_querysingle">
    </testcase>
    <testcase name="sqlite3_15_open_error-win" classname="ext/sqlite3.sqlite3_15_open_error-win">
      <skipped message="" />
    </testcase>
    <testcase name="sqlite3_15_open_error" classname="ext/sqlite3.sqlite3_15_open_error">
    </testcase>
    <testcase name="sqlite3_16_select_no_results" classname="ext/sqlite3.sqlite3_16_select_no_results">
    </testcase>
    <testcase name="sqlite3_17_version" classname="ext/sqlite3.sqlite3_17_version">
    </testcase>
    <testcase name="sqlite3_18_changes" classname="ext/sqlite3.sqlite3_18_changes">
    </testcase>
    <testcase name="sqlite3_19_columninfo" classname="ext/sqlite3.sqlite3_19_columninfo">
    </testcase>
    <testcase name="sqlite3_20_error" classname="ext/sqlite3.sqlite3_20_error">
    </testcase>
    <testcase name="sqlite3_21_security" classname="ext/sqlite3.sqlite3_21_security">
    </testcase>
    <testcase name="sqlite3_22_loadextension" classname="ext/sqlite3.sqlite3_22_loadextension">
    </testcase>
    <testcase name="sqlite3_23_escape_string" classname="ext/sqlite3.sqlite3_23_escape_string">
    </testcase>
    <testcase name="sqlite3_24_last_insert_rowid" classname="ext/sqlite3.sqlite3_24_last_insert_rowid">
    </testcase>
    <testcase name="sqlite3_25_create_aggregate" classname="ext/sqlite3.sqlite3_25_create_aggregate">
    </testcase>
    <testcase name="sqlite3_26_reset_prepared_stmt" classname="ext/sqlite3.sqlite3_26_reset_prepared_stmt">
    </testcase>
    <testcase name="sqlite3_27_reset_prepared_stmt_result" classname="ext/sqlite3.sqlite3_27_reset_prepared_stmt_result">
    </testcase>
    <testcase name="sqlite3_28_clear_bindings" classname="ext/sqlite3.sqlite3_28_clear_bindings">
    </testcase>
    <testcase name="sqlite3_29_createfunction" classname="ext/sqlite3.sqlite3_29_createfunction">
    </testcase>
    <testcase name="sqlite3_30_blobopen" classname="ext/sqlite3.sqlite3_30_blobopen">
    </testcase>
    <testcase name="sqlite3_31_changes" classname="ext/sqlite3.sqlite3_31_changes">
    </testcase>
    <testcase name="sqlite3_31_open" classname="ext/sqlite3.sqlite3_31_open">
    </testcase>
    <testcase name="sqlite3_32_changes" classname="ext/sqlite3.sqlite3_32_changes">
    </testcase>
    <testcase name="sqlite3_32_createAggregate_paramCount" classname="ext/sqlite3.sqlite3_32_createAggregate_paramCount">
    </testcase>
    <testcase name="sqlite3_32_last_insert_rowid_param" classname="ext/sqlite3.sqlite3_32_last_insert_rowid_param">
    </testcase>
    <testcase name="sqlite3_33_createAggregate_notcallable" classname="ext/sqlite3.sqlite3_33_createAggregate_notcallable">
    </testcase>
    <testcase name="sqlite3_33_load_extension_param" classname="ext/sqlite3.sqlite3_33_load_extension_param">
    </testcase>
    <testcase name="sqlite3_33_reset" classname="ext/sqlite3.sqlite3_33_reset">
    </testcase>
    <testcase name="sqlite3_34_load_extension_ext_dir" classname="ext/sqlite3.sqlite3_34_load_extension_ext_dir">
    </testcase>
    <testcase name="sqlite3_35_stmt_readonly" classname="ext/sqlite3.sqlite3_35_stmt_readonly">
    </testcase>
    <testcase name="sqlite3_36_create_collation" classname="ext/sqlite3.sqlite3_36_create_collation">
    </testcase>
    <testcase name="sqlite3_37_createfunction_flags" classname="ext/sqlite3.sqlite3_37_createfunction_flags">
    </testcase>
    <testcase name="sqlite3_bind_bug68849" classname="ext/sqlite3.sqlite3_bind_bug68849">
    </testcase>
    <testcase name="sqlite3_blob_bind_resource" classname="ext/sqlite3.sqlite3_blob_bind_resource">
    </testcase>
    <testcase name="sqlite3_busyTimeout" classname="ext/sqlite3.sqlite3_busyTimeout">
    </testcase>
    <testcase name="sqlite3_close_error" classname="ext/sqlite3.sqlite3_close_error">
    </testcase>
    <testcase name="sqlite3_close_with_params" classname="ext/sqlite3.sqlite3_close_with_params">
    </testcase>
    <testcase name="sqlite3_defensive" classname="ext/sqlite3.sqlite3_defensive">
      <skipped message="" />
    </testcase>
    <testcase name="sqlite3_enable_exceptions" classname="ext/sqlite3.sqlite3_enable_exceptions">
    </testcase>
    <testcase name="sqlite3_exec_wrongparams" classname="ext/sqlite3.sqlite3_exec_wrongparams">
    </testcase>
    <testcase name="sqlite3_lasterrorcode_with_params" classname="ext/sqlite3.sqlite3_lasterrorcode_with_params">
    </testcase>
    <testcase name="sqlite3_lasterrormsg_with_params" classname="ext/sqlite3.sqlite3_lasterrormsg_with_params">
    </testcase>
    <testcase name="sqlite3_loadextension_with_wrong_param" classname="ext/sqlite3.sqlite3_loadextension_with_wrong_param">
    </testcase>
    <testcase name="sqlite3_open_empty_string" classname="ext/sqlite3.sqlite3_open_empty_string">
    </testcase>
    <testcase name="sqlite3_openblob_wrongparams" classname="ext/sqlite3.sqlite3_openblob_wrongparams">
    </testcase>
    <testcase name="sqlite3_prepare_001" classname="ext/sqlite3.sqlite3_prepare_001">
    </testcase>
    <testcase name="sqlite3_prepare_faultystmt" classname="ext/sqlite3.sqlite3_prepare_faultystmt">
    </testcase>
    <testcase name="sqlite3_prepare_with_empty_string" classname="ext/sqlite3.sqlite3_prepare_with_empty_string">
    </testcase>
    <testcase name="sqlite3_prepare_wrongparams" classname="ext/sqlite3.sqlite3_prepare_wrongparams">
    </testcase>
    <testcase name="sqlite3_prepared_stmt_clear_with_params" classname="ext/sqlite3.sqlite3_prepared_stmt_clear_with_params">
    </testcase>
    <testcase name="sqlite3_query_error" classname="ext/sqlite3.sqlite3_query_error">
    </testcase>
    <testcase name="sqlite3_querysingle_error" classname="ext/sqlite3.sqlite3_querysingle_error">
    </testcase>
    <testcase name="sqlite3_version_noparam" classname="ext/sqlite3.sqlite3_version_noparam">
    </testcase>
    <testcase name="sqlite3result_fetcharray_with_two_params_fails" classname="ext/sqlite3.sqlite3result_fetcharray_with_two_params_fails">
    </testcase>
    <testcase name="sqlite3result_numcolumns_error" classname="ext/sqlite3.sqlite3result_numcolumns_error">
    </testcase>
    <testcase name="sqlite3result_reset_with_params_fails" classname="ext/sqlite3.sqlite3result_reset_with_params_fails">
    </testcase>
    <testcase name="sqlite3stmt_paramCount_basic" classname="ext/sqlite3.sqlite3stmt_paramCount_basic">
    </testcase>
    <testcase name="sqlite3stmt_paramCount_error" classname="ext/sqlite3.sqlite3stmt_paramCount_error">
    </testcase>
    <testcase name="sqlite3stmt_reset_params" classname="ext/sqlite3.sqlite3stmt_reset_params">
    </testcase>
  </testsuite>
  <testsuite name="ext/standard/array" tests="954" disabled="0" errors="0" failures="0" skipped="11">
    <testcase name="001" classname="ext/standard/array.001">
    </testcase>
    <testcase name="002" classname="ext/standard/array.002">
    </testcase>
    <testcase name="003" classname="ext/standard/array.003">
    </testcase>
    <testcase name="004" classname="ext/standard/array.004">
    </testcase>
    <testcase name="005" classname="ext/standard/array.005">
    </testcase>
    <testcase name="006" classname="ext/standard/array.006">
    </testcase>
    <testcase name="007" classname="ext/standard/array.007">
    </testcase>
    <testcase name="008" classname="ext/standard/array.008">
    </testcase>
    <testcase name="009" classname="ext/standard/array.009">
    </testcase>
    <testcase name="array_change_key_case" classname="ext/standard/array.array_change_key_case">
    </testcase>
    <testcase name="array_change_key_case_errors" classname="ext/standard/array.array_change_key_case_errors">
    </testcase>
    <testcase name="array_change_key_case_variation" classname="ext/standard/array.array_change_key_case_variation">
    </testcase>
    <testcase name="array_change_key_case_variation1" classname="ext/standard/array.array_change_key_case_variation1">
    </testcase>
    <testcase name="array_change_key_case_variation2" classname="ext/standard/array.array_change_key_case_variation2">
    </testcase>
    <testcase name="array_change_key_case_variation3" classname="ext/standard/array.array_change_key_case_variation3">
    </testcase>
    <testcase name="array_change_key_case_variation4" classname="ext/standard/array.array_change_key_case_variation4">
    </testcase>
    <testcase name="array_change_key_case_variation5" classname="ext/standard/array.array_change_key_case_variation5">
    </testcase>
    <testcase name="array_change_key_case_variation6" classname="ext/standard/array.array_change_key_case_variation6">
    </testcase>
    <testcase name="array_change_key_case_variation7" classname="ext/standard/array.array_change_key_case_variation7">
    </testcase>
    <testcase name="array_change_key_case_variation8" classname="ext/standard/array.array_change_key_case_variation8">
    </testcase>
    <testcase name="array_chunk" classname="ext/standard/array.array_chunk">
    </testcase>
    <testcase name="array_chunk2" classname="ext/standard/array.array_chunk2">
    </testcase>
    <testcase name="array_chunk_basic1" classname="ext/standard/array.array_chunk_basic1">
    </testcase>
    <testcase name="array_chunk_basic2" classname="ext/standard/array.array_chunk_basic2">
    </testcase>
    <testcase name="array_chunk_error" classname="ext/standard/array.array_chunk_error">
    </testcase>
    <testcase name="array_chunk_variation1" classname="ext/standard/array.array_chunk_variation1">
    </testcase>
    <testcase name="array_chunk_variation10" classname="ext/standard/array.array_chunk_variation10">
    </testcase>
    <testcase name="array_chunk_variation11" classname="ext/standard/array.array_chunk_variation11">
    </testcase>
    <testcase name="array_chunk_variation12" classname="ext/standard/array.array_chunk_variation12">
    </testcase>
    <testcase name="array_chunk_variation13" classname="ext/standard/array.array_chunk_variation13">
    </testcase>
    <testcase name="array_chunk_variation14" classname="ext/standard/array.array_chunk_variation14">
    </testcase>
    <testcase name="array_chunk_variation15" classname="ext/standard/array.array_chunk_variation15">
    </testcase>
    <testcase name="array_chunk_variation16" classname="ext/standard/array.array_chunk_variation16">
    </testcase>
    <testcase name="array_chunk_variation17" classname="ext/standard/array.array_chunk_variation17">
    </testcase>
    <testcase name="array_chunk_variation18" classname="ext/standard/array.array_chunk_variation18">
    </testcase>
    <testcase name="array_chunk_variation19" classname="ext/standard/array.array_chunk_variation19">
    </testcase>
    <testcase name="array_chunk_variation2" classname="ext/standard/array.array_chunk_variation2">
    </testcase>
    <testcase name="array_chunk_variation20" classname="ext/standard/array.array_chunk_variation20">
    </testcase>
    <testcase name="array_chunk_variation21" classname="ext/standard/array.array_chunk_variation21">
    </testcase>
    <testcase name="array_chunk_variation22" classname="ext/standard/array.array_chunk_variation22">
    </testcase>
    <testcase name="array_chunk_variation23" classname="ext/standard/array.array_chunk_variation23">
    </testcase>
    <testcase name="array_chunk_variation24" classname="ext/standard/array.array_chunk_variation24">
    </testcase>
    <testcase name="array_chunk_variation25" classname="ext/standard/array.array_chunk_variation25">
    </testcase>
    <testcase name="array_chunk_variation26" classname="ext/standard/array.array_chunk_variation26">
    </testcase>
    <testcase name="array_chunk_variation27" classname="ext/standard/array.array_chunk_variation27">
    </testcase>
    <testcase name="array_chunk_variation28" classname="ext/standard/array.array_chunk_variation28">
    </testcase>
    <testcase name="array_chunk_variation29" classname="ext/standard/array.array_chunk_variation29">
    </testcase>
    <testcase name="array_chunk_variation3" classname="ext/standard/array.array_chunk_variation3">
    </testcase>
    <testcase name="array_chunk_variation30" classname="ext/standard/array.array_chunk_variation30">
    </testcase>
    <testcase name="array_chunk_variation31" classname="ext/standard/array.array_chunk_variation31">
    </testcase>
    <testcase name="array_chunk_variation32" classname="ext/standard/array.array_chunk_variation32">
    </testcase>
    <testcase name="array_chunk_variation4" classname="ext/standard/array.array_chunk_variation4">
    </testcase>
    <testcase name="array_chunk_variation5" classname="ext/standard/array.array_chunk_variation5">
    </testcase>
    <testcase name="array_chunk_variation6" classname="ext/standard/array.array_chunk_variation6">
    </testcase>
    <testcase name="array_chunk_variation7" classname="ext/standard/array.array_chunk_variation7">
    </testcase>
    <testcase name="array_chunk_variation8" classname="ext/standard/array.array_chunk_variation8">
    </testcase>
    <testcase name="array_chunk_variation9" classname="ext/standard/array.array_chunk_variation9">
    </testcase>
    <testcase name="array_column_basic" classname="ext/standard/array.array_column_basic">
    </testcase>
    <testcase name="array_column_error" classname="ext/standard/array.array_column_error">
    </testcase>
    <testcase name="array_column_numeric_string_key" classname="ext/standard/array.array_column_numeric_string_key">
    </testcase>
    <testcase name="array_column_object_cast" classname="ext/standard/array.array_column_object_cast">
    </testcase>
    <testcase name="array_column_property_visibility" classname="ext/standard/array.array_column_property_visibility">
    </testcase>
    <testcase name="array_column_variant" classname="ext/standard/array.array_column_variant">
    </testcase>
    <testcase name="array_column_variant_objects" classname="ext/standard/array.array_column_variant_objects">
    </testcase>
    <testcase name="array_combine" classname="ext/standard/array.array_combine">
    </testcase>
    <testcase name="array_combine_basic" classname="ext/standard/array.array_combine_basic">
    </testcase>
    <testcase name="array_combine_error1" classname="ext/standard/array.array_combine_error1">
    </testcase>
    <testcase name="array_combine_error2" classname="ext/standard/array.array_combine_error2">
    </testcase>
    <testcase name="array_combine_variation1" classname="ext/standard/array.array_combine_variation1">
    </testcase>
    <testcase name="array_combine_variation2" classname="ext/standard/array.array_combine_variation2">
    </testcase>
    <testcase name="array_combine_variation3" classname="ext/standard/array.array_combine_variation3">
    </testcase>
    <testcase name="array_combine_variation4" classname="ext/standard/array.array_combine_variation4">
    </testcase>
    <testcase name="array_combine_variation5" classname="ext/standard/array.array_combine_variation5">
    </testcase>
    <testcase name="array_combine_variation6" classname="ext/standard/array.array_combine_variation6">
    </testcase>
    <testcase name="array_count_values" classname="ext/standard/array.array_count_values">
    </testcase>
    <testcase name="array_count_values2" classname="ext/standard/array.array_count_values2">
    </testcase>
    <testcase name="array_count_values_error" classname="ext/standard/array.array_count_values_error">
    </testcase>
    <testcase name="array_count_values_variation" classname="ext/standard/array.array_count_values_variation">
    </testcase>
    <testcase name="array_diff_1" classname="ext/standard/array.array_diff_1">
    </testcase>
    <testcase name="array_diff_assoc" classname="ext/standard/array.array_diff_assoc">
    </testcase>
    <testcase name="array_diff_assoc_basic" classname="ext/standard/array.array_diff_assoc_basic">
    </testcase>
    <testcase name="array_diff_assoc_error" classname="ext/standard/array.array_diff_assoc_error">
    </testcase>
    <testcase name="array_diff_assoc_variation1" classname="ext/standard/array.array_diff_assoc_variation1">
    </testcase>
    <testcase name="array_diff_assoc_variation10" classname="ext/standard/array.array_diff_assoc_variation10">
    </testcase>
    <testcase name="array_diff_assoc_variation2" classname="ext/standard/array.array_diff_assoc_variation2">
    </testcase>
    <testcase name="array_diff_assoc_variation3" classname="ext/standard/array.array_diff_assoc_variation3">
    </testcase>
    <testcase name="array_diff_assoc_variation4" classname="ext/standard/array.array_diff_assoc_variation4">
    </testcase>
    <testcase name="array_diff_assoc_variation5" classname="ext/standard/array.array_diff_assoc_variation5">
    </testcase>
    <testcase name="array_diff_assoc_variation6" classname="ext/standard/array.array_diff_assoc_variation6">
    </testcase>
    <testcase name="array_diff_assoc_variation7" classname="ext/standard/array.array_diff_assoc_variation7">
    </testcase>
    <testcase name="array_diff_assoc_variation8" classname="ext/standard/array.array_diff_assoc_variation8">
    </testcase>
    <testcase name="array_diff_assoc_variation9" classname="ext/standard/array.array_diff_assoc_variation9">
    </testcase>
    <testcase name="array_diff_basic" classname="ext/standard/array.array_diff_basic">
    </testcase>
    <testcase name="array_diff_error" classname="ext/standard/array.array_diff_error">
    </testcase>
    <testcase name="array_diff_key" classname="ext/standard/array.array_diff_key">
    </testcase>
    <testcase name="array_diff_key2" classname="ext/standard/array.array_diff_key2">
    </testcase>
    <testcase name="array_diff_key_basic" classname="ext/standard/array.array_diff_key_basic">
    </testcase>
    <testcase name="array_diff_key_error" classname="ext/standard/array.array_diff_key_error">
    </testcase>
    <testcase name="array_diff_key_variation1" classname="ext/standard/array.array_diff_key_variation1">
    </testcase>
    <testcase name="array_diff_key_variation2" classname="ext/standard/array.array_diff_key_variation2">
    </testcase>
    <testcase name="array_diff_key_variation3" classname="ext/standard/array.array_diff_key_variation3">
    </testcase>
    <testcase name="array_diff_key_variation4" classname="ext/standard/array.array_diff_key_variation4">
    </testcase>
    <testcase name="array_diff_key_variation5" classname="ext/standard/array.array_diff_key_variation5">
    </testcase>
    <testcase name="array_diff_key_variation6" classname="ext/standard/array.array_diff_key_variation6">
    </testcase>
    <testcase name="array_diff_key_variation7" classname="ext/standard/array.array_diff_key_variation7">
    </testcase>
    <testcase name="array_diff_key_variation8" classname="ext/standard/array.array_diff_key_variation8">
    </testcase>
    <testcase name="array_diff_uassoc_basic" classname="ext/standard/array.array_diff_uassoc_basic">
    </testcase>
    <testcase name="array_diff_uassoc_error" classname="ext/standard/array.array_diff_uassoc_error">
    </testcase>
    <testcase name="array_diff_uassoc_variation1" classname="ext/standard/array.array_diff_uassoc_variation1">
    </testcase>
    <testcase name="array_diff_uassoc_variation10" classname="ext/standard/array.array_diff_uassoc_variation10">
    </testcase>
    <testcase name="array_diff_uassoc_variation11" classname="ext/standard/array.array_diff_uassoc_variation11">
    </testcase>
    <testcase name="array_diff_uassoc_variation12" classname="ext/standard/array.array_diff_uassoc_variation12">
    </testcase>
    <testcase name="array_diff_uassoc_variation13" classname="ext/standard/array.array_diff_uassoc_variation13">
    </testcase>
    <testcase name="array_diff_uassoc_variation14" classname="ext/standard/array.array_diff_uassoc_variation14">
    </testcase>
    <testcase name="array_diff_uassoc_variation2" classname="ext/standard/array.array_diff_uassoc_variation2">
    </testcase>
    <testcase name="array_diff_uassoc_variation3" classname="ext/standard/array.array_diff_uassoc_variation3">
    </testcase>
    <testcase name="array_diff_uassoc_variation4" classname="ext/standard/array.array_diff_uassoc_variation4">
    </testcase>
    <testcase name="array_diff_uassoc_variation5" classname="ext/standard/array.array_diff_uassoc_variation5">
    </testcase>
    <testcase name="array_diff_uassoc_variation6" classname="ext/standard/array.array_diff_uassoc_variation6">
    </testcase>
    <testcase name="array_diff_uassoc_variation7" classname="ext/standard/array.array_diff_uassoc_variation7">
    </testcase>
    <testcase name="array_diff_uassoc_variation8" classname="ext/standard/array.array_diff_uassoc_variation8">
    </testcase>
    <testcase name="array_diff_uassoc_variation9" classname="ext/standard/array.array_diff_uassoc_variation9">
    </testcase>
    <testcase name="array_diff_ukey_basic" classname="ext/standard/array.array_diff_ukey_basic">
    </testcase>
    <testcase name="array_diff_ukey_error" classname="ext/standard/array.array_diff_ukey_error">
    </testcase>
    <testcase name="array_diff_ukey_variation1" classname="ext/standard/array.array_diff_ukey_variation1">
    </testcase>
    <testcase name="array_diff_ukey_variation10" classname="ext/standard/array.array_diff_ukey_variation10">
    </testcase>
    <testcase name="array_diff_ukey_variation11" classname="ext/standard/array.array_diff_ukey_variation11">
    </testcase>
    <testcase name="array_diff_ukey_variation2" classname="ext/standard/array.array_diff_ukey_variation2">
    </testcase>
    <testcase name="array_diff_ukey_variation3" classname="ext/standard/array.array_diff_ukey_variation3">
    </testcase>
    <testcase name="array_diff_ukey_variation4" classname="ext/standard/array.array_diff_ukey_variation4">
    </testcase>
    <testcase name="array_diff_ukey_variation5" classname="ext/standard/array.array_diff_ukey_variation5">
    </testcase>
    <testcase name="array_diff_ukey_variation6" classname="ext/standard/array.array_diff_ukey_variation6">
    </testcase>
    <testcase name="array_diff_ukey_variation7" classname="ext/standard/array.array_diff_ukey_variation7">
    </testcase>
    <testcase name="array_diff_ukey_variation8" classname="ext/standard/array.array_diff_ukey_variation8">
    </testcase>
    <testcase name="array_diff_ukey_variation9" classname="ext/standard/array.array_diff_ukey_variation9">
    </testcase>
    <testcase name="array_diff_variation1" classname="ext/standard/array.array_diff_variation1">
    </testcase>
    <testcase name="array_diff_variation10" classname="ext/standard/array.array_diff_variation10">
    </testcase>
    <testcase name="array_diff_variation2" classname="ext/standard/array.array_diff_variation2">
    </testcase>
    <testcase name="array_diff_variation3" classname="ext/standard/array.array_diff_variation3">
    </testcase>
    <testcase name="array_diff_variation4" classname="ext/standard/array.array_diff_variation4">
    </testcase>
    <testcase name="array_diff_variation5" classname="ext/standard/array.array_diff_variation5">
    </testcase>
    <testcase name="array_diff_variation6" classname="ext/standard/array.array_diff_variation6">
    </testcase>
    <testcase name="array_diff_variation7" classname="ext/standard/array.array_diff_variation7">
    </testcase>
    <testcase name="array_diff_variation8" classname="ext/standard/array.array_diff_variation8">
    </testcase>
    <testcase name="array_diff_variation9" classname="ext/standard/array.array_diff_variation9">
    </testcase>
    <testcase name="array_fill" classname="ext/standard/array.array_fill">
    </testcase>
    <testcase name="array_fill_basic" classname="ext/standard/array.array_fill_basic">
    </testcase>
    <testcase name="array_fill_error" classname="ext/standard/array.array_fill_error">
    </testcase>
    <testcase name="array_fill_keys" classname="ext/standard/array.array_fill_keys">
    </testcase>
    <testcase name="array_fill_keys_error" classname="ext/standard/array.array_fill_keys_error">
    </testcase>
    <testcase name="array_fill_keys_variation1" classname="ext/standard/array.array_fill_keys_variation1">
    </testcase>
    <testcase name="array_fill_keys_variation2" classname="ext/standard/array.array_fill_keys_variation2">
    </testcase>
    <testcase name="array_fill_keys_variation3" classname="ext/standard/array.array_fill_keys_variation3">
    </testcase>
    <testcase name="array_fill_keys_variation4" classname="ext/standard/array.array_fill_keys_variation4">
    </testcase>
    <testcase name="array_fill_object" classname="ext/standard/array.array_fill_object">
    </testcase>
    <testcase name="array_fill_variation1" classname="ext/standard/array.array_fill_variation1">
      <skipped message="" />
    </testcase>
    <testcase name="array_fill_variation1_64bit" classname="ext/standard/array.array_fill_variation1_64bit">
    </testcase>
    <testcase name="array_fill_variation2" classname="ext/standard/array.array_fill_variation2">
    </testcase>
    <testcase name="array_fill_variation3" classname="ext/standard/array.array_fill_variation3">
    </testcase>
    <testcase name="array_fill_variation4" classname="ext/standard/array.array_fill_variation4">
    </testcase>
    <testcase name="array_fill_variation5" classname="ext/standard/array.array_fill_variation5">
    </testcase>
    <testcase name="array_filter" classname="ext/standard/array.array_filter">
    </testcase>
    <testcase name="array_filter_basic" classname="ext/standard/array.array_filter_basic">
    </testcase>
    <testcase name="array_filter_error" classname="ext/standard/array.array_filter_error">
    </testcase>
    <testcase name="array_filter_object" classname="ext/standard/array.array_filter_object">
    </testcase>
    <testcase name="array_filter_variation1" classname="ext/standard/array.array_filter_variation1">
    </testcase>
    <testcase name="array_filter_variation10" classname="ext/standard/array.array_filter_variation10">
    </testcase>
    <testcase name="array_filter_variation2" classname="ext/standard/array.array_filter_variation2">
    </testcase>
    <testcase name="array_filter_variation3" classname="ext/standard/array.array_filter_variation3">
    </testcase>
    <testcase name="array_filter_variation4" classname="ext/standard/array.array_filter_variation4">
    </testcase>
    <testcase name="array_filter_variation5" classname="ext/standard/array.array_filter_variation5">
    </testcase>
    <testcase name="array_filter_variation6" classname="ext/standard/array.array_filter_variation6">
    </testcase>
    <testcase name="array_filter_variation7" classname="ext/standard/array.array_filter_variation7">
    </testcase>
    <testcase name="array_filter_variation8" classname="ext/standard/array.array_filter_variation8">
    </testcase>
    <testcase name="array_filter_variation9" classname="ext/standard/array.array_filter_variation9">
    </testcase>
    <testcase name="array_flip" classname="ext/standard/array.array_flip">
    </testcase>
    <testcase name="array_flip_basic" classname="ext/standard/array.array_flip_basic">
    </testcase>
    <testcase name="array_flip_error" classname="ext/standard/array.array_flip_error">
    </testcase>
    <testcase name="array_flip_variation1" classname="ext/standard/array.array_flip_variation1">
    </testcase>
    <testcase name="array_flip_variation2" classname="ext/standard/array.array_flip_variation2">
    </testcase>
    <testcase name="array_flip_variation3" classname="ext/standard/array.array_flip_variation3">
    </testcase>
    <testcase name="array_flip_variation4" classname="ext/standard/array.array_flip_variation4">
    </testcase>
    <testcase name="array_flip_variation5" classname="ext/standard/array.array_flip_variation5">
    </testcase>
    <testcase name="array_intersect_1" classname="ext/standard/array.array_intersect_1">
    </testcase>
    <testcase name="array_intersect_assoc_basic" classname="ext/standard/array.array_intersect_assoc_basic">
    </testcase>
    <testcase name="array_intersect_assoc_error" classname="ext/standard/array.array_intersect_assoc_error">
    </testcase>
    <testcase name="array_intersect_assoc_variation1" classname="ext/standard/array.array_intersect_assoc_variation1">
    </testcase>
    <testcase name="array_intersect_assoc_variation10" classname="ext/standard/array.array_intersect_assoc_variation10">
    </testcase>
    <testcase name="array_intersect_assoc_variation2" classname="ext/standard/array.array_intersect_assoc_variation2">
    </testcase>
    <testcase name="array_intersect_assoc_variation3" classname="ext/standard/array.array_intersect_assoc_variation3">
    </testcase>
    <testcase name="array_intersect_assoc_variation4" classname="ext/standard/array.array_intersect_assoc_variation4">
    </testcase>
    <testcase name="array_intersect_assoc_variation5" classname="ext/standard/array.array_intersect_assoc_variation5">
    </testcase>
    <testcase name="array_intersect_assoc_variation6" classname="ext/standard/array.array_intersect_assoc_variation6">
    </testcase>
    <testcase name="array_intersect_assoc_variation7" classname="ext/standard/array.array_intersect_assoc_variation7">
    </testcase>
    <testcase name="array_intersect_assoc_variation8" classname="ext/standard/array.array_intersect_assoc_variation8">
    </testcase>
    <testcase name="array_intersect_assoc_variation9" classname="ext/standard/array.array_intersect_assoc_variation9">
    </testcase>
    <testcase name="array_intersect_basic" classname="ext/standard/array.array_intersect_basic">
    </testcase>
    <testcase name="array_intersect_error" classname="ext/standard/array.array_intersect_error">
    </testcase>
    <testcase name="array_intersect_key" classname="ext/standard/array.array_intersect_key">
    </testcase>
    <testcase name="array_intersect_key_basic" classname="ext/standard/array.array_intersect_key_basic">
    </testcase>
    <testcase name="array_intersect_key_error" classname="ext/standard/array.array_intersect_key_error">
    </testcase>
    <testcase name="array_intersect_key_variation1" classname="ext/standard/array.array_intersect_key_variation1">
    </testcase>
    <testcase name="array_intersect_key_variation2" classname="ext/standard/array.array_intersect_key_variation2">
    </testcase>
    <testcase name="array_intersect_key_variation3" classname="ext/standard/array.array_intersect_key_variation3">
    </testcase>
    <testcase name="array_intersect_key_variation4" classname="ext/standard/array.array_intersect_key_variation4">
    </testcase>
    <testcase name="array_intersect_key_variation5" classname="ext/standard/array.array_intersect_key_variation5">
    </testcase>
    <testcase name="array_intersect_key_variation6" classname="ext/standard/array.array_intersect_key_variation6">
    </testcase>
    <testcase name="array_intersect_key_variation7" classname="ext/standard/array.array_intersect_key_variation7">
    </testcase>
    <testcase name="array_intersect_key_variation8" classname="ext/standard/array.array_intersect_key_variation8">
    </testcase>
    <testcase name="array_intersect_uassoc_basic" classname="ext/standard/array.array_intersect_uassoc_basic">
    </testcase>
    <testcase name="array_intersect_uassoc_error" classname="ext/standard/array.array_intersect_uassoc_error">
    </testcase>
    <testcase name="array_intersect_uassoc_variation1" classname="ext/standard/array.array_intersect_uassoc_variation1">
    </testcase>
    <testcase name="array_intersect_uassoc_variation10" classname="ext/standard/array.array_intersect_uassoc_variation10">
    </testcase>
    <testcase name="array_intersect_uassoc_variation11" classname="ext/standard/array.array_intersect_uassoc_variation11">
    </testcase>
    <testcase name="array_intersect_uassoc_variation2" classname="ext/standard/array.array_intersect_uassoc_variation2">
    </testcase>
    <testcase name="array_intersect_uassoc_variation3" classname="ext/standard/array.array_intersect_uassoc_variation3">
    </testcase>
    <testcase name="array_intersect_uassoc_variation4" classname="ext/standard/array.array_intersect_uassoc_variation4">
    </testcase>
    <testcase name="array_intersect_uassoc_variation5" classname="ext/standard/array.array_intersect_uassoc_variation5">
    </testcase>
    <testcase name="array_intersect_uassoc_variation6" classname="ext/standard/array.array_intersect_uassoc_variation6">
    </testcase>
    <testcase name="array_intersect_uassoc_variation7" classname="ext/standard/array.array_intersect_uassoc_variation7">
    </testcase>
    <testcase name="array_intersect_uassoc_variation8" classname="ext/standard/array.array_intersect_uassoc_variation8">
    </testcase>
    <testcase name="array_intersect_uassoc_variation9" classname="ext/standard/array.array_intersect_uassoc_variation9">
    </testcase>
    <testcase name="array_intersect_ukey_basic" classname="ext/standard/array.array_intersect_ukey_basic">
    </testcase>
    <testcase name="array_intersect_ukey_error" classname="ext/standard/array.array_intersect_ukey_error">
    </testcase>
    <testcase name="array_intersect_ukey_variation1" classname="ext/standard/array.array_intersect_ukey_variation1">
    </testcase>
    <testcase name="array_intersect_ukey_variation10" classname="ext/standard/array.array_intersect_ukey_variation10">
    </testcase>
    <testcase name="array_intersect_ukey_variation2" classname="ext/standard/array.array_intersect_ukey_variation2">
    </testcase>
    <testcase name="array_intersect_ukey_variation3" classname="ext/standard/array.array_intersect_ukey_variation3">
    </testcase>
    <testcase name="array_intersect_ukey_variation4" classname="ext/standard/array.array_intersect_ukey_variation4">
    </testcase>
    <testcase name="array_intersect_ukey_variation5" classname="ext/standard/array.array_intersect_ukey_variation5">
    </testcase>
    <testcase name="array_intersect_ukey_variation6" classname="ext/standard/array.array_intersect_ukey_variation6">
    </testcase>
    <testcase name="array_intersect_ukey_variation7" classname="ext/standard/array.array_intersect_ukey_variation7">
    </testcase>
    <testcase name="array_intersect_ukey_variation8" classname="ext/standard/array.array_intersect_ukey_variation8">
    </testcase>
    <testcase name="array_intersect_ukey_variation9" classname="ext/standard/array.array_intersect_ukey_variation9">
    </testcase>
    <testcase name="array_intersect_variation1" classname="ext/standard/array.array_intersect_variation1">
    </testcase>
    <testcase name="array_intersect_variation10" classname="ext/standard/array.array_intersect_variation10">
    </testcase>
    <testcase name="array_intersect_variation2" classname="ext/standard/array.array_intersect_variation2">
    </testcase>
    <testcase name="array_intersect_variation3" classname="ext/standard/array.array_intersect_variation3">
    </testcase>
    <testcase name="array_intersect_variation4" classname="ext/standard/array.array_intersect_variation4">
    </testcase>
    <testcase name="array_intersect_variation5" classname="ext/standard/array.array_intersect_variation5">
    </testcase>
    <testcase name="array_intersect_variation6" classname="ext/standard/array.array_intersect_variation6">
    </testcase>
    <testcase name="array_intersect_variation7" classname="ext/standard/array.array_intersect_variation7">
    </testcase>
    <testcase name="array_intersect_variation8" classname="ext/standard/array.array_intersect_variation8">
    </testcase>
    <testcase name="array_intersect_variation9" classname="ext/standard/array.array_intersect_variation9">
    </testcase>
    <testcase name="array_key_exists" classname="ext/standard/array.array_key_exists">
    </testcase>
    <testcase name="array_key_exists_basic" classname="ext/standard/array.array_key_exists_basic">
    </testcase>
    <testcase name="array_key_exists_error" classname="ext/standard/array.array_key_exists_error">
    </testcase>
    <testcase name="array_key_exists_object1" classname="ext/standard/array.array_key_exists_object1">
    </testcase>
    <testcase name="array_key_exists_object2" classname="ext/standard/array.array_key_exists_object2">
    </testcase>
    <testcase name="array_key_exists_variation1" classname="ext/standard/array.array_key_exists_variation1">
    </testcase>
    <testcase name="array_key_exists_variation2" classname="ext/standard/array.array_key_exists_variation2">
    </testcase>
    <testcase name="array_key_exists_variation3" classname="ext/standard/array.array_key_exists_variation3">
    </testcase>
    <testcase name="array_key_exists_variation4" classname="ext/standard/array.array_key_exists_variation4">
    </testcase>
    <testcase name="array_key_exists_variation5" classname="ext/standard/array.array_key_exists_variation5">
    </testcase>
    <testcase name="array_key_exists_variation6" classname="ext/standard/array.array_key_exists_variation6">
    </testcase>
    <testcase name="array_key_exists_variation7" classname="ext/standard/array.array_key_exists_variation7">
    </testcase>
    <testcase name="array_key_exists_variation8" classname="ext/standard/array.array_key_exists_variation8">
    </testcase>
    <testcase name="array_key_first" classname="ext/standard/array.array_key_first">
    </testcase>
    <testcase name="array_key_first_errors" classname="ext/standard/array.array_key_first_errors">
    </testcase>
    <testcase name="array_key_first_variation" classname="ext/standard/array.array_key_first_variation">
    </testcase>
    <testcase name="array_key_last" classname="ext/standard/array.array_key_last">
    </testcase>
    <testcase name="array_key_last_errors" classname="ext/standard/array.array_key_last_errors">
    </testcase>
    <testcase name="array_key_last_variation" classname="ext/standard/array.array_key_last_variation">
    </testcase>
    <testcase name="array_keys_basic" classname="ext/standard/array.array_keys_basic">
    </testcase>
    <testcase name="array_keys_error" classname="ext/standard/array.array_keys_error">
    </testcase>
    <testcase name="array_keys_on_GLOBALS" classname="ext/standard/array.array_keys_on_GLOBALS">
    </testcase>
    <testcase name="array_keys_variation_001" classname="ext/standard/array.array_keys_variation_001">
    </testcase>
    <testcase name="array_keys_variation_002" classname="ext/standard/array.array_keys_variation_002">
      <skipped message="" />
    </testcase>
    <testcase name="array_keys_variation_002_64bit" classname="ext/standard/array.array_keys_variation_002_64bit">
    </testcase>
    <testcase name="array_keys_variation_003" classname="ext/standard/array.array_keys_variation_003">
    </testcase>
    <testcase name="array_keys_variation_004" classname="ext/standard/array.array_keys_variation_004">
    </testcase>
    <testcase name="array_keys_variation_005" classname="ext/standard/array.array_keys_variation_005">
    </testcase>
    <testcase name="array_map_001" classname="ext/standard/array.array_map_001">
    </testcase>
    <testcase name="array_map_basic" classname="ext/standard/array.array_map_basic">
    </testcase>
    <testcase name="array_map_error" classname="ext/standard/array.array_map_error">
    </testcase>
    <testcase name="array_map_object1" classname="ext/standard/array.array_map_object1">
    </testcase>
    <testcase name="array_map_object2" classname="ext/standard/array.array_map_object2">
    </testcase>
    <testcase name="array_map_object3" classname="ext/standard/array.array_map_object3">
    </testcase>
    <testcase name="array_map_variation1" classname="ext/standard/array.array_map_variation1">
    </testcase>
    <testcase name="array_map_variation10" classname="ext/standard/array.array_map_variation10">
    </testcase>
    <testcase name="array_map_variation11" classname="ext/standard/array.array_map_variation11">
    </testcase>
    <testcase name="array_map_variation12" classname="ext/standard/array.array_map_variation12">
    </testcase>
    <testcase name="array_map_variation13" classname="ext/standard/array.array_map_variation13">
    </testcase>
    <testcase name="array_map_variation14" classname="ext/standard/array.array_map_variation14">
    </testcase>
    <testcase name="array_map_variation15" classname="ext/standard/array.array_map_variation15">
    </testcase>
    <testcase name="array_map_variation16" classname="ext/standard/array.array_map_variation16">
    </testcase>
    <testcase name="array_map_variation17" classname="ext/standard/array.array_map_variation17">
    </testcase>
    <testcase name="array_map_variation18" classname="ext/standard/array.array_map_variation18">
    </testcase>
    <testcase name="array_map_variation19" classname="ext/standard/array.array_map_variation19">
    </testcase>
    <testcase name="array_map_variation2" classname="ext/standard/array.array_map_variation2">
    </testcase>
    <testcase name="array_map_variation3" classname="ext/standard/array.array_map_variation3">
    </testcase>
    <testcase name="array_map_variation4" classname="ext/standard/array.array_map_variation4">
    </testcase>
    <testcase name="array_map_variation5" classname="ext/standard/array.array_map_variation5">
    </testcase>
    <testcase name="array_map_variation6" classname="ext/standard/array.array_map_variation6">
    </testcase>
    <testcase name="array_map_variation7" classname="ext/standard/array.array_map_variation7">
    </testcase>
    <testcase name="array_map_variation8" classname="ext/standard/array.array_map_variation8">
    </testcase>
    <testcase name="array_map_variation9" classname="ext/standard/array.array_map_variation9">
    </testcase>
    <testcase name="array_merge" classname="ext/standard/array.array_merge">
    </testcase>
    <testcase name="array_merge_basic" classname="ext/standard/array.array_merge_basic">
    </testcase>
    <testcase name="array_merge_error" classname="ext/standard/array.array_merge_error">
    </testcase>
    <testcase name="array_merge_recursive_basic1" classname="ext/standard/array.array_merge_recursive_basic1">
    </testcase>
    <testcase name="array_merge_recursive_basic2" classname="ext/standard/array.array_merge_recursive_basic2">
    </testcase>
    <testcase name="array_merge_recursive_error" classname="ext/standard/array.array_merge_recursive_error">
    </testcase>
    <testcase name="array_merge_recursive_variation1" classname="ext/standard/array.array_merge_recursive_variation1">
    </testcase>
    <testcase name="array_merge_recursive_variation10" classname="ext/standard/array.array_merge_recursive_variation10">
    </testcase>
    <testcase name="array_merge_recursive_variation2" classname="ext/standard/array.array_merge_recursive_variation2">
    </testcase>
    <testcase name="array_merge_recursive_variation3" classname="ext/standard/array.array_merge_recursive_variation3">
    </testcase>
    <testcase name="array_merge_recursive_variation4" classname="ext/standard/array.array_merge_recursive_variation4">
    </testcase>
    <testcase name="array_merge_recursive_variation5" classname="ext/standard/array.array_merge_recursive_variation5">
    </testcase>
    <testcase name="array_merge_recursive_variation6" classname="ext/standard/array.array_merge_recursive_variation6">
    </testcase>
    <testcase name="array_merge_recursive_variation7" classname="ext/standard/array.array_merge_recursive_variation7">
    </testcase>
    <testcase name="array_merge_recursive_variation8" classname="ext/standard/array.array_merge_recursive_variation8">
    </testcase>
    <testcase name="array_merge_recursive_variation9" classname="ext/standard/array.array_merge_recursive_variation9">
    </testcase>
    <testcase name="array_merge_replace_recursive_refs" classname="ext/standard/array.array_merge_replace_recursive_refs">
    </testcase>
    <testcase name="array_merge_variation1" classname="ext/standard/array.array_merge_variation1">
    </testcase>
    <testcase name="array_merge_variation10" classname="ext/standard/array.array_merge_variation10">
    </testcase>
    <testcase name="array_merge_variation2" classname="ext/standard/array.array_merge_variation2">
    </testcase>
    <testcase name="array_merge_variation3" classname="ext/standard/array.array_merge_variation3">
    </testcase>
    <testcase name="array_merge_variation4" classname="ext/standard/array.array_merge_variation4">
    </testcase>
    <testcase name="array_merge_variation5" classname="ext/standard/array.array_merge_variation5">
    </testcase>
    <testcase name="array_merge_variation6" classname="ext/standard/array.array_merge_variation6">
    </testcase>
    <testcase name="array_merge_variation7" classname="ext/standard/array.array_merge_variation7">
    </testcase>
    <testcase name="array_merge_variation8" classname="ext/standard/array.array_merge_variation8">
    </testcase>
    <testcase name="array_merge_variation9" classname="ext/standard/array.array_merge_variation9">
    </testcase>
    <testcase name="array_multisort_basic1" classname="ext/standard/array.array_multisort_basic1">
    </testcase>
    <testcase name="array_multisort_basic2" classname="ext/standard/array.array_multisort_basic2">
    </testcase>
    <testcase name="array_multisort_case" classname="ext/standard/array.array_multisort_case">
    </testcase>
    <testcase name="array_multisort_error" classname="ext/standard/array.array_multisort_error">
    </testcase>
    <testcase name="array_multisort_incase" classname="ext/standard/array.array_multisort_incase">
    </testcase>
    <testcase name="array_multisort_natural" classname="ext/standard/array.array_multisort_natural">
    </testcase>
    <testcase name="array_multisort_natural_case" classname="ext/standard/array.array_multisort_natural_case">
    </testcase>
    <testcase name="array_multisort_natural_incase" classname="ext/standard/array.array_multisort_natural_incase">
    </testcase>
    <testcase name="array_multisort_variation1" classname="ext/standard/array.array_multisort_variation1">
    </testcase>
    <testcase name="array_multisort_variation10" classname="ext/standard/array.array_multisort_variation10">
    </testcase>
    <testcase name="array_multisort_variation11" classname="ext/standard/array.array_multisort_variation11">
    </testcase>
    <testcase name="array_multisort_variation2" classname="ext/standard/array.array_multisort_variation2">
    </testcase>
    <testcase name="array_multisort_variation3" classname="ext/standard/array.array_multisort_variation3">
    </testcase>
    <testcase name="array_multisort_variation4" classname="ext/standard/array.array_multisort_variation4">
    </testcase>
    <testcase name="array_multisort_variation5" classname="ext/standard/array.array_multisort_variation5">
    </testcase>
    <testcase name="array_multisort_variation6" classname="ext/standard/array.array_multisort_variation6">
    </testcase>
    <testcase name="array_multisort_variation7" classname="ext/standard/array.array_multisort_variation7">
    </testcase>
    <testcase name="array_multisort_variation8" classname="ext/standard/array.array_multisort_variation8">
    </testcase>
    <testcase name="array_multisort_variation9" classname="ext/standard/array.array_multisort_variation9">
    </testcase>
    <testcase name="array_next_error1" classname="ext/standard/array.array_next_error1">
    </testcase>
    <testcase name="array_next_error2" classname="ext/standard/array.array_next_error2">
    </testcase>
    <testcase name="array_pad" classname="ext/standard/array.array_pad">
    </testcase>
    <testcase name="array_pad_error" classname="ext/standard/array.array_pad_error">
    </testcase>
    <testcase name="array_pad_variation1" classname="ext/standard/array.array_pad_variation1">
    </testcase>
    <testcase name="array_pad_variation2" classname="ext/standard/array.array_pad_variation2">
    </testcase>
    <testcase name="array_pad_variation3" classname="ext/standard/array.array_pad_variation3">
    </testcase>
    <testcase name="array_pad_variation4" classname="ext/standard/array.array_pad_variation4">
    </testcase>
    <testcase name="array_pad_variation5" classname="ext/standard/array.array_pad_variation5">
    </testcase>
    <testcase name="array_pad_variation6" classname="ext/standard/array.array_pad_variation6">
    </testcase>
    <testcase name="array_pad_variation7" classname="ext/standard/array.array_pad_variation7">
    </testcase>
    <testcase name="array_pop" classname="ext/standard/array.array_pop">
    </testcase>
    <testcase name="array_pop_errors" classname="ext/standard/array.array_pop_errors">
    </testcase>
    <testcase name="array_pop_variation" classname="ext/standard/array.array_pop_variation">
    </testcase>
    <testcase name="array_product_error" classname="ext/standard/array.array_product_error">
    </testcase>
    <testcase name="array_product_variation1" classname="ext/standard/array.array_product_variation1">
    </testcase>
    <testcase name="array_product_variation2" classname="ext/standard/array.array_product_variation2">
    </testcase>
    <testcase name="array_product_variation3" classname="ext/standard/array.array_product_variation3">
    </testcase>
    <testcase name="array_product_variation4" classname="ext/standard/array.array_product_variation4">
    </testcase>
    <testcase name="array_product_variation5" classname="ext/standard/array.array_product_variation5">
    </testcase>
    <testcase name="array_push" classname="ext/standard/array.array_push">
    </testcase>
    <testcase name="array_push_basic" classname="ext/standard/array.array_push_basic">
    </testcase>
    <testcase name="array_push_empty" classname="ext/standard/array.array_push_empty">
    </testcase>
    <testcase name="array_push_error1" classname="ext/standard/array.array_push_error1">
    </testcase>
    <testcase name="array_push_error2" classname="ext/standard/array.array_push_error2">
    </testcase>
    <testcase name="array_push_variation1" classname="ext/standard/array.array_push_variation1">
    </testcase>
    <testcase name="array_push_variation2" classname="ext/standard/array.array_push_variation2">
    </testcase>
    <testcase name="array_push_variation3" classname="ext/standard/array.array_push_variation3">
    </testcase>
    <testcase name="array_push_variation5" classname="ext/standard/array.array_push_variation5">
    </testcase>
    <testcase name="array_push_variation6" classname="ext/standard/array.array_push_variation6">
    </testcase>
    <testcase name="array_rand" classname="ext/standard/array.array_rand">
    </testcase>
    <testcase name="array_rand_basic1" classname="ext/standard/array.array_rand_basic1">
    </testcase>
    <testcase name="array_rand_basic2" classname="ext/standard/array.array_rand_basic2">
    </testcase>
    <testcase name="array_rand_error" classname="ext/standard/array.array_rand_error">
    </testcase>
    <testcase name="array_rand_variation1" classname="ext/standard/array.array_rand_variation1">
    </testcase>
    <testcase name="array_rand_variation2" classname="ext/standard/array.array_rand_variation2">
    </testcase>
    <testcase name="array_rand_variation3" classname="ext/standard/array.array_rand_variation3">
    </testcase>
    <testcase name="array_rand_variation4" classname="ext/standard/array.array_rand_variation4">
    </testcase>
    <testcase name="array_rand_variation5" classname="ext/standard/array.array_rand_variation5">
    </testcase>
    <testcase name="array_rand_variation6" classname="ext/standard/array.array_rand_variation6">
    </testcase>
    <testcase name="array_reduce" classname="ext/standard/array.array_reduce">
    </testcase>
    <testcase name="array_reduce_error" classname="ext/standard/array.array_reduce_error">
    </testcase>
    <testcase name="array_reduce_variation1" classname="ext/standard/array.array_reduce_variation1">
    </testcase>
    <testcase name="array_reduce_variation2" classname="ext/standard/array.array_reduce_variation2">
    </testcase>
    <testcase name="array_reduce_variation3" classname="ext/standard/array.array_reduce_variation3">
    </testcase>
    <testcase name="array_replace" classname="ext/standard/array.array_replace">
    </testcase>
    <testcase name="array_replace_merge_recursive_ref" classname="ext/standard/array.array_replace_merge_recursive_ref">
    </testcase>
    <testcase name="array_reverse_basic1" classname="ext/standard/array.array_reverse_basic1">
    </testcase>
    <testcase name="array_reverse_basic2" classname="ext/standard/array.array_reverse_basic2">
    </testcase>
    <testcase name="array_reverse_error" classname="ext/standard/array.array_reverse_error">
    </testcase>
    <testcase name="array_reverse_variation1" classname="ext/standard/array.array_reverse_variation1">
    </testcase>
    <testcase name="array_reverse_variation2" classname="ext/standard/array.array_reverse_variation2">
    </testcase>
    <testcase name="array_reverse_variation3" classname="ext/standard/array.array_reverse_variation3">
    </testcase>
    <testcase name="array_reverse_variation4" classname="ext/standard/array.array_reverse_variation4">
    </testcase>
    <testcase name="array_reverse_variation5" classname="ext/standard/array.array_reverse_variation5">
    </testcase>
    <testcase name="array_reverse_variation6" classname="ext/standard/array.array_reverse_variation6">
    </testcase>
    <testcase name="array_search" classname="ext/standard/array.array_search">
    </testcase>
    <testcase name="array_search1" classname="ext/standard/array.array_search1">
    </testcase>
    <testcase name="array_search_errors" classname="ext/standard/array.array_search_errors">
    </testcase>
    <testcase name="array_search_variation1" classname="ext/standard/array.array_search_variation1">
    </testcase>
    <testcase name="array_search_variation2" classname="ext/standard/array.array_search_variation2">
    </testcase>
    <testcase name="array_search_variation3" classname="ext/standard/array.array_search_variation3">
    </testcase>
    <testcase name="array_search_variation4" classname="ext/standard/array.array_search_variation4">
    </testcase>
    <testcase name="array_shift_basic" classname="ext/standard/array.array_shift_basic">
    </testcase>
    <testcase name="array_shift_error" classname="ext/standard/array.array_shift_error">
    </testcase>
    <testcase name="array_shift_variation1" classname="ext/standard/array.array_shift_variation1">
    </testcase>
    <testcase name="array_shift_variation2" classname="ext/standard/array.array_shift_variation2">
    </testcase>
    <testcase name="array_shift_variation3" classname="ext/standard/array.array_shift_variation3">
    </testcase>
    <testcase name="array_shift_variation4" classname="ext/standard/array.array_shift_variation4">
    </testcase>
    <testcase name="array_shift_variation5" classname="ext/standard/array.array_shift_variation5">
    </testcase>
    <testcase name="array_shift_variation6" classname="ext/standard/array.array_shift_variation6">
    </testcase>
    <testcase name="array_shift_variation7" classname="ext/standard/array.array_shift_variation7">
    </testcase>
    <testcase name="array_shift_variation8" classname="ext/standard/array.array_shift_variation8">
    </testcase>
    <testcase name="array_shuffle_basic" classname="ext/standard/array.array_shuffle_basic">
    </testcase>
    <testcase name="array_slice" classname="ext/standard/array.array_slice">
    </testcase>
    <testcase name="array_slice_basic" classname="ext/standard/array.array_slice_basic">
    </testcase>
    <testcase name="array_slice_error" classname="ext/standard/array.array_slice_error">
    </testcase>
    <testcase name="array_slice_variation1" classname="ext/standard/array.array_slice_variation1">
    </testcase>
    <testcase name="array_slice_variation10" classname="ext/standard/array.array_slice_variation10">
    </testcase>
    <testcase name="array_slice_variation11" classname="ext/standard/array.array_slice_variation11">
    </testcase>
    <testcase name="array_slice_variation2" classname="ext/standard/array.array_slice_variation2">
      <skipped message="" />
    </testcase>
    <testcase name="array_slice_variation3" classname="ext/standard/array.array_slice_variation3">
    </testcase>
    <testcase name="array_slice_variation4" classname="ext/standard/array.array_slice_variation4">
    </testcase>
    <testcase name="array_slice_variation5" classname="ext/standard/array.array_slice_variation5">
    </testcase>
    <testcase name="array_slice_variation6" classname="ext/standard/array.array_slice_variation6">
    </testcase>
    <testcase name="array_slice_variation7" classname="ext/standard/array.array_slice_variation7">
    </testcase>
    <testcase name="array_slice_variation8" classname="ext/standard/array.array_slice_variation8">
    </testcase>
    <testcase name="array_slice_variation9" classname="ext/standard/array.array_slice_variation9">
    </testcase>
    <testcase name="array_splice_basic" classname="ext/standard/array.array_splice_basic">
    </testcase>
    <testcase name="array_splice_errors" classname="ext/standard/array.array_splice_errors">
    </testcase>
    <testcase name="array_splice_variation1" classname="ext/standard/array.array_splice_variation1">
    </testcase>
    <testcase name="array_splice_variation2" classname="ext/standard/array.array_splice_variation2">
    </testcase>
    <testcase name="array_splice_variation3" classname="ext/standard/array.array_splice_variation3">
    </testcase>
    <testcase name="array_splice_variation4" classname="ext/standard/array.array_splice_variation4">
    </testcase>
    <testcase name="array_sum" classname="ext/standard/array.array_sum">
    </testcase>
    <testcase name="array_sum_basic" classname="ext/standard/array.array_sum_basic">
    </testcase>
    <testcase name="array_sum_error" classname="ext/standard/array.array_sum_error">
    </testcase>
    <testcase name="array_sum_on_reference" classname="ext/standard/array.array_sum_on_reference">
    </testcase>
    <testcase name="array_sum_variation1" classname="ext/standard/array.array_sum_variation1">
    </testcase>
    <testcase name="array_sum_variation2" classname="ext/standard/array.array_sum_variation2">
    </testcase>
    <testcase name="array_sum_variation3" classname="ext/standard/array.array_sum_variation3">
    </testcase>
    <testcase name="array_sum_variation4" classname="ext/standard/array.array_sum_variation4">
    </testcase>
    <testcase name="array_sum_variation5" classname="ext/standard/array.array_sum_variation5">
    </testcase>
    <testcase name="array_sum_variation6" classname="ext/standard/array.array_sum_variation6">
    </testcase>
    <testcase name="array_sum_variation7" classname="ext/standard/array.array_sum_variation7">
    </testcase>
    <testcase name="array_udiff_assoc_basic" classname="ext/standard/array.array_udiff_assoc_basic">
    </testcase>
    <testcase name="array_udiff_assoc_error" classname="ext/standard/array.array_udiff_assoc_error">
    </testcase>
    <testcase name="array_udiff_assoc_variation" classname="ext/standard/array.array_udiff_assoc_variation">
    </testcase>
    <testcase name="array_udiff_assoc_variation1" classname="ext/standard/array.array_udiff_assoc_variation1">
    </testcase>
    <testcase name="array_udiff_assoc_variation2" classname="ext/standard/array.array_udiff_assoc_variation2">
    </testcase>
    <testcase name="array_udiff_assoc_variation3" classname="ext/standard/array.array_udiff_assoc_variation3">
    </testcase>
    <testcase name="array_udiff_assoc_variation4" classname="ext/standard/array.array_udiff_assoc_variation4">
    </testcase>
    <testcase name="array_udiff_assoc_variation5" classname="ext/standard/array.array_udiff_assoc_variation5">
    </testcase>
    <testcase name="array_udiff_basic" classname="ext/standard/array.array_udiff_basic">
    </testcase>
    <testcase name="array_udiff_error" classname="ext/standard/array.array_udiff_error">
    </testcase>
    <testcase name="array_udiff_uassoc_basic" classname="ext/standard/array.array_udiff_uassoc_basic">
    </testcase>
    <testcase name="array_udiff_uassoc_error" classname="ext/standard/array.array_udiff_uassoc_error">
    </testcase>
    <testcase name="array_udiff_uassoc_variation1" classname="ext/standard/array.array_udiff_uassoc_variation1">
    </testcase>
    <testcase name="array_udiff_uassoc_variation2" classname="ext/standard/array.array_udiff_uassoc_variation2">
    </testcase>
    <testcase name="array_udiff_uassoc_variation3" classname="ext/standard/array.array_udiff_uassoc_variation3">
    </testcase>
    <testcase name="array_udiff_uassoc_variation4" classname="ext/standard/array.array_udiff_uassoc_variation4">
    </testcase>
    <testcase name="array_udiff_uassoc_variation5" classname="ext/standard/array.array_udiff_uassoc_variation5">
    </testcase>
    <testcase name="array_udiff_uassoc_variation6" classname="ext/standard/array.array_udiff_uassoc_variation6">
    </testcase>
    <testcase name="array_udiff_variation1" classname="ext/standard/array.array_udiff_variation1">
    </testcase>
    <testcase name="array_udiff_variation2" classname="ext/standard/array.array_udiff_variation2">
    </testcase>
    <testcase name="array_udiff_variation3" classname="ext/standard/array.array_udiff_variation3">
    </testcase>
    <testcase name="array_udiff_variation4" classname="ext/standard/array.array_udiff_variation4">
    </testcase>
    <testcase name="array_udiff_variation5" classname="ext/standard/array.array_udiff_variation5">
    </testcase>
    <testcase name="array_uintersect_assoc_basic" classname="ext/standard/array.array_uintersect_assoc_basic">
    </testcase>
    <testcase name="array_uintersect_assoc_basic2" classname="ext/standard/array.array_uintersect_assoc_basic2">
    </testcase>
    <testcase name="array_uintersect_assoc_error" classname="ext/standard/array.array_uintersect_assoc_error">
    </testcase>
    <testcase name="array_uintersect_assoc_variation1" classname="ext/standard/array.array_uintersect_assoc_variation1">
    </testcase>
    <testcase name="array_uintersect_assoc_variation2" classname="ext/standard/array.array_uintersect_assoc_variation2">
    </testcase>
    <testcase name="array_uintersect_assoc_variation3" classname="ext/standard/array.array_uintersect_assoc_variation3">
    </testcase>
    <testcase name="array_uintersect_assoc_variation4" classname="ext/standard/array.array_uintersect_assoc_variation4">
    </testcase>
    <testcase name="array_uintersect_assoc_variation5" classname="ext/standard/array.array_uintersect_assoc_variation5">
    </testcase>
    <testcase name="array_uintersect_basic" classname="ext/standard/array.array_uintersect_basic">
    </testcase>
    <testcase name="array_uintersect_error" classname="ext/standard/array.array_uintersect_error">
    </testcase>
    <testcase name="array_uintersect_uassoc_basic" classname="ext/standard/array.array_uintersect_uassoc_basic">
    </testcase>
    <testcase name="array_uintersect_uassoc_error" classname="ext/standard/array.array_uintersect_uassoc_error">
    </testcase>
    <testcase name="array_uintersect_uassoc_variation1" classname="ext/standard/array.array_uintersect_uassoc_variation1">
    </testcase>
    <testcase name="array_uintersect_uassoc_variation2" classname="ext/standard/array.array_uintersect_uassoc_variation2">
    </testcase>
    <testcase name="array_uintersect_uassoc_variation3" classname="ext/standard/array.array_uintersect_uassoc_variation3">
    </testcase>
    <testcase name="array_uintersect_uassoc_variation4" classname="ext/standard/array.array_uintersect_uassoc_variation4">
    </testcase>
    <testcase name="array_uintersect_uassoc_variation5" classname="ext/standard/array.array_uintersect_uassoc_variation5">
    </testcase>
    <testcase name="array_uintersect_uassoc_variation6" classname="ext/standard/array.array_uintersect_uassoc_variation6">
    </testcase>
    <testcase name="array_uintersect_variation1" classname="ext/standard/array.array_uintersect_variation1">
    </testcase>
    <testcase name="array_uintersect_variation2" classname="ext/standard/array.array_uintersect_variation2">
    </testcase>
    <testcase name="array_uintersect_variation3" classname="ext/standard/array.array_uintersect_variation3">
    </testcase>
    <testcase name="array_uintersect_variation4" classname="ext/standard/array.array_uintersect_variation4">
    </testcase>
    <testcase name="array_uintersect_variation5" classname="ext/standard/array.array_uintersect_variation5">
    </testcase>
    <testcase name="array_unique_basic" classname="ext/standard/array.array_unique_basic">
    </testcase>
    <testcase name="array_unique_error" classname="ext/standard/array.array_unique_error">
    </testcase>
    <testcase name="array_unique_variation1" classname="ext/standard/array.array_unique_variation1">
    </testcase>
    <testcase name="array_unique_variation2" classname="ext/standard/array.array_unique_variation2">
    </testcase>
    <testcase name="array_unique_variation3" classname="ext/standard/array.array_unique_variation3">
    </testcase>
    <testcase name="array_unique_variation4" classname="ext/standard/array.array_unique_variation4">
    </testcase>
    <testcase name="array_unique_variation5" classname="ext/standard/array.array_unique_variation5">
    </testcase>
    <testcase name="array_unique_variation6" classname="ext/standard/array.array_unique_variation6">
    </testcase>
    <testcase name="array_unique_variation7" classname="ext/standard/array.array_unique_variation7">
    </testcase>
    <testcase name="array_unique_variation8" classname="ext/standard/array.array_unique_variation8">
    </testcase>
    <testcase name="array_unique_variation9" classname="ext/standard/array.array_unique_variation9">
    </testcase>
    <testcase name="array_unshift" classname="ext/standard/array.array_unshift">
    </testcase>
    <testcase name="array_unshift_basic1" classname="ext/standard/array.array_unshift_basic1">
    </testcase>
    <testcase name="array_unshift_basic2" classname="ext/standard/array.array_unshift_basic2">
    </testcase>
    <testcase name="array_unshift_empty" classname="ext/standard/array.array_unshift_empty">
    </testcase>
    <testcase name="array_unshift_error" classname="ext/standard/array.array_unshift_error">
    </testcase>
    <testcase name="array_unshift_object" classname="ext/standard/array.array_unshift_object">
    </testcase>
    <testcase name="array_unshift_variation1" classname="ext/standard/array.array_unshift_variation1">
    </testcase>
    <testcase name="array_unshift_variation2" classname="ext/standard/array.array_unshift_variation2">
    </testcase>
    <testcase name="array_unshift_variation3" classname="ext/standard/array.array_unshift_variation3">
    </testcase>
    <testcase name="array_unshift_variation4" classname="ext/standard/array.array_unshift_variation4">
    </testcase>
    <testcase name="array_unshift_variation5" classname="ext/standard/array.array_unshift_variation5">
    </testcase>
    <testcase name="array_unshift_variation6" classname="ext/standard/array.array_unshift_variation6">
    </testcase>
    <testcase name="array_unshift_variation7" classname="ext/standard/array.array_unshift_variation7">
    </testcase>
    <testcase name="array_unshift_variation8" classname="ext/standard/array.array_unshift_variation8">
    </testcase>
    <testcase name="array_unshift_variation9" classname="ext/standard/array.array_unshift_variation9">
    </testcase>
    <testcase name="array_user_key_compare" classname="ext/standard/array.array_user_key_compare">
    </testcase>
    <testcase name="array_values" classname="ext/standard/array.array_values">
    </testcase>
    <testcase name="array_values_basic" classname="ext/standard/array.array_values_basic">
    </testcase>
    <testcase name="array_values_error" classname="ext/standard/array.array_values_error">
    </testcase>
    <testcase name="array_values_errors" classname="ext/standard/array.array_values_errors">
    </testcase>
    <testcase name="array_values_variation" classname="ext/standard/array.array_values_variation">
      <skipped message="" />
    </testcase>
    <testcase name="array_values_variation1" classname="ext/standard/array.array_values_variation1">
    </testcase>
    <testcase name="array_values_variation2" classname="ext/standard/array.array_values_variation2">
    </testcase>
    <testcase name="array_values_variation3" classname="ext/standard/array.array_values_variation3">
    </testcase>
    <testcase name="array_values_variation4" classname="ext/standard/array.array_values_variation4">
    </testcase>
    <testcase name="array_values_variation5" classname="ext/standard/array.array_values_variation5">
    </testcase>
    <testcase name="array_values_variation6" classname="ext/standard/array.array_values_variation6">
    </testcase>
    <testcase name="array_values_variation7" classname="ext/standard/array.array_values_variation7">
    </testcase>
    <testcase name="array_values_variation_64bit" classname="ext/standard/array.array_values_variation_64bit">
    </testcase>
    <testcase name="array_walk" classname="ext/standard/array.array_walk">
    </testcase>
    <testcase name="array_walk_basic1" classname="ext/standard/array.array_walk_basic1">
    </testcase>
    <testcase name="array_walk_basic2" classname="ext/standard/array.array_walk_basic2">
    </testcase>
    <testcase name="array_walk_closure" classname="ext/standard/array.array_walk_closure">
    </testcase>
    <testcase name="array_walk_error1" classname="ext/standard/array.array_walk_error1">
    </testcase>
    <testcase name="array_walk_error2" classname="ext/standard/array.array_walk_error2">
    </testcase>
    <testcase name="array_walk_object1" classname="ext/standard/array.array_walk_object1">
    </testcase>
    <testcase name="array_walk_object2" classname="ext/standard/array.array_walk_object2">
    </testcase>
    <testcase name="array_walk_objects" classname="ext/standard/array.array_walk_objects">
    </testcase>
    <testcase name="array_walk_rec_objects" classname="ext/standard/array.array_walk_rec_objects">
    </testcase>
    <testcase name="array_walk_recursive" classname="ext/standard/array.array_walk_recursive">
    </testcase>
    <testcase name="array_walk_recursive1" classname="ext/standard/array.array_walk_recursive1">
    </testcase>
    <testcase name="array_walk_recursive_basic1" classname="ext/standard/array.array_walk_recursive_basic1">
    </testcase>
    <testcase name="array_walk_recursive_basic2" classname="ext/standard/array.array_walk_recursive_basic2">
    </testcase>
    <testcase name="array_walk_recursive_error1" classname="ext/standard/array.array_walk_recursive_error1">
    </testcase>
    <testcase name="array_walk_recursive_error2" classname="ext/standard/array.array_walk_recursive_error2">
    </testcase>
    <testcase name="array_walk_recursive_object1" classname="ext/standard/array.array_walk_recursive_object1">
    </testcase>
    <testcase name="array_walk_recursive_object2" classname="ext/standard/array.array_walk_recursive_object2">
    </testcase>
    <testcase name="array_walk_recursive_variation1" classname="ext/standard/array.array_walk_recursive_variation1">
    </testcase>
    <testcase name="array_walk_recursive_variation2" classname="ext/standard/array.array_walk_recursive_variation2">
    </testcase>
    <testcase name="array_walk_recursive_variation3" classname="ext/standard/array.array_walk_recursive_variation3">
    </testcase>
    <testcase name="array_walk_recursive_variation4" classname="ext/standard/array.array_walk_recursive_variation4">
    </testcase>
    <testcase name="array_walk_recursive_variation5" classname="ext/standard/array.array_walk_recursive_variation5">
    </testcase>
    <testcase name="array_walk_recursive_variation6" classname="ext/standard/array.array_walk_recursive_variation6">
    </testcase>
    <testcase name="array_walk_recursive_variation7" classname="ext/standard/array.array_walk_recursive_variation7">
    </testcase>
    <testcase name="array_walk_recursive_variation8" classname="ext/standard/array.array_walk_recursive_variation8">
    </testcase>
    <testcase name="array_walk_recursive_variation9" classname="ext/standard/array.array_walk_recursive_variation9">
    </testcase>
    <testcase name="array_walk_variation1" classname="ext/standard/array.array_walk_variation1">
    </testcase>
    <testcase name="array_walk_variation2" classname="ext/standard/array.array_walk_variation2">
    </testcase>
    <testcase name="array_walk_variation3" classname="ext/standard/array.array_walk_variation3">
    </testcase>
    <testcase name="array_walk_variation4" classname="ext/standard/array.array_walk_variation4">
    </testcase>
    <testcase name="array_walk_variation5" classname="ext/standard/array.array_walk_variation5">
    </testcase>
    <testcase name="array_walk_variation6" classname="ext/standard/array.array_walk_variation6">
    </testcase>
    <testcase name="array_walk_variation7" classname="ext/standard/array.array_walk_variation7">
    </testcase>
    <testcase name="array_walk_variation8" classname="ext/standard/array.array_walk_variation8">
    </testcase>
    <testcase name="array_walk_variation9" classname="ext/standard/array.array_walk_variation9">
    </testcase>
    <testcase name="arsort_basic" classname="ext/standard/array.arsort_basic">
    </testcase>
    <testcase name="arsort_error" classname="ext/standard/array.arsort_error">
    </testcase>
    <testcase name="arsort_object1" classname="ext/standard/array.arsort_object1">
    </testcase>
    <testcase name="arsort_object2" classname="ext/standard/array.arsort_object2">
    </testcase>
    <testcase name="arsort_variation1" classname="ext/standard/array.arsort_variation1">
    </testcase>
    <testcase name="arsort_variation10" classname="ext/standard/array.arsort_variation10">
    </testcase>
    <testcase name="arsort_variation11" classname="ext/standard/array.arsort_variation11">
    </testcase>
    <testcase name="arsort_variation2" classname="ext/standard/array.arsort_variation2">
    </testcase>
    <testcase name="arsort_variation3" classname="ext/standard/array.arsort_variation3">
    </testcase>
    <testcase name="arsort_variation4" classname="ext/standard/array.arsort_variation4">
    </testcase>
    <testcase name="arsort_variation5" classname="ext/standard/array.arsort_variation5">
    </testcase>
    <testcase name="arsort_variation6" classname="ext/standard/array.arsort_variation6">
    </testcase>
    <testcase name="arsort_variation7" classname="ext/standard/array.arsort_variation7">
    </testcase>
    <testcase name="arsort_variation8" classname="ext/standard/array.arsort_variation8">
    </testcase>
    <testcase name="arsort_variation9" classname="ext/standard/array.arsort_variation9">
    </testcase>
    <testcase name="asort_basic" classname="ext/standard/array.asort_basic">
    </testcase>
    <testcase name="asort_error" classname="ext/standard/array.asort_error">
    </testcase>
    <testcase name="asort_object1" classname="ext/standard/array.asort_object1">
    </testcase>
    <testcase name="asort_object2" classname="ext/standard/array.asort_object2">
    </testcase>
    <testcase name="asort_variation1" classname="ext/standard/array.asort_variation1">
    </testcase>
    <testcase name="asort_variation10" classname="ext/standard/array.asort_variation10">
    </testcase>
    <testcase name="asort_variation11" classname="ext/standard/array.asort_variation11">
    </testcase>
    <testcase name="asort_variation2" classname="ext/standard/array.asort_variation2">
    </testcase>
    <testcase name="asort_variation3" classname="ext/standard/array.asort_variation3">
    </testcase>
    <testcase name="asort_variation4" classname="ext/standard/array.asort_variation4">
    </testcase>
    <testcase name="asort_variation5" classname="ext/standard/array.asort_variation5">
    </testcase>
    <testcase name="asort_variation6" classname="ext/standard/array.asort_variation6">
    </testcase>
    <testcase name="asort_variation7" classname="ext/standard/array.asort_variation7">
    </testcase>
    <testcase name="asort_variation8" classname="ext/standard/array.asort_variation8">
    </testcase>
    <testcase name="asort_variation9" classname="ext/standard/array.asort_variation9">
    </testcase>
    <testcase name="bug12776" classname="ext/standard/array.bug12776">
    </testcase>
    <testcase name="bug14580" classname="ext/standard/array.bug14580">
    </testcase>
    <testcase name="bug20381" classname="ext/standard/array.bug20381">
    </testcase>
    <testcase name="bug20865" classname="ext/standard/array.bug20865">
    </testcase>
    <testcase name="bug21182" classname="ext/standard/array.bug21182">
    </testcase>
    <testcase name="bug21918" classname="ext/standard/array.bug21918">
    </testcase>
    <testcase name="bug21998" classname="ext/standard/array.bug21998">
    </testcase>
    <testcase name="bug22088" classname="ext/standard/array.bug22088">
    </testcase>
    <testcase name="bug22463" classname="ext/standard/array.bug22463">
    </testcase>
    <testcase name="bug23581" classname="ext/standard/array.bug23581">
    </testcase>
    <testcase name="bug23788" classname="ext/standard/array.bug23788">
    </testcase>
    <testcase name="bug24198" classname="ext/standard/array.bug24198">
    </testcase>
    <testcase name="bug24220" classname="ext/standard/array.bug24220">
    </testcase>
    <testcase name="bug24766" classname="ext/standard/array.bug24766">
    </testcase>
    <testcase name="bug24897" classname="ext/standard/array.bug24897">
    </testcase>
    <testcase name="bug24980" classname="ext/standard/array.bug24980">
    </testcase>
    <testcase name="bug25359" classname="ext/standard/array.bug25359">
    </testcase>
    <testcase name="bug25708" classname="ext/standard/array.bug25708">
    </testcase>
    <testcase name="bug25758" classname="ext/standard/array.bug25758">
    </testcase>
    <testcase name="bug26458" classname="ext/standard/array.bug26458">
    </testcase>
    <testcase name="bug28739" classname="ext/standard/array.bug28739">
    </testcase>
    <testcase name="bug28974" classname="ext/standard/array.bug28974">
    </testcase>
    <testcase name="bug29253" classname="ext/standard/array.bug29253">
    </testcase>
    <testcase name="bug29493" classname="ext/standard/array.bug29493">
    </testcase>
    <testcase name="bug30074" classname="ext/standard/array.bug30074">
    </testcase>
    <testcase name="bug30266" classname="ext/standard/array.bug30266">
    </testcase>
    <testcase name="bug30833" classname="ext/standard/array.bug30833">
    </testcase>
    <testcase name="bug31158" classname="ext/standard/array.bug31158">
    </testcase>
    <testcase name="bug31213" classname="ext/standard/array.bug31213">
    </testcase>
    <testcase name="bug32021" classname="ext/standard/array.bug32021">
    </testcase>
    <testcase name="bug33382" classname="ext/standard/array.bug33382">
    </testcase>
    <testcase name="bug33989" classname="ext/standard/array.bug33989">
    </testcase>
    <testcase name="bug34066" classname="ext/standard/array.bug34066">
    </testcase>
    <testcase name="bug34066_1" classname="ext/standard/array.bug34066_1">
    </testcase>
    <testcase name="bug34227" classname="ext/standard/array.bug34227">
    </testcase>
    <testcase name="bug34982" classname="ext/standard/array.bug34982">
    </testcase>
    <testcase name="bug35014" classname="ext/standard/array.bug35014">
      <skipped message="" />
    </testcase>
    <testcase name="bug35014_64bit" classname="ext/standard/array.bug35014_64bit">
    </testcase>
    <testcase name="bug35022" classname="ext/standard/array.bug35022">
    </testcase>
    <testcase name="bug35821" classname="ext/standard/array.bug35821">
    </testcase>
    <testcase name="bug36975" classname="ext/standard/array.bug36975">
    </testcase>
    <testcase name="bug38464" classname="ext/standard/array.bug38464">
    </testcase>
    <testcase name="bug39576" classname="ext/standard/array.bug39576">
    </testcase>
    <testcase name="bug40191" classname="ext/standard/array.bug40191">
    </testcase>
    <testcase name="bug40709" classname="ext/standard/array.bug40709">
    </testcase>
    <testcase name="bug41121" classname="ext/standard/array.bug41121">
      <skipped message="" />
    </testcase>
    <testcase name="bug41686" classname="ext/standard/array.bug41686">
    </testcase>
    <testcase name="bug42177" classname="ext/standard/array.bug42177">
    </testcase>
    <testcase name="bug42233" classname="ext/standard/array.bug42233">
    </testcase>
    <testcase name="bug42838" classname="ext/standard/array.bug42838">
    </testcase>
    <testcase name="bug42850" classname="ext/standard/array.bug42850">
    </testcase>
    <testcase name="bug43495" classname="ext/standard/array.bug43495">
    </testcase>
    <testcase name="bug43505" classname="ext/standard/array.bug43505">
    </testcase>
    <testcase name="bug43541" classname="ext/standard/array.bug43541">
    </testcase>
    <testcase name="bug44181" classname="ext/standard/array.bug44181">
    </testcase>
    <testcase name="bug44182" classname="ext/standard/array.bug44182">
    </testcase>
    <testcase name="bug44929" classname="ext/standard/array.bug44929">
    </testcase>
    <testcase name="bug45312" classname="ext/standard/array.bug45312">
    </testcase>
    <testcase name="bug46873" classname="ext/standard/array.bug46873">
    </testcase>
    <testcase name="bug48224" classname="ext/standard/array.bug48224">
    </testcase>
    <testcase name="bug48484" classname="ext/standard/array.bug48484">
    </testcase>
    <testcase name="bug48854" classname="ext/standard/array.bug48854">
    </testcase>
    <testcase name="bug50006" classname="ext/standard/array.bug50006">
    </testcase>
    <testcase name="bug50006_1" classname="ext/standard/array.bug50006_1">
    </testcase>
    <testcase name="bug50006_2" classname="ext/standard/array.bug50006_2">
    </testcase>
    <testcase name="bug51552" classname="ext/standard/array.bug51552">
    </testcase>
    <testcase name="bug52534" classname="ext/standard/array.bug52534">
    </testcase>
    <testcase name="bug52719" classname="ext/standard/array.bug52719">
    </testcase>
    <testcase name="bug54459" classname="ext/standard/array.bug54459">
    </testcase>
    <testcase name="bug61058" classname="ext/standard/array.bug61058">
    </testcase>
    <testcase name="bug61730" classname="ext/standard/array.bug61730">
    </testcase>
    <testcase name="bug61967" classname="ext/standard/array.bug61967">
    </testcase>
    <testcase name="bug62607" classname="ext/standard/array.bug62607">
    </testcase>
    <testcase name="bug65251" classname="ext/standard/array.bug65251">
    </testcase>
    <testcase name="bug65304" classname="ext/standard/array.bug65304">
    </testcase>
    <testcase name="bug67693" classname="ext/standard/array.bug67693">
    </testcase>
    <testcase name="bug68553" classname="ext/standard/array.bug68553">
    </testcase>
    <testcase name="bug69068" classname="ext/standard/array.bug69068">
    </testcase>
    <testcase name="bug69068_2" classname="ext/standard/array.bug69068_2">
    </testcase>
    <testcase name="bug69166" classname="ext/standard/array.bug69166">
    </testcase>
    <testcase name="bug69198" classname="ext/standard/array.bug69198">
    </testcase>
    <testcase name="bug69299" classname="ext/standard/array.bug69299">
    </testcase>
    <testcase name="bug69371" classname="ext/standard/array.bug69371">
    </testcase>
    <testcase name="bug69413" classname="ext/standard/array.bug69413">
    </testcase>
    <testcase name="bug69674" classname="ext/standard/array.bug69674">
    </testcase>
    <testcase name="bug69723" classname="ext/standard/array.bug69723">
    </testcase>
    <testcase name="bug70250" classname="ext/standard/array.bug70250">
    </testcase>
    <testcase name="bug70668" classname="ext/standard/array.bug70668">
    </testcase>
    <testcase name="bug70713" classname="ext/standard/array.bug70713">
    </testcase>
    <testcase name="bug70808" classname="ext/standard/array.bug70808">
    </testcase>
    <testcase name="bug70910" classname="ext/standard/array.bug70910">
    </testcase>
    <testcase name="bug71220" classname="ext/standard/array.bug71220">
    </testcase>
    <testcase name="bug71334" classname="ext/standard/array.bug71334">
    </testcase>
    <testcase name="bug71603" classname="ext/standard/array.bug71603">
    </testcase>
    <testcase name="bug71660" classname="ext/standard/array.bug71660">
    </testcase>
    <testcase name="bug71837" classname="ext/standard/array.bug71837">
    </testcase>
    <testcase name="bug72031" classname="ext/standard/array.bug72031">
    </testcase>
    <testcase name="bug72116" classname="ext/standard/array.bug72116">
    </testcase>
    <testcase name="bug72369" classname="ext/standard/array.bug72369">
    </testcase>
    <testcase name="bug72622" classname="ext/standard/array.bug72622">
    </testcase>
    <testcase name="bug74361" classname="ext/standard/array.bug74361">
    </testcase>
    <testcase name="bug74361_2" classname="ext/standard/array.bug74361_2">
    </testcase>
    <testcase name="bug75433" classname="ext/standard/array.bug75433">
    </testcase>
    <testcase name="bug75653" classname="ext/standard/array.bug75653">
    </testcase>
    <testcase name="bug76505" classname="ext/standard/array.bug76505">
    </testcase>
    <testcase name="bug76713" classname="ext/standard/array.bug76713">
    </testcase>
    <testcase name="bug76778" classname="ext/standard/array.bug76778">
    </testcase>
    <testcase name="bug77395" classname="ext/standard/array.bug77395">
    </testcase>
    <testcase name="bug77669" classname="ext/standard/array.bug77669">
    </testcase>
    <testcase name="bug77793" classname="ext/standard/array.bug77793">
    </testcase>
    <testcase name="bug77931" classname="ext/standard/array.bug77931">
    </testcase>
    <testcase name="compact" classname="ext/standard/array.compact">
    </testcase>
    <testcase name="compact_basic" classname="ext/standard/array.compact_basic">
    </testcase>
    <testcase name="compact_error" classname="ext/standard/array.compact_error">
    </testcase>
    <testcase name="compact_no_this" classname="ext/standard/array.compact_no_this">
    </testcase>
    <testcase name="compact_order" classname="ext/standard/array.compact_order">
    </testcase>
    <testcase name="compact_this" classname="ext/standard/array.compact_this">
    </testcase>
    <testcase name="compact_variation1" classname="ext/standard/array.compact_variation1">
    </testcase>
    <testcase name="compact_variation2" classname="ext/standard/array.compact_variation2">
    </testcase>
    <testcase name="count_basic" classname="ext/standard/array.count_basic">
    </testcase>
    <testcase name="count_error" classname="ext/standard/array.count_error">
    </testcase>
    <testcase name="count_invalid" classname="ext/standard/array.count_invalid">
    </testcase>
    <testcase name="count_recursive" classname="ext/standard/array.count_recursive">
    </testcase>
    <testcase name="count_symbol_table" classname="ext/standard/array.count_symbol_table">
    </testcase>
    <testcase name="count_variation1" classname="ext/standard/array.count_variation1">
    </testcase>
    <testcase name="count_variation2" classname="ext/standard/array.count_variation2">
    </testcase>
    <testcase name="count_variation3" classname="ext/standard/array.count_variation3">
    </testcase>
    <testcase name="current_basic" classname="ext/standard/array.current_basic">
    </testcase>
    <testcase name="current_error" classname="ext/standard/array.current_error">
    </testcase>
    <testcase name="current_variation1" classname="ext/standard/array.current_variation1">
    </testcase>
    <testcase name="current_variation2" classname="ext/standard/array.current_variation2">
    </testcase>
    <testcase name="current_variation3" classname="ext/standard/array.current_variation3">
    </testcase>
    <testcase name="current_variation4" classname="ext/standard/array.current_variation4">
    </testcase>
    <testcase name="current_variation5" classname="ext/standard/array.current_variation5">
    </testcase>
    <testcase name="current_variation6" classname="ext/standard/array.current_variation6">
    </testcase>
    <testcase name="each" classname="ext/standard/array.each">
    </testcase>
    <testcase name="each_basic" classname="ext/standard/array.each_basic">
    </testcase>
    <testcase name="each_error" classname="ext/standard/array.each_error">
    </testcase>
    <testcase name="each_variation1" classname="ext/standard/array.each_variation1">
    </testcase>
    <testcase name="each_variation2" classname="ext/standard/array.each_variation2">
    </testcase>
    <testcase name="each_variation3" classname="ext/standard/array.each_variation3">
    </testcase>
    <testcase name="each_variation4" classname="ext/standard/array.each_variation4">
    </testcase>
    <testcase name="each_variation5" classname="ext/standard/array.each_variation5">
    </testcase>
    <testcase name="each_variation6" classname="ext/standard/array.each_variation6">
    </testcase>
    <testcase name="end" classname="ext/standard/array.end">
      <skipped message="" />
    </testcase>
    <testcase name="end_64bit" classname="ext/standard/array.end_64bit">
    </testcase>
    <testcase name="end_basic" classname="ext/standard/array.end_basic">
    </testcase>
    <testcase name="end_error" classname="ext/standard/array.end_error">
    </testcase>
    <testcase name="end_variation1" classname="ext/standard/array.end_variation1">
    </testcase>
    <testcase name="end_variation2" classname="ext/standard/array.end_variation2">
    </testcase>
    <testcase name="end_variation3" classname="ext/standard/array.end_variation3">
    </testcase>
    <testcase name="extract_error" classname="ext/standard/array.extract_error">
    </testcase>
    <testcase name="extract_safety" classname="ext/standard/array.extract_safety">
    </testcase>
    <testcase name="extract_variation1" classname="ext/standard/array.extract_variation1">
    </testcase>
    <testcase name="extract_variation10" classname="ext/standard/array.extract_variation10">
    </testcase>
    <testcase name="extract_variation11" classname="ext/standard/array.extract_variation11">
    </testcase>
    <testcase name="extract_variation2" classname="ext/standard/array.extract_variation2">
    </testcase>
    <testcase name="extract_variation3" classname="ext/standard/array.extract_variation3">
    </testcase>
    <testcase name="extract_variation4" classname="ext/standard/array.extract_variation4">
    </testcase>
    <testcase name="extract_variation5" classname="ext/standard/array.extract_variation5">
    </testcase>
    <testcase name="extract_variation6" classname="ext/standard/array.extract_variation6">
    </testcase>
    <testcase name="extract_variation7" classname="ext/standard/array.extract_variation7">
    </testcase>
    <testcase name="extract_variation8" classname="ext/standard/array.extract_variation8">
    </testcase>
    <testcase name="extract_variation9" classname="ext/standard/array.extract_variation9">
    </testcase>
    <testcase name="in_array_errors" classname="ext/standard/array.in_array_errors">
    </testcase>
    <testcase name="in_array_variation1" classname="ext/standard/array.in_array_variation1">
    </testcase>
    <testcase name="in_array_variation2" classname="ext/standard/array.in_array_variation2">
    </testcase>
    <testcase name="in_array_variation3" classname="ext/standard/array.in_array_variation3">
    </testcase>
    <testcase name="in_array_variation4" classname="ext/standard/array.in_array_variation4">
    </testcase>
    <testcase name="in_array_with_ref" classname="ext/standard/array.in_array_with_ref">
    </testcase>
    <testcase name="key_basic" classname="ext/standard/array.key_basic">
    </testcase>
    <testcase name="key_error" classname="ext/standard/array.key_error">
    </testcase>
    <testcase name="key_exists_basic" classname="ext/standard/array.key_exists_basic">
    </testcase>
    <testcase name="key_exists_error" classname="ext/standard/array.key_exists_error">
    </testcase>
    <testcase name="key_exists_variation1" classname="ext/standard/array.key_exists_variation1">
    </testcase>
    <testcase name="key_exists_variation2" classname="ext/standard/array.key_exists_variation2">
    </testcase>
    <testcase name="key_variation1" classname="ext/standard/array.key_variation1">
    </testcase>
    <testcase name="key_variation2" classname="ext/standard/array.key_variation2">
    </testcase>
    <testcase name="key_variation3" classname="ext/standard/array.key_variation3">
    </testcase>
    <testcase name="key_variation4" classname="ext/standard/array.key_variation4">
    </testcase>
    <testcase name="krsort_basic" classname="ext/standard/array.krsort_basic">
    </testcase>
    <testcase name="krsort_error" classname="ext/standard/array.krsort_error">
    </testcase>
    <testcase name="krsort_object" classname="ext/standard/array.krsort_object">
    </testcase>
    <testcase name="krsort_variation1" classname="ext/standard/array.krsort_variation1">
    </testcase>
    <testcase name="krsort_variation10" classname="ext/standard/array.krsort_variation10">
    </testcase>
    <testcase name="krsort_variation11" classname="ext/standard/array.krsort_variation11">
    </testcase>
    <testcase name="krsort_variation2" classname="ext/standard/array.krsort_variation2">
    </testcase>
    <testcase name="krsort_variation3" classname="ext/standard/array.krsort_variation3">
    </testcase>
    <testcase name="krsort_variation4" classname="ext/standard/array.krsort_variation4">
    </testcase>
    <testcase name="krsort_variation5" classname="ext/standard/array.krsort_variation5">
    </testcase>
    <testcase name="krsort_variation6" classname="ext/standard/array.krsort_variation6">
    </testcase>
    <testcase name="krsort_variation7" classname="ext/standard/array.krsort_variation7">
    </testcase>
    <testcase name="krsort_variation8" classname="ext/standard/array.krsort_variation8">
    </testcase>
    <testcase name="krsort_variation9" classname="ext/standard/array.krsort_variation9">
    </testcase>
    <testcase name="ksort_basic" classname="ext/standard/array.ksort_basic">
    </testcase>
    <testcase name="ksort_error" classname="ext/standard/array.ksort_error">
    </testcase>
    <testcase name="ksort_object" classname="ext/standard/array.ksort_object">
    </testcase>
    <testcase name="ksort_variation1" classname="ext/standard/array.ksort_variation1">
    </testcase>
    <testcase name="ksort_variation10" classname="ext/standard/array.ksort_variation10">
    </testcase>
    <testcase name="ksort_variation11" classname="ext/standard/array.ksort_variation11">
    </testcase>
    <testcase name="ksort_variation2" classname="ext/standard/array.ksort_variation2">
    </testcase>
    <testcase name="ksort_variation3" classname="ext/standard/array.ksort_variation3">
    </testcase>
    <testcase name="ksort_variation4" classname="ext/standard/array.ksort_variation4">
    </testcase>
    <testcase name="ksort_variation5" classname="ext/standard/array.ksort_variation5">
    </testcase>
    <testcase name="ksort_variation6" classname="ext/standard/array.ksort_variation6">
    </testcase>
    <testcase name="ksort_variation7" classname="ext/standard/array.ksort_variation7">
    </testcase>
    <testcase name="ksort_variation8" classname="ext/standard/array.ksort_variation8">
    </testcase>
    <testcase name="ksort_variation9" classname="ext/standard/array.ksort_variation9">
    </testcase>
    <testcase name="locale_sort" classname="ext/standard/array.locale_sort">
      <skipped message="" />
    </testcase>
    <testcase name="max" classname="ext/standard/array.max">
    </testcase>
    <testcase name="max_basic" classname="ext/standard/array.max_basic">
    </testcase>
    <testcase name="max_basiclong_64bit" classname="ext/standard/array.max_basiclong_64bit">
    </testcase>
    <testcase name="max_error" classname="ext/standard/array.max_error">
    </testcase>
    <testcase name="max_variation1" classname="ext/standard/array.max_variation1">
    </testcase>
    <testcase name="max_variation2" classname="ext/standard/array.max_variation2">
    </testcase>
    <testcase name="min" classname="ext/standard/array.min">
    </testcase>
    <testcase name="min_basic" classname="ext/standard/array.min_basic">
    </testcase>
    <testcase name="min_basiclong_64bit" classname="ext/standard/array.min_basiclong_64bit">
    </testcase>
    <testcase name="min_error" classname="ext/standard/array.min_error">
    </testcase>
    <testcase name="min_variation1" classname="ext/standard/array.min_variation1">
    </testcase>
    <testcase name="min_variation2" classname="ext/standard/array.min_variation2">
    </testcase>
    <testcase name="natcasesort_basic" classname="ext/standard/array.natcasesort_basic">
    </testcase>
    <testcase name="natcasesort_error" classname="ext/standard/array.natcasesort_error">
    </testcase>
    <testcase name="natcasesort_object1" classname="ext/standard/array.natcasesort_object1">
    </testcase>
    <testcase name="natcasesort_object2" classname="ext/standard/array.natcasesort_object2">
    </testcase>
    <testcase name="natcasesort_variation1" classname="ext/standard/array.natcasesort_variation1">
    </testcase>
    <testcase name="natcasesort_variation10" classname="ext/standard/array.natcasesort_variation10">
    </testcase>
    <testcase name="natcasesort_variation11" classname="ext/standard/array.natcasesort_variation11">
    </testcase>
    <testcase name="natcasesort_variation2" classname="ext/standard/array.natcasesort_variation2">
    </testcase>
    <testcase name="natcasesort_variation3" classname="ext/standard/array.natcasesort_variation3">
      <skipped message="" />
    </testcase>
    <testcase name="natcasesort_variation4" classname="ext/standard/array.natcasesort_variation4">
    </testcase>
    <testcase name="natcasesort_variation5" classname="ext/standard/array.natcasesort_variation5">
    </testcase>
    <testcase name="natcasesort_variation6" classname="ext/standard/array.natcasesort_variation6">
    </testcase>
    <testcase name="natcasesort_variation7" classname="ext/standard/array.natcasesort_variation7">
    </testcase>
    <testcase name="natcasesort_variation8" classname="ext/standard/array.natcasesort_variation8">
    </testcase>
    <testcase name="natcasesort_variation9" classname="ext/standard/array.natcasesort_variation9">
    </testcase>
    <testcase name="natsort_basic" classname="ext/standard/array.natsort_basic">
    </testcase>
    <testcase name="next_basic" classname="ext/standard/array.next_basic">
    </testcase>
    <testcase name="next_error" classname="ext/standard/array.next_error">
    </testcase>
    <testcase name="next_variation1" classname="ext/standard/array.next_variation1">
    </testcase>
    <testcase name="next_variation2" classname="ext/standard/array.next_variation2">
    </testcase>
    <testcase name="packed_001" classname="ext/standard/array.packed_001">
    </testcase>
    <testcase name="prev_basic" classname="ext/standard/array.prev_basic">
    </testcase>
    <testcase name="prev_error1" classname="ext/standard/array.prev_error1">
    </testcase>
    <testcase name="prev_error2" classname="ext/standard/array.prev_error2">
    </testcase>
    <testcase name="prev_error3" classname="ext/standard/array.prev_error3">
    </testcase>
    <testcase name="prev_variation1" classname="ext/standard/array.prev_variation1">
    </testcase>
    <testcase name="prev_variation2" classname="ext/standard/array.prev_variation2">
    </testcase>
    <testcase name="range" classname="ext/standard/array.range">
    </testcase>
    <testcase name="range_bug70239_0" classname="ext/standard/array.range_bug70239_0">
    </testcase>
    <testcase name="range_bug70239_1" classname="ext/standard/array.range_bug70239_1">
    </testcase>
    <testcase name="range_bug70239_2" classname="ext/standard/array.range_bug70239_2">
    </testcase>
    <testcase name="range_bug70239_3" classname="ext/standard/array.range_bug70239_3">
    </testcase>
    <testcase name="range_bug71132" classname="ext/standard/array.range_bug71132">
    </testcase>
    <testcase name="range_bug71197" classname="ext/standard/array.range_bug71197">
    </testcase>
    <testcase name="range_bug72017" classname="ext/standard/array.range_bug72017">
    </testcase>
    <testcase name="range_errors" classname="ext/standard/array.range_errors">
    </testcase>
    <testcase name="range_variation" classname="ext/standard/array.range_variation">
    </testcase>
    <testcase name="range_variation1" classname="ext/standard/array.range_variation1">
      <skipped message="" />
    </testcase>
    <testcase name="range_variation1_64bit" classname="ext/standard/array.range_variation1_64bit">
    </testcase>
    <testcase name="reset_basic" classname="ext/standard/array.reset_basic">
    </testcase>
    <testcase name="reset_error" classname="ext/standard/array.reset_error">
    </testcase>
    <testcase name="reset_variation1" classname="ext/standard/array.reset_variation1">
    </testcase>
    <testcase name="reset_variation2" classname="ext/standard/array.reset_variation2">
    </testcase>
    <testcase name="reset_variation3" classname="ext/standard/array.reset_variation3">
    </testcase>
    <testcase name="rsort_basic" classname="ext/standard/array.rsort_basic">
    </testcase>
    <testcase name="rsort_error" classname="ext/standard/array.rsort_error">
    </testcase>
    <testcase name="rsort_object1" classname="ext/standard/array.rsort_object1">
    </testcase>
    <testcase name="rsort_object2" classname="ext/standard/array.rsort_object2">
    </testcase>
    <testcase name="rsort_variation1" classname="ext/standard/array.rsort_variation1">
    </testcase>
    <testcase name="rsort_variation10" classname="ext/standard/array.rsort_variation10">
    </testcase>
    <testcase name="rsort_variation11" classname="ext/standard/array.rsort_variation11">
    </testcase>
    <testcase name="rsort_variation2" classname="ext/standard/array.rsort_variation2">
    </testcase>
    <testcase name="rsort_variation3" classname="ext/standard/array.rsort_variation3">
      <skipped message="" />
    </testcase>
    <testcase name="rsort_variation4" classname="ext/standard/array.rsort_variation4">
    </testcase>
    <testcase name="rsort_variation5" classname="ext/standard/array.rsort_variation5">
    </testcase>
    <testcase name="rsort_variation6" classname="ext/standard/array.rsort_variation6">
    </testcase>
    <testcase name="rsort_variation7" classname="ext/standard/array.rsort_variation7">
    </testcase>
    <testcase name="rsort_variation8" classname="ext/standard/array.rsort_variation8">
    </testcase>
    <testcase name="rsort_variation9" classname="ext/standard/array.rsort_variation9">
    </testcase>
    <testcase name="shuffle_basic1" classname="ext/standard/array.shuffle_basic1">
    </testcase>
    <testcase name="shuffle_basic2" classname="ext/standard/array.shuffle_basic2">
    </testcase>
    <testcase name="shuffle_error" classname="ext/standard/array.shuffle_error">
    </testcase>
    <testcase name="shuffle_variation1" classname="ext/standard/array.shuffle_variation1">
    </testcase>
    <testcase name="shuffle_variation2" classname="ext/standard/array.shuffle_variation2">
    </testcase>
    <testcase name="shuffle_variation3" classname="ext/standard/array.shuffle_variation3">
    </testcase>
    <testcase name="shuffle_variation4" classname="ext/standard/array.shuffle_variation4">
    </testcase>
    <testcase name="shuffle_variation5" classname="ext/standard/array.shuffle_variation5">
    </testcase>
    <testcase name="sizeof_basic1" classname="ext/standard/array.sizeof_basic1">
    </testcase>
    <testcase name="sizeof_basic2" classname="ext/standard/array.sizeof_basic2">
    </testcase>
    <testcase name="sizeof_error" classname="ext/standard/array.sizeof_error">
    </testcase>
    <testcase name="sizeof_object1" classname="ext/standard/array.sizeof_object1">
    </testcase>
    <testcase name="sizeof_object2" classname="ext/standard/array.sizeof_object2">
    </testcase>
    <testcase name="sizeof_variation1" classname="ext/standard/array.sizeof_variation1">
    </testcase>
    <testcase name="sizeof_variation2" classname="ext/standard/array.sizeof_variation2">
    </testcase>
    <testcase name="sizeof_variation3" classname="ext/standard/array.sizeof_variation3">
    </testcase>
    <testcase name="sizeof_variation4" classname="ext/standard/array.sizeof_variation4">
    </testcase>
    <testcase name="sizeof_variation5" classname="ext/standard/array.sizeof_variation5">
    </testcase>
    <testcase name="sort_basic" classname="ext/standard/array.sort_basic">
    </testcase>
    <testcase name="sort_error" classname="ext/standard/array.sort_error">
    </testcase>
    <testcase name="sort_object1" classname="ext/standard/array.sort_object1">
    </testcase>
    <testcase name="sort_object2" classname="ext/standard/array.sort_object2">
    </testcase>
    <testcase name="sort_variation1" classname="ext/standard/array.sort_variation1">
    </testcase>
    <testcase name="sort_variation10" classname="ext/standard/array.sort_variation10">
    </testcase>
    <testcase name="sort_variation11" classname="ext/standard/array.sort_variation11">
    </testcase>
    <testcase name="sort_variation2" classname="ext/standard/array.sort_variation2">
    </testcase>
    <testcase name="sort_variation3" classname="ext/standard/array.sort_variation3">
    </testcase>
    <testcase name="sort_variation4" classname="ext/standard/array.sort_variation4">
    </testcase>
    <testcase name="sort_variation5" classname="ext/standard/array.sort_variation5">
    </testcase>
    <testcase name="sort_variation6" classname="ext/standard/array.sort_variation6">
    </testcase>
    <testcase name="sort_variation7" classname="ext/standard/array.sort_variation7">
    </testcase>
    <testcase name="sort_variation8" classname="ext/standard/array.sort_variation8">
    </testcase>
    <testcase name="sort_variation9" classname="ext/standard/array.sort_variation9">
    </testcase>
    <testcase name="uasort_basic1" classname="ext/standard/array.uasort_basic1">
    </testcase>
    <testcase name="uasort_basic2" classname="ext/standard/array.uasort_basic2">
    </testcase>
    <testcase name="uasort_error" classname="ext/standard/array.uasort_error">
    </testcase>
    <testcase name="uasort_object1" classname="ext/standard/array.uasort_object1">
    </testcase>
    <testcase name="uasort_object2" classname="ext/standard/array.uasort_object2">
    </testcase>
    <testcase name="uasort_variation1" classname="ext/standard/array.uasort_variation1">
    </testcase>
    <testcase name="uasort_variation10" classname="ext/standard/array.uasort_variation10">
    </testcase>
    <testcase name="uasort_variation11" classname="ext/standard/array.uasort_variation11">
    </testcase>
    <testcase name="uasort_variation2" classname="ext/standard/array.uasort_variation2">
    </testcase>
    <testcase name="uasort_variation3" classname="ext/standard/array.uasort_variation3">
    </testcase>
    <testcase name="uasort_variation4" classname="ext/standard/array.uasort_variation4">
    </testcase>
    <testcase name="uasort_variation5" classname="ext/standard/array.uasort_variation5">
    </testcase>
    <testcase name="uasort_variation6" classname="ext/standard/array.uasort_variation6">
    </testcase>
    <testcase name="uasort_variation7" classname="ext/standard/array.uasort_variation7">
    </testcase>
    <testcase name="uasort_variation8" classname="ext/standard/array.uasort_variation8">
    </testcase>
    <testcase name="uasort_variation9" classname="ext/standard/array.uasort_variation9">
    </testcase>
    <testcase name="uksort_basic" classname="ext/standard/array.uksort_basic">
    </testcase>
    <testcase name="uksort_error" classname="ext/standard/array.uksort_error">
    </testcase>
    <testcase name="uksort_variation1" classname="ext/standard/array.uksort_variation1">
    </testcase>
    <testcase name="uksort_variation2" classname="ext/standard/array.uksort_variation2">
    </testcase>
    <testcase name="unexpected_array_mod_bug" classname="ext/standard/array.unexpected_array_mod_bug">
    </testcase>
    <testcase name="unexpected_array_mod_bug_variation1" classname="ext/standard/array.unexpected_array_mod_bug_variation1">
    </testcase>
    <testcase name="usort_basic" classname="ext/standard/array.usort_basic">
    </testcase>
    <testcase name="usort_error1" classname="ext/standard/array.usort_error1">
    </testcase>
    <testcase name="usort_error2" classname="ext/standard/array.usort_error2">
    </testcase>
    <testcase name="usort_object1" classname="ext/standard/array.usort_object1">
    </testcase>
    <testcase name="usort_object2" classname="ext/standard/array.usort_object2">
    </testcase>
    <testcase name="usort_variation1" classname="ext/standard/array.usort_variation1">
    </testcase>
    <testcase name="usort_variation10" classname="ext/standard/array.usort_variation10">
    </testcase>
    <testcase name="usort_variation11" classname="ext/standard/array.usort_variation11">
    </testcase>
    <testcase name="usort_variation2" classname="ext/standard/array.usort_variation2">
    </testcase>
    <testcase name="usort_variation3" classname="ext/standard/array.usort_variation3">
    </testcase>
    <testcase name="usort_variation4" classname="ext/standard/array.usort_variation4">
    </testcase>
    <testcase name="usort_variation5" classname="ext/standard/array.usort_variation5">
    </testcase>
    <testcase name="usort_variation6" classname="ext/standard/array.usort_variation6">
    </testcase>
    <testcase name="usort_variation7" classname="ext/standard/array.usort_variation7">
    </testcase>
    <testcase name="usort_variation8" classname="ext/standard/array.usort_variation8">
    </testcase>
    <testcase name="usort_variation9" classname="ext/standard/array.usort_variation9">
    </testcase>
    <testcase name="var_export" classname="ext/standard/array.var_export">
    </testcase>
    <testcase name="var_export2" classname="ext/standard/array.var_export2">
    </testcase>
    <testcase name="var_export3" classname="ext/standard/array.var_export3">
    </testcase>
  </testsuite>
  <testsuite name="ext/standard/assert" tests="21" disabled="0" errors="0" failures="0" skipped="0">
    <testcase name="assert" classname="ext/standard/assert.assert">
    </testcase>
    <testcase name="assert02" classname="ext/standard/assert.assert02">
    </testcase>
    <testcase name="assert03" classname="ext/standard/assert.assert03">
    </testcase>
    <testcase name="assert04" classname="ext/standard/assert.assert04">
    </testcase>
    <testcase name="assert_basic" classname="ext/standard/assert.assert_basic">
    </testcase>
    <testcase name="assert_basic1" classname="ext/standard/assert.assert_basic1">
    </testcase>
    <testcase name="assert_basic2" classname="ext/standard/assert.assert_basic2">
    </testcase>
    <testcase name="assert_basic3" classname="ext/standard/assert.assert_basic3">
    </testcase>
    <testcase name="assert_basic4" classname="ext/standard/assert.assert_basic4">
    </testcase>
    <testcase name="assert_basic5" classname="ext/standard/assert.assert_basic5">
    </testcase>
    <testcase name="assert_basic6" classname="ext/standard/assert.assert_basic6">
    </testcase>
    <testcase name="assert_closures" classname="ext/standard/assert.assert_closures">
    </testcase>
    <testcase name="assert_custom_exception" classname="ext/standard/assert.assert_custom_exception">
    </testcase>
    <testcase name="assert_error" classname="ext/standard/assert.assert_error">
    </testcase>
    <testcase name="assert_error1" classname="ext/standard/assert.assert_error1">
    </testcase>
    <testcase name="assert_error2" classname="ext/standard/assert.assert_error2">
    </testcase>
    <testcase name="assert_error3" classname="ext/standard/assert.assert_error3">
    </testcase>
    <testcase name="assert_error4" classname="ext/standard/assert.assert_error4">
    </testcase>
    <testcase name="assert_return_value" classname="ext/standard/assert.assert_return_value">
    </testcase>
    <testcase name="assert_variation" classname="ext/standard/assert.assert_variation">
    </testcase>
    <testcase name="bug73303" classname="ext/standard/assert.bug73303">
    </testcase>
  </testsuite>
  <testsuite name="ext/standard" tests="9" disabled="0" errors="0" failures="0" skipped="1">
    <testcase name="bug49244" classname="ext/standard.bug49244">
    </testcase>
    <testcase name="bug64370_var1" classname="ext/standard.bug64370_var1">
    </testcase>
    <testcase name="bug64370_var2" classname="ext/standard.bug64370_var2">
    </testcase>
    <testcase name="bug71827" classname="ext/standard.bug71827">
    </testcase>
    <testcase name="bug75220" classname="ext/standard.bug75220">
    </testcase>
    <testcase name="forward_static_call_array" classname="ext/standard.forward_static_call_array">
    </testcase>
    <testcase name="php_version_win_const" classname="ext/standard.php_version_win_const">
      <skipped message="" />
    </testcase>
    <testcase name="setrawcookie_basic_001" classname="ext/standard.setrawcookie_basic_001">
    </testcase>
    <testcase name="setrawcookie_basic_002" classname="ext/standard.setrawcookie_basic_002">
    </testcase>
  </testsuite>
  <testsuite name="ext/standard/class_object" tests="70" disabled="0" errors="0" failures="0" skipped="0">
    <testcase name="bug71442" classname="ext/standard/class_object.bug71442">
    </testcase>
    <testcase name="class_exists_basic_001" classname="ext/standard/class_object.class_exists_basic_001">
    </testcase>
    <testcase name="class_exists_error_001" classname="ext/standard/class_object.class_exists_error_001">
    </testcase>
    <testcase name="class_exists_variation_001" classname="ext/standard/class_object.class_exists_variation_001">
    </testcase>
    <testcase name="class_exists_variation_002" classname="ext/standard/class_object.class_exists_variation_002">
    </testcase>
    <testcase name="class_exists_variation_003" classname="ext/standard/class_object.class_exists_variation_003">
    </testcase>
    <testcase name="forward_static_call_001" classname="ext/standard/class_object.forward_static_call_001">
    </testcase>
    <testcase name="forward_static_call_002" classname="ext/standard/class_object.forward_static_call_002">
    </testcase>
    <testcase name="forward_static_call_003" classname="ext/standard/class_object.forward_static_call_003">
    </testcase>
    <testcase name="get_class_error_001" classname="ext/standard/class_object.get_class_error_001">
    </testcase>
    <testcase name="get_class_methods_basic_001" classname="ext/standard/class_object.get_class_methods_basic_001">
    </testcase>
    <testcase name="get_class_methods_basic_002" classname="ext/standard/class_object.get_class_methods_basic_002">
    </testcase>
    <testcase name="get_class_methods_basic_003" classname="ext/standard/class_object.get_class_methods_basic_003">
    </testcase>
    <testcase name="get_class_methods_error_001" classname="ext/standard/class_object.get_class_methods_error_001">
    </testcase>
    <testcase name="get_class_methods_variation_001" classname="ext/standard/class_object.get_class_methods_variation_001">
    </testcase>
    <testcase name="get_class_methods_variation_002" classname="ext/standard/class_object.get_class_methods_variation_002">
    </testcase>
    <testcase name="get_class_variation_001" classname="ext/standard/class_object.get_class_variation_001">
    </testcase>
    <testcase name="get_class_variation_002" classname="ext/standard/class_object.get_class_variation_002">
    </testcase>
    <testcase name="get_class_vars_error" classname="ext/standard/class_object.get_class_vars_error">
    </testcase>
    <testcase name="get_class_vars_variation1" classname="ext/standard/class_object.get_class_vars_variation1">
    </testcase>
    <testcase name="get_class_vars_variation2" classname="ext/standard/class_object.get_class_vars_variation2">
    </testcase>
    <testcase name="get_declared_classes_basic_001" classname="ext/standard/class_object.get_declared_classes_basic_001">
    </testcase>
    <testcase name="get_declared_classes_error_001" classname="ext/standard/class_object.get_declared_classes_error_001">
    </testcase>
    <testcase name="get_declared_classes_variation1" classname="ext/standard/class_object.get_declared_classes_variation1">
    </testcase>
    <testcase name="get_declared_interfaces_basic_001" classname="ext/standard/class_object.get_declared_interfaces_basic_001">
    </testcase>
    <testcase name="get_declared_interfaces_error_001" classname="ext/standard/class_object.get_declared_interfaces_error_001">
    </testcase>
    <testcase name="get_declared_interfaces_variation1" classname="ext/standard/class_object.get_declared_interfaces_variation1">
    </testcase>
    <testcase name="get_declared_traits_basic_001" classname="ext/standard/class_object.get_declared_traits_basic_001">
    </testcase>
    <testcase name="get_declared_traits_error_001" classname="ext/standard/class_object.get_declared_traits_error_001">
    </testcase>
    <testcase name="get_declared_traits_variation1" classname="ext/standard/class_object.get_declared_traits_variation1">
    </testcase>
    <testcase name="get_object_vars_basic_001" classname="ext/standard/class_object.get_object_vars_basic_001">
    </testcase>
    <testcase name="get_object_vars_basic_002" classname="ext/standard/class_object.get_object_vars_basic_002">
    </testcase>
    <testcase name="get_object_vars_error_001" classname="ext/standard/class_object.get_object_vars_error_001">
    </testcase>
    <testcase name="get_object_vars_variation_001" classname="ext/standard/class_object.get_object_vars_variation_001">
    </testcase>
    <testcase name="get_object_vars_variation_002" classname="ext/standard/class_object.get_object_vars_variation_002">
    </testcase>
    <testcase name="get_object_vars_variation_003" classname="ext/standard/class_object.get_object_vars_variation_003">
    </testcase>
    <testcase name="get_object_vars_variation_004" classname="ext/standard/class_object.get_object_vars_variation_004">
    </testcase>
    <testcase name="get_object_vars_variation_005" classname="ext/standard/class_object.get_object_vars_variation_005">
    </testcase>
    <testcase name="get_parent_class_error_001" classname="ext/standard/class_object.get_parent_class_error_001">
    </testcase>
    <testcase name="get_parent_class_variation_001" classname="ext/standard/class_object.get_parent_class_variation_001">
    </testcase>
    <testcase name="get_parent_class_variation_002" classname="ext/standard/class_object.get_parent_class_variation_002">
    </testcase>
    <testcase name="interface_exists_error" classname="ext/standard/class_object.interface_exists_error">
    </testcase>
    <testcase name="interface_exists_variation1" classname="ext/standard/class_object.interface_exists_variation1">
    </testcase>
    <testcase name="interface_exists_variation2" classname="ext/standard/class_object.interface_exists_variation2">
    </testcase>
    <testcase name="interface_exists_variation3" classname="ext/standard/class_object.interface_exists_variation3">
    </testcase>
    <testcase name="interface_exists_variation4" classname="ext/standard/class_object.interface_exists_variation4">
    </testcase>
    <testcase name="is_a" classname="ext/standard/class_object.is_a">
    </testcase>
    <testcase name="is_a_error_001" classname="ext/standard/class_object.is_a_error_001">
    </testcase>
    <testcase name="is_a_variation_001" classname="ext/standard/class_object.is_a_variation_001">
    </testcase>
    <testcase name="is_a_variation_002" classname="ext/standard/class_object.is_a_variation_002">
    </testcase>
    <testcase name="is_a_variation_003" classname="ext/standard/class_object.is_a_variation_003">
    </testcase>
    <testcase name="is_subclass_of_error_001" classname="ext/standard/class_object.is_subclass_of_error_001">
    </testcase>
    <testcase name="is_subclass_of_variation_001" classname="ext/standard/class_object.is_subclass_of_variation_001">
    </testcase>
    <testcase name="is_subclass_of_variation_002" classname="ext/standard/class_object.is_subclass_of_variation_002">
    </testcase>
    <testcase name="is_subclass_of_variation_003" classname="ext/standard/class_object.is_subclass_of_variation_003">
    </testcase>
    <testcase name="is_subclass_of_variation_004" classname="ext/standard/class_object.is_subclass_of_variation_004">
    </testcase>
    <testcase name="method_exists_basic_001" classname="ext/standard/class_object.method_exists_basic_001">
    </testcase>
    <testcase name="method_exists_basic_002" classname="ext/standard/class_object.method_exists_basic_002">
    </testcase>
    <testcase name="method_exists_basic_003" classname="ext/standard/class_object.method_exists_basic_003">
    </testcase>
    <testcase name="method_exists_error_001" classname="ext/standard/class_object.method_exists_error_001">
    </testcase>
    <testcase name="method_exists_variation_001" classname="ext/standard/class_object.method_exists_variation_001">
    </testcase>
    <testcase name="method_exists_variation_002" classname="ext/standard/class_object.method_exists_variation_002">
    </testcase>
    <testcase name="method_exists_variation_003" classname="ext/standard/class_object.method_exists_variation_003">
    </testcase>
    <testcase name="property_exists_error" classname="ext/standard/class_object.property_exists_error">
    </testcase>
    <testcase name="property_exists_variation1" classname="ext/standard/class_object.property_exists_variation1">
    </testcase>
    <testcase name="trait_class_exists_variation_003" classname="ext/standard/class_object.trait_class_exists_variation_003">
    </testcase>
    <testcase name="trait_exists_basic_001" classname="ext/standard/class_object.trait_exists_basic_001">
    </testcase>
    <testcase name="trait_exists_error_001" classname="ext/standard/class_object.trait_exists_error_001">
    </testcase>
    <testcase name="trait_exists_variation_001" classname="ext/standard/class_object.trait_exists_variation_001">
    </testcase>
    <testcase name="trait_exists_variation_002" classname="ext/standard/class_object.trait_exists_variation_002">
    </testcase>
  </testsuite>
  <testsuite name="ext/standard/crypt" tests="3" disabled="0" errors="0" failures="0" skipped="0">
    <testcase name="bcrypt_invalid_algorithm" classname="ext/standard/crypt.bcrypt_invalid_algorithm">
    </testcase>
    <testcase name="bcrypt_invalid_cost" classname="ext/standard/crypt.bcrypt_invalid_cost">
    </testcase>
    <testcase name="des_fallback_invalid_salt" classname="ext/standard/crypt.des_fallback_invalid_salt">
    </testcase>
  </testsuite>
  <testsuite name="ext/standard/dir" tests="97" disabled="0" errors="0" failures="0" skipped="36">
    <testcase name="bug72625" classname="ext/standard/dir.bug72625">
      <skipped message="" />
    </testcase>
    <testcase name="bug73877" classname="ext/standard/dir.bug73877">
      <skipped message="" />
    </testcase>
    <testcase name="chdir_basic-win32-mb" classname="ext/standard/dir.chdir_basic-win32-mb">
      <skipped message="" />
    </testcase>
    <testcase name="chdir_basic" classname="ext/standard/dir.chdir_basic">
    </testcase>
    <testcase name="chdir_error1" classname="ext/standard/dir.chdir_error1">
    </testcase>
    <testcase name="chdir_error2-win32-mb" classname="ext/standard/dir.chdir_error2-win32-mb">
      <skipped message="" />
    </testcase>
    <testcase name="chdir_error2" classname="ext/standard/dir.chdir_error2">
    </testcase>
    <testcase name="chdir_variation1-win32-mb" classname="ext/standard/dir.chdir_variation1-win32-mb">
      <skipped message="" />
    </testcase>
    <testcase name="chdir_variation1" classname="ext/standard/dir.chdir_variation1">
    </testcase>
    <testcase name="chdir_variation2-win32-mb" classname="ext/standard/dir.chdir_variation2-win32-mb">
      <skipped message="" />
    </testcase>
    <testcase name="chdir_variation2" classname="ext/standard/dir.chdir_variation2">
    </testcase>
    <testcase name="closedir_basic-win32-mb" classname="ext/standard/dir.closedir_basic-win32-mb">
      <skipped message="" />
    </testcase>
    <testcase name="closedir_basic" classname="ext/standard/dir.closedir_basic">
    </testcase>
    <testcase name="closedir_error-win32-mb" classname="ext/standard/dir.closedir_error-win32-mb">
      <skipped message="" />
    </testcase>
    <testcase name="closedir_error" classname="ext/standard/dir.closedir_error">
    </testcase>
    <testcase name="closedir_variation1" classname="ext/standard/dir.closedir_variation1">
    </testcase>
    <testcase name="closedir_variation2-win32-mb" classname="ext/standard/dir.closedir_variation2-win32-mb">
      <skipped message="" />
    </testcase>
    <testcase name="closedir_variation2" classname="ext/standard/dir.closedir_variation2">
    </testcase>
    <testcase name="closedir_variation3" classname="ext/standard/dir.closedir_variation3">
    </testcase>
    <testcase name="dir_basic-win32-mb" classname="ext/standard/dir.dir_basic-win32-mb">
      <skipped message="" />
    </testcase>
    <testcase name="dir_basic" classname="ext/standard/dir.dir_basic">
    </testcase>
    <testcase name="dir_bug73971" classname="ext/standard/dir.dir_bug73971">
      <skipped message="" />
    </testcase>
    <testcase name="dir_error" classname="ext/standard/dir.dir_error">
    </testcase>
    <testcase name="dir_variation1" classname="ext/standard/dir.dir_variation1">
    </testcase>
    <testcase name="dir_variation2-win32-mb" classname="ext/standard/dir.dir_variation2-win32-mb">
      <skipped message="" />
    </testcase>
    <testcase name="dir_variation2" classname="ext/standard/dir.dir_variation2">
    </testcase>
    <testcase name="dir_variation3" classname="ext/standard/dir.dir_variation3">
    </testcase>
    <testcase name="dir_variation4-win32-mb" classname="ext/standard/dir.dir_variation4-win32-mb">
      <skipped message="" />
    </testcase>
    <testcase name="dir_variation4" classname="ext/standard/dir.dir_variation4">
    </testcase>
    <testcase name="dir_variation5" classname="ext/standard/dir.dir_variation5">
    </testcase>
    <testcase name="dir_variation6" classname="ext/standard/dir.dir_variation6">
    </testcase>
    <testcase name="dir_variation7" classname="ext/standard/dir.dir_variation7">
    </testcase>
    <testcase name="dir_variation8" classname="ext/standard/dir.dir_variation8">
    </testcase>
    <testcase name="dir_variation9" classname="ext/standard/dir.dir_variation9">
    </testcase>
    <testcase name="getcwd_basic-win32-mb" classname="ext/standard/dir.getcwd_basic-win32-mb">
      <skipped message="" />
    </testcase>
    <testcase name="getcwd_basic" classname="ext/standard/dir.getcwd_basic">
    </testcase>
    <testcase name="getcwd_error" classname="ext/standard/dir.getcwd_error">
    </testcase>
    <testcase name="opendir_basic-win32-mb" classname="ext/standard/dir.opendir_basic-win32-mb">
      <skipped message="" />
    </testcase>
    <testcase name="opendir_basic" classname="ext/standard/dir.opendir_basic">
    </testcase>
    <testcase name="opendir_error1-win32-mb" classname="ext/standard/dir.opendir_error1-win32-mb">
      <skipped message="" />
    </testcase>
    <testcase name="opendir_error1" classname="ext/standard/dir.opendir_error1">
    </testcase>
    <testcase name="opendir_error2" classname="ext/standard/dir.opendir_error2">
    </testcase>
    <testcase name="opendir_variation1" classname="ext/standard/dir.opendir_variation1">
    </testcase>
    <testcase name="opendir_variation2-win32-mb" classname="ext/standard/dir.opendir_variation2-win32-mb">
      <skipped message="" />
    </testcase>
    <testcase name="opendir_variation2" classname="ext/standard/dir.opendir_variation2">
    </testcase>
    <testcase name="opendir_variation3-win32-mb" classname="ext/standard/dir.opendir_variation3-win32-mb">
      <skipped message="" />
    </testcase>
    <testcase name="opendir_variation3" classname="ext/standard/dir.opendir_variation3">
    </testcase>
    <testcase name="opendir_variation4-win32-mb" classname="ext/standard/dir.opendir_variation4-win32-mb">
      <skipped message="" />
    </testcase>
    <testcase name="opendir_variation4" classname="ext/standard/dir.opendir_variation4">
    </testcase>
    <testcase name="opendir_variation5" classname="ext/standard/dir.opendir_variation5">
    </testcase>
    <testcase name="opendir_variation6-win32" classname="ext/standard/dir.opendir_variation6-win32">
      <skipped message="" />
    </testcase>
    <testcase name="opendir_variation6" classname="ext/standard/dir.opendir_variation6">
    </testcase>
    <testcase name="opendir_variation7" classname="ext/standard/dir.opendir_variation7">
    </testcase>
    <testcase name="readdir_basic-win32-mb" classname="ext/standard/dir.readdir_basic-win32-mb">
      <skipped message="" />
    </testcase>
    <testcase name="readdir_basic" classname="ext/standard/dir.readdir_basic">
    </testcase>
    <testcase name="readdir_error-win32-mb" classname="ext/standard/dir.readdir_error-win32-mb">
      <skipped message="" />
    </testcase>
    <testcase name="readdir_error" classname="ext/standard/dir.readdir_error">
    </testcase>
    <testcase name="readdir_variation1" classname="ext/standard/dir.readdir_variation1">
    </testcase>
    <testcase name="readdir_variation2-win32-mb" classname="ext/standard/dir.readdir_variation2-win32-mb">
      <skipped message="" />
    </testcase>
    <testcase name="readdir_variation2" classname="ext/standard/dir.readdir_variation2">
    </testcase>
    <testcase name="readdir_variation3-win32-mb" classname="ext/standard/dir.readdir_variation3-win32-mb">
      <skipped message="" />
    </testcase>
    <testcase name="readdir_variation3" classname="ext/standard/dir.readdir_variation3">
    </testcase>
    <testcase name="readdir_variation4-win32-mb" classname="ext/standard/dir.readdir_variation4-win32-mb">
      <skipped message="" />
    </testcase>
    <testcase name="readdir_variation4" classname="ext/standard/dir.readdir_variation4">
    </testcase>
    <testcase name="readdir_variation5" classname="ext/standard/dir.readdir_variation5">
    </testcase>
    <testcase name="readdir_variation6-win32-mb" classname="ext/standard/dir.readdir_variation6-win32-mb">
      <skipped message="" />
    </testcase>
    <testcase name="readdir_variation6" classname="ext/standard/dir.readdir_variation6">
    </testcase>
    <testcase name="readdir_variation7" classname="ext/standard/dir.readdir_variation7">
    </testcase>
    <testcase name="rewinddir_basic-win32-mb" classname="ext/standard/dir.rewinddir_basic-win32-mb">
      <skipped message="" />
    </testcase>
    <testcase name="rewinddir_basic" classname="ext/standard/dir.rewinddir_basic">
    </testcase>
    <testcase name="rewinddir_error-win32-mb" classname="ext/standard/dir.rewinddir_error-win32-mb">
      <skipped message="" />
    </testcase>
    <testcase name="rewinddir_error" classname="ext/standard/dir.rewinddir_error">
    </testcase>
    <testcase name="rewinddir_variation1" classname="ext/standard/dir.rewinddir_variation1">
    </testcase>
    <testcase name="rewinddir_variation2-win32-mb" classname="ext/standard/dir.rewinddir_variation2-win32-mb">
      <skipped message="" />
    </testcase>
    <testcase name="rewinddir_variation2" classname="ext/standard/dir.rewinddir_variation2">
    </testcase>
    <testcase name="rewinddir_variation3" classname="ext/standard/dir.rewinddir_variation3">
    </testcase>
    <testcase name="scandir_basic-win32-mb" classname="ext/standard/dir.scandir_basic-win32-mb">
      <skipped message="" />
    </testcase>
    <testcase name="scandir_basic" classname="ext/standard/dir.scandir_basic">
    </testcase>
    <testcase name="scandir_error1-win32-mb" classname="ext/standard/dir.scandir_error1-win32-mb">
      <skipped message="" />
    </testcase>
    <testcase name="scandir_error1" classname="ext/standard/dir.scandir_error1">
    </testcase>
    <testcase name="scandir_error2" classname="ext/standard/dir.scandir_error2">
    </testcase>
    <testcase name="scandir_variation1" classname="ext/standard/dir.scandir_variation1">
    </testcase>
    <testcase name="scandir_variation10-win32-mb" classname="ext/standard/dir.scandir_variation10-win32-mb">
      <skipped message="" />
    </testcase>
    <testcase name="scandir_variation10" classname="ext/standard/dir.scandir_variation10">
    </testcase>
    <testcase name="scandir_variation2-mb" classname="ext/standard/dir.scandir_variation2-mb">
    </testcase>
    <testcase name="scandir_variation2" classname="ext/standard/dir.scandir_variation2">
    </testcase>
    <testcase name="scandir_variation3-win32-mb" classname="ext/standard/dir.scandir_variation3-win32-mb">
      <skipped message="" />
    </testcase>
    <testcase name="scandir_variation3" classname="ext/standard/dir.scandir_variation3">
    </testcase>
    <testcase name="scandir_variation4-win32-mb" classname="ext/standard/dir.scandir_variation4-win32-mb">
      <skipped message="" />
    </testcase>
    <testcase name="scandir_variation4" classname="ext/standard/dir.scandir_variation4">
    </testcase>
    <testcase name="scandir_variation5" classname="ext/standard/dir.scandir_variation5">
    </testcase>
    <testcase name="scandir_variation6" classname="ext/standard/dir.scandir_variation6">
    </testcase>
    <testcase name="scandir_variation7" classname="ext/standard/dir.scandir_variation7">
    </testcase>
    <testcase name="scandir_variation8-win32-mb" classname="ext/standard/dir.scandir_variation8-win32-mb">
      <skipped message="" />
    </testcase>
    <testcase name="scandir_variation8" classname="ext/standard/dir.scandir_variation8">
    </testcase>
    <testcase name="scandir_variation9-win32-mb" classname="ext/standard/dir.scandir_variation9-win32-mb">
      <skipped message="" />
    </testcase>
    <testcase name="scandir_variation9" classname="ext/standard/dir.scandir_variation9">
    </testcase>
  </testsuite>
  <testsuite name="ext/standard/directory" tests="6" disabled="0" errors="0" failures="0" skipped="2">
    <testcase name="DirectoryClass_basic_001" classname="ext/standard/directory.DirectoryClass_basic_001">
    </testcase>
    <testcase name="DirectoryClass_error_001-mb" classname="ext/standard/directory.DirectoryClass_error_001-mb">
    </testcase>
    <testcase name="DirectoryClass_error_001" classname="ext/standard/directory.DirectoryClass_error_001">
    </testcase>
    <testcase name="bug74589_utf8" classname="ext/standard/directory.bug74589_utf8">
      <skipped message="" />
    </testcase>
    <testcase name="directory_constants-win32" classname="ext/standard/directory.directory_constants-win32">
      <skipped message="" />
    </testcase>
    <testcase name="directory_constants" classname="ext/standard/directory.directory_constants">
    </testcase>
  </testsuite>
  <testsuite name="ext/standard/file" tests="853" disabled="0" errors="0" failures="1" skipped="210">
    <testcase name="001-win32-mb" classname="ext/standard/file.001-win32-mb">
      <skipped message="" />
    </testcase>
    <testcase name="001-win32" classname="ext/standard/file.001-win32">
      <skipped message="" />
    </testcase>
    <testcase name="001" classname="ext/standard/file.001">
    </testcase>
    <testcase name="002" classname="ext/standard/file.002">
    </testcase>
    <testcase name="003" classname="ext/standard/file.003">
    </testcase>
    <testcase name="004" classname="ext/standard/file.004">
    </testcase>
    <testcase name="005_basic" classname="ext/standard/file.005_basic">
    </testcase>
    <testcase name="005_error" classname="ext/standard/file.005_error">
    </testcase>
    <testcase name="005_variation-win32" classname="ext/standard/file.005_variation-win32">
      <skipped message="" />
    </testcase>
    <testcase name="005_variation" classname="ext/standard/file.005_variation">
    </testcase>
    <testcase name="005_variation2-win32" classname="ext/standard/file.005_variation2-win32">
      <skipped message="" />
    </testcase>
    <testcase name="005_variation2" classname="ext/standard/file.005_variation2">
    </testcase>
    <testcase name="006_basic" classname="ext/standard/file.006_basic">
    </testcase>
    <testcase name="006_error" classname="ext/standard/file.006_error">
      <failure message="" />
    </testcase>
    <testcase name="006_variation1" classname="ext/standard/file.006_variation1">
    </testcase>
    <testcase name="006_variation2" classname="ext/standard/file.006_variation2">
      <skipped message="" />
    </testcase>
    <testcase name="007_basic" classname="ext/standard/file.007_basic">
    </testcase>
    <testcase name="007_error" classname="ext/standard/file.007_error">
    </testcase>
    <testcase name="007_variation1" classname="ext/standard/file.007_variation1">
    </testcase>
    <testcase name="007_variation10" classname="ext/standard/file.007_variation10">
    </testcase>
    <testcase name="007_variation11-win32-mb" classname="ext/standard/file.007_variation11-win32-mb">
      <skipped message="" />
    </testcase>
    <testcase name="007_variation11-win32" classname="ext/standard/file.007_variation11-win32">
      <skipped message="" />
    </testcase>
    <testcase name="007_variation11" classname="ext/standard/file.007_variation11">
    </testcase>
    <testcase name="007_variation12-win32" classname="ext/standard/file.007_variation12-win32">
      <skipped message="" />
    </testcase>
    <testcase name="007_variation12" classname="ext/standard/file.007_variation12">
    </testcase>
    <testcase name="007_variation13-win32" classname="ext/standard/file.007_variation13-win32">
      <skipped message="" />
    </testcase>
    <testcase name="007_variation13" classname="ext/standard/file.007_variation13">
    </testcase>
    <testcase name="007_variation14" classname="ext/standard/file.007_variation14">
    </testcase>
    <testcase name="007_variation15" classname="ext/standard/file.007_variation15">
    </testcase>
    <testcase name="007_variation16" classname="ext/standard/file.007_variation16">
    </testcase>
    <testcase name="007_variation17" classname="ext/standard/file.007_variation17">
    </testcase>
    <testcase name="007_variation18" classname="ext/standard/file.007_variation18">
    </testcase>
    <testcase name="007_variation19" classname="ext/standard/file.007_variation19">
    </testcase>
    <testcase name="007_variation2" classname="ext/standard/file.007_variation2">
    </testcase>
    <testcase name="007_variation20" classname="ext/standard/file.007_variation20">
    </testcase>
    <testcase name="007_variation21" classname="ext/standard/file.007_variation21">
    </testcase>
    <testcase name="007_variation22" classname="ext/standard/file.007_variation22">
    </testcase>
    <testcase name="007_variation23" classname="ext/standard/file.007_variation23">
    </testcase>
    <testcase name="007_variation24" classname="ext/standard/file.007_variation24">
    </testcase>
    <testcase name="007_variation3" classname="ext/standard/file.007_variation3">
    </testcase>
    <testcase name="007_variation4" classname="ext/standard/file.007_variation4">
    </testcase>
    <testcase name="007_variation5" classname="ext/standard/file.007_variation5">
    </testcase>
    <testcase name="007_variation6" classname="ext/standard/file.007_variation6">
    </testcase>
    <testcase name="007_variation7" classname="ext/standard/file.007_variation7">
    </testcase>
    <testcase name="007_variation8" classname="ext/standard/file.007_variation8">
    </testcase>
    <testcase name="007_variation9" classname="ext/standard/file.007_variation9">
    </testcase>
    <testcase name="basename-win32" classname="ext/standard/file.basename-win32">
      <skipped message="" />
    </testcase>
    <testcase name="basename" classname="ext/standard/file.basename">
    </testcase>
    <testcase name="basename_basic-win32" classname="ext/standard/file.basename_basic-win32">
      <skipped message="" />
    </testcase>
    <testcase name="basename_basic" classname="ext/standard/file.basename_basic">
    </testcase>
    <testcase name="basename_bug66395-win32" classname="ext/standard/file.basename_bug66395-win32">
      <skipped message="" />
    </testcase>
    <testcase name="basename_bug66395_variation2-win32" classname="ext/standard/file.basename_bug66395_variation2-win32">
      <skipped message="" />
    </testcase>
    <testcase name="basename_error" classname="ext/standard/file.basename_error">
    </testcase>
    <testcase name="basename_variation1-win32" classname="ext/standard/file.basename_variation1-win32">
      <skipped message="" />
    </testcase>
    <testcase name="basename_variation1" classname="ext/standard/file.basename_variation1">
    </testcase>
    <testcase name="basename_variation2-win32" classname="ext/standard/file.basename_variation2-win32">
      <skipped message="" />
    </testcase>
    <testcase name="basename_variation2" classname="ext/standard/file.basename_variation2">
    </testcase>
    <testcase name="basename_variation3" classname="ext/standard/file.basename_variation3">
    </testcase>
    <testcase name="basename_variation4" classname="ext/standard/file.basename_variation4">
    </testcase>
    <testcase name="bug12556" classname="ext/standard/file.bug12556">
    </testcase>
    <testcase name="bug20424" classname="ext/standard/file.bug20424">
    </testcase>
    <testcase name="bug22382" classname="ext/standard/file.bug22382">
    </testcase>
    <testcase name="bug22414" classname="ext/standard/file.bug22414">
    </testcase>
    <testcase name="bug24313" classname="ext/standard/file.bug24313">
    </testcase>
    <testcase name="bug24482" classname="ext/standard/file.bug24482">
    </testcase>
    <testcase name="bug26003" classname="ext/standard/file.bug26003">
    </testcase>
    <testcase name="bug26615" classname="ext/standard/file.bug26615">
    </testcase>
    <testcase name="bug26938" classname="ext/standard/file.bug26938">
    </testcase>
    <testcase name="bug27508" classname="ext/standard/file.bug27508">
    </testcase>
    <testcase name="bug27619" classname="ext/standard/file.bug27619">
    </testcase>
    <testcase name="bug30362" classname="ext/standard/file.bug30362">
    </testcase>
    <testcase name="bug32160" classname="ext/standard/file.bug32160">
    </testcase>
    <testcase name="bug35740" classname="ext/standard/file.bug35740">
    </testcase>
    <testcase name="bug35781" classname="ext/standard/file.bug35781">
    </testcase>
    <testcase name="bug37158" classname="ext/standard/file.bug37158">
    </testcase>
    <testcase name="bug37864" classname="ext/standard/file.bug37864">
    </testcase>
    <testcase name="bug38086" classname="ext/standard/file.bug38086">
    </testcase>
    <testcase name="bug38450" classname="ext/standard/file.bug38450">
    </testcase>
    <testcase name="bug38450_1" classname="ext/standard/file.bug38450_1">
    </testcase>
    <testcase name="bug38450_2" classname="ext/standard/file.bug38450_2">
    </testcase>
    <testcase name="bug38450_3" classname="ext/standard/file.bug38450_3">
    </testcase>
    <testcase name="bug39367" classname="ext/standard/file.bug39367">
    </testcase>
    <testcase name="bug39538" classname="ext/standard/file.bug39538">
    </testcase>
    <testcase name="bug39551" classname="ext/standard/file.bug39551">
    </testcase>
    <testcase name="bug39673" classname="ext/standard/file.bug39673">
    </testcase>
    <testcase name="bug39863" classname="ext/standard/file.bug39863">
    </testcase>
    <testcase name="bug40374" classname="ext/standard/file.bug40374">
    </testcase>
    <testcase name="bug40501" classname="ext/standard/file.bug40501">
    </testcase>
    <testcase name="bug41655_1-win32" classname="ext/standard/file.bug41655_1-win32">
      <skipped message="" />
    </testcase>
    <testcase name="bug41655_1" classname="ext/standard/file.bug41655_1">
    </testcase>
    <testcase name="bug41655_2" classname="ext/standard/file.bug41655_2">
    </testcase>
    <testcase name="bug41693" classname="ext/standard/file.bug41693">
    </testcase>
    <testcase name="bug41815" classname="ext/standard/file.bug41815">
    </testcase>
    <testcase name="bug41874" classname="ext/standard/file.bug41874">
      <skipped message="" />
    </testcase>
    <testcase name="bug41874_1" classname="ext/standard/file.bug41874_1">
      <skipped message="" />
    </testcase>
    <testcase name="bug41874_2" classname="ext/standard/file.bug41874_2">
      <skipped message="" />
    </testcase>
    <testcase name="bug41874_3" classname="ext/standard/file.bug41874_3">
      <skipped message="" />
    </testcase>
    <testcase name="bug43008" classname="ext/standard/file.bug43008">
    </testcase>
    <testcase name="bug43137" classname="ext/standard/file.bug43137">
    </testcase>
    <testcase name="bug43216" classname="ext/standard/file.bug43216">
    </testcase>
    <testcase name="bug43248" classname="ext/standard/file.bug43248">
    </testcase>
    <testcase name="bug43353-win32" classname="ext/standard/file.bug43353-win32">
      <skipped message="" />
    </testcase>
    <testcase name="bug43353" classname="ext/standard/file.bug43353">
    </testcase>
    <testcase name="bug43522" classname="ext/standard/file.bug43522">
    </testcase>
    <testcase name="bug44034" classname="ext/standard/file.bug44034">
    </testcase>
    <testcase name="bug44607" classname="ext/standard/file.bug44607">
    </testcase>
    <testcase name="bug44805" classname="ext/standard/file.bug44805">
      <skipped message="" />
    </testcase>
    <testcase name="bug45181" classname="ext/standard/file.bug45181">
    </testcase>
    <testcase name="bug45303" classname="ext/standard/file.bug45303">
    </testcase>
    <testcase name="bug45985" classname="ext/standard/file.bug45985">
    </testcase>
    <testcase name="bug46347" classname="ext/standard/file.bug46347">
    </testcase>
    <testcase name="bug47517" classname="ext/standard/file.bug47517">
      <skipped message="" />
    </testcase>
    <testcase name="bug47767" classname="ext/standard/file.bug47767">
      <skipped message="" />
    </testcase>
    <testcase name="bug49047" classname="ext/standard/file.bug49047">
    </testcase>
    <testcase name="bug51094" classname="ext/standard/file.bug51094">
    </testcase>
    <testcase name="bug52624" classname="ext/standard/file.bug52624">
    </testcase>
    <testcase name="bug52820" classname="ext/standard/file.bug52820">
      <skipped message="" />
    </testcase>
    <testcase name="bug53241" classname="ext/standard/file.bug53241">
      <skipped message="" />
    </testcase>
    <testcase name="bug53848" classname="ext/standard/file.bug53848">
    </testcase>
    <testcase name="bug55124" classname="ext/standard/file.bug55124">
    </testcase>
    <testcase name="bug60120" classname="ext/standard/file.bug60120">
      <skipped message="" />
    </testcase>
    <testcase name="bug61961" classname="ext/standard/file.bug61961">
    </testcase>
    <testcase name="bug63512" classname="ext/standard/file.bug63512">
    </testcase>
    <testcase name="bug65272" classname="ext/standard/file.bug65272">
      <skipped message="" />
    </testcase>
    <testcase name="bug65701" classname="ext/standard/file.bug65701">
    </testcase>
    <testcase name="bug66509" classname="ext/standard/file.bug66509">
    </testcase>
    <testcase name="bug68335" classname="ext/standard/file.bug68335">
    </testcase>
    <testcase name="bug68532" classname="ext/standard/file.bug68532">
    </testcase>
    <testcase name="bug69442" classname="ext/standard/file.bug69442">
      <skipped message="" />
    </testcase>
    <testcase name="bug69628" classname="ext/standard/file.bug69628">
      <skipped message="" />
    </testcase>
    <testcase name="bug71287" classname="ext/standard/file.bug71287">
    </testcase>
    <testcase name="bug71882" classname="ext/standard/file.bug71882">
    </testcase>
    <testcase name="bug72035" classname="ext/standard/file.bug72035">
      <skipped message="" />
    </testcase>
    <testcase name="bug72330" classname="ext/standard/file.bug72330">
      <skipped message="" />
    </testcase>
    <testcase name="bug74719" classname="ext/standard/file.bug74719">
    </testcase>
    <testcase name="bug75679" classname="ext/standard/file.bug75679">
    </testcase>
    <testcase name="bug77552" classname="ext/standard/file.bug77552">
      <skipped message="" />
    </testcase>
    <testcase name="chgrp" classname="ext/standard/file.chgrp">
    </testcase>
    <testcase name="chmod_basic-win32-mb" classname="ext/standard/file.chmod_basic-win32-mb">
      <skipped message="" />
    </testcase>
    <testcase name="chmod_basic-win32" classname="ext/standard/file.chmod_basic-win32">
      <skipped message="" />
    </testcase>
    <testcase name="chmod_basic" classname="ext/standard/file.chmod_basic">
      <skipped message="" />
    </testcase>
    <testcase name="chmod_error" classname="ext/standard/file.chmod_error">
    </testcase>
    <testcase name="chmod_variation1" classname="ext/standard/file.chmod_variation1">
    </testcase>
    <testcase name="chmod_variation2-win32-mb" classname="ext/standard/file.chmod_variation2-win32-mb">
      <skipped message="" />
    </testcase>
    <testcase name="chmod_variation2-win32" classname="ext/standard/file.chmod_variation2-win32">
      <skipped message="" />
    </testcase>
    <testcase name="chmod_variation2" classname="ext/standard/file.chmod_variation2">
    </testcase>
    <testcase name="chmod_variation3" classname="ext/standard/file.chmod_variation3">
    </testcase>
    <testcase name="chmod_variation4" classname="ext/standard/file.chmod_variation4">
    </testcase>
    <testcase name="chown" classname="ext/standard/file.chown">
    </testcase>
    <testcase name="chroot_001" classname="ext/standard/file.chroot_001">
      <skipped message="" />
    </testcase>
    <testcase name="clearstatcache_001" classname="ext/standard/file.clearstatcache_001">
    </testcase>
    <testcase name="clearstatcache_error" classname="ext/standard/file.clearstatcache_error">
    </testcase>
    <testcase name="copy_basic" classname="ext/standard/file.copy_basic">
    </testcase>
    <testcase name="copy_error" classname="ext/standard/file.copy_error">
    </testcase>
    <testcase name="copy_variation1" classname="ext/standard/file.copy_variation1">
    </testcase>
    <testcase name="copy_variation10" classname="ext/standard/file.copy_variation10">
    </testcase>
    <testcase name="copy_variation11" classname="ext/standard/file.copy_variation11">
    </testcase>
    <testcase name="copy_variation12-win32" classname="ext/standard/file.copy_variation12-win32">
      <skipped message="" />
    </testcase>
    <testcase name="copy_variation12" classname="ext/standard/file.copy_variation12">
    </testcase>
    <testcase name="copy_variation13" classname="ext/standard/file.copy_variation13">
    </testcase>
    <testcase name="copy_variation14" classname="ext/standard/file.copy_variation14">
    </testcase>
    <testcase name="copy_variation15" classname="ext/standard/file.copy_variation15">
    </testcase>
    <testcase name="copy_variation16-win32" classname="ext/standard/file.copy_variation16-win32">
      <skipped message="" />
    </testcase>
    <testcase name="copy_variation16" classname="ext/standard/file.copy_variation16">
    </testcase>
    <testcase name="copy_variation17" classname="ext/standard/file.copy_variation17">
    </testcase>
    <testcase name="copy_variation18" classname="ext/standard/file.copy_variation18">
    </testcase>
    <testcase name="copy_variation2-win32-mb" classname="ext/standard/file.copy_variation2-win32-mb">
      <skipped message="" />
    </testcase>
    <testcase name="copy_variation2-win32" classname="ext/standard/file.copy_variation2-win32">
      <skipped message="" />
    </testcase>
    <testcase name="copy_variation2" classname="ext/standard/file.copy_variation2">
    </testcase>
    <testcase name="copy_variation3-win32" classname="ext/standard/file.copy_variation3-win32">
      <skipped message="" />
    </testcase>
    <testcase name="copy_variation3" classname="ext/standard/file.copy_variation3">
    </testcase>
    <testcase name="copy_variation4" classname="ext/standard/file.copy_variation4">
    </testcase>
    <testcase name="copy_variation5-win32" classname="ext/standard/file.copy_variation5-win32">
      <skipped message="" />
    </testcase>
    <testcase name="copy_variation5" classname="ext/standard/file.copy_variation5">
    </testcase>
    <testcase name="copy_variation6-win32" classname="ext/standard/file.copy_variation6-win32">
      <skipped message="" />
    </testcase>
    <testcase name="copy_variation6" classname="ext/standard/file.copy_variation6">
    </testcase>
    <testcase name="copy_variation7" classname="ext/standard/file.copy_variation7">
    </testcase>
    <testcase name="copy_variation8" classname="ext/standard/file.copy_variation8">
    </testcase>
    <testcase name="copy_variation9" classname="ext/standard/file.copy_variation9">
    </testcase>
    <testcase name="directory_wrapper_fstat_basic" classname="ext/standard/file.directory_wrapper_fstat_basic">
    </testcase>
    <testcase name="dirname_basic-win32" classname="ext/standard/file.dirname_basic-win32">
      <skipped message="" />
    </testcase>
    <testcase name="dirname_basic" classname="ext/standard/file.dirname_basic">
    </testcase>
    <testcase name="dirname_error" classname="ext/standard/file.dirname_error">
    </testcase>
    <testcase name="dirname_no_path_normalization-win32" classname="ext/standard/file.dirname_no_path_normalization-win32">
      <skipped message="" />
    </testcase>
    <testcase name="dirname_variation1" classname="ext/standard/file.dirname_variation1">
    </testcase>
    <testcase name="disk" classname="ext/standard/file.disk">
    </testcase>
    <testcase name="disk_free_space_basic" classname="ext/standard/file.disk_free_space_basic">
      <skipped message="" />
    </testcase>
    <testcase name="disk_free_space_error-win32" classname="ext/standard/file.disk_free_space_error-win32">
      <skipped message="" />
    </testcase>
    <testcase name="disk_free_space_error" classname="ext/standard/file.disk_free_space_error">
    </testcase>
    <testcase name="disk_free_space_variation" classname="ext/standard/file.disk_free_space_variation">
    </testcase>
    <testcase name="disk_total_space_basic" classname="ext/standard/file.disk_total_space_basic">
    </testcase>
    <testcase name="disk_total_space_error-win32" classname="ext/standard/file.disk_total_space_error-win32">
      <skipped message="" />
    </testcase>
    <testcase name="disk_total_space_error" classname="ext/standard/file.disk_total_space_error">
    </testcase>
    <testcase name="disk_total_space_variation" classname="ext/standard/file.disk_total_space_variation">
    </testcase>
    <testcase name="fclose_variation1" classname="ext/standard/file.fclose_variation1">
    </testcase>
    <testcase name="feof_basic" classname="ext/standard/file.feof_basic">
    </testcase>
    <testcase name="fflush_basic" classname="ext/standard/file.fflush_basic">
    </testcase>
    <testcase name="fflush_error" classname="ext/standard/file.fflush_error">
    </testcase>
    <testcase name="fflush_variation1-win32-mb" classname="ext/standard/file.fflush_variation1-win32-mb">
      <skipped message="" />
    </testcase>
    <testcase name="fflush_variation1-win32" classname="ext/standard/file.fflush_variation1-win32">
      <skipped message="" />
    </testcase>
    <testcase name="fflush_variation1" classname="ext/standard/file.fflush_variation1">
    </testcase>
    <testcase name="fflush_variation2" classname="ext/standard/file.fflush_variation2">
    </testcase>
    <testcase name="fflush_variation3" classname="ext/standard/file.fflush_variation3">
    </testcase>
    <testcase name="fflush_variation4" classname="ext/standard/file.fflush_variation4">
    </testcase>
    <testcase name="fgetc_basic" classname="ext/standard/file.fgetc_basic">
    </testcase>
    <testcase name="fgetc_error" classname="ext/standard/file.fgetc_error">
    </testcase>
    <testcase name="fgetc_variation1" classname="ext/standard/file.fgetc_variation1">
    </testcase>
    <testcase name="fgetc_variation2" classname="ext/standard/file.fgetc_variation2">
    </testcase>
    <testcase name="fgetc_variation3" classname="ext/standard/file.fgetc_variation3">
    </testcase>
    <testcase name="fgetc_variation4" classname="ext/standard/file.fgetc_variation4">
    </testcase>
    <testcase name="fgetcsv" classname="ext/standard/file.fgetcsv">
    </testcase>
    <testcase name="fgetcsv_error" classname="ext/standard/file.fgetcsv_error">
    </testcase>
    <testcase name="fgetcsv_variation1" classname="ext/standard/file.fgetcsv_variation1">
    </testcase>
    <testcase name="fgetcsv_variation10" classname="ext/standard/file.fgetcsv_variation10">
    </testcase>
    <testcase name="fgetcsv_variation11" classname="ext/standard/file.fgetcsv_variation11">
    </testcase>
    <testcase name="fgetcsv_variation12" classname="ext/standard/file.fgetcsv_variation12">
    </testcase>
    <testcase name="fgetcsv_variation13" classname="ext/standard/file.fgetcsv_variation13">
    </testcase>
    <testcase name="fgetcsv_variation14" classname="ext/standard/file.fgetcsv_variation14">
    </testcase>
    <testcase name="fgetcsv_variation15" classname="ext/standard/file.fgetcsv_variation15">
    </testcase>
    <testcase name="fgetcsv_variation16" classname="ext/standard/file.fgetcsv_variation16">
    </testcase>
    <testcase name="fgetcsv_variation17" classname="ext/standard/file.fgetcsv_variation17">
    </testcase>
    <testcase name="fgetcsv_variation18" classname="ext/standard/file.fgetcsv_variation18">
    </testcase>
    <testcase name="fgetcsv_variation19" classname="ext/standard/file.fgetcsv_variation19">
    </testcase>
    <testcase name="fgetcsv_variation2" classname="ext/standard/file.fgetcsv_variation2">
    </testcase>
    <testcase name="fgetcsv_variation20" classname="ext/standard/file.fgetcsv_variation20">
    </testcase>
    <testcase name="fgetcsv_variation21" classname="ext/standard/file.fgetcsv_variation21">
    </testcase>
    <testcase name="fgetcsv_variation22" classname="ext/standard/file.fgetcsv_variation22">
    </testcase>
    <testcase name="fgetcsv_variation23" classname="ext/standard/file.fgetcsv_variation23">
    </testcase>
    <testcase name="fgetcsv_variation24" classname="ext/standard/file.fgetcsv_variation24">
    </testcase>
    <testcase name="fgetcsv_variation25" classname="ext/standard/file.fgetcsv_variation25">
    </testcase>
    <testcase name="fgetcsv_variation26" classname="ext/standard/file.fgetcsv_variation26">
    </testcase>
    <testcase name="fgetcsv_variation27" classname="ext/standard/file.fgetcsv_variation27">
    </testcase>
    <testcase name="fgetcsv_variation28" classname="ext/standard/file.fgetcsv_variation28">
    </testcase>
    <testcase name="fgetcsv_variation29" classname="ext/standard/file.fgetcsv_variation29">
    </testcase>
    <testcase name="fgetcsv_variation3" classname="ext/standard/file.fgetcsv_variation3">
    </testcase>
    <testcase name="fgetcsv_variation30" classname="ext/standard/file.fgetcsv_variation30">
    </testcase>
    <testcase name="fgetcsv_variation31" classname="ext/standard/file.fgetcsv_variation31">
    </testcase>
    <testcase name="fgetcsv_variation4" classname="ext/standard/file.fgetcsv_variation4">
    </testcase>
    <testcase name="fgetcsv_variation5" classname="ext/standard/file.fgetcsv_variation5">
    </testcase>
    <testcase name="fgetcsv_variation6" classname="ext/standard/file.fgetcsv_variation6">
    </testcase>
    <testcase name="fgetcsv_variation7" classname="ext/standard/file.fgetcsv_variation7">
    </testcase>
    <testcase name="fgetcsv_variation8" classname="ext/standard/file.fgetcsv_variation8">
    </testcase>
    <testcase name="fgetcsv_variation9" classname="ext/standard/file.fgetcsv_variation9">
    </testcase>
    <testcase name="fgets_basic" classname="ext/standard/file.fgets_basic">
    </testcase>
    <testcase name="fgets_error" classname="ext/standard/file.fgets_error">
    </testcase>
    <testcase name="fgets_socket_variation1" classname="ext/standard/file.fgets_socket_variation1">
    </testcase>
    <testcase name="fgets_socket_variation2" classname="ext/standard/file.fgets_socket_variation2">
    </testcase>
    <testcase name="fgets_variation1" classname="ext/standard/file.fgets_variation1">
    </testcase>
    <testcase name="fgets_variation2" classname="ext/standard/file.fgets_variation2">
    </testcase>
    <testcase name="fgets_variation3" classname="ext/standard/file.fgets_variation3">
    </testcase>
    <testcase name="fgets_variation4-win32-mb" classname="ext/standard/file.fgets_variation4-win32-mb">
      <skipped message="" />
    </testcase>
    <testcase name="fgets_variation4-win32" classname="ext/standard/file.fgets_variation4-win32">
      <skipped message="" />
    </testcase>
    <testcase name="fgets_variation4" classname="ext/standard/file.fgets_variation4">
    </testcase>
    <testcase name="fgets_variation5" classname="ext/standard/file.fgets_variation5">
    </testcase>
    <testcase name="fgets_variation6-win32" classname="ext/standard/file.fgets_variation6-win32">
      <skipped message="" />
    </testcase>
    <testcase name="fgets_variation6" classname="ext/standard/file.fgets_variation6">
    </testcase>
    <testcase name="fgetss" classname="ext/standard/file.fgetss">
    </testcase>
    <testcase name="fgetss1" classname="ext/standard/file.fgetss1">
    </testcase>
    <testcase name="fgetss_basic1" classname="ext/standard/file.fgetss_basic1">
    </testcase>
    <testcase name="fgetss_basic2-win32-mb" classname="ext/standard/file.fgetss_basic2-win32-mb">
      <skipped message="" />
    </testcase>
    <testcase name="fgetss_basic2-win32" classname="ext/standard/file.fgetss_basic2-win32">
      <skipped message="" />
    </testcase>
    <testcase name="fgetss_basic2" classname="ext/standard/file.fgetss_basic2">
    </testcase>
    <testcase name="fgetss_error" classname="ext/standard/file.fgetss_error">
    </testcase>
    <testcase name="fgetss_variation1-win32" classname="ext/standard/file.fgetss_variation1-win32">
      <skipped message="" />
    </testcase>
    <testcase name="fgetss_variation1" classname="ext/standard/file.fgetss_variation1">
    </testcase>
    <testcase name="fgetss_variation2" classname="ext/standard/file.fgetss_variation2">
    </testcase>
    <testcase name="fgetss_variation3-win32" classname="ext/standard/file.fgetss_variation3-win32">
      <skipped message="" />
    </testcase>
    <testcase name="fgetss_variation3" classname="ext/standard/file.fgetss_variation3">
    </testcase>
    <testcase name="fgetss_variation4" classname="ext/standard/file.fgetss_variation4">
    </testcase>
    <testcase name="fgetss_variation5-win32" classname="ext/standard/file.fgetss_variation5-win32">
      <skipped message="" />
    </testcase>
    <testcase name="fgetss_variation5" classname="ext/standard/file.fgetss_variation5">
    </testcase>
    <testcase name="file_basic" classname="ext/standard/file.file_basic">
    </testcase>
    <testcase name="file_error" classname="ext/standard/file.file_error">
    </testcase>
    <testcase name="file_exists_error" classname="ext/standard/file.file_exists_error">
    </testcase>
    <testcase name="file_exists_variation1" classname="ext/standard/file.file_exists_variation1">
    </testcase>
    <testcase name="file_get_contents_basic" classname="ext/standard/file.file_get_contents_basic">
    </testcase>
    <testcase name="file_get_contents_basic001" classname="ext/standard/file.file_get_contents_basic001">
    </testcase>
    <testcase name="file_get_contents_error" classname="ext/standard/file.file_get_contents_error">
    </testcase>
    <testcase name="file_get_contents_error001" classname="ext/standard/file.file_get_contents_error001">
    </testcase>
    <testcase name="file_get_contents_error002" classname="ext/standard/file.file_get_contents_error002">
    </testcase>
    <testcase name="file_get_contents_file_put_contents_basic" classname="ext/standard/file.file_get_contents_file_put_contents_basic">
    </testcase>
    <testcase name="file_get_contents_file_put_contents_error" classname="ext/standard/file.file_get_contents_file_put_contents_error">
    </testcase>
    <testcase name="file_get_contents_file_put_contents_variation1" classname="ext/standard/file.file_get_contents_file_put_contents_variation1">
    </testcase>
    <testcase name="file_get_contents_file_put_contents_variation2" classname="ext/standard/file.file_get_contents_file_put_contents_variation2">
    </testcase>
    <testcase name="file_get_contents_variation1" classname="ext/standard/file.file_get_contents_variation1">
    </testcase>
    <testcase name="file_get_contents_variation2" classname="ext/standard/file.file_get_contents_variation2">
    </testcase>
    <testcase name="file_get_contents_variation3" classname="ext/standard/file.file_get_contents_variation3">
    </testcase>
    <testcase name="file_get_contents_variation4" classname="ext/standard/file.file_get_contents_variation4">
    </testcase>
    <testcase name="file_get_contents_variation5_32bit" classname="ext/standard/file.file_get_contents_variation5_32bit">
      <skipped message="" />
    </testcase>
    <testcase name="file_get_contents_variation5_64bit" classname="ext/standard/file.file_get_contents_variation5_64bit">
    </testcase>
    <testcase name="file_get_contents_variation6" classname="ext/standard/file.file_get_contents_variation6">
    </testcase>
    <testcase name="file_get_contents_variation7-win32-mb" classname="ext/standard/file.file_get_contents_variation7-win32-mb">
      <skipped message="" />
    </testcase>
    <testcase name="file_get_contents_variation7-win32" classname="ext/standard/file.file_get_contents_variation7-win32">
      <skipped message="" />
    </testcase>
    <testcase name="file_get_contents_variation7" classname="ext/standard/file.file_get_contents_variation7">
    </testcase>
    <testcase name="file_get_contents_variation8-win32" classname="ext/standard/file.file_get_contents_variation8-win32">
      <skipped message="" />
    </testcase>
    <testcase name="file_get_contents_variation8" classname="ext/standard/file.file_get_contents_variation8">
    </testcase>
    <testcase name="file_get_contents_variation9" classname="ext/standard/file.file_get_contents_variation9">
    </testcase>
    <testcase name="file_put_contents" classname="ext/standard/file.file_put_contents">
    </testcase>
    <testcase name="file_put_contents_variation1" classname="ext/standard/file.file_put_contents_variation1">
    </testcase>
    <testcase name="file_put_contents_variation2" classname="ext/standard/file.file_put_contents_variation2">
    </testcase>
    <testcase name="file_put_contents_variation3" classname="ext/standard/file.file_put_contents_variation3">
    </testcase>
    <testcase name="file_put_contents_variation4" classname="ext/standard/file.file_put_contents_variation4">
    </testcase>
    <testcase name="file_put_contents_variation5" classname="ext/standard/file.file_put_contents_variation5">
    </testcase>
    <testcase name="file_put_contents_variation6" classname="ext/standard/file.file_put_contents_variation6">
    </testcase>
    <testcase name="file_put_contents_variation7-win32" classname="ext/standard/file.file_put_contents_variation7-win32">
      <skipped message="" />
    </testcase>
    <testcase name="file_put_contents_variation7" classname="ext/standard/file.file_put_contents_variation7">
    </testcase>
    <testcase name="file_put_contents_variation8-win32" classname="ext/standard/file.file_put_contents_variation8-win32">
      <skipped message="" />
    </testcase>
    <testcase name="file_put_contents_variation8" classname="ext/standard/file.file_put_contents_variation8">
    </testcase>
    <testcase name="file_put_contents_variation9" classname="ext/standard/file.file_put_contents_variation9">
    </testcase>
    <testcase name="file_variation" classname="ext/standard/file.file_variation">
    </testcase>
    <testcase name="file_variation2" classname="ext/standard/file.file_variation2">
    </testcase>
    <testcase name="file_variation3" classname="ext/standard/file.file_variation3">
    </testcase>
    <testcase name="file_variation4" classname="ext/standard/file.file_variation4">
    </testcase>
    <testcase name="file_variation5-win32-mb" classname="ext/standard/file.file_variation5-win32-mb">
      <skipped message="" />
    </testcase>
    <testcase name="file_variation5-win32" classname="ext/standard/file.file_variation5-win32">
      <skipped message="" />
    </testcase>
    <testcase name="file_variation5" classname="ext/standard/file.file_variation5">
    </testcase>
    <testcase name="file_variation6" classname="ext/standard/file.file_variation6">
    </testcase>
    <testcase name="file_variation7" classname="ext/standard/file.file_variation7">
    </testcase>
    <testcase name="file_variation8-win32" classname="ext/standard/file.file_variation8-win32">
      <skipped message="" />
    </testcase>
    <testcase name="file_variation8" classname="ext/standard/file.file_variation8">
    </testcase>
    <testcase name="file_variation9" classname="ext/standard/file.file_variation9">
    </testcase>
    <testcase name="filegroup_basic" classname="ext/standard/file.filegroup_basic">
    </testcase>
    <testcase name="filegroup_error" classname="ext/standard/file.filegroup_error">
    </testcase>
    <testcase name="filegroup_variation1" classname="ext/standard/file.filegroup_variation1">
    </testcase>
    <testcase name="filegroup_variation2" classname="ext/standard/file.filegroup_variation2">
    </testcase>
    <testcase name="filegroup_variation3-aix" classname="ext/standard/file.filegroup_variation3-aix">
    </testcase>
    <testcase name="filegroup_variation3" classname="ext/standard/file.filegroup_variation3">
      <skipped message="" />
    </testcase>
    <testcase name="fileinode_basic" classname="ext/standard/file.fileinode_basic">
    </testcase>
    <testcase name="fileinode_error" classname="ext/standard/file.fileinode_error">
    </testcase>
    <testcase name="fileinode_variation" classname="ext/standard/file.fileinode_variation">
    </testcase>
    <testcase name="fileinode_variation1" classname="ext/standard/file.fileinode_variation1">
    </testcase>
    <testcase name="fileinode_variation2" classname="ext/standard/file.fileinode_variation2">
    </testcase>
    <testcase name="fileinode_variation3-aix" classname="ext/standard/file.fileinode_variation3-aix">
    </testcase>
    <testcase name="fileinode_variation3" classname="ext/standard/file.fileinode_variation3">
      <skipped message="" />
    </testcase>
    <testcase name="fileowner_basic" classname="ext/standard/file.fileowner_basic">
    </testcase>
    <testcase name="fileowner_error" classname="ext/standard/file.fileowner_error">
    </testcase>
    <testcase name="fileowner_variation1" classname="ext/standard/file.fileowner_variation1">
    </testcase>
    <testcase name="fileowner_variation2" classname="ext/standard/file.fileowner_variation2">
    </testcase>
    <testcase name="fileowner_variation3-aix" classname="ext/standard/file.fileowner_variation3-aix">
    </testcase>
    <testcase name="fileowner_variation3" classname="ext/standard/file.fileowner_variation3">
      <skipped message="" />
    </testcase>
    <testcase name="fileperms_variation1" classname="ext/standard/file.fileperms_variation1">
    </testcase>
    <testcase name="fileperms_variation2" classname="ext/standard/file.fileperms_variation2">
    </testcase>
    <testcase name="fileperms_variation3-aix" classname="ext/standard/file.fileperms_variation3-aix">
    </testcase>
    <testcase name="fileperms_variation3" classname="ext/standard/file.fileperms_variation3">
      <skipped message="" />
    </testcase>
    <testcase name="filesize_basic" classname="ext/standard/file.filesize_basic">
    </testcase>
    <testcase name="filesize_error" classname="ext/standard/file.filesize_error">
    </testcase>
    <testcase name="filesize_variation1-win32-mb" classname="ext/standard/file.filesize_variation1-win32-mb">
      <skipped message="" />
    </testcase>
    <testcase name="filesize_variation1-win32" classname="ext/standard/file.filesize_variation1-win32">
      <skipped message="" />
    </testcase>
    <testcase name="filesize_variation1" classname="ext/standard/file.filesize_variation1">
    </testcase>
    <testcase name="filesize_variation2-win32" classname="ext/standard/file.filesize_variation2-win32">
      <skipped message="" />
    </testcase>
    <testcase name="filesize_variation2" classname="ext/standard/file.filesize_variation2">
    </testcase>
    <testcase name="filesize_variation3-win32" classname="ext/standard/file.filesize_variation3-win32">
      <skipped message="" />
    </testcase>
    <testcase name="filesize_variation3" classname="ext/standard/file.filesize_variation3">
    </testcase>
    <testcase name="filesize_variation4-win32" classname="ext/standard/file.filesize_variation4-win32">
      <skipped message="" />
    </testcase>
    <testcase name="filesize_variation4" classname="ext/standard/file.filesize_variation4">
    </testcase>
    <testcase name="filesize_variation5" classname="ext/standard/file.filesize_variation5">
    </testcase>
    <testcase name="filestat" classname="ext/standard/file.filestat">
    </testcase>
    <testcase name="filetype_basic" classname="ext/standard/file.filetype_basic">
    </testcase>
    <testcase name="filetype_error" classname="ext/standard/file.filetype_error">
    </testcase>
    <testcase name="filetype_variation" classname="ext/standard/file.filetype_variation">
    </testcase>
    <testcase name="filetype_variation2" classname="ext/standard/file.filetype_variation2">
    </testcase>
    <testcase name="filetype_variation3" classname="ext/standard/file.filetype_variation3">
      <skipped message="" />
    </testcase>
    <testcase name="flock" classname="ext/standard/file.flock">
      <skipped message="" />
    </testcase>
    <testcase name="flock_basic" classname="ext/standard/file.flock_basic">
      <skipped message="" />
    </testcase>
    <testcase name="flock_error" classname="ext/standard/file.flock_error">
    </testcase>
    <testcase name="flock_variation" classname="ext/standard/file.flock_variation">
      <skipped message="" />
    </testcase>
    <testcase name="fnmatch_basic" classname="ext/standard/file.fnmatch_basic">
    </testcase>
    <testcase name="fnmatch_error" classname="ext/standard/file.fnmatch_error">
    </testcase>
    <testcase name="fnmatch_variation" classname="ext/standard/file.fnmatch_variation">
    </testcase>
    <testcase name="fopen_unlink" classname="ext/standard/file.fopen_unlink">
    </testcase>
    <testcase name="fopen_variation1" classname="ext/standard/file.fopen_variation1">
    </testcase>
    <testcase name="fopen_variation10-win32" classname="ext/standard/file.fopen_variation10-win32">
      <skipped message="" />
    </testcase>
    <testcase name="fopen_variation11-win32" classname="ext/standard/file.fopen_variation11-win32">
      <skipped message="" />
    </testcase>
    <testcase name="fopen_variation12" classname="ext/standard/file.fopen_variation12">
    </testcase>
    <testcase name="fopen_variation13" classname="ext/standard/file.fopen_variation13">
    </testcase>
    <testcase name="fopen_variation14-win32" classname="ext/standard/file.fopen_variation14-win32">
      <skipped message="" />
    </testcase>
    <testcase name="fopen_variation14" classname="ext/standard/file.fopen_variation14">
    </testcase>
    <testcase name="fopen_variation15-win32" classname="ext/standard/file.fopen_variation15-win32">
      <skipped message="" />
    </testcase>
    <testcase name="fopen_variation15" classname="ext/standard/file.fopen_variation15">
    </testcase>
    <testcase name="fopen_variation16" classname="ext/standard/file.fopen_variation16">
    </testcase>
    <testcase name="fopen_variation17" classname="ext/standard/file.fopen_variation17">
    </testcase>
    <testcase name="fopen_variation19" classname="ext/standard/file.fopen_variation19">
    </testcase>
    <testcase name="fopen_variation3" classname="ext/standard/file.fopen_variation3">
    </testcase>
    <testcase name="fopen_variation4" classname="ext/standard/file.fopen_variation4">
    </testcase>
    <testcase name="fopen_variation5" classname="ext/standard/file.fopen_variation5">
    </testcase>
    <testcase name="fopen_variation6" classname="ext/standard/file.fopen_variation6">
    </testcase>
    <testcase name="fopen_variation7" classname="ext/standard/file.fopen_variation7">
    </testcase>
    <testcase name="fopen_variation8" classname="ext/standard/file.fopen_variation8">
    </testcase>
    <testcase name="fopen_variation9" classname="ext/standard/file.fopen_variation9">
    </testcase>
    <testcase name="fopencookie" classname="ext/standard/file.fopencookie">
    </testcase>
    <testcase name="fpassthru_basic" classname="ext/standard/file.fpassthru_basic">
    </testcase>
    <testcase name="fpassthru_error" classname="ext/standard/file.fpassthru_error">
    </testcase>
    <testcase name="fpassthru_variation" classname="ext/standard/file.fpassthru_variation">
    </testcase>
    <testcase name="fpassthru_variation1" classname="ext/standard/file.fpassthru_variation1">
    </testcase>
    <testcase name="fputcsv" classname="ext/standard/file.fputcsv">
    </testcase>
    <testcase name="fputcsv_002" classname="ext/standard/file.fputcsv_002">
    </testcase>
    <testcase name="fputcsv_error" classname="ext/standard/file.fputcsv_error">
    </testcase>
    <testcase name="fputcsv_variation1" classname="ext/standard/file.fputcsv_variation1">
    </testcase>
    <testcase name="fputcsv_variation10" classname="ext/standard/file.fputcsv_variation10">
    </testcase>
    <testcase name="fputcsv_variation11" classname="ext/standard/file.fputcsv_variation11">
    </testcase>
    <testcase name="fputcsv_variation12" classname="ext/standard/file.fputcsv_variation12">
    </testcase>
    <testcase name="fputcsv_variation13" classname="ext/standard/file.fputcsv_variation13">
    </testcase>
    <testcase name="fputcsv_variation14" classname="ext/standard/file.fputcsv_variation14">
    </testcase>
    <testcase name="fputcsv_variation15" classname="ext/standard/file.fputcsv_variation15">
    </testcase>
    <testcase name="fputcsv_variation2" classname="ext/standard/file.fputcsv_variation2">
    </testcase>
    <testcase name="fputcsv_variation3" classname="ext/standard/file.fputcsv_variation3">
    </testcase>
    <testcase name="fputcsv_variation4" classname="ext/standard/file.fputcsv_variation4">
    </testcase>
    <testcase name="fputcsv_variation5" classname="ext/standard/file.fputcsv_variation5">
    </testcase>
    <testcase name="fputcsv_variation6" classname="ext/standard/file.fputcsv_variation6">
    </testcase>
    <testcase name="fputcsv_variation7" classname="ext/standard/file.fputcsv_variation7">
    </testcase>
    <testcase name="fputcsv_variation8" classname="ext/standard/file.fputcsv_variation8">
    </testcase>
    <testcase name="fputcsv_variation9" classname="ext/standard/file.fputcsv_variation9">
    </testcase>
    <testcase name="fread_basic" classname="ext/standard/file.fread_basic">
    </testcase>
    <testcase name="fread_error" classname="ext/standard/file.fread_error">
    </testcase>
    <testcase name="fread_fwrite_basic" classname="ext/standard/file.fread_fwrite_basic">
    </testcase>
    <testcase name="fread_socket_variation1" classname="ext/standard/file.fread_socket_variation1">
    </testcase>
    <testcase name="fread_variation1" classname="ext/standard/file.fread_variation1">
    </testcase>
    <testcase name="fread_variation2" classname="ext/standard/file.fread_variation2">
    </testcase>
    <testcase name="fread_variation3-win32-mb" classname="ext/standard/file.fread_variation3-win32-mb">
      <skipped message="" />
    </testcase>
    <testcase name="fread_variation3-win32" classname="ext/standard/file.fread_variation3-win32">
      <skipped message="" />
    </testcase>
    <testcase name="fread_variation3" classname="ext/standard/file.fread_variation3">
    </testcase>
    <testcase name="fread_variation4-win32" classname="ext/standard/file.fread_variation4-win32">
      <skipped message="" />
    </testcase>
    <testcase name="fread_variation4" classname="ext/standard/file.fread_variation4">
    </testcase>
    <testcase name="fscanf" classname="ext/standard/file.fscanf">
    </testcase>
    <testcase name="fscanf_error" classname="ext/standard/file.fscanf_error">
    </testcase>
    <testcase name="fscanf_variation1" classname="ext/standard/file.fscanf_variation1">
    </testcase>
    <testcase name="fscanf_variation10" classname="ext/standard/file.fscanf_variation10">
    </testcase>
    <testcase name="fscanf_variation11" classname="ext/standard/file.fscanf_variation11">
    </testcase>
    <testcase name="fscanf_variation12" classname="ext/standard/file.fscanf_variation12">
    </testcase>
    <testcase name="fscanf_variation13" classname="ext/standard/file.fscanf_variation13">
    </testcase>
    <testcase name="fscanf_variation14" classname="ext/standard/file.fscanf_variation14">
    </testcase>
    <testcase name="fscanf_variation15" classname="ext/standard/file.fscanf_variation15">
    </testcase>
    <testcase name="fscanf_variation16" classname="ext/standard/file.fscanf_variation16">
    </testcase>
    <testcase name="fscanf_variation17" classname="ext/standard/file.fscanf_variation17">
    </testcase>
    <testcase name="fscanf_variation18" classname="ext/standard/file.fscanf_variation18">
    </testcase>
    <testcase name="fscanf_variation19" classname="ext/standard/file.fscanf_variation19">
    </testcase>
    <testcase name="fscanf_variation2" classname="ext/standard/file.fscanf_variation2">
    </testcase>
    <testcase name="fscanf_variation20" classname="ext/standard/file.fscanf_variation20">
    </testcase>
    <testcase name="fscanf_variation21" classname="ext/standard/file.fscanf_variation21">
    </testcase>
    <testcase name="fscanf_variation22" classname="ext/standard/file.fscanf_variation22">
    </testcase>
    <testcase name="fscanf_variation23" classname="ext/standard/file.fscanf_variation23">
    </testcase>
    <testcase name="fscanf_variation24" classname="ext/standard/file.fscanf_variation24">
    </testcase>
    <testcase name="fscanf_variation25" classname="ext/standard/file.fscanf_variation25">
    </testcase>
    <testcase name="fscanf_variation26" classname="ext/standard/file.fscanf_variation26">
    </testcase>
    <testcase name="fscanf_variation27" classname="ext/standard/file.fscanf_variation27">
    </testcase>
    <testcase name="fscanf_variation28" classname="ext/standard/file.fscanf_variation28">
    </testcase>
    <testcase name="fscanf_variation29" classname="ext/standard/file.fscanf_variation29">
    </testcase>
    <testcase name="fscanf_variation3" classname="ext/standard/file.fscanf_variation3">
      <skipped message="" />
    </testcase>
    <testcase name="fscanf_variation30" classname="ext/standard/file.fscanf_variation30">
    </testcase>
    <testcase name="fscanf_variation31" classname="ext/standard/file.fscanf_variation31">
    </testcase>
    <testcase name="fscanf_variation32" classname="ext/standard/file.fscanf_variation32">
    </testcase>
    <testcase name="fscanf_variation33" classname="ext/standard/file.fscanf_variation33">
      <skipped message="" />
    </testcase>
    <testcase name="fscanf_variation34" classname="ext/standard/file.fscanf_variation34">
      <skipped message="" />
    </testcase>
    <testcase name="fscanf_variation35" classname="ext/standard/file.fscanf_variation35">
    </testcase>
    <testcase name="fscanf_variation36" classname="ext/standard/file.fscanf_variation36">
    </testcase>
    <testcase name="fscanf_variation37" classname="ext/standard/file.fscanf_variation37">
    </testcase>
    <testcase name="fscanf_variation38" classname="ext/standard/file.fscanf_variation38">
    </testcase>
    <testcase name="fscanf_variation39" classname="ext/standard/file.fscanf_variation39">
      <skipped message="" />
    </testcase>
    <testcase name="fscanf_variation4" classname="ext/standard/file.fscanf_variation4">
    </testcase>
    <testcase name="fscanf_variation40" classname="ext/standard/file.fscanf_variation40">
      <skipped message="" />
    </testcase>
    <testcase name="fscanf_variation41" classname="ext/standard/file.fscanf_variation41">
    </testcase>
    <testcase name="fscanf_variation42" classname="ext/standard/file.fscanf_variation42">
    </testcase>
    <testcase name="fscanf_variation43" classname="ext/standard/file.fscanf_variation43">
    </testcase>
    <testcase name="fscanf_variation44" classname="ext/standard/file.fscanf_variation44">
    </testcase>
    <testcase name="fscanf_variation45" classname="ext/standard/file.fscanf_variation45">
    </testcase>
    <testcase name="fscanf_variation46" classname="ext/standard/file.fscanf_variation46">
    </testcase>
    <testcase name="fscanf_variation47" classname="ext/standard/file.fscanf_variation47">
    </testcase>
    <testcase name="fscanf_variation48" classname="ext/standard/file.fscanf_variation48">
    </testcase>
    <testcase name="fscanf_variation49" classname="ext/standard/file.fscanf_variation49">
    </testcase>
    <testcase name="fscanf_variation5" classname="ext/standard/file.fscanf_variation5">
    </testcase>
    <testcase name="fscanf_variation50" classname="ext/standard/file.fscanf_variation50">
    </testcase>
    <testcase name="fscanf_variation51" classname="ext/standard/file.fscanf_variation51">
    </testcase>
    <testcase name="fscanf_variation52" classname="ext/standard/file.fscanf_variation52">
    </testcase>
    <testcase name="fscanf_variation53" classname="ext/standard/file.fscanf_variation53">
    </testcase>
    <testcase name="fscanf_variation54" classname="ext/standard/file.fscanf_variation54">
    </testcase>
    <testcase name="fscanf_variation55" classname="ext/standard/file.fscanf_variation55">
      <skipped message="" />
    </testcase>
    <testcase name="fscanf_variation6" classname="ext/standard/file.fscanf_variation6">
    </testcase>
    <testcase name="fscanf_variation7" classname="ext/standard/file.fscanf_variation7">
    </testcase>
    <testcase name="fscanf_variation8" classname="ext/standard/file.fscanf_variation8">
    </testcase>
    <testcase name="fscanf_variation9" classname="ext/standard/file.fscanf_variation9">
      <skipped message="" />
    </testcase>
    <testcase name="fseek_dir_basic" classname="ext/standard/file.fseek_dir_basic">
    </testcase>
    <testcase name="fseek_ftell_rewind_basic1" classname="ext/standard/file.fseek_ftell_rewind_basic1">
    </testcase>
    <testcase name="fseek_ftell_rewind_basic2-win32-mb" classname="ext/standard/file.fseek_ftell_rewind_basic2-win32-mb">
      <skipped message="" />
    </testcase>
    <testcase name="fseek_ftell_rewind_basic2-win32" classname="ext/standard/file.fseek_ftell_rewind_basic2-win32">
      <skipped message="" />
    </testcase>
    <testcase name="fseek_ftell_rewind_basic2" classname="ext/standard/file.fseek_ftell_rewind_basic2">
    </testcase>
    <testcase name="fseek_ftell_rewind_error1" classname="ext/standard/file.fseek_ftell_rewind_error1">
    </testcase>
    <testcase name="fseek_ftell_rewind_error2" classname="ext/standard/file.fseek_ftell_rewind_error2">
    </testcase>
    <testcase name="fseek_ftell_rewind_error3" classname="ext/standard/file.fseek_ftell_rewind_error3">
    </testcase>
    <testcase name="fseek_ftell_rewind_variation1" classname="ext/standard/file.fseek_ftell_rewind_variation1">
    </testcase>
    <testcase name="fseek_ftell_rewind_variation2-win32" classname="ext/standard/file.fseek_ftell_rewind_variation2-win32">
      <skipped message="" />
    </testcase>
    <testcase name="fseek_ftell_rewind_variation2" classname="ext/standard/file.fseek_ftell_rewind_variation2">
    </testcase>
    <testcase name="fseek_ftell_rewind_variation3" classname="ext/standard/file.fseek_ftell_rewind_variation3">
    </testcase>
    <testcase name="fseek_ftell_rewind_variation4-win32" classname="ext/standard/file.fseek_ftell_rewind_variation4-win32">
      <skipped message="" />
    </testcase>
    <testcase name="fseek_ftell_rewind_variation4" classname="ext/standard/file.fseek_ftell_rewind_variation4">
    </testcase>
    <testcase name="fseek_ftell_rewind_variation5" classname="ext/standard/file.fseek_ftell_rewind_variation5">
    </testcase>
    <testcase name="fseek_ftell_rewind_variation6-win32" classname="ext/standard/file.fseek_ftell_rewind_variation6-win32">
      <skipped message="" />
    </testcase>
    <testcase name="fseek_ftell_rewind_variation6" classname="ext/standard/file.fseek_ftell_rewind_variation6">
    </testcase>
    <testcase name="fseek_ftell_rewind_variation7" classname="ext/standard/file.fseek_ftell_rewind_variation7">
    </testcase>
    <testcase name="fseek_ftell_rewind_variation8-win32" classname="ext/standard/file.fseek_ftell_rewind_variation8-win32">
      <skipped message="" />
    </testcase>
    <testcase name="fseek_ftell_rewind_variation8" classname="ext/standard/file.fseek_ftell_rewind_variation8">
    </testcase>
    <testcase name="fseek_variation1" classname="ext/standard/file.fseek_variation1">
    </testcase>
    <testcase name="fseek_variation2" classname="ext/standard/file.fseek_variation2">
    </testcase>
    <testcase name="fseek_variation3" classname="ext/standard/file.fseek_variation3">
    </testcase>
    <testcase name="fstat" classname="ext/standard/file.fstat">
    </testcase>
    <testcase name="fstat_basic" classname="ext/standard/file.fstat_basic">
    </testcase>
    <testcase name="fstat_error" classname="ext/standard/file.fstat_error">
    </testcase>
    <testcase name="fstat_variation1" classname="ext/standard/file.fstat_variation1">
    </testcase>
    <testcase name="fstat_variation2" classname="ext/standard/file.fstat_variation2">
    </testcase>
    <testcase name="fstat_variation3" classname="ext/standard/file.fstat_variation3">
    </testcase>
    <testcase name="fstat_variation4" classname="ext/standard/file.fstat_variation4">
    </testcase>
    <testcase name="fstat_variation5" classname="ext/standard/file.fstat_variation5">
    </testcase>
    <testcase name="fstat_variation6" classname="ext/standard/file.fstat_variation6">
    </testcase>
    <testcase name="fstat_variation7" classname="ext/standard/file.fstat_variation7">
    </testcase>
    <testcase name="fstat_variation8" classname="ext/standard/file.fstat_variation8">
    </testcase>
    <testcase name="ftruncate" classname="ext/standard/file.ftruncate">
    </testcase>
    <testcase name="ftruncate_bug76422" classname="ext/standard/file.ftruncate_bug76422">
    </testcase>
    <testcase name="ftruncate_bug76803" classname="ext/standard/file.ftruncate_bug76803">
    </testcase>
    <testcase name="ftruncate_bug77081" classname="ext/standard/file.ftruncate_bug77081">
    </testcase>
    <testcase name="ftruncate_error" classname="ext/standard/file.ftruncate_error">
    </testcase>
    <testcase name="ftruncate_variation1-win32-mb" classname="ext/standard/file.ftruncate_variation1-win32-mb">
      <skipped message="" />
    </testcase>
    <testcase name="ftruncate_variation1-win32" classname="ext/standard/file.ftruncate_variation1-win32">
      <skipped message="" />
    </testcase>
    <testcase name="ftruncate_variation1" classname="ext/standard/file.ftruncate_variation1">
    </testcase>
    <testcase name="ftruncate_variation2-win32" classname="ext/standard/file.ftruncate_variation2-win32">
      <skipped message="" />
    </testcase>
    <testcase name="ftruncate_variation2" classname="ext/standard/file.ftruncate_variation2">
    </testcase>
    <testcase name="ftruncate_variation3-win32" classname="ext/standard/file.ftruncate_variation3-win32">
      <skipped message="" />
    </testcase>
    <testcase name="ftruncate_variation3" classname="ext/standard/file.ftruncate_variation3">
    </testcase>
    <testcase name="ftruncate_variation4-win32" classname="ext/standard/file.ftruncate_variation4-win32">
      <skipped message="" />
    </testcase>
    <testcase name="ftruncate_variation4" classname="ext/standard/file.ftruncate_variation4">
    </testcase>
    <testcase name="ftruncate_variation5-win32" classname="ext/standard/file.ftruncate_variation5-win32">
      <skipped message="" />
    </testcase>
    <testcase name="ftruncate_variation5" classname="ext/standard/file.ftruncate_variation5">
    </testcase>
    <testcase name="ftruncate_variation6-win32" classname="ext/standard/file.ftruncate_variation6-win32">
      <skipped message="" />
    </testcase>
    <testcase name="ftruncate_variation6" classname="ext/standard/file.ftruncate_variation6">
    </testcase>
    <testcase name="ftruncate_variation7-win32" classname="ext/standard/file.ftruncate_variation7-win32">
      <skipped message="" />
    </testcase>
    <testcase name="ftruncate_variation7" classname="ext/standard/file.ftruncate_variation7">
    </testcase>
    <testcase name="fwrite" classname="ext/standard/file.fwrite">
    </testcase>
    <testcase name="fwrite_basic-win32-mb" classname="ext/standard/file.fwrite_basic-win32-mb">
      <skipped message="" />
    </testcase>
    <testcase name="fwrite_basic-win32" classname="ext/standard/file.fwrite_basic-win32">
      <skipped message="" />
    </testcase>
    <testcase name="fwrite_basic" classname="ext/standard/file.fwrite_basic">
    </testcase>
    <testcase name="fwrite_error" classname="ext/standard/file.fwrite_error">
    </testcase>
    <testcase name="fwrite_variation1-win32-mb" classname="ext/standard/file.fwrite_variation1-win32-mb">
      <skipped message="" />
    </testcase>
    <testcase name="fwrite_variation1-win32" classname="ext/standard/file.fwrite_variation1-win32">
      <skipped message="" />
    </testcase>
    <testcase name="fwrite_variation1" classname="ext/standard/file.fwrite_variation1">
    </testcase>
    <testcase name="fwrite_variation2-win32" classname="ext/standard/file.fwrite_variation2-win32">
      <skipped message="" />
    </testcase>
    <testcase name="fwrite_variation2" classname="ext/standard/file.fwrite_variation2">
    </testcase>
    <testcase name="fwrite_variation3-win32" classname="ext/standard/file.fwrite_variation3-win32">
      <skipped message="" />
    </testcase>
    <testcase name="fwrite_variation3" classname="ext/standard/file.fwrite_variation3">
    </testcase>
    <testcase name="fwrite_variation4-win32" classname="ext/standard/file.fwrite_variation4-win32">
      <skipped message="" />
    </testcase>
    <testcase name="fwrite_variation4" classname="ext/standard/file.fwrite_variation4">
    </testcase>
    <testcase name="fwrite_variation5" classname="ext/standard/file.fwrite_variation5">
    </testcase>
    <testcase name="get_current_user" classname="ext/standard/file.get_current_user">
    </testcase>
    <testcase name="glob_basic" classname="ext/standard/file.glob_basic">
    </testcase>
    <testcase name="glob_error" classname="ext/standard/file.glob_error">
    </testcase>
    <testcase name="glob_error_002-win32" classname="ext/standard/file.glob_error_002-win32">
      <skipped message="" />
    </testcase>
    <testcase name="glob_variation-win32-mb" classname="ext/standard/file.glob_variation-win32-mb">
      <skipped message="" />
    </testcase>
    <testcase name="glob_variation-win32" classname="ext/standard/file.glob_variation-win32">
      <skipped message="" />
    </testcase>
    <testcase name="glob_variation" classname="ext/standard/file.glob_variation">
      <skipped message="" />
    </testcase>
    <testcase name="glob_variation2" classname="ext/standard/file.glob_variation2">
    </testcase>
    <testcase name="glob_variation3" classname="ext/standard/file.glob_variation3">
    </testcase>
    <testcase name="glob_variation4" classname="ext/standard/file.glob_variation4">
    </testcase>
    <testcase name="glob_variation5" classname="ext/standard/file.glob_variation5">
    </testcase>
    <testcase name="glob_variation6" classname="ext/standard/file.glob_variation6">
      <skipped message="" />
    </testcase>
    <testcase name="include_streams" classname="ext/standard/file.include_streams">
    </testcase>
    <testcase name="include_userstream_001" classname="ext/standard/file.include_userstream_001">
    </testcase>
    <testcase name="include_userstream_002" classname="ext/standard/file.include_userstream_002">
    </testcase>
    <testcase name="include_userstream_003" classname="ext/standard/file.include_userstream_003">
    </testcase>
    <testcase name="is_dir_basic" classname="ext/standard/file.is_dir_basic">
    </testcase>
    <testcase name="is_dir_error" classname="ext/standard/file.is_dir_error">
    </testcase>
    <testcase name="is_dir_variation1" classname="ext/standard/file.is_dir_variation1">
    </testcase>
    <testcase name="is_dir_variation2" classname="ext/standard/file.is_dir_variation2">
    </testcase>
    <testcase name="is_dir_variation3" classname="ext/standard/file.is_dir_variation3">
    </testcase>
    <testcase name="is_dir_variation4" classname="ext/standard/file.is_dir_variation4">
    </testcase>
    <testcase name="is_executable_basic-win32-mb" classname="ext/standard/file.is_executable_basic-win32-mb">
      <skipped message="" />
    </testcase>
    <testcase name="is_executable_basic-win32" classname="ext/standard/file.is_executable_basic-win32">
      <skipped message="" />
    </testcase>
    <testcase name="is_executable_basic" classname="ext/standard/file.is_executable_basic">
    </testcase>
    <testcase name="is_executable_error" classname="ext/standard/file.is_executable_error">
    </testcase>
    <testcase name="is_executable_variation1" classname="ext/standard/file.is_executable_variation1">
    </testcase>
    <testcase name="is_executable_variation2" classname="ext/standard/file.is_executable_variation2">
    </testcase>
    <testcase name="is_executable_variation3" classname="ext/standard/file.is_executable_variation3">
    </testcase>
    <testcase name="is_file_basic" classname="ext/standard/file.is_file_basic">
    </testcase>
    <testcase name="is_file_error" classname="ext/standard/file.is_file_error">
    </testcase>
    <testcase name="is_file_variation1" classname="ext/standard/file.is_file_variation1">
    </testcase>
    <testcase name="is_file_variation2" classname="ext/standard/file.is_file_variation2">
    </testcase>
    <testcase name="is_file_variation3" classname="ext/standard/file.is_file_variation3">
    </testcase>
    <testcase name="is_file_variation4-aix" classname="ext/standard/file.is_file_variation4-aix">
    </testcase>
    <testcase name="is_file_variation4" classname="ext/standard/file.is_file_variation4">
      <skipped message="" />
    </testcase>
    <testcase name="is_readable_basic-win32-mb" classname="ext/standard/file.is_readable_basic-win32-mb">
      <skipped message="" />
    </testcase>
    <testcase name="is_readable_basic-win32" classname="ext/standard/file.is_readable_basic-win32">
      <skipped message="" />
    </testcase>
    <testcase name="is_readable_basic" classname="ext/standard/file.is_readable_basic">
    </testcase>
    <testcase name="is_readable_error" classname="ext/standard/file.is_readable_error">
    </testcase>
    <testcase name="is_readable_variation1" classname="ext/standard/file.is_readable_variation1">
    </testcase>
    <testcase name="is_readable_variation2" classname="ext/standard/file.is_readable_variation2">
    </testcase>
    <testcase name="is_readable_variation3" classname="ext/standard/file.is_readable_variation3">
    </testcase>
    <testcase name="is_uploaded_file_basic" classname="ext/standard/file.is_uploaded_file_basic">
    </testcase>
    <testcase name="is_writable_basic" classname="ext/standard/file.is_writable_basic">
    </testcase>
    <testcase name="is_writable_error" classname="ext/standard/file.is_writable_error">
    </testcase>
    <testcase name="is_writable_variation1" classname="ext/standard/file.is_writable_variation1">
    </testcase>
    <testcase name="is_writable_variation2" classname="ext/standard/file.is_writable_variation2">
    </testcase>
    <testcase name="is_writable_variation3" classname="ext/standard/file.is_writable_variation3">
    </testcase>
    <testcase name="lchgrp_basic" classname="ext/standard/file.lchgrp_basic">
    </testcase>
    <testcase name="lchown_basic" classname="ext/standard/file.lchown_basic">
    </testcase>
    <testcase name="lchown_error" classname="ext/standard/file.lchown_error">
    </testcase>
    <testcase name="link_win32" classname="ext/standard/file.link_win32">
      <skipped message="" />
    </testcase>
    <testcase name="lstat_stat_basic" classname="ext/standard/file.lstat_stat_basic">
    </testcase>
    <testcase name="lstat_stat_error" classname="ext/standard/file.lstat_stat_error">
    </testcase>
    <testcase name="lstat_stat_variation1" classname="ext/standard/file.lstat_stat_variation1">
    </testcase>
    <testcase name="lstat_stat_variation10" classname="ext/standard/file.lstat_stat_variation10">
    </testcase>
    <testcase name="lstat_stat_variation11" classname="ext/standard/file.lstat_stat_variation11">
    </testcase>
    <testcase name="lstat_stat_variation12" classname="ext/standard/file.lstat_stat_variation12">
    </testcase>
    <testcase name="lstat_stat_variation13" classname="ext/standard/file.lstat_stat_variation13">
    </testcase>
    <testcase name="lstat_stat_variation14" classname="ext/standard/file.lstat_stat_variation14">
    </testcase>
    <testcase name="lstat_stat_variation15" classname="ext/standard/file.lstat_stat_variation15">
    </testcase>
    <testcase name="lstat_stat_variation16" classname="ext/standard/file.lstat_stat_variation16">
    </testcase>
    <testcase name="lstat_stat_variation17" classname="ext/standard/file.lstat_stat_variation17">
    </testcase>
    <testcase name="lstat_stat_variation18" classname="ext/standard/file.lstat_stat_variation18">
    </testcase>
    <testcase name="lstat_stat_variation19" classname="ext/standard/file.lstat_stat_variation19">
    </testcase>
    <testcase name="lstat_stat_variation2" classname="ext/standard/file.lstat_stat_variation2">
    </testcase>
    <testcase name="lstat_stat_variation20" classname="ext/standard/file.lstat_stat_variation20">
    </testcase>
    <testcase name="lstat_stat_variation21" classname="ext/standard/file.lstat_stat_variation21">
    </testcase>
    <testcase name="lstat_stat_variation22" classname="ext/standard/file.lstat_stat_variation22">
    </testcase>
    <testcase name="lstat_stat_variation3" classname="ext/standard/file.lstat_stat_variation3">
    </testcase>
    <testcase name="lstat_stat_variation4" classname="ext/standard/file.lstat_stat_variation4">
    </testcase>
    <testcase name="lstat_stat_variation5" classname="ext/standard/file.lstat_stat_variation5">
    </testcase>
    <testcase name="lstat_stat_variation6" classname="ext/standard/file.lstat_stat_variation6">
      <skipped message="" />
    </testcase>
    <testcase name="lstat_stat_variation7" classname="ext/standard/file.lstat_stat_variation7">
    </testcase>
    <testcase name="lstat_stat_variation8" classname="ext/standard/file.lstat_stat_variation8">
    </testcase>
    <testcase name="lstat_stat_variation9" classname="ext/standard/file.lstat_stat_variation9">
    </testcase>
    <testcase name="mkdir-001" classname="ext/standard/file.mkdir-001">
    </testcase>
    <testcase name="mkdir-002" classname="ext/standard/file.mkdir-002">
    </testcase>
    <testcase name="mkdir-003" classname="ext/standard/file.mkdir-003">
    </testcase>
    <testcase name="mkdir-004" classname="ext/standard/file.mkdir-004">
      <skipped message="" />
    </testcase>
    <testcase name="mkdir-005" classname="ext/standard/file.mkdir-005">
      <skipped message="" />
    </testcase>
    <testcase name="mkdir-006" classname="ext/standard/file.mkdir-006">
    </testcase>
    <testcase name="mkdir_rmdir_error" classname="ext/standard/file.mkdir_rmdir_error">
    </testcase>
    <testcase name="mkdir_rmdir_variation-win32-mb" classname="ext/standard/file.mkdir_rmdir_variation-win32-mb">
      <skipped message="" />
    </testcase>
    <testcase name="mkdir_rmdir_variation-win32" classname="ext/standard/file.mkdir_rmdir_variation-win32">
      <skipped message="" />
    </testcase>
    <testcase name="mkdir_rmdir_variation1" classname="ext/standard/file.mkdir_rmdir_variation1">
    </testcase>
    <testcase name="mkdir_rmdir_variation2" classname="ext/standard/file.mkdir_rmdir_variation2">
    </testcase>
    <testcase name="mkdir_variation1-win32" classname="ext/standard/file.mkdir_variation1-win32">
      <skipped message="" />
    </testcase>
    <testcase name="mkdir_variation1" classname="ext/standard/file.mkdir_variation1">
    </testcase>
    <testcase name="mkdir_variation2" classname="ext/standard/file.mkdir_variation2">
    </testcase>
    <testcase name="mkdir_variation3" classname="ext/standard/file.mkdir_variation3">
    </testcase>
    <testcase name="mkdir_variation4" classname="ext/standard/file.mkdir_variation4">
    </testcase>
    <testcase name="mkdir_variation5-win32" classname="ext/standard/file.mkdir_variation5-win32">
      <skipped message="" />
    </testcase>
    <testcase name="mkdir_variation5" classname="ext/standard/file.mkdir_variation5">
    </testcase>
    <testcase name="move_uploaded_file_basic" classname="ext/standard/file.move_uploaded_file_basic">
    </testcase>
    <testcase name="parse_ini_file" classname="ext/standard/file.parse_ini_file">
    </testcase>
    <testcase name="parse_ini_file_error" classname="ext/standard/file.parse_ini_file_error">
    </testcase>
    <testcase name="parse_ini_file_variation1" classname="ext/standard/file.parse_ini_file_variation1">
    </testcase>
    <testcase name="parse_ini_file_variation2" classname="ext/standard/file.parse_ini_file_variation2">
    </testcase>
    <testcase name="parse_ini_file_variation3" classname="ext/standard/file.parse_ini_file_variation3">
    </testcase>
    <testcase name="parse_ini_file_variation4" classname="ext/standard/file.parse_ini_file_variation4">
    </testcase>
    <testcase name="parse_ini_file_variation5" classname="ext/standard/file.parse_ini_file_variation5">
    </testcase>
    <testcase name="parse_ini_file_variation6-win32-mb" classname="ext/standard/file.parse_ini_file_variation6-win32-mb">
      <skipped message="" />
    </testcase>
    <testcase name="parse_ini_file_variation6-win32" classname="ext/standard/file.parse_ini_file_variation6-win32">
      <skipped message="" />
    </testcase>
    <testcase name="parse_ini_file_variation6" classname="ext/standard/file.parse_ini_file_variation6">
    </testcase>
    <testcase name="pathinfo_basic" classname="ext/standard/file.pathinfo_basic">
    </testcase>
    <testcase name="pathinfo_basic1-win32" classname="ext/standard/file.pathinfo_basic1-win32">
      <skipped message="" />
    </testcase>
    <testcase name="pathinfo_basic1" classname="ext/standard/file.pathinfo_basic1">
    </testcase>
    <testcase name="pathinfo_basic2-win32" classname="ext/standard/file.pathinfo_basic2-win32">
      <skipped message="" />
    </testcase>
    <testcase name="pathinfo_basic2" classname="ext/standard/file.pathinfo_basic2">
    </testcase>
    <testcase name="pathinfo_error" classname="ext/standard/file.pathinfo_error">
    </testcase>
    <testcase name="pathinfo_variation1" classname="ext/standard/file.pathinfo_variation1">
    </testcase>
    <testcase name="pathinfo_variation2" classname="ext/standard/file.pathinfo_variation2">
    </testcase>
    <testcase name="pathinfo_variation3" classname="ext/standard/file.pathinfo_variation3">
    </testcase>
    <testcase name="pathinfo_variaton" classname="ext/standard/file.pathinfo_variaton">
    </testcase>
    <testcase name="pclose_variation1" classname="ext/standard/file.pclose_variation1">
    </testcase>
    <testcase name="php_fd_wrapper_01" classname="ext/standard/file.php_fd_wrapper_01">
    </testcase>
    <testcase name="php_fd_wrapper_02" classname="ext/standard/file.php_fd_wrapper_02">
    </testcase>
    <testcase name="php_fd_wrapper_03" classname="ext/standard/file.php_fd_wrapper_03">
    </testcase>
    <testcase name="php_fd_wrapper_04" classname="ext/standard/file.php_fd_wrapper_04">
    </testcase>
    <testcase name="popen_pclose_basic-win32-mb" classname="ext/standard/file.popen_pclose_basic-win32-mb">
      <skipped message="" />
    </testcase>
    <testcase name="popen_pclose_basic-win32" classname="ext/standard/file.popen_pclose_basic-win32">
      <skipped message="" />
    </testcase>
    <testcase name="popen_pclose_basic" classname="ext/standard/file.popen_pclose_basic">
    </testcase>
    <testcase name="popen_pclose_error-aix" classname="ext/standard/file.popen_pclose_error-aix">
    </testcase>
    <testcase name="popen_pclose_error-sunos" classname="ext/standard/file.popen_pclose_error-sunos">
      <skipped message="" />
    </testcase>
    <testcase name="popen_pclose_error-win32-debug" classname="ext/standard/file.popen_pclose_error-win32-debug">
      <skipped message="" />
    </testcase>
    <testcase name="popen_pclose_error-win32" classname="ext/standard/file.popen_pclose_error-win32">
      <skipped message="" />
    </testcase>
    <testcase name="popen_pclose_error" classname="ext/standard/file.popen_pclose_error">
      <skipped message="" />
    </testcase>
    <testcase name="proc_open01" classname="ext/standard/file.proc_open01">
    </testcase>
    <testcase name="readfile_basic-win32" classname="ext/standard/file.readfile_basic-win32">
      <skipped message="" />
    </testcase>
    <testcase name="readfile_basic" classname="ext/standard/file.readfile_basic">
    </testcase>
    <testcase name="readfile_error" classname="ext/standard/file.readfile_error">
    </testcase>
    <testcase name="readfile_variation1" classname="ext/standard/file.readfile_variation1">
    </testcase>
    <testcase name="readfile_variation10-win32" classname="ext/standard/file.readfile_variation10-win32">
      <skipped message="" />
    </testcase>
    <testcase name="readfile_variation10" classname="ext/standard/file.readfile_variation10">
    </testcase>
    <testcase name="readfile_variation2" classname="ext/standard/file.readfile_variation2">
    </testcase>
    <testcase name="readfile_variation3" classname="ext/standard/file.readfile_variation3">
    </testcase>
    <testcase name="readfile_variation4" classname="ext/standard/file.readfile_variation4">
    </testcase>
    <testcase name="readfile_variation5" classname="ext/standard/file.readfile_variation5">
    </testcase>
    <testcase name="readfile_variation6" classname="ext/standard/file.readfile_variation6">
    </testcase>
    <testcase name="readfile_variation7" classname="ext/standard/file.readfile_variation7">
    </testcase>
    <testcase name="readfile_variation8-win32-mb" classname="ext/standard/file.readfile_variation8-win32-mb">
      <skipped message="" />
    </testcase>
    <testcase name="readfile_variation8-win32" classname="ext/standard/file.readfile_variation8-win32">
      <skipped message="" />
    </testcase>
    <testcase name="readfile_variation9" classname="ext/standard/file.readfile_variation9">
    </testcase>
    <testcase name="readlink_realpath_basic1-aix" classname="ext/standard/file.readlink_realpath_basic1-aix">
    </testcase>
    <testcase name="readlink_realpath_basic1" classname="ext/standard/file.readlink_realpath_basic1">
      <skipped message="" />
    </testcase>
    <testcase name="readlink_realpath_basic2" classname="ext/standard/file.readlink_realpath_basic2">
    </testcase>
    <testcase name="readlink_realpath_error" classname="ext/standard/file.readlink_realpath_error">
    </testcase>
    <testcase name="readlink_realpath_variation1" classname="ext/standard/file.readlink_realpath_variation1">
    </testcase>
    <testcase name="readlink_realpath_variation2" classname="ext/standard/file.readlink_realpath_variation2">
    </testcase>
    <testcase name="readlink_realpath_variation3" classname="ext/standard/file.readlink_realpath_variation3">
    </testcase>
    <testcase name="readlink_variation1" classname="ext/standard/file.readlink_variation1">
    </testcase>
    <testcase name="realpath_basic-win32-mb" classname="ext/standard/file.realpath_basic-win32-mb">
      <skipped message="" />
    </testcase>
    <testcase name="realpath_basic-win32" classname="ext/standard/file.realpath_basic-win32">
      <skipped message="" />
    </testcase>
    <testcase name="realpath_basic2" classname="ext/standard/file.realpath_basic2">
    </testcase>
    <testcase name="realpath_basic3" classname="ext/standard/file.realpath_basic3">
    </testcase>
    <testcase name="realpath_basic4" classname="ext/standard/file.realpath_basic4">
    </testcase>
    <testcase name="realpath_bug77484" classname="ext/standard/file.realpath_bug77484">
      <skipped message="" />
    </testcase>
    <testcase name="realpath_cache" classname="ext/standard/file.realpath_cache">
    </testcase>
    <testcase name="realpath_cache_win32" classname="ext/standard/file.realpath_cache_win32">
      <skipped message="" />
    </testcase>
    <testcase name="realpath_error-win32" classname="ext/standard/file.realpath_error-win32">
      <skipped message="" />
    </testcase>
    <testcase name="realpath_variation-win32-mb" classname="ext/standard/file.realpath_variation-win32-mb">
      <skipped message="" />
    </testcase>
    <testcase name="realpath_variation-win32" classname="ext/standard/file.realpath_variation-win32">
      <skipped message="" />
    </testcase>
    <testcase name="realpath_variation2" classname="ext/standard/file.realpath_variation2">
    </testcase>
    <testcase name="rename_basic" classname="ext/standard/file.rename_basic">
    </testcase>
    <testcase name="rename_error" classname="ext/standard/file.rename_error">
    </testcase>
    <testcase name="rename_variation-aix" classname="ext/standard/file.rename_variation-aix">
    </testcase>
    <testcase name="rename_variation-win32" classname="ext/standard/file.rename_variation-win32">
      <skipped message="" />
    </testcase>
    <testcase name="rename_variation" classname="ext/standard/file.rename_variation">
      <skipped message="" />
    </testcase>
    <testcase name="rename_variation1-win32" classname="ext/standard/file.rename_variation1-win32">
      <skipped message="" />
    </testcase>
    <testcase name="rename_variation1" classname="ext/standard/file.rename_variation1">
    </testcase>
    <testcase name="rename_variation10" classname="ext/standard/file.rename_variation10">
    </testcase>
    <testcase name="rename_variation11-win32" classname="ext/standard/file.rename_variation11-win32">
      <skipped message="" />
    </testcase>
    <testcase name="rename_variation12-win32" classname="ext/standard/file.rename_variation12-win32">
      <skipped message="" />
    </testcase>
    <testcase name="rename_variation12" classname="ext/standard/file.rename_variation12">
    </testcase>
    <testcase name="rename_variation13-win32" classname="ext/standard/file.rename_variation13-win32">
      <skipped message="" />
    </testcase>
    <testcase name="rename_variation13" classname="ext/standard/file.rename_variation13">
    </testcase>
    <testcase name="rename_variation2-win32" classname="ext/standard/file.rename_variation2-win32">
      <skipped message="" />
    </testcase>
    <testcase name="rename_variation2" classname="ext/standard/file.rename_variation2">
    </testcase>
    <testcase name="rename_variation3-win32" classname="ext/standard/file.rename_variation3-win32">
      <skipped message="" />
    </testcase>
    <testcase name="rename_variation3" classname="ext/standard/file.rename_variation3">
    </testcase>
    <testcase name="rename_variation4" classname="ext/standard/file.rename_variation4">
    </testcase>
    <testcase name="rename_variation5" classname="ext/standard/file.rename_variation5">
    </testcase>
    <testcase name="rename_variation6-win32" classname="ext/standard/file.rename_variation6-win32">
      <skipped message="" />
    </testcase>
    <testcase name="rename_variation6" classname="ext/standard/file.rename_variation6">
    </testcase>
    <testcase name="rename_variation7-win32" classname="ext/standard/file.rename_variation7-win32">
      <skipped message="" />
    </testcase>
    <testcase name="rename_variation7" classname="ext/standard/file.rename_variation7">
    </testcase>
    <testcase name="rename_variation8-win32" classname="ext/standard/file.rename_variation8-win32">
      <skipped message="" />
    </testcase>
    <testcase name="rename_variation8" classname="ext/standard/file.rename_variation8">
    </testcase>
    <testcase name="rename_variation9" classname="ext/standard/file.rename_variation9">
    </testcase>
    <testcase name="rmdir_variation1-win32" classname="ext/standard/file.rmdir_variation1-win32">
      <skipped message="" />
    </testcase>
    <testcase name="rmdir_variation1" classname="ext/standard/file.rmdir_variation1">
    </testcase>
    <testcase name="rmdir_variation2" classname="ext/standard/file.rmdir_variation2">
    </testcase>
    <testcase name="rmdir_variation3-win32" classname="ext/standard/file.rmdir_variation3-win32">
      <skipped message="" />
    </testcase>
    <testcase name="rmdir_variation3" classname="ext/standard/file.rmdir_variation3">
    </testcase>
    <testcase name="stat_basic-win32-mb" classname="ext/standard/file.stat_basic-win32-mb">
      <skipped message="" />
    </testcase>
    <testcase name="stat_basic-win32" classname="ext/standard/file.stat_basic-win32">
      <skipped message="" />
    </testcase>
    <testcase name="stat_error-win32" classname="ext/standard/file.stat_error-win32">
      <skipped message="" />
    </testcase>
    <testcase name="stat_variation1-win32-mb" classname="ext/standard/file.stat_variation1-win32-mb">
      <skipped message="" />
    </testcase>
    <testcase name="stat_variation1-win32" classname="ext/standard/file.stat_variation1-win32">
      <skipped message="" />
    </testcase>
    <testcase name="stat_variation2-win32" classname="ext/standard/file.stat_variation2-win32">
      <skipped message="" />
    </testcase>
    <testcase name="stat_variation3-win32" classname="ext/standard/file.stat_variation3-win32">
      <skipped message="" />
    </testcase>
    <testcase name="stat_variation4-win32" classname="ext/standard/file.stat_variation4-win32">
      <skipped message="" />
    </testcase>
    <testcase name="stat_variation5-win32" classname="ext/standard/file.stat_variation5-win32">
      <skipped message="" />
    </testcase>
    <testcase name="stat_variation6-win32" classname="ext/standard/file.stat_variation6-win32">
      <skipped message="" />
    </testcase>
    <testcase name="stat_variation7-win32" classname="ext/standard/file.stat_variation7-win32">
      <skipped message="" />
    </testcase>
    <testcase name="stat_variation8-win32" classname="ext/standard/file.stat_variation8-win32">
      <skipped message="" />
    </testcase>
    <testcase name="statcache-corruption" classname="ext/standard/file.statcache-corruption">
    </testcase>
    <testcase name="statpage" classname="ext/standard/file.statpage">
    </testcase>
    <testcase name="stream_001" classname="ext/standard/file.stream_001">
    </testcase>
    <testcase name="stream_002" classname="ext/standard/file.stream_002">
    </testcase>
    <testcase name="stream_copy_to_stream" classname="ext/standard/file.stream_copy_to_stream">
    </testcase>
    <testcase name="stream_enclosed" classname="ext/standard/file.stream_enclosed">
      <skipped message="" />
    </testcase>
    <testcase name="stream_get_line" classname="ext/standard/file.stream_get_line">
    </testcase>
    <testcase name="stream_rfc2397_001" classname="ext/standard/file.stream_rfc2397_001">
    </testcase>
    <testcase name="stream_rfc2397_002" classname="ext/standard/file.stream_rfc2397_002">
    </testcase>
    <testcase name="stream_rfc2397_003" classname="ext/standard/file.stream_rfc2397_003">
    </testcase>
    <testcase name="stream_rfc2397_004" classname="ext/standard/file.stream_rfc2397_004">
    </testcase>
    <testcase name="stream_rfc2397_005" classname="ext/standard/file.stream_rfc2397_005">
    </testcase>
    <testcase name="stream_rfc2397_006" classname="ext/standard/file.stream_rfc2397_006">
    </testcase>
    <testcase name="stream_rfc2397_007" classname="ext/standard/file.stream_rfc2397_007">
    </testcase>
    <testcase name="stream_supports_lock" classname="ext/standard/file.stream_supports_lock">
    </testcase>
    <testcase name="symlink" classname="ext/standard/file.symlink">
    </testcase>
    <testcase name="symlink_link_linkinfo_is_link_basic1" classname="ext/standard/file.symlink_link_linkinfo_is_link_basic1">
    </testcase>
    <testcase name="symlink_link_linkinfo_is_link_basic2" classname="ext/standard/file.symlink_link_linkinfo_is_link_basic2">
    </testcase>
    <testcase name="symlink_link_linkinfo_is_link_error1" classname="ext/standard/file.symlink_link_linkinfo_is_link_error1">
    </testcase>
    <testcase name="symlink_link_linkinfo_is_link_error2" classname="ext/standard/file.symlink_link_linkinfo_is_link_error2">
    </testcase>
    <testcase name="symlink_link_linkinfo_is_link_variation1" classname="ext/standard/file.symlink_link_linkinfo_is_link_variation1">
    </testcase>
    <testcase name="symlink_link_linkinfo_is_link_variation2" classname="ext/standard/file.symlink_link_linkinfo_is_link_variation2">
    </testcase>
    <testcase name="symlink_link_linkinfo_is_link_variation3" classname="ext/standard/file.symlink_link_linkinfo_is_link_variation3">
    </testcase>
    <testcase name="symlink_link_linkinfo_is_link_variation4" classname="ext/standard/file.symlink_link_linkinfo_is_link_variation4">
    </testcase>
    <testcase name="symlink_link_linkinfo_is_link_variation5" classname="ext/standard/file.symlink_link_linkinfo_is_link_variation5">
    </testcase>
    <testcase name="symlink_link_linkinfo_is_link_variation6" classname="ext/standard/file.symlink_link_linkinfo_is_link_variation6">
    </testcase>
    <testcase name="symlink_link_linkinfo_is_link_variation7" classname="ext/standard/file.symlink_link_linkinfo_is_link_variation7">
    </testcase>
    <testcase name="symlink_link_linkinfo_is_link_variation8" classname="ext/standard/file.symlink_link_linkinfo_is_link_variation8">
    </testcase>
    <testcase name="symlink_link_linkinfo_is_link_variation9" classname="ext/standard/file.symlink_link_linkinfo_is_link_variation9">
    </testcase>
    <testcase name="symlink_to_symlink" classname="ext/standard/file.symlink_to_symlink">
    </testcase>
    <testcase name="tempnam_error" classname="ext/standard/file.tempnam_error">
    </testcase>
    <testcase name="tempnam_variation1-win32-mb" classname="ext/standard/file.tempnam_variation1-win32-mb">
      <skipped message="" />
    </testcase>
    <testcase name="tempnam_variation1-win32" classname="ext/standard/file.tempnam_variation1-win32">
      <skipped message="" />
    </testcase>
    <testcase name="tempnam_variation1" classname="ext/standard/file.tempnam_variation1">
    </testcase>
    <testcase name="tempnam_variation2-win32" classname="ext/standard/file.tempnam_variation2-win32">
      <skipped message="" />
    </testcase>
    <testcase name="tempnam_variation2" classname="ext/standard/file.tempnam_variation2">
    </testcase>
    <testcase name="tempnam_variation3-win32" classname="ext/standard/file.tempnam_variation3-win32">
      <skipped message="" />
    </testcase>
    <testcase name="tempnam_variation3" classname="ext/standard/file.tempnam_variation3">
    </testcase>
    <testcase name="tempnam_variation4-0" classname="ext/standard/file.tempnam_variation4-0">
    </testcase>
    <testcase name="tempnam_variation4-1" classname="ext/standard/file.tempnam_variation4-1">
    </testcase>
    <testcase name="tempnam_variation5-win32" classname="ext/standard/file.tempnam_variation5-win32">
      <skipped message="" />
    </testcase>
    <testcase name="tempnam_variation5" classname="ext/standard/file.tempnam_variation5">
    </testcase>
    <testcase name="tempnam_variation6-win32" classname="ext/standard/file.tempnam_variation6-win32">
      <skipped message="" />
    </testcase>
    <testcase name="tempnam_variation6" classname="ext/standard/file.tempnam_variation6">
    </testcase>
    <testcase name="tempnam_variation7-win32" classname="ext/standard/file.tempnam_variation7-win32">
      <skipped message="" />
    </testcase>
    <testcase name="tempnam_variation7" classname="ext/standard/file.tempnam_variation7">
    </testcase>
    <testcase name="tempnam_variation8-win32" classname="ext/standard/file.tempnam_variation8-win32">
      <skipped message="" />
    </testcase>
    <testcase name="touch" classname="ext/standard/file.touch">
      <skipped message="" />
    </testcase>
    <testcase name="touch_basic-win32-mb" classname="ext/standard/file.touch_basic-win32-mb">
      <skipped message="" />
    </testcase>
    <testcase name="touch_basic-win32" classname="ext/standard/file.touch_basic-win32">
      <skipped message="" />
    </testcase>
    <testcase name="touch_basic" classname="ext/standard/file.touch_basic">
    </testcase>
    <testcase name="touch_error" classname="ext/standard/file.touch_error">
    </testcase>
    <testcase name="touch_variation1" classname="ext/standard/file.touch_variation1">
    </testcase>
    <testcase name="touch_variation2" classname="ext/standard/file.touch_variation2">
    </testcase>
    <testcase name="touch_variation3-win32-mb" classname="ext/standard/file.touch_variation3-win32-mb">
      <skipped message="" />
    </testcase>
    <testcase name="touch_variation3-win32" classname="ext/standard/file.touch_variation3-win32">
      <skipped message="" />
    </testcase>
    <testcase name="touch_variation3" classname="ext/standard/file.touch_variation3">
      <skipped message="" />
    </testcase>
    <testcase name="touch_variation4-win32" classname="ext/standard/file.touch_variation4-win32">
      <skipped message="" />
    </testcase>
    <testcase name="touch_variation4" classname="ext/standard/file.touch_variation4">
      <skipped message="" />
    </testcase>
    <testcase name="touch_variation5-aix" classname="ext/standard/file.touch_variation5-aix">
    </testcase>
    <testcase name="touch_variation5-win32" classname="ext/standard/file.touch_variation5-win32">
      <skipped message="" />
    </testcase>
    <testcase name="touch_variation5" classname="ext/standard/file.touch_variation5">
      <skipped message="" />
    </testcase>
    <testcase name="touch_variation6-win32" classname="ext/standard/file.touch_variation6-win32">
      <skipped message="" />
    </testcase>
    <testcase name="umask_basic" classname="ext/standard/file.umask_basic">
    </testcase>
    <testcase name="umask_error" classname="ext/standard/file.umask_error">
    </testcase>
    <testcase name="umask_variation1" classname="ext/standard/file.umask_variation1">
    </testcase>
    <testcase name="umask_variation2" classname="ext/standard/file.umask_variation2">
    </testcase>
    <testcase name="umask_variation3" classname="ext/standard/file.umask_variation3">
    </testcase>
    <testcase name="unlink_basic" classname="ext/standard/file.unlink_basic">
    </testcase>
    <testcase name="unlink_error-win32-mb" classname="ext/standard/file.unlink_error-win32-mb">
      <skipped message="" />
    </testcase>
    <testcase name="unlink_error-win32" classname="ext/standard/file.unlink_error-win32">
      <skipped message="" />
    </testcase>
    <testcase name="unlink_error" classname="ext/standard/file.unlink_error">
    </testcase>
    <testcase name="unlink_variation1-win32-mb" classname="ext/standard/file.unlink_variation1-win32-mb">
      <skipped message="" />
    </testcase>
    <testcase name="unlink_variation1-win32" classname="ext/standard/file.unlink_variation1-win32">
      <skipped message="" />
    </testcase>
    <testcase name="unlink_variation1" classname="ext/standard/file.unlink_variation1">
    </testcase>
    <testcase name="unlink_variation10" classname="ext/standard/file.unlink_variation10">
    </testcase>
    <testcase name="unlink_variation2" classname="ext/standard/file.unlink_variation2">
    </testcase>
    <testcase name="unlink_variation3" classname="ext/standard/file.unlink_variation3">
    </testcase>
    <testcase name="unlink_variation4" classname="ext/standard/file.unlink_variation4">
    </testcase>
    <testcase name="unlink_variation5" classname="ext/standard/file.unlink_variation5">
    </testcase>
    <testcase name="unlink_variation6" classname="ext/standard/file.unlink_variation6">
    </testcase>
    <testcase name="unlink_variation7" classname="ext/standard/file.unlink_variation7">
    </testcase>
    <testcase name="unlink_variation8-aix" classname="ext/standard/file.unlink_variation8-aix">
    </testcase>
    <testcase name="unlink_variation8-win32" classname="ext/standard/file.unlink_variation8-win32">
      <skipped message="" />
    </testcase>
    <testcase name="unlink_variation8" classname="ext/standard/file.unlink_variation8">
      <skipped message="" />
    </testcase>
    <testcase name="unlink_variation9-win32" classname="ext/standard/file.unlink_variation9-win32">
      <skipped message="" />
    </testcase>
    <testcase name="userdirstream" classname="ext/standard/file.userdirstream">
    </testcase>
    <testcase name="userfilters" classname="ext/standard/file.userfilters">
    </testcase>
    <testcase name="userstreams" classname="ext/standard/file.userstreams">
    </testcase>
    <testcase name="userstreams_002" classname="ext/standard/file.userstreams_002">
    </testcase>
    <testcase name="userstreams_003" classname="ext/standard/file.userstreams_003">
    </testcase>
    <testcase name="userstreams_004" classname="ext/standard/file.userstreams_004">
    </testcase>
    <testcase name="userstreams_005" classname="ext/standard/file.userstreams_005">
    </testcase>
    <testcase name="userstreams_006" classname="ext/standard/file.userstreams_006">
    </testcase>
    <testcase name="userstreams_007" classname="ext/standard/file.userstreams_007">
    </testcase>
    <testcase name="userwrapper" classname="ext/standard/file.userwrapper">
    </testcase>
  </testsuite>
  <testsuite name="ext/standard/file/windows_acls" tests="4" disabled="0" errors="0" failures="0" skipped="4">
    <testcase name="bug44859" classname="ext/standard/file/windows_acls.bug44859">
      <skipped message="" />
    </testcase>
    <testcase name="bug44859_2" classname="ext/standard/file/windows_acls.bug44859_2">
      <skipped message="" />
    </testcase>
    <testcase name="bug44859_3" classname="ext/standard/file/windows_acls.bug44859_3">
      <skipped message="" />
    </testcase>
    <testcase name="bug44859_4" classname="ext/standard/file/windows_acls.bug44859_4">
      <skipped message="" />
    </testcase>
  </testsuite>
  <testsuite name="ext/standard/file/windows_links" tests="6" disabled="0" errors="0" failures="0" skipped="6">
    <testcase name="bug48746" classname="ext/standard/file/windows_links.bug48746">
      <skipped message="" />
    </testcase>
    <testcase name="bug48746_1" classname="ext/standard/file/windows_links.bug48746_1">
      <skipped message="" />
    </testcase>
    <testcase name="bug48746_2" classname="ext/standard/file/windows_links.bug48746_2">
      <skipped message="" />
    </testcase>
    <testcase name="bug48746_3" classname="ext/standard/file/windows_links.bug48746_3">
      <skipped message="" />
    </testcase>
    <testcase name="bug73962" classname="ext/standard/file/windows_links.bug73962">
      <skipped message="" />
    </testcase>
    <testcase name="bug76335" classname="ext/standard/file/windows_links.bug76335">
      <skipped message="" />
    </testcase>
  </testsuite>
  <testsuite name="ext/standard/file/windows_mb_path" tests="100" disabled="0" errors="0" failures="0" skipped="100">
    <testcase name="bug54028" classname="ext/standard/file/windows_mb_path.bug54028">
      <skipped message="" />
    </testcase>
    <testcase name="bug54028_2" classname="ext/standard/file/windows_mb_path.bug54028_2">
      <skipped message="" />
    </testcase>
    <testcase name="bug54977" classname="ext/standard/file/windows_mb_path.bug54977">
      <skipped message="" />
    </testcase>
    <testcase name="bug61315" classname="ext/standard/file/windows_mb_path.bug61315">
      <skipped message="" />
    </testcase>
    <testcase name="bug64506" classname="ext/standard/file/windows_mb_path.bug64506">
      <skipped message="" />
    </testcase>
    <testcase name="bug64699" classname="ext/standard/file/windows_mb_path.bug64699">
      <skipped message="" />
    </testcase>
    <testcase name="bug70903" classname="ext/standard/file/windows_mb_path.bug70903">
      <skipped message="" />
    </testcase>
    <testcase name="bug71509" classname="ext/standard/file/windows_mb_path.bug71509">
      <skipped message="" />
    </testcase>
    <testcase name="bug74923" classname="ext/standard/file/windows_mb_path.bug74923">
      <skipped message="" />
    </testcase>
    <testcase name="bug75063_cp1251" classname="ext/standard/file/windows_mb_path.bug75063_cp1251">
      <skipped message="" />
    </testcase>
    <testcase name="bug75063_utf8" classname="ext/standard/file/windows_mb_path.bug75063_utf8">
      <skipped message="" />
    </testcase>
    <testcase name="recursive_it" classname="ext/standard/file/windows_mb_path.recursive_it">
      <skipped message="" />
    </testcase>
    <testcase name="test_big5_0" classname="ext/standard/file/windows_mb_path.test_big5_0">
      <skipped message="" />
    </testcase>
    <testcase name="test_big5_1" classname="ext/standard/file/windows_mb_path.test_big5_1">
      <skipped message="" />
    </testcase>
    <testcase name="test_big5_2" classname="ext/standard/file/windows_mb_path.test_big5_2">
      <skipped message="" />
    </testcase>
    <testcase name="test_big5_to_utf8_0" classname="ext/standard/file/windows_mb_path.test_big5_to_utf8_0">
      <skipped message="" />
    </testcase>
    <testcase name="test_big5_to_utf8_1" classname="ext/standard/file/windows_mb_path.test_big5_to_utf8_1">
      <skipped message="" />
    </testcase>
    <testcase name="test_big5_to_utf8_2" classname="ext/standard/file/windows_mb_path.test_big5_to_utf8_2">
      <skipped message="" />
    </testcase>
    <testcase name="test_cp1250_to_utf8_0" classname="ext/standard/file/windows_mb_path.test_cp1250_to_utf8_0">
      <skipped message="" />
    </testcase>
    <testcase name="test_cp1250_to_utf8_1" classname="ext/standard/file/windows_mb_path.test_cp1250_to_utf8_1">
      <skipped message="" />
    </testcase>
    <testcase name="test_cp1250_to_utf8_2" classname="ext/standard/file/windows_mb_path.test_cp1250_to_utf8_2">
      <skipped message="" />
    </testcase>
    <testcase name="test_cp1250_to_utf8_3" classname="ext/standard/file/windows_mb_path.test_cp1250_to_utf8_3">
      <skipped message="" />
    </testcase>
    <testcase name="test_cp1250_to_utf8_4" classname="ext/standard/file/windows_mb_path.test_cp1250_to_utf8_4">
      <skipped message="" />
    </testcase>
    <testcase name="test_cp1250_to_utf8_5" classname="ext/standard/file/windows_mb_path.test_cp1250_to_utf8_5">
      <skipped message="" />
    </testcase>
    <testcase name="test_cp1251_0" classname="ext/standard/file/windows_mb_path.test_cp1251_0">
      <skipped message="" />
    </testcase>
    <testcase name="test_cp1251_1" classname="ext/standard/file/windows_mb_path.test_cp1251_1">
      <skipped message="" />
    </testcase>
    <testcase name="test_cp1251_2" classname="ext/standard/file/windows_mb_path.test_cp1251_2">
      <skipped message="" />
    </testcase>
    <testcase name="test_cp1251_to_utf8_0" classname="ext/standard/file/windows_mb_path.test_cp1251_to_utf8_0">
      <skipped message="" />
    </testcase>
    <testcase name="test_cp1251_to_utf8_1" classname="ext/standard/file/windows_mb_path.test_cp1251_to_utf8_1">
      <skipped message="" />
    </testcase>
    <testcase name="test_cp1251_to_utf8_2" classname="ext/standard/file/windows_mb_path.test_cp1251_to_utf8_2">
      <skipped message="" />
    </testcase>
    <testcase name="test_cp1251_zend_multibyte_0" classname="ext/standard/file/windows_mb_path.test_cp1251_zend_multibyte_0">
      <skipped message="" />
    </testcase>
    <testcase name="test_cp1251_zend_multibyte_1" classname="ext/standard/file/windows_mb_path.test_cp1251_zend_multibyte_1">
      <skipped message="" />
    </testcase>
    <testcase name="test_cp1251_zend_multibyte_2" classname="ext/standard/file/windows_mb_path.test_cp1251_zend_multibyte_2">
      <skipped message="" />
    </testcase>
    <testcase name="test_cp1252_0" classname="ext/standard/file/windows_mb_path.test_cp1252_0">
      <skipped message="" />
    </testcase>
    <testcase name="test_cp1252_to_utf8_0" classname="ext/standard/file/windows_mb_path.test_cp1252_to_utf8_0">
      <skipped message="" />
    </testcase>
    <testcase name="test_cp1252_to_utf8_1" classname="ext/standard/file/windows_mb_path.test_cp1252_to_utf8_1">
      <skipped message="" />
    </testcase>
    <testcase name="test_cp1252_to_utf8_2" classname="ext/standard/file/windows_mb_path.test_cp1252_to_utf8_2">
      <skipped message="" />
    </testcase>
    <testcase name="test_cp1252_to_utf8_3" classname="ext/standard/file/windows_mb_path.test_cp1252_to_utf8_3">
      <skipped message="" />
    </testcase>
    <testcase name="test_cp1252_to_utf8_4" classname="ext/standard/file/windows_mb_path.test_cp1252_to_utf8_4">
      <skipped message="" />
    </testcase>
    <testcase name="test_cp1252_to_utf8_5" classname="ext/standard/file/windows_mb_path.test_cp1252_to_utf8_5">
      <skipped message="" />
    </testcase>
    <testcase name="test_cp1253_0" classname="ext/standard/file/windows_mb_path.test_cp1253_0">
      <skipped message="" />
    </testcase>
    <testcase name="test_cp1253_1" classname="ext/standard/file/windows_mb_path.test_cp1253_1">
      <skipped message="" />
    </testcase>
    <testcase name="test_cp1253_2" classname="ext/standard/file/windows_mb_path.test_cp1253_2">
      <skipped message="" />
    </testcase>
    <testcase name="test_cp1253_to_utf8_0" classname="ext/standard/file/windows_mb_path.test_cp1253_to_utf8_0">
      <skipped message="" />
    </testcase>
    <testcase name="test_cp1253_to_utf8_1" classname="ext/standard/file/windows_mb_path.test_cp1253_to_utf8_1">
      <skipped message="" />
    </testcase>
    <testcase name="test_cp1253_to_utf8_2" classname="ext/standard/file/windows_mb_path.test_cp1253_to_utf8_2">
      <skipped message="" />
    </testcase>
    <testcase name="test_cp1254_0" classname="ext/standard/file/windows_mb_path.test_cp1254_0">
      <skipped message="" />
    </testcase>
    <testcase name="test_cp1254_1" classname="ext/standard/file/windows_mb_path.test_cp1254_1">
      <skipped message="" />
    </testcase>
    <testcase name="test_cp1254_2" classname="ext/standard/file/windows_mb_path.test_cp1254_2">
      <skipped message="" />
    </testcase>
    <testcase name="test_cp1254_3" classname="ext/standard/file/windows_mb_path.test_cp1254_3">
      <skipped message="" />
    </testcase>
    <testcase name="test_cp1254_to_utf8_0" classname="ext/standard/file/windows_mb_path.test_cp1254_to_utf8_0">
      <skipped message="" />
    </testcase>
    <testcase name="test_cp1254_to_utf8_1" classname="ext/standard/file/windows_mb_path.test_cp1254_to_utf8_1">
      <skipped message="" />
    </testcase>
    <testcase name="test_cp1254_to_utf8_2" classname="ext/standard/file/windows_mb_path.test_cp1254_to_utf8_2">
      <skipped message="" />
    </testcase>
    <testcase name="test_cp1254_to_utf8_3" classname="ext/standard/file/windows_mb_path.test_cp1254_to_utf8_3">
      <skipped message="" />
    </testcase>
    <testcase name="test_cp1255_0" classname="ext/standard/file/windows_mb_path.test_cp1255_0">
      <skipped message="" />
    </testcase>
    <testcase name="test_cp1255_1" classname="ext/standard/file/windows_mb_path.test_cp1255_1">
      <skipped message="" />
    </testcase>
    <testcase name="test_cp1255_2" classname="ext/standard/file/windows_mb_path.test_cp1255_2">
      <skipped message="" />
    </testcase>
    <testcase name="test_cp1255_to_utf8_0" classname="ext/standard/file/windows_mb_path.test_cp1255_to_utf8_0">
      <skipped message="" />
    </testcase>
    <testcase name="test_cp1255_to_utf8_1" classname="ext/standard/file/windows_mb_path.test_cp1255_to_utf8_1">
      <skipped message="" />
    </testcase>
    <testcase name="test_cp1255_to_utf8_2" classname="ext/standard/file/windows_mb_path.test_cp1255_to_utf8_2">
      <skipped message="" />
    </testcase>
    <testcase name="test_cp1256_0" classname="ext/standard/file/windows_mb_path.test_cp1256_0">
      <skipped message="" />
    </testcase>
    <testcase name="test_cp1256_1" classname="ext/standard/file/windows_mb_path.test_cp1256_1">
      <skipped message="" />
    </testcase>
    <testcase name="test_cp1256_2" classname="ext/standard/file/windows_mb_path.test_cp1256_2">
      <skipped message="" />
    </testcase>
    <testcase name="test_cp1256_to_utf8_0" classname="ext/standard/file/windows_mb_path.test_cp1256_to_utf8_0">
      <skipped message="" />
    </testcase>
    <testcase name="test_cp1256_to_utf8_1" classname="ext/standard/file/windows_mb_path.test_cp1256_to_utf8_1">
      <skipped message="" />
    </testcase>
    <testcase name="test_cp1256_to_utf8_2" classname="ext/standard/file/windows_mb_path.test_cp1256_to_utf8_2">
      <skipped message="" />
    </testcase>
    <testcase name="test_cp874_0" classname="ext/standard/file/windows_mb_path.test_cp874_0">
      <skipped message="" />
    </testcase>
    <testcase name="test_cp874_1" classname="ext/standard/file/windows_mb_path.test_cp874_1">
      <skipped message="" />
    </testcase>
    <testcase name="test_cp874_to_utf8_0" classname="ext/standard/file/windows_mb_path.test_cp874_to_utf8_0">
      <skipped message="" />
    </testcase>
    <testcase name="test_cp874_to_utf8_1" classname="ext/standard/file/windows_mb_path.test_cp874_to_utf8_1">
      <skipped message="" />
    </testcase>
    <testcase name="test_cp932_0" classname="ext/standard/file/windows_mb_path.test_cp932_0">
      <skipped message="" />
    </testcase>
    <testcase name="test_cp932_1" classname="ext/standard/file/windows_mb_path.test_cp932_1">
      <skipped message="" />
    </testcase>
    <testcase name="test_cp932_2" classname="ext/standard/file/windows_mb_path.test_cp932_2">
      <skipped message="" />
    </testcase>
    <testcase name="test_cp932_3" classname="ext/standard/file/windows_mb_path.test_cp932_3">
      <skipped message="" />
    </testcase>
    <testcase name="test_cp932_to_utf8_0" classname="ext/standard/file/windows_mb_path.test_cp932_to_utf8_0">
      <skipped message="" />
    </testcase>
    <testcase name="test_cp932_to_utf8_1" classname="ext/standard/file/windows_mb_path.test_cp932_to_utf8_1">
      <skipped message="" />
    </testcase>
    <testcase name="test_cp932_to_utf8_2" classname="ext/standard/file/windows_mb_path.test_cp932_to_utf8_2">
      <skipped message="" />
    </testcase>
    <testcase name="test_cp936_0" classname="ext/standard/file/windows_mb_path.test_cp936_0">
      <skipped message="" />
    </testcase>
    <testcase name="test_cp936_1" classname="ext/standard/file/windows_mb_path.test_cp936_1">
      <skipped message="" />
    </testcase>
    <testcase name="test_cp936_2" classname="ext/standard/file/windows_mb_path.test_cp936_2">
      <skipped message="" />
    </testcase>
    <testcase name="test_cp936_to_utf8_0" classname="ext/standard/file/windows_mb_path.test_cp936_to_utf8_0">
      <skipped message="" />
    </testcase>
    <testcase name="test_cp936_to_utf8_1" classname="ext/standard/file/windows_mb_path.test_cp936_to_utf8_1">
      <skipped message="" />
    </testcase>
    <testcase name="test_cp936_to_utf8_2" classname="ext/standard/file/windows_mb_path.test_cp936_to_utf8_2">
      <skipped message="" />
    </testcase>
    <testcase name="test_cwd_mb_names" classname="ext/standard/file/windows_mb_path.test_cwd_mb_names">
      <skipped message="" />
    </testcase>
    <testcase name="test_eucjp_to_utf8_0" classname="ext/standard/file/windows_mb_path.test_eucjp_to_utf8_0">
      <skipped message="" />
    </testcase>
    <testcase name="test_eucjp_to_utf8_1" classname="ext/standard/file/windows_mb_path.test_eucjp_to_utf8_1">
      <skipped message="" />
    </testcase>
    <testcase name="test_eucjp_to_utf8_2" classname="ext/standard/file/windows_mb_path.test_eucjp_to_utf8_2">
      <skipped message="" />
    </testcase>
    <testcase name="test_kartuli_utf8_0" classname="ext/standard/file/windows_mb_path.test_kartuli_utf8_0">
      <skipped message="" />
    </testcase>
    <testcase name="test_kartuli_utf8_1" classname="ext/standard/file/windows_mb_path.test_kartuli_utf8_1">
      <skipped message="" />
    </testcase>
    <testcase name="test_kartuli_utf8_2" classname="ext/standard/file/windows_mb_path.test_kartuli_utf8_2">
      <skipped message="" />
    </testcase>
    <testcase name="test_kartuli_utf8_3" classname="ext/standard/file/windows_mb_path.test_kartuli_utf8_3">
      <skipped message="" />
    </testcase>
    <testcase name="test_long_path_0" classname="ext/standard/file/windows_mb_path.test_long_path_0">
      <skipped message="" />
    </testcase>
    <testcase name="test_long_path_1" classname="ext/standard/file/windows_mb_path.test_long_path_1">
      <skipped message="" />
    </testcase>
    <testcase name="test_long_path_2" classname="ext/standard/file/windows_mb_path.test_long_path_2">
      <skipped message="" />
    </testcase>
    <testcase name="test_long_path_bug30730" classname="ext/standard/file/windows_mb_path.test_long_path_bug30730">
      <skipped message="" />
    </testcase>
    <testcase name="test_long_path_bug70943" classname="ext/standard/file/windows_mb_path.test_long_path_bug70943">
      <skipped message="" />
    </testcase>
    <testcase name="test_long_path_bug71103" classname="ext/standard/file/windows_mb_path.test_long_path_bug71103">
      <skipped message="" />
    </testcase>
    <testcase name="test_long_path_mkdir" classname="ext/standard/file/windows_mb_path.test_long_path_mkdir">
      <skipped message="" />
    </testcase>
    <testcase name="test_readdir_mb_names" classname="ext/standard/file/windows_mb_path.test_readdir_mb_names">
      <skipped message="" />
    </testcase>
    <testcase name="test_rename_mb_names" classname="ext/standard/file/windows_mb_path.test_rename_mb_names">
      <skipped message="" />
    </testcase>
  </testsuite>
  <testsuite name="ext/standard/filters" tests="20" disabled="0" errors="0" failures="0" skipped="0">
    <testcase name="001" classname="ext/standard/filters.001">
    </testcase>
    <testcase name="basic" classname="ext/standard/filters.basic">
    </testcase>
    <testcase name="bug22538" classname="ext/standard/filters.bug22538">
    </testcase>
    <testcase name="bug35916" classname="ext/standard/filters.bug35916">
    </testcase>
    <testcase name="bug46164-1" classname="ext/standard/filters.bug46164-1">
    </testcase>
    <testcase name="bug46164-2" classname="ext/standard/filters.bug46164-2">
    </testcase>
    <testcase name="bug50363" classname="ext/standard/filters.bug50363">
    </testcase>
    <testcase name="bug73586" classname="ext/standard/filters.bug73586">
    </testcase>
    <testcase name="bug77231" classname="ext/standard/filters.bug77231">
    </testcase>
    <testcase name="chunked_001" classname="ext/standard/filters.chunked_001">
    </testcase>
    <testcase name="filter_errors_convert_base64_decode" classname="ext/standard/filters.filter_errors_convert_base64_decode">
    </testcase>
    <testcase name="filter_errors_user" classname="ext/standard/filters.filter_errors_user">
    </testcase>
    <testcase name="filter_errors_zlib_inflate" classname="ext/standard/filters.filter_errors_zlib_inflate">
    </testcase>
    <testcase name="php_user_filter_01" classname="ext/standard/filters.php_user_filter_01">
    </testcase>
    <testcase name="php_user_filter_02" classname="ext/standard/filters.php_user_filter_02">
    </testcase>
    <testcase name="php_user_filter_03" classname="ext/standard/filters.php_user_filter_03">
    </testcase>
    <testcase name="read" classname="ext/standard/filters.read">
    </testcase>
    <testcase name="stream_filter_remove_basic" classname="ext/standard/filters.stream_filter_remove_basic">
    </testcase>
    <testcase name="stream_filter_remove_error" classname="ext/standard/filters.stream_filter_remove_error">
    </testcase>
    <testcase name="strip_tags_filter" classname="ext/standard/filters.strip_tags_filter">
    </testcase>
  </testsuite>
  <testsuite name="ext/standard/general_functions" tests="293" disabled="0" errors="0" failures="0" skipped="32">
    <testcase name="001" classname="ext/standard/general_functions.001">
    </testcase>
    <testcase name="002" classname="ext/standard/general_functions.002">
    </testcase>
    <testcase name="003" classname="ext/standard/general_functions.003">
    </testcase>
    <testcase name="004" classname="ext/standard/general_functions.004">
    </testcase>
    <testcase name="005" classname="ext/standard/general_functions.005">
    </testcase>
    <testcase name="006" classname="ext/standard/general_functions.006">
    </testcase>
    <testcase name="007" classname="ext/standard/general_functions.007">
    </testcase>
    <testcase name="008" classname="ext/standard/general_functions.008">
    </testcase>
    <testcase name="009" classname="ext/standard/general_functions.009">
    </testcase>
    <testcase name="010" classname="ext/standard/general_functions.010">
    </testcase>
    <testcase name="boolval" classname="ext/standard/general_functions.boolval">
    </testcase>
    <testcase name="bug25038" classname="ext/standard/general_functions.bug25038">
    </testcase>
    <testcase name="bug27678" classname="ext/standard/general_functions.bug27678">
    </testcase>
    <testcase name="bug29038" classname="ext/standard/general_functions.bug29038">
    </testcase>
    <testcase name="bug31190" classname="ext/standard/general_functions.bug31190">
    </testcase>
    <testcase name="bug32647" classname="ext/standard/general_functions.bug32647">
    </testcase>
    <testcase name="bug34794" classname="ext/standard/general_functions.bug34794">
    </testcase>
    <testcase name="bug35229" classname="ext/standard/general_functions.bug35229">
    </testcase>
    <testcase name="bug36011" classname="ext/standard/general_functions.bug36011">
    </testcase>
    <testcase name="bug39322" classname="ext/standard/general_functions.bug39322">
      <skipped message="" />
    </testcase>
    <testcase name="bug40398" classname="ext/standard/general_functions.bug40398">
    </testcase>
    <testcase name="bug40752" classname="ext/standard/general_functions.bug40752">
    </testcase>
    <testcase name="bug41037" classname="ext/standard/general_functions.bug41037">
    </testcase>
    <testcase name="bug41445" classname="ext/standard/general_functions.bug41445">
    </testcase>
    <testcase name="bug41445_1" classname="ext/standard/general_functions.bug41445_1">
    </testcase>
    <testcase name="bug41518" classname="ext/standard/general_functions.bug41518">
    </testcase>
    <testcase name="bug41970" classname="ext/standard/general_functions.bug41970">
    </testcase>
    <testcase name="bug42272" classname="ext/standard/general_functions.bug42272">
    </testcase>
    <testcase name="bug43293_1" classname="ext/standard/general_functions.bug43293_1">
    </testcase>
    <testcase name="bug43293_2" classname="ext/standard/general_functions.bug43293_2">
    </testcase>
    <testcase name="bug43293_3" classname="ext/standard/general_functions.bug43293_3">
    </testcase>
    <testcase name="bug44295-win" classname="ext/standard/general_functions.bug44295-win">
      <skipped message="" />
    </testcase>
    <testcase name="bug44295" classname="ext/standard/general_functions.bug44295">
    </testcase>
    <testcase name="bug44394" classname="ext/standard/general_functions.bug44394">
    </testcase>
    <testcase name="bug44394_2" classname="ext/standard/general_functions.bug44394_2">
    </testcase>
    <testcase name="bug44461" classname="ext/standard/general_functions.bug44461">
    </testcase>
    <testcase name="bug44667" classname="ext/standard/general_functions.bug44667">
    </testcase>
    <testcase name="bug46587" classname="ext/standard/general_functions.bug46587">
    </testcase>
    <testcase name="bug47027" classname="ext/standard/general_functions.bug47027">
    </testcase>
    <testcase name="bug47857" classname="ext/standard/general_functions.bug47857">
    </testcase>
    <testcase name="bug47859" classname="ext/standard/general_functions.bug47859">
    </testcase>
    <testcase name="bug48660" classname="ext/standard/general_functions.bug48660">
    </testcase>
    <testcase name="bug48768" classname="ext/standard/general_functions.bug48768">
    </testcase>
    <testcase name="bug49056" classname="ext/standard/general_functions.bug49056">
    </testcase>
    <testcase name="bug49692" classname="ext/standard/general_functions.bug49692">
    </testcase>
    <testcase name="bug49847" classname="ext/standard/general_functions.bug49847">
    </testcase>
    <testcase name="bug50690" classname="ext/standard/general_functions.bug50690">
    </testcase>
    <testcase name="bug50732" classname="ext/standard/general_functions.bug50732">
    </testcase>
    <testcase name="bug52138" classname="ext/standard/general_functions.bug52138">
    </testcase>
    <testcase name="bug55371" classname="ext/standard/general_functions.bug55371">
    </testcase>
    <testcase name="bug60227_1" classname="ext/standard/general_functions.bug60227_1">
    </testcase>
    <testcase name="bug60227_2" classname="ext/standard/general_functions.bug60227_2">
    </testcase>
    <testcase name="bug60227_3" classname="ext/standard/general_functions.bug60227_3">
    </testcase>
    <testcase name="bug60227_4" classname="ext/standard/general_functions.bug60227_4">
    </testcase>
    <testcase name="bug60723" classname="ext/standard/general_functions.bug60723">
    </testcase>
    <testcase name="bug66094" classname="ext/standard/general_functions.bug66094">
    </testcase>
    <testcase name="bug67498" classname="ext/standard/general_functions.bug67498">
    </testcase>
    <testcase name="bug69646" classname="ext/standard/general_functions.bug69646">
      <skipped message="" />
    </testcase>
    <testcase name="bug70018" classname="ext/standard/general_functions.bug70018">
    </testcase>
    <testcase name="bug70157" classname="ext/standard/general_functions.bug70157">
    </testcase>
    <testcase name="bug70249" classname="ext/standard/general_functions.bug70249">
    </testcase>
    <testcase name="bug70947" classname="ext/standard/general_functions.bug70947">
    </testcase>
    <testcase name="bug71891" classname="ext/standard/general_functions.bug71891">
    </testcase>
    <testcase name="bug72300" classname="ext/standard/general_functions.bug72300">
    </testcase>
    <testcase name="bug72306" classname="ext/standard/general_functions.bug72306">
    </testcase>
    <testcase name="bug72920" classname="ext/standard/general_functions.bug72920">
    </testcase>
    <testcase name="bug73973" classname="ext/standard/general_functions.bug73973">
    </testcase>
    <testcase name="bug76643" classname="ext/standard/general_functions.bug76643">
    </testcase>
    <testcase name="bug76717" classname="ext/standard/general_functions.bug76717">
    </testcase>
    <testcase name="bug77844" classname="ext/standard/general_functions.bug77844">
    </testcase>
    <testcase name="call_user_func_array_variation_001" classname="ext/standard/general_functions.call_user_func_array_variation_001">
    </testcase>
    <testcase name="call_user_func_array_variation_002" classname="ext/standard/general_functions.call_user_func_array_variation_002">
    </testcase>
    <testcase name="call_user_func_array_variation_003" classname="ext/standard/general_functions.call_user_func_array_variation_003">
    </testcase>
    <testcase name="call_user_func_return" classname="ext/standard/general_functions.call_user_func_return">
    </testcase>
    <testcase name="callbacks_001" classname="ext/standard/general_functions.callbacks_001">
    </testcase>
    <testcase name="callbacks_002" classname="ext/standard/general_functions.callbacks_002">
    </testcase>
    <testcase name="closures_001" classname="ext/standard/general_functions.closures_001">
    </testcase>
    <testcase name="closures_002" classname="ext/standard/general_functions.closures_002">
    </testcase>
    <testcase name="connection_aborted" classname="ext/standard/general_functions.connection_aborted">
    </testcase>
    <testcase name="connection_status" classname="ext/standard/general_functions.connection_status">
    </testcase>
    <testcase name="debug_zval_dump_b" classname="ext/standard/general_functions.debug_zval_dump_b">
    </testcase>
    <testcase name="debug_zval_dump_b_64bit" classname="ext/standard/general_functions.debug_zval_dump_b_64bit">
    </testcase>
    <testcase name="debug_zval_dump_e" classname="ext/standard/general_functions.debug_zval_dump_e">
    </testcase>
    <testcase name="debug_zval_dump_o" classname="ext/standard/general_functions.debug_zval_dump_o">
    </testcase>
    <testcase name="debug_zval_dump_v" classname="ext/standard/general_functions.debug_zval_dump_v">
    </testcase>
    <testcase name="dl-cve-2007-4887" classname="ext/standard/general_functions.dl-cve-2007-4887">
    </testcase>
    <testcase name="error_clear_last" classname="ext/standard/general_functions.error_clear_last">
    </testcase>
    <testcase name="error_get_last" classname="ext/standard/general_functions.error_get_last">
    </testcase>
    <testcase name="escapeshellarg_basic-win32-mb" classname="ext/standard/general_functions.escapeshellarg_basic-win32-mb">
      <skipped message="" />
    </testcase>
    <testcase name="escapeshellarg_basic-win32" classname="ext/standard/general_functions.escapeshellarg_basic-win32">
      <skipped message="" />
    </testcase>
    <testcase name="escapeshellarg_basic" classname="ext/standard/general_functions.escapeshellarg_basic">
    </testcase>
    <testcase name="escapeshellarg_bug71039" classname="ext/standard/general_functions.escapeshellarg_bug71039">
    </testcase>
    <testcase name="escapeshellarg_bug71270" classname="ext/standard/general_functions.escapeshellarg_bug71270">
    </testcase>
    <testcase name="escapeshellarg_error" classname="ext/standard/general_functions.escapeshellarg_error">
    </testcase>
    <testcase name="escapeshellarg_variation1-win32" classname="ext/standard/general_functions.escapeshellarg_variation1-win32">
      <skipped message="" />
    </testcase>
    <testcase name="escapeshellarg_variation1" classname="ext/standard/general_functions.escapeshellarg_variation1">
    </testcase>
    <testcase name="escapeshellcmd-win32" classname="ext/standard/general_functions.escapeshellcmd-win32">
      <skipped message="" />
    </testcase>
    <testcase name="escapeshellcmd_bug71039" classname="ext/standard/general_functions.escapeshellcmd_bug71039">
    </testcase>
    <testcase name="escapeshellcmd_bug71270" classname="ext/standard/general_functions.escapeshellcmd_bug71270">
    </testcase>
    <testcase name="floatval" classname="ext/standard/general_functions.floatval">
    </testcase>
    <testcase name="floatval_basic" classname="ext/standard/general_functions.floatval_basic">
    </testcase>
    <testcase name="floatval_error" classname="ext/standard/general_functions.floatval_error">
    </testcase>
    <testcase name="floatval_variation1" classname="ext/standard/general_functions.floatval_variation1">
    </testcase>
    <testcase name="get_cfg_var_basic" classname="ext/standard/general_functions.get_cfg_var_basic">
    </testcase>
    <testcase name="get_cfg_var_error" classname="ext/standard/general_functions.get_cfg_var_error">
    </testcase>
    <testcase name="get_cfg_var_variation1" classname="ext/standard/general_functions.get_cfg_var_variation1">
    </testcase>
    <testcase name="get_cfg_var_variation2" classname="ext/standard/general_functions.get_cfg_var_variation2">
    </testcase>
    <testcase name="get_cfg_var_variation3" classname="ext/standard/general_functions.get_cfg_var_variation3">
    </testcase>
    <testcase name="get_cfg_var_variation4" classname="ext/standard/general_functions.get_cfg_var_variation4">
    </testcase>
    <testcase name="get_cfg_var_variation5" classname="ext/standard/general_functions.get_cfg_var_variation5">
    </testcase>
    <testcase name="get_cfg_var_variation6" classname="ext/standard/general_functions.get_cfg_var_variation6">
    </testcase>
    <testcase name="get_cfg_var_variation7" classname="ext/standard/general_functions.get_cfg_var_variation7">
    </testcase>
    <testcase name="get_cfg_var_variation8" classname="ext/standard/general_functions.get_cfg_var_variation8">
    </testcase>
    <testcase name="get_cfg_var_variation9" classname="ext/standard/general_functions.get_cfg_var_variation9">
    </testcase>
    <testcase name="get_defined_constants_basic" classname="ext/standard/general_functions.get_defined_constants_basic">
    </testcase>
    <testcase name="get_defined_constants_error" classname="ext/standard/general_functions.get_defined_constants_error">
    </testcase>
    <testcase name="get_defined_vars_basic" classname="ext/standard/general_functions.get_defined_vars_basic">
    </testcase>
    <testcase name="get_extension_funcs_basic" classname="ext/standard/general_functions.get_extension_funcs_basic">
    </testcase>
    <testcase name="get_extension_funcs_error" classname="ext/standard/general_functions.get_extension_funcs_error">
    </testcase>
    <testcase name="get_extension_funcs_variation" classname="ext/standard/general_functions.get_extension_funcs_variation">
    </testcase>
    <testcase name="get_include_path_basic" classname="ext/standard/general_functions.get_include_path_basic">
    </testcase>
    <testcase name="get_included_files" classname="ext/standard/general_functions.get_included_files">
    </testcase>
    <testcase name="get_loaded_extensions_basic" classname="ext/standard/general_functions.get_loaded_extensions_basic">
    </testcase>
    <testcase name="get_loaded_extensions_error" classname="ext/standard/general_functions.get_loaded_extensions_error">
    </testcase>
    <testcase name="get_magic_quotes_gpc" classname="ext/standard/general_functions.get_magic_quotes_gpc">
    </testcase>
    <testcase name="get_magic_quotes_runtime" classname="ext/standard/general_functions.get_magic_quotes_runtime">
    </testcase>
    <testcase name="get_resource_type_basic" classname="ext/standard/general_functions.get_resource_type_basic">
    </testcase>
    <testcase name="get_resource_type_error" classname="ext/standard/general_functions.get_resource_type_error">
    </testcase>
    <testcase name="get_resource_type_variation1" classname="ext/standard/general_functions.get_resource_type_variation1">
    </testcase>
    <testcase name="getenv" classname="ext/standard/general_functions.getenv">
    </testcase>
    <testcase name="getmypid_basic" classname="ext/standard/general_functions.getmypid_basic">
    </testcase>
    <testcase name="getopt" classname="ext/standard/general_functions.getopt">
    </testcase>
    <testcase name="getopt_002" classname="ext/standard/general_functions.getopt_002">
    </testcase>
    <testcase name="getopt_003" classname="ext/standard/general_functions.getopt_003">
    </testcase>
    <testcase name="getopt_004" classname="ext/standard/general_functions.getopt_004">
    </testcase>
    <testcase name="getopt_005" classname="ext/standard/general_functions.getopt_005">
    </testcase>
    <testcase name="getopt_006" classname="ext/standard/general_functions.getopt_006">
    </testcase>
    <testcase name="getopt_007" classname="ext/standard/general_functions.getopt_007">
    </testcase>
    <testcase name="getopt_008" classname="ext/standard/general_functions.getopt_008">
    </testcase>
    <testcase name="getopt_009" classname="ext/standard/general_functions.getopt_009">
    </testcase>
    <testcase name="getrusage" classname="ext/standard/general_functions.getrusage">
    </testcase>
    <testcase name="getrusage_basic" classname="ext/standard/general_functions.getrusage_basic">
    </testcase>
    <testcase name="getrusage_error" classname="ext/standard/general_functions.getrusage_error">
    </testcase>
    <testcase name="getrusage_variation1" classname="ext/standard/general_functions.getrusage_variation1">
    </testcase>
    <testcase name="getservbyname_basic" classname="ext/standard/general_functions.getservbyname_basic">
    </testcase>
    <testcase name="getservbyname_error" classname="ext/standard/general_functions.getservbyname_error">
    </testcase>
    <testcase name="getservbyname_variation1" classname="ext/standard/general_functions.getservbyname_variation1">
    </testcase>
    <testcase name="getservbyname_variation10" classname="ext/standard/general_functions.getservbyname_variation10">
    </testcase>
    <testcase name="getservbyname_variation11" classname="ext/standard/general_functions.getservbyname_variation11">
    </testcase>
    <testcase name="getservbyname_variation12" classname="ext/standard/general_functions.getservbyname_variation12">
    </testcase>
    <testcase name="getservbyname_variation13" classname="ext/standard/general_functions.getservbyname_variation13">
    </testcase>
    <testcase name="getservbyname_variation14" classname="ext/standard/general_functions.getservbyname_variation14">
    </testcase>
    <testcase name="getservbyname_variation2" classname="ext/standard/general_functions.getservbyname_variation2">
    </testcase>
    <testcase name="getservbyname_variation3" classname="ext/standard/general_functions.getservbyname_variation3">
    </testcase>
    <testcase name="getservbyname_variation4" classname="ext/standard/general_functions.getservbyname_variation4">
    </testcase>
    <testcase name="getservbyname_variation5" classname="ext/standard/general_functions.getservbyname_variation5">
    </testcase>
    <testcase name="getservbyname_variation6" classname="ext/standard/general_functions.getservbyname_variation6">
    </testcase>
    <testcase name="getservbyname_variation7" classname="ext/standard/general_functions.getservbyname_variation7">
    </testcase>
    <testcase name="getservbyname_variation8" classname="ext/standard/general_functions.getservbyname_variation8">
    </testcase>
    <testcase name="getservbyname_variation9" classname="ext/standard/general_functions.getservbyname_variation9">
    </testcase>
    <testcase name="getservbyport_basic" classname="ext/standard/general_functions.getservbyport_basic">
      <skipped message="" />
    </testcase>
    <testcase name="getservbyport_error" classname="ext/standard/general_functions.getservbyport_error">
    </testcase>
    <testcase name="getservbyport_variation1" classname="ext/standard/general_functions.getservbyport_variation1">
    </testcase>
    <testcase name="gettype_settype_basic" classname="ext/standard/general_functions.gettype_settype_basic">
    </testcase>
    <testcase name="gettype_settype_error" classname="ext/standard/general_functions.gettype_settype_error">
    </testcase>
    <testcase name="gettype_settype_variation1" classname="ext/standard/general_functions.gettype_settype_variation1">
      <skipped message="" />
    </testcase>
    <testcase name="gettype_settype_variation2" classname="ext/standard/general_functions.gettype_settype_variation2">
      <skipped message="" />
    </testcase>
    <testcase name="gettype_settype_variation3" classname="ext/standard/general_functions.gettype_settype_variation3">
      <skipped message="" />
    </testcase>
    <testcase name="gettype_settype_variation4" classname="ext/standard/general_functions.gettype_settype_variation4">
      <skipped message="" />
    </testcase>
    <testcase name="gettype_settype_variation5" classname="ext/standard/general_functions.gettype_settype_variation5">
      <skipped message="" />
    </testcase>
    <testcase name="gettype_settype_variation6" classname="ext/standard/general_functions.gettype_settype_variation6">
      <skipped message="" />
    </testcase>
    <testcase name="gettype_settype_variation7" classname="ext/standard/general_functions.gettype_settype_variation7">
      <skipped message="" />
    </testcase>
    <testcase name="gettype_settype_variation8" classname="ext/standard/general_functions.gettype_settype_variation8">
      <skipped message="" />
    </testcase>
    <testcase name="head" classname="ext/standard/general_functions.head">
    </testcase>
    <testcase name="header_redirection_001" classname="ext/standard/general_functions.header_redirection_001">
    </testcase>
    <testcase name="header_redirection_002" classname="ext/standard/general_functions.header_redirection_002">
    </testcase>
    <testcase name="header_redirection_003" classname="ext/standard/general_functions.header_redirection_003">
    </testcase>
    <testcase name="header_redirection_005" classname="ext/standard/general_functions.header_redirection_005">
    </testcase>
    <testcase name="header_redirection_006" classname="ext/standard/general_functions.header_redirection_006">
    </testcase>
    <testcase name="header_redirection_007" classname="ext/standard/general_functions.header_redirection_007">
    </testcase>
    <testcase name="header_redirection_008" classname="ext/standard/general_functions.header_redirection_008">
    </testcase>
    <testcase name="header_redirection_009" classname="ext/standard/general_functions.header_redirection_009">
    </testcase>
    <testcase name="header_redirection_010" classname="ext/standard/general_functions.header_redirection_010">
    </testcase>
    <testcase name="header_redirection_011" classname="ext/standard/general_functions.header_redirection_011">
    </testcase>
    <testcase name="header_redirection_012" classname="ext/standard/general_functions.header_redirection_012">
    </testcase>
    <testcase name="header_redirection_013" classname="ext/standard/general_functions.header_redirection_013">
    </testcase>
    <testcase name="header_redirection_014" classname="ext/standard/general_functions.header_redirection_014">
    </testcase>
    <testcase name="highlight_heredoc" classname="ext/standard/general_functions.highlight_heredoc">
    </testcase>
    <testcase name="http_response_code" classname="ext/standard/general_functions.http_response_code">
    </testcase>
    <testcase name="include_path" classname="ext/standard/general_functions.include_path">
    </testcase>
    <testcase name="ini_get_all" classname="ext/standard/general_functions.ini_get_all">
    </testcase>
    <testcase name="intval" classname="ext/standard/general_functions.intval">
      <skipped message="" />
    </testcase>
    <testcase name="intval_binary_prefix" classname="ext/standard/general_functions.intval_binary_prefix">
    </testcase>
    <testcase name="intval_variation1" classname="ext/standard/general_functions.intval_variation1">
    </testcase>
    <testcase name="intval_variation2" classname="ext/standard/general_functions.intval_variation2">
      <skipped message="" />
    </testcase>
    <testcase name="is_array" classname="ext/standard/general_functions.is_array">
    </testcase>
    <testcase name="is_bool" classname="ext/standard/general_functions.is_bool">
    </testcase>
    <testcase name="is_callable_abstract_method" classname="ext/standard/general_functions.is_callable_abstract_method">
    </testcase>
    <testcase name="is_callable_anon" classname="ext/standard/general_functions.is_callable_anon">
    </testcase>
    <testcase name="is_callable_basic1" classname="ext/standard/general_functions.is_callable_basic1">
    </testcase>
    <testcase name="is_callable_basic2" classname="ext/standard/general_functions.is_callable_basic2">
    </testcase>
    <testcase name="is_callable_error" classname="ext/standard/general_functions.is_callable_error">
    </testcase>
    <testcase name="is_callable_variation1" classname="ext/standard/general_functions.is_callable_variation1">
    </testcase>
    <testcase name="is_callable_variation2" classname="ext/standard/general_functions.is_callable_variation2">
    </testcase>
    <testcase name="is_countable_with_classes" classname="ext/standard/general_functions.is_countable_with_classes">
    </testcase>
    <testcase name="is_countable_with_variables" classname="ext/standard/general_functions.is_countable_with_variables">
    </testcase>
    <testcase name="is_float" classname="ext/standard/general_functions.is_float">
      <skipped message="" />
    </testcase>
    <testcase name="is_float_64bit" classname="ext/standard/general_functions.is_float_64bit">
    </testcase>
    <testcase name="is_int" classname="ext/standard/general_functions.is_int">
      <skipped message="" />
    </testcase>
    <testcase name="is_int_64bit" classname="ext/standard/general_functions.is_int_64bit">
    </testcase>
    <testcase name="is_iterable" classname="ext/standard/general_functions.is_iterable">
    </testcase>
    <testcase name="is_null" classname="ext/standard/general_functions.is_null">
    </testcase>
    <testcase name="is_numeric" classname="ext/standard/general_functions.is_numeric">
    </testcase>
    <testcase name="is_object" classname="ext/standard/general_functions.is_object">
    </testcase>
    <testcase name="is_resource" classname="ext/standard/general_functions.is_resource">
    </testcase>
    <testcase name="is_resource_basic" classname="ext/standard/general_functions.is_resource_basic">
    </testcase>
    <testcase name="is_resource_error" classname="ext/standard/general_functions.is_resource_error">
    </testcase>
    <testcase name="is_scalar" classname="ext/standard/general_functions.is_scalar">
    </testcase>
    <testcase name="is_string" classname="ext/standard/general_functions.is_string">
    </testcase>
    <testcase name="isset_basic1" classname="ext/standard/general_functions.isset_basic1">
    </testcase>
    <testcase name="isset_basic2" classname="ext/standard/general_functions.isset_basic2">
    </testcase>
    <testcase name="ob_get_flush_basic" classname="ext/standard/general_functions.ob_get_flush_basic">
    </testcase>
    <testcase name="ob_get_flush_error" classname="ext/standard/general_functions.ob_get_flush_error">
    </testcase>
    <testcase name="ob_get_length_basic" classname="ext/standard/general_functions.ob_get_length_basic">
    </testcase>
    <testcase name="ob_start_closures" classname="ext/standard/general_functions.ob_start_closures">
    </testcase>
    <testcase name="output_add_rewrite_var_basic1" classname="ext/standard/general_functions.output_add_rewrite_var_basic1">
    </testcase>
    <testcase name="output_add_rewrite_var_basic2" classname="ext/standard/general_functions.output_add_rewrite_var_basic2">
    </testcase>
    <testcase name="output_add_rewrite_var_basic3" classname="ext/standard/general_functions.output_add_rewrite_var_basic3">
    </testcase>
    <testcase name="output_add_rewrite_var_basic4" classname="ext/standard/general_functions.output_add_rewrite_var_basic4">
    </testcase>
    <testcase name="parse_ini_basic" classname="ext/standard/general_functions.parse_ini_basic">
    </testcase>
    <testcase name="parse_ini_booleans" classname="ext/standard/general_functions.parse_ini_booleans">
    </testcase>
    <testcase name="parse_ini_file" classname="ext/standard/general_functions.parse_ini_file">
    </testcase>
    <testcase name="parse_ini_string_001" classname="ext/standard/general_functions.parse_ini_string_001">
    </testcase>
    <testcase name="parse_ini_string_002" classname="ext/standard/general_functions.parse_ini_string_002">
    </testcase>
    <testcase name="parse_ini_string_003" classname="ext/standard/general_functions.parse_ini_string_003">
    </testcase>
    <testcase name="parse_ini_string_bug76068" classname="ext/standard/general_functions.parse_ini_string_bug76068">
    </testcase>
    <testcase name="php_uname_basic" classname="ext/standard/general_functions.php_uname_basic">
    </testcase>
    <testcase name="php_uname_error" classname="ext/standard/general_functions.php_uname_error">
    </testcase>
    <testcase name="php_uname_variation1" classname="ext/standard/general_functions.php_uname_variation1">
    </testcase>
    <testcase name="phpcredits" classname="ext/standard/general_functions.phpcredits">
    </testcase>
    <testcase name="phpcredits2" classname="ext/standard/general_functions.phpcredits2">
    </testcase>
    <testcase name="phpinfo" classname="ext/standard/general_functions.phpinfo">
    </testcase>
    <testcase name="phpinfo2" classname="ext/standard/general_functions.phpinfo2">
    </testcase>
    <testcase name="print_r" classname="ext/standard/general_functions.print_r">
    </testcase>
    <testcase name="print_r_64bit" classname="ext/standard/general_functions.print_r_64bit">
    </testcase>
    <testcase name="proc_nice_basic-win" classname="ext/standard/general_functions.proc_nice_basic-win">
      <skipped message="" />
    </testcase>
    <testcase name="proc_nice_basic" classname="ext/standard/general_functions.proc_nice_basic">
      <skipped message="" />
    </testcase>
    <testcase name="proc_nice_error" classname="ext/standard/general_functions.proc_nice_error">
    </testcase>
    <testcase name="proc_nice_variation1" classname="ext/standard/general_functions.proc_nice_variation1">
    </testcase>
    <testcase name="proc_nice_variation2" classname="ext/standard/general_functions.proc_nice_variation2">
    </testcase>
    <testcase name="proc_nice_variation3" classname="ext/standard/general_functions.proc_nice_variation3">
    </testcase>
    <testcase name="proc_nice_variation5" classname="ext/standard/general_functions.proc_nice_variation5">
      <skipped message="" />
    </testcase>
    <testcase name="proc_nice_variation6" classname="ext/standard/general_functions.proc_nice_variation6">
    </testcase>
    <testcase name="proc_nice_variation7" classname="ext/standard/general_functions.proc_nice_variation7">
    </testcase>
    <testcase name="proc_open-win32-mb0" classname="ext/standard/general_functions.proc_open-win32-mb0">
      <skipped message="" />
    </testcase>
    <testcase name="proc_open-win32-mb1" classname="ext/standard/general_functions.proc_open-win32-mb1">
      <skipped message="" />
    </testcase>
    <testcase name="proc_open" classname="ext/standard/general_functions.proc_open">
    </testcase>
    <testcase name="proc_open02" classname="ext/standard/general_functions.proc_open02">
      <skipped message="" />
    </testcase>
    <testcase name="proc_open_pipes1" classname="ext/standard/general_functions.proc_open_pipes1">
    </testcase>
    <testcase name="proc_open_pipes2" classname="ext/standard/general_functions.proc_open_pipes2">
    </testcase>
    <testcase name="proc_open_pipes3" classname="ext/standard/general_functions.proc_open_pipes3">
    </testcase>
    <testcase name="putenv" classname="ext/standard/general_functions.putenv">
    </testcase>
    <testcase name="putenv_bug75574_cp936_win" classname="ext/standard/general_functions.putenv_bug75574_cp936_win">
      <skipped message="" />
    </testcase>
    <testcase name="putenv_bug75574_utf8" classname="ext/standard/general_functions.putenv_bug75574_utf8">
    </testcase>
    <testcase name="rand" classname="ext/standard/general_functions.rand">
    </testcase>
    <testcase name="sleep_basic" classname="ext/standard/general_functions.sleep_basic">
    </testcase>
    <testcase name="sleep_error" classname="ext/standard/general_functions.sleep_error">
    </testcase>
    <testcase name="strval" classname="ext/standard/general_functions.strval">
    </testcase>
    <testcase name="sys_getloadavg" classname="ext/standard/general_functions.sys_getloadavg">
      <skipped message="" />
    </testcase>
    <testcase name="type" classname="ext/standard/general_functions.type">
    </testcase>
    <testcase name="uniqid_basic" classname="ext/standard/general_functions.uniqid_basic">
    </testcase>
    <testcase name="uniqid_error" classname="ext/standard/general_functions.uniqid_error">
    </testcase>
    <testcase name="usleep_basic" classname="ext/standard/general_functions.usleep_basic">
    </testcase>
    <testcase name="usleep_error" classname="ext/standard/general_functions.usleep_error">
    </testcase>
    <testcase name="var_dump" classname="ext/standard/general_functions.var_dump">
      <skipped message="" />
    </testcase>
    <testcase name="var_dump_64bit" classname="ext/standard/general_functions.var_dump_64bit">
    </testcase>
    <testcase name="var_export-locale" classname="ext/standard/general_functions.var_export-locale">
      <skipped message="" />
    </testcase>
    <testcase name="var_export-locale_32" classname="ext/standard/general_functions.var_export-locale_32">
      <skipped message="" />
    </testcase>
    <testcase name="var_export_basic1" classname="ext/standard/general_functions.var_export_basic1">
    </testcase>
    <testcase name="var_export_basic1_32" classname="ext/standard/general_functions.var_export_basic1_32">
      <skipped message="" />
    </testcase>
    <testcase name="var_export_basic2" classname="ext/standard/general_functions.var_export_basic2">
    </testcase>
    <testcase name="var_export_basic3" classname="ext/standard/general_functions.var_export_basic3">
    </testcase>
    <testcase name="var_export_basic4" classname="ext/standard/general_functions.var_export_basic4">
    </testcase>
    <testcase name="var_export_basic5" classname="ext/standard/general_functions.var_export_basic5">
    </testcase>
    <testcase name="var_export_basic6" classname="ext/standard/general_functions.var_export_basic6">
    </testcase>
    <testcase name="var_export_basic7" classname="ext/standard/general_functions.var_export_basic7">
    </testcase>
    <testcase name="var_export_basic8" classname="ext/standard/general_functions.var_export_basic8">
    </testcase>
    <testcase name="var_export_basic9" classname="ext/standard/general_functions.var_export_basic9">
    </testcase>
    <testcase name="var_export_bug66179" classname="ext/standard/general_functions.var_export_bug66179">
    </testcase>
    <testcase name="var_export_bug71314" classname="ext/standard/general_functions.var_export_bug71314">
    </testcase>
    <testcase name="var_export_error1" classname="ext/standard/general_functions.var_export_error1">
    </testcase>
    <testcase name="var_export_error2" classname="ext/standard/general_functions.var_export_error2">
    </testcase>
    <testcase name="var_export_error3" classname="ext/standard/general_functions.var_export_error3">
    </testcase>
  </testsuite>
  <testsuite name="ext/standard/hrtime" tests="2" disabled="0" errors="0" failures="0" skipped="0">
    <testcase name="hrtime" classname="ext/standard/hrtime.hrtime">
    </testcase>
    <testcase name="hrtime_array" classname="ext/standard/hrtime.hrtime_array">
    </testcase>
  </testsuite>
  <testsuite name="ext/standard/http" tests="19" disabled="0" errors="0" failures="0" skipped="0">
    <testcase name="bug38802" classname="ext/standard/http.bug38802">
    </testcase>
    <testcase name="bug43510" classname="ext/standard/http.bug43510">
    </testcase>
    <testcase name="bug47021" classname="ext/standard/http.bug47021">
    </testcase>
    <testcase name="bug48929" classname="ext/standard/http.bug48929">
    </testcase>
    <testcase name="bug53198" classname="ext/standard/http.bug53198">
    </testcase>
    <testcase name="bug60570" classname="ext/standard/http.bug60570">
    </testcase>
    <testcase name="bug61548" classname="ext/standard/http.bug61548">
    </testcase>
    <testcase name="bug65634" classname="ext/standard/http.bug65634">
    </testcase>
    <testcase name="bug67430" classname="ext/standard/http.bug67430">
    </testcase>
    <testcase name="bug69337" classname="ext/standard/http.bug69337">
    </testcase>
    <testcase name="bug73297" classname="ext/standard/http.bug73297">
    </testcase>
    <testcase name="bug75535" classname="ext/standard/http.bug75535">
    </testcase>
    <testcase name="bug75981" classname="ext/standard/http.bug75981">
    </testcase>
    <testcase name="http_response_header_01" classname="ext/standard/http.http_response_header_01">
    </testcase>
    <testcase name="http_response_header_02" classname="ext/standard/http.http_response_header_02">
    </testcase>
    <testcase name="http_response_header_03" classname="ext/standard/http.http_response_header_03">
    </testcase>
    <testcase name="http_response_header_04" classname="ext/standard/http.http_response_header_04">
    </testcase>
    <testcase name="http_response_header_05" classname="ext/standard/http.http_response_header_05">
    </testcase>
    <testcase name="ignore_errors" classname="ext/standard/http.ignore_errors">
    </testcase>
  </testsuite>
  <testsuite name="ext/standard/image" tests="33" disabled="0" errors="0" failures="0" skipped="4">
    <testcase name="bug13213" classname="ext/standard/image.bug13213">
    </testcase>
    <testcase name="bug67250" classname="ext/standard/image.bug67250">
    </testcase>
    <testcase name="bug70052" classname="ext/standard/image.bug70052">
    </testcase>
    <testcase name="bug70096" classname="ext/standard/image.bug70096">
    </testcase>
    <testcase name="bug71848" classname="ext/standard/image.bug71848">
    </testcase>
    <testcase name="bug72278" classname="ext/standard/image.bug72278">
    </testcase>
    <testcase name="getimagesize" classname="ext/standard/image.getimagesize">
    </testcase>
    <testcase name="getimagesize_246x247" classname="ext/standard/image.getimagesize_246x247">
    </testcase>
    <testcase name="getimagesize_384x385" classname="ext/standard/image.getimagesize_384x385">
    </testcase>
    <testcase name="getimagesize_basic" classname="ext/standard/image.getimagesize_basic">
    </testcase>
    <testcase name="getimagesize_error1" classname="ext/standard/image.getimagesize_error1">
    </testcase>
    <testcase name="getimagesize_jpgapp" classname="ext/standard/image.getimagesize_jpgapp">
    </testcase>
    <testcase name="getimagesize_swc" classname="ext/standard/image.getimagesize_swc">
      <skipped message="" />
    </testcase>
    <testcase name="getimagesize_tif_mm" classname="ext/standard/image.getimagesize_tif_mm">
    </testcase>
    <testcase name="getimagesize_variation1" classname="ext/standard/image.getimagesize_variation1">
    </testcase>
    <testcase name="getimagesize_variation2" classname="ext/standard/image.getimagesize_variation2">
    </testcase>
    <testcase name="getimagesize_variation3" classname="ext/standard/image.getimagesize_variation3">
    </testcase>
    <testcase name="getimagesize_variation4" classname="ext/standard/image.getimagesize_variation4">
      <skipped message="" />
    </testcase>
    <testcase name="getimagesize_variation_003" classname="ext/standard/image.getimagesize_variation_003">
    </testcase>
    <testcase name="getimagesize_variation_005" classname="ext/standard/image.getimagesize_variation_005">
      <skipped message="" />
    </testcase>
    <testcase name="getimagesize_wbmp" classname="ext/standard/image.getimagesize_wbmp">
    </testcase>
    <testcase name="getimagesize_xbm" classname="ext/standard/image.getimagesize_xbm">
    </testcase>
    <testcase name="getimagesizefromstring1" classname="ext/standard/image.getimagesizefromstring1">
    </testcase>
    <testcase name="image_type_to_extension" classname="ext/standard/image.image_type_to_extension">
    </testcase>
    <testcase name="image_type_to_mime_type" classname="ext/standard/image.image_type_to_mime_type">
    </testcase>
    <testcase name="image_type_to_mime_type_basic" classname="ext/standard/image.image_type_to_mime_type_basic">
    </testcase>
    <testcase name="image_type_to_mime_type_error" classname="ext/standard/image.image_type_to_mime_type_error">
    </testcase>
    <testcase name="image_type_to_mime_type_variation1" classname="ext/standard/image.image_type_to_mime_type_variation1">
    </testcase>
    <testcase name="image_type_to_mime_type_variation2" classname="ext/standard/image.image_type_to_mime_type_variation2">
    </testcase>
    <testcase name="image_type_to_mime_type_variation3" classname="ext/standard/image.image_type_to_mime_type_variation3">
    </testcase>
    <testcase name="image_type_to_mime_type_variation4" classname="ext/standard/image.image_type_to_mime_type_variation4">
      <skipped message="" />
    </testcase>
    <testcase name="iptcembed_001" classname="ext/standard/image.iptcembed_001">
    </testcase>
    <testcase name="iptcembed_002" classname="ext/standard/image.iptcembed_002">
    </testcase>
  </testsuite>
  <testsuite name="ext/standard/ini_info" tests="2" disabled="0" errors="0" failures="0" skipped="0">
    <testcase name="php_ini_loaded_file" classname="ext/standard/ini_info.php_ini_loaded_file">
    </testcase>
    <testcase name="php_ini_scanned_files" classname="ext/standard/ini_info.php_ini_scanned_files">
    </testcase>
  </testsuite>
  <testsuite name="ext/standard/mail" tests="28" disabled="0" errors="0" failures="0" skipped="8">
    <testcase name="bug51604" classname="ext/standard/mail.bug51604">
    </testcase>
    <testcase name="bug66535" classname="ext/standard/mail.bug66535">
    </testcase>
    <testcase name="bug69115" classname="ext/standard/mail.bug69115">
      <skipped message="" />
    </testcase>
    <testcase name="bug69874" classname="ext/standard/mail.bug69874">
    </testcase>
    <testcase name="bug69874_2" classname="ext/standard/mail.bug69874_2">
    </testcase>
    <testcase name="bug73203" classname="ext/standard/mail.bug73203">
    </testcase>
    <testcase name="ezmlm_hash_basic" classname="ext/standard/mail.ezmlm_hash_basic">
    </testcase>
    <testcase name="ezmlm_hash_basic_64bit" classname="ext/standard/mail.ezmlm_hash_basic_64bit">
    </testcase>
    <testcase name="ezmlm_hash_error" classname="ext/standard/mail.ezmlm_hash_error">
    </testcase>
    <testcase name="ezmlm_hash_variation1" classname="ext/standard/mail.ezmlm_hash_variation1">
    </testcase>
    <testcase name="mail_basic" classname="ext/standard/mail.mail_basic">
    </testcase>
    <testcase name="mail_basic2" classname="ext/standard/mail.mail_basic2">
    </testcase>
    <testcase name="mail_basic3" classname="ext/standard/mail.mail_basic3">
    </testcase>
    <testcase name="mail_basic4" classname="ext/standard/mail.mail_basic4">
    </testcase>
    <testcase name="mail_basic5" classname="ext/standard/mail.mail_basic5">
    </testcase>
    <testcase name="mail_basic6" classname="ext/standard/mail.mail_basic6">
    </testcase>
    <testcase name="mail_basic7" classname="ext/standard/mail.mail_basic7">
    </testcase>
    <testcase name="mail_basic_alt1-win32" classname="ext/standard/mail.mail_basic_alt1-win32">
      <skipped message="" />
    </testcase>
    <testcase name="mail_basic_alt2-win32" classname="ext/standard/mail.mail_basic_alt2-win32">
      <skipped message="" />
    </testcase>
    <testcase name="mail_basic_alt3-win32" classname="ext/standard/mail.mail_basic_alt3-win32">
      <skipped message="" />
    </testcase>
    <testcase name="mail_basic_alt4-win32" classname="ext/standard/mail.mail_basic_alt4-win32">
      <skipped message="" />
    </testcase>
    <testcase name="mail_error" classname="ext/standard/mail.mail_error">
    </testcase>
    <testcase name="mail_log" classname="ext/standard/mail.mail_log">
    </testcase>
    <testcase name="mail_variation1" classname="ext/standard/mail.mail_variation1">
    </testcase>
    <testcase name="mail_variation2" classname="ext/standard/mail.mail_variation2">
    </testcase>
    <testcase name="mail_variation_alt1-win32" classname="ext/standard/mail.mail_variation_alt1-win32">
      <skipped message="" />
    </testcase>
    <testcase name="mail_variation_alt2-win32" classname="ext/standard/mail.mail_variation_alt2-win32">
      <skipped message="" />
    </testcase>
    <testcase name="mail_variation_alt3-win32" classname="ext/standard/mail.mail_variation_alt3-win32">
      <skipped message="" />
    </testcase>
  </testsuite>
  <testsuite name="ext/standard/math" tests="223" disabled="0" errors="0" failures="0" skipped="18">
    <testcase name="abs" classname="ext/standard/math.abs">
    </testcase>
    <testcase name="abs_basic" classname="ext/standard/math.abs_basic">
    </testcase>
    <testcase name="abs_basiclong_64bit" classname="ext/standard/math.abs_basiclong_64bit">
    </testcase>
    <testcase name="abs_error" classname="ext/standard/math.abs_error">
    </testcase>
    <testcase name="abs_variation" classname="ext/standard/math.abs_variation">
    </testcase>
    <testcase name="acos_basic" classname="ext/standard/math.acos_basic">
    </testcase>
    <testcase name="acos_basiclong_64bit" classname="ext/standard/math.acos_basiclong_64bit">
    </testcase>
    <testcase name="acos_error" classname="ext/standard/math.acos_error">
    </testcase>
    <testcase name="acos_variation" classname="ext/standard/math.acos_variation">
    </testcase>
    <testcase name="acosh_basic" classname="ext/standard/math.acosh_basic">
    </testcase>
    <testcase name="acosh_basiclong_64bit" classname="ext/standard/math.acosh_basiclong_64bit">
    </testcase>
    <testcase name="acosh_error" classname="ext/standard/math.acosh_error">
    </testcase>
    <testcase name="acosh_variation" classname="ext/standard/math.acosh_variation">
    </testcase>
    <testcase name="asin_basic" classname="ext/standard/math.asin_basic">
    </testcase>
    <testcase name="asin_basiclong_64bit" classname="ext/standard/math.asin_basiclong_64bit">
    </testcase>
    <testcase name="asin_error" classname="ext/standard/math.asin_error">
    </testcase>
    <testcase name="asin_variation" classname="ext/standard/math.asin_variation">
    </testcase>
    <testcase name="asinh_basic" classname="ext/standard/math.asinh_basic">
    </testcase>
    <testcase name="asinh_basiclong_64bit" classname="ext/standard/math.asinh_basiclong_64bit">
    </testcase>
    <testcase name="asinh_error" classname="ext/standard/math.asinh_error">
    </testcase>
    <testcase name="asinh_variation" classname="ext/standard/math.asinh_variation">
    </testcase>
    <testcase name="atan2_basic" classname="ext/standard/math.atan2_basic">
    </testcase>
    <testcase name="atan2_basiclong_64bit" classname="ext/standard/math.atan2_basiclong_64bit">
    </testcase>
    <testcase name="atan2_error" classname="ext/standard/math.atan2_error">
    </testcase>
    <testcase name="atan2_variation1" classname="ext/standard/math.atan2_variation1">
    </testcase>
    <testcase name="atan2_variation2" classname="ext/standard/math.atan2_variation2">
    </testcase>
    <testcase name="atan_basic" classname="ext/standard/math.atan_basic">
    </testcase>
    <testcase name="atan_basiclong_64bit" classname="ext/standard/math.atan_basiclong_64bit">
    </testcase>
    <testcase name="atan_error" classname="ext/standard/math.atan_error">
    </testcase>
    <testcase name="atan_variation" classname="ext/standard/math.atan_variation">
    </testcase>
    <testcase name="atanh_basic" classname="ext/standard/math.atanh_basic">
    </testcase>
    <testcase name="atanh_basiclong_64bit" classname="ext/standard/math.atanh_basiclong_64bit">
    </testcase>
    <testcase name="atanh_error" classname="ext/standard/math.atanh_error">
    </testcase>
    <testcase name="atanh_variation" classname="ext/standard/math.atanh_variation">
    </testcase>
    <testcase name="base_convert_basic" classname="ext/standard/math.base_convert_basic">
    </testcase>
    <testcase name="base_convert_error" classname="ext/standard/math.base_convert_error">
    </testcase>
    <testcase name="base_convert_variation1" classname="ext/standard/math.base_convert_variation1">
    </testcase>
    <testcase name="base_convert_variation2" classname="ext/standard/math.base_convert_variation2">
    </testcase>
    <testcase name="base_convert_variation3" classname="ext/standard/math.base_convert_variation3">
    </testcase>
    <testcase name="bindec_basic" classname="ext/standard/math.bindec_basic">
      <skipped message="" />
    </testcase>
    <testcase name="bindec_basic_64bit" classname="ext/standard/math.bindec_basic_64bit">
    </testcase>
    <testcase name="bindec_basiclong_64bit" classname="ext/standard/math.bindec_basiclong_64bit">
    </testcase>
    <testcase name="bindec_error" classname="ext/standard/math.bindec_error">
    </testcase>
    <testcase name="bindec_variation1" classname="ext/standard/math.bindec_variation1">
      <skipped message="" />
    </testcase>
    <testcase name="bindec_variation1_64bit" classname="ext/standard/math.bindec_variation1_64bit">
    </testcase>
    <testcase name="bug21523" classname="ext/standard/math.bug21523">
    </testcase>
    <testcase name="bug24142" classname="ext/standard/math.bug24142">
    </testcase>
    <testcase name="bug25665" classname="ext/standard/math.bug25665">
    </testcase>
    <testcase name="bug25694" classname="ext/standard/math.bug25694">
    </testcase>
    <testcase name="bug27646" classname="ext/standard/math.bug27646">
    </testcase>
    <testcase name="bug28228" classname="ext/standard/math.bug28228">
    </testcase>
    <testcase name="bug30069" classname="ext/standard/math.bug30069">
    </testcase>
    <testcase name="bug30695" classname="ext/standard/math.bug30695">
    </testcase>
    <testcase name="bug45712" classname="ext/standard/math.bug45712">
    </testcase>
    <testcase name="bug62112" classname="ext/standard/math.bug62112">
    </testcase>
    <testcase name="bug74039" classname="ext/standard/math.bug74039">
    </testcase>
    <testcase name="bug75170" classname="ext/standard/math.bug75170">
    </testcase>
    <testcase name="bug75514" classname="ext/standard/math.bug75514">
    </testcase>
    <testcase name="ceil_basic" classname="ext/standard/math.ceil_basic">
      <skipped message="" />
    </testcase>
    <testcase name="ceil_basiclong_64bit" classname="ext/standard/math.ceil_basiclong_64bit">
    </testcase>
    <testcase name="ceil_error" classname="ext/standard/math.ceil_error">
    </testcase>
    <testcase name="ceil_variation1" classname="ext/standard/math.ceil_variation1">
    </testcase>
    <testcase name="constants" classname="ext/standard/math.constants">
    </testcase>
    <testcase name="constants_basic" classname="ext/standard/math.constants_basic">
    </testcase>
    <testcase name="cos_basic" classname="ext/standard/math.cos_basic">
    </testcase>
    <testcase name="cos_basiclong_64bit" classname="ext/standard/math.cos_basiclong_64bit">
      <skipped message="" />
    </testcase>
    <testcase name="cos_error" classname="ext/standard/math.cos_error">
    </testcase>
    <testcase name="cos_variation" classname="ext/standard/math.cos_variation">
    </testcase>
    <testcase name="cosh_basic" classname="ext/standard/math.cosh_basic">
    </testcase>
    <testcase name="cosh_basiclong_64bit" classname="ext/standard/math.cosh_basiclong_64bit">
    </testcase>
    <testcase name="cosh_error" classname="ext/standard/math.cosh_error">
    </testcase>
    <testcase name="cosh_variation" classname="ext/standard/math.cosh_variation">
    </testcase>
    <testcase name="decbin_basic" classname="ext/standard/math.decbin_basic">
    </testcase>
    <testcase name="decbin_basiclong_64bit" classname="ext/standard/math.decbin_basiclong_64bit">
    </testcase>
    <testcase name="decbin_error" classname="ext/standard/math.decbin_error">
    </testcase>
    <testcase name="decbin_variation1" classname="ext/standard/math.decbin_variation1">
      <skipped message="" />
    </testcase>
    <testcase name="decbin_variation1_64bit" classname="ext/standard/math.decbin_variation1_64bit">
    </testcase>
    <testcase name="dechex_basic" classname="ext/standard/math.dechex_basic">
    </testcase>
    <testcase name="dechex_basiclong_64bit" classname="ext/standard/math.dechex_basiclong_64bit">
    </testcase>
    <testcase name="dechex_error" classname="ext/standard/math.dechex_error">
    </testcase>
    <testcase name="dechex_variation1" classname="ext/standard/math.dechex_variation1">
      <skipped message="" />
    </testcase>
    <testcase name="dechex_variation1_64bit" classname="ext/standard/math.dechex_variation1_64bit">
    </testcase>
    <testcase name="decoct_basic" classname="ext/standard/math.decoct_basic">
    </testcase>
    <testcase name="decoct_basiclong_64bit" classname="ext/standard/math.decoct_basiclong_64bit">
    </testcase>
    <testcase name="decoct_error" classname="ext/standard/math.decoct_error">
    </testcase>
    <testcase name="decoct_variation1" classname="ext/standard/math.decoct_variation1">
      <skipped message="" />
    </testcase>
    <testcase name="decoct_variation1_64bit" classname="ext/standard/math.decoct_variation1_64bit">
    </testcase>
    <testcase name="deg2rad_basic" classname="ext/standard/math.deg2rad_basic">
    </testcase>
    <testcase name="deg2rad_basiclong_64bit" classname="ext/standard/math.deg2rad_basiclong_64bit">
    </testcase>
    <testcase name="deg2rad_error" classname="ext/standard/math.deg2rad_error">
    </testcase>
    <testcase name="deg2rad_variation" classname="ext/standard/math.deg2rad_variation">
    </testcase>
    <testcase name="exp_basic" classname="ext/standard/math.exp_basic">
    </testcase>
    <testcase name="exp_basiclong_64bit" classname="ext/standard/math.exp_basiclong_64bit">
    </testcase>
    <testcase name="exp_error" classname="ext/standard/math.exp_error">
    </testcase>
    <testcase name="exp_variation1" classname="ext/standard/math.exp_variation1">
    </testcase>
    <testcase name="expm1_basic" classname="ext/standard/math.expm1_basic">
    </testcase>
    <testcase name="expm1_basiclong_64bit" classname="ext/standard/math.expm1_basiclong_64bit">
    </testcase>
    <testcase name="expm1_error" classname="ext/standard/math.expm1_error">
    </testcase>
    <testcase name="expm1_variation1" classname="ext/standard/math.expm1_variation1">
    </testcase>
    <testcase name="floor_basic" classname="ext/standard/math.floor_basic">
    </testcase>
    <testcase name="floor_basiclong_64bit" classname="ext/standard/math.floor_basiclong_64bit">
    </testcase>
    <testcase name="floor_error" classname="ext/standard/math.floor_error">
    </testcase>
    <testcase name="floor_variation1" classname="ext/standard/math.floor_variation1">
    </testcase>
    <testcase name="floorceil" classname="ext/standard/math.floorceil">
    </testcase>
    <testcase name="fmod_basic" classname="ext/standard/math.fmod_basic">
    </testcase>
    <testcase name="fmod_basiclong_64bit" classname="ext/standard/math.fmod_basiclong_64bit">
    </testcase>
    <testcase name="fmod_error" classname="ext/standard/math.fmod_error">
    </testcase>
    <testcase name="fmod_variation1" classname="ext/standard/math.fmod_variation1">
    </testcase>
    <testcase name="fmod_variation2" classname="ext/standard/math.fmod_variation2">
    </testcase>
    <testcase name="getrandmax_basic" classname="ext/standard/math.getrandmax_basic">
    </testcase>
    <testcase name="getrandmax_error" classname="ext/standard/math.getrandmax_error">
    </testcase>
    <testcase name="hexdec" classname="ext/standard/math.hexdec">
    </testcase>
    <testcase name="hexdec_basic" classname="ext/standard/math.hexdec_basic">
      <skipped message="" />
    </testcase>
    <testcase name="hexdec_basic_64bit" classname="ext/standard/math.hexdec_basic_64bit">
    </testcase>
    <testcase name="hexdec_basiclong_64bit" classname="ext/standard/math.hexdec_basiclong_64bit">
    </testcase>
    <testcase name="hexdec_error" classname="ext/standard/math.hexdec_error">
    </testcase>
    <testcase name="hexdec_variation1" classname="ext/standard/math.hexdec_variation1">
      <skipped message="" />
    </testcase>
    <testcase name="hexdec_variation1_64bit" classname="ext/standard/math.hexdec_variation1_64bit">
    </testcase>
    <testcase name="hypot_basic" classname="ext/standard/math.hypot_basic">
    </testcase>
    <testcase name="hypot_basiclong_64bit" classname="ext/standard/math.hypot_basiclong_64bit">
    </testcase>
    <testcase name="hypot_error" classname="ext/standard/math.hypot_error">
    </testcase>
    <testcase name="hypot_variation1" classname="ext/standard/math.hypot_variation1">
    </testcase>
    <testcase name="hypot_variation2" classname="ext/standard/math.hypot_variation2">
    </testcase>
    <testcase name="intdiv" classname="ext/standard/math.intdiv">
    </testcase>
    <testcase name="intdiv_64bit" classname="ext/standard/math.intdiv_64bit">
    </testcase>
    <testcase name="is_finite_basic" classname="ext/standard/math.is_finite_basic">
    </testcase>
    <testcase name="is_finite_basiclong_64bit" classname="ext/standard/math.is_finite_basiclong_64bit">
    </testcase>
    <testcase name="is_finite_error" classname="ext/standard/math.is_finite_error">
    </testcase>
    <testcase name="is_finite_variation1" classname="ext/standard/math.is_finite_variation1">
    </testcase>
    <testcase name="is_infinite_basic" classname="ext/standard/math.is_infinite_basic">
    </testcase>
    <testcase name="is_infinite_basiclong_64bit" classname="ext/standard/math.is_infinite_basiclong_64bit">
    </testcase>
    <testcase name="is_infinite_error" classname="ext/standard/math.is_infinite_error">
    </testcase>
    <testcase name="is_infinite_variation1" classname="ext/standard/math.is_infinite_variation1">
    </testcase>
    <testcase name="is_nan_basic" classname="ext/standard/math.is_nan_basic">
    </testcase>
    <testcase name="is_nan_basiclong_64bit" classname="ext/standard/math.is_nan_basiclong_64bit">
    </testcase>
    <testcase name="is_nan_error" classname="ext/standard/math.is_nan_error">
    </testcase>
    <testcase name="is_nan_variation1" classname="ext/standard/math.is_nan_variation1">
    </testcase>
    <testcase name="lcg_value_basic" classname="ext/standard/math.lcg_value_basic">
    </testcase>
    <testcase name="log" classname="ext/standard/math.log">
    </testcase>
    <testcase name="log10_basic" classname="ext/standard/math.log10_basic">
    </testcase>
    <testcase name="log10_basiclong_64bit" classname="ext/standard/math.log10_basiclong_64bit">
    </testcase>
    <testcase name="log10_error" classname="ext/standard/math.log10_error">
    </testcase>
    <testcase name="log10_variation" classname="ext/standard/math.log10_variation">
    </testcase>
    <testcase name="log1p_basic" classname="ext/standard/math.log1p_basic">
    </testcase>
    <testcase name="log1p_basiclong_64bit" classname="ext/standard/math.log1p_basiclong_64bit">
    </testcase>
    <testcase name="log1p_error" classname="ext/standard/math.log1p_error">
    </testcase>
    <testcase name="log1p_variation1" classname="ext/standard/math.log1p_variation1">
    </testcase>
    <testcase name="log_basic" classname="ext/standard/math.log_basic">
    </testcase>
    <testcase name="log_basiclong_64bit" classname="ext/standard/math.log_basiclong_64bit">
    </testcase>
    <testcase name="log_error" classname="ext/standard/math.log_error">
    </testcase>
    <testcase name="log_variation1" classname="ext/standard/math.log_variation1">
    </testcase>
    <testcase name="log_variation2" classname="ext/standard/math.log_variation2">
    </testcase>
    <testcase name="mt_getrandmax_basic" classname="ext/standard/math.mt_getrandmax_basic">
    </testcase>
    <testcase name="mt_getrandmax_error" classname="ext/standard/math.mt_getrandmax_error">
    </testcase>
    <testcase name="mt_rand_basic" classname="ext/standard/math.mt_rand_basic">
    </testcase>
    <testcase name="mt_rand_error" classname="ext/standard/math.mt_rand_error">
    </testcase>
    <testcase name="mt_rand_value" classname="ext/standard/math.mt_rand_value">
    </testcase>
    <testcase name="mt_rand_variation1" classname="ext/standard/math.mt_rand_variation1">
    </testcase>
    <testcase name="mt_rand_variation2" classname="ext/standard/math.mt_rand_variation2">
      <skipped message="" />
    </testcase>
    <testcase name="mt_srand_basic" classname="ext/standard/math.mt_srand_basic">
    </testcase>
    <testcase name="mt_srand_error" classname="ext/standard/math.mt_srand_error">
    </testcase>
    <testcase name="mt_srand_variation1" classname="ext/standard/math.mt_srand_variation1">
      <skipped message="" />
    </testcase>
    <testcase name="number_format_basic" classname="ext/standard/math.number_format_basic">
    </testcase>
    <testcase name="number_format_multichar" classname="ext/standard/math.number_format_multichar">
    </testcase>
    <testcase name="number_format_negative_zero" classname="ext/standard/math.number_format_negative_zero">
    </testcase>
    <testcase name="octdec_basic" classname="ext/standard/math.octdec_basic">
      <skipped message="" />
    </testcase>
    <testcase name="octdec_basic_64bit" classname="ext/standard/math.octdec_basic_64bit">
    </testcase>
    <testcase name="octdec_basiclong_64bit" classname="ext/standard/math.octdec_basiclong_64bit">
    </testcase>
    <testcase name="octdec_error" classname="ext/standard/math.octdec_error">
    </testcase>
    <testcase name="octdec_variation1" classname="ext/standard/math.octdec_variation1">
    </testcase>
    <testcase name="pi_basic" classname="ext/standard/math.pi_basic">
    </testcase>
    <testcase name="pow-operator" classname="ext/standard/math.pow-operator">
    </testcase>
    <testcase name="pow" classname="ext/standard/math.pow">
    </testcase>
    <testcase name="pow_basic" classname="ext/standard/math.pow_basic">
      <skipped message="" />
    </testcase>
    <testcase name="pow_basic2" classname="ext/standard/math.pow_basic2">
    </testcase>
    <testcase name="pow_basic_64bit" classname="ext/standard/math.pow_basic_64bit">
    </testcase>
    <testcase name="pow_basiclong_64bit" classname="ext/standard/math.pow_basiclong_64bit">
    </testcase>
    <testcase name="pow_error" classname="ext/standard/math.pow_error">
    </testcase>
    <testcase name="pow_variation1" classname="ext/standard/math.pow_variation1">
      <skipped message="" />
    </testcase>
    <testcase name="pow_variation1_64bit" classname="ext/standard/math.pow_variation1_64bit">
    </testcase>
    <testcase name="pow_variation2" classname="ext/standard/math.pow_variation2">
    </testcase>
    <testcase name="rad2deg_basic" classname="ext/standard/math.rad2deg_basic">
    </testcase>
    <testcase name="rad2deg_basiclong_64bit" classname="ext/standard/math.rad2deg_basiclong_64bit">
    </testcase>
    <testcase name="rad2deg_error" classname="ext/standard/math.rad2deg_error">
    </testcase>
    <testcase name="rad2deg_variation" classname="ext/standard/math.rad2deg_variation">
    </testcase>
    <testcase name="rand_basic" classname="ext/standard/math.rand_basic">
    </testcase>
    <testcase name="rand_error" classname="ext/standard/math.rand_error">
    </testcase>
    <testcase name="rand_inverted_order" classname="ext/standard/math.rand_inverted_order">
    </testcase>
    <testcase name="rand_variation1" classname="ext/standard/math.rand_variation1">
      <skipped message="" />
    </testcase>
    <testcase name="rand_variation2" classname="ext/standard/math.rand_variation2">
      <skipped message="" />
    </testcase>
    <testcase name="round" classname="ext/standard/math.round">
    </testcase>
    <testcase name="round_basic" classname="ext/standard/math.round_basic">
    </testcase>
    <testcase name="round_basiclong_64bit" classname="ext/standard/math.round_basiclong_64bit">
    </testcase>
    <testcase name="round_bug71201" classname="ext/standard/math.round_bug71201">
    </testcase>
    <testcase name="round_error" classname="ext/standard/math.round_error">
    </testcase>
    <testcase name="round_large_exp" classname="ext/standard/math.round_large_exp">
    </testcase>
    <testcase name="round_modes" classname="ext/standard/math.round_modes">
    </testcase>
    <testcase name="round_prerounding" classname="ext/standard/math.round_prerounding">
    </testcase>
    <testcase name="round_variation1" classname="ext/standard/math.round_variation1">
    </testcase>
    <testcase name="round_variation2" classname="ext/standard/math.round_variation2">
    </testcase>
    <testcase name="sin_basic" classname="ext/standard/math.sin_basic">
    </testcase>
    <testcase name="sin_basiclong_64bit" classname="ext/standard/math.sin_basiclong_64bit">
      <skipped message="" />
    </testcase>
    <testcase name="sin_error" classname="ext/standard/math.sin_error">
    </testcase>
    <testcase name="sin_variation" classname="ext/standard/math.sin_variation">
    </testcase>
    <testcase name="sinh_basic" classname="ext/standard/math.sinh_basic">
    </testcase>
    <testcase name="sinh_basiclong_64bit" classname="ext/standard/math.sinh_basiclong_64bit">
    </testcase>
    <testcase name="sinh_error" classname="ext/standard/math.sinh_error">
    </testcase>
    <testcase name="sinh_variation" classname="ext/standard/math.sinh_variation">
    </testcase>
    <testcase name="sqrt_basic" classname="ext/standard/math.sqrt_basic">
    </testcase>
    <testcase name="sqrt_basiclong_64bit" classname="ext/standard/math.sqrt_basiclong_64bit">
    </testcase>
    <testcase name="sqrt_error" classname="ext/standard/math.sqrt_error">
    </testcase>
    <testcase name="sqrt_variation" classname="ext/standard/math.sqrt_variation">
    </testcase>
    <testcase name="srand_basic" classname="ext/standard/math.srand_basic">
    </testcase>
    <testcase name="srand_error" classname="ext/standard/math.srand_error">
    </testcase>
    <testcase name="srand_variation1" classname="ext/standard/math.srand_variation1">
      <skipped message="" />
    </testcase>
    <testcase name="tan_basic" classname="ext/standard/math.tan_basic">
    </testcase>
    <testcase name="tan_basiclong_64bit" classname="ext/standard/math.tan_basiclong_64bit">
    </testcase>
    <testcase name="tan_error" classname="ext/standard/math.tan_error">
    </testcase>
    <testcase name="tan_variation" classname="ext/standard/math.tan_variation">
    </testcase>
    <testcase name="tanh_basic" classname="ext/standard/math.tanh_basic">
    </testcase>
    <testcase name="tanh_basiclong_64bit" classname="ext/standard/math.tanh_basiclong_64bit">
    </testcase>
    <testcase name="tanh_error" classname="ext/standard/math.tanh_error">
    </testcase>
    <testcase name="tanh_variation" classname="ext/standard/math.tanh_variation">
    </testcase>
  </testsuite>
  <testsuite name="ext/standard/misc" tests="22" disabled="0" errors="0" failures="0" skipped="0">
    <testcase name="bug65550" classname="ext/standard/misc.bug65550">
    </testcase>
    <testcase name="bug69983" classname="ext/standard/misc.bug69983">
    </testcase>
    <testcase name="bug77338" classname="ext/standard/misc.bug77338">
    </testcase>
    <testcase name="exec_basic1" classname="ext/standard/misc.exec_basic1">
    </testcase>
    <testcase name="get_browser_basic" classname="ext/standard/misc.get_browser_basic">
    </testcase>
    <testcase name="get_browser_error" classname="ext/standard/misc.get_browser_error">
    </testcase>
    <testcase name="get_browser_no_default" classname="ext/standard/misc.get_browser_no_default">
    </testcase>
    <testcase name="get_browser_variation1" classname="ext/standard/misc.get_browser_variation1">
    </testcase>
    <testcase name="get_browser_variation2" classname="ext/standard/misc.get_browser_variation2">
    </testcase>
    <testcase name="get_browser_variation3" classname="ext/standard/misc.get_browser_variation3">
    </testcase>
    <testcase name="syslog_basic" classname="ext/standard/misc.syslog_basic">
    </testcase>
    <testcase name="syslog_parameters" classname="ext/standard/misc.syslog_parameters">
    </testcase>
    <testcase name="time_nanosleep_basic" classname="ext/standard/misc.time_nanosleep_basic">
    </testcase>
    <testcase name="time_nanosleep_error1" classname="ext/standard/misc.time_nanosleep_error1">
    </testcase>
    <testcase name="time_nanosleep_error2" classname="ext/standard/misc.time_nanosleep_error2">
    </testcase>
    <testcase name="time_nanosleep_error3" classname="ext/standard/misc.time_nanosleep_error3">
    </testcase>
    <testcase name="time_nanosleep_error4" classname="ext/standard/misc.time_nanosleep_error4">
    </testcase>
    <testcase name="time_nanosleep_error5" classname="ext/standard/misc.time_nanosleep_error5">
    </testcase>
    <testcase name="time_sleep_until_basic" classname="ext/standard/misc.time_sleep_until_basic">
    </testcase>
    <testcase name="time_sleep_until_error1" classname="ext/standard/misc.time_sleep_until_error1">
    </testcase>
    <testcase name="time_sleep_until_error2" classname="ext/standard/misc.time_sleep_until_error2">
    </testcase>
    <testcase name="time_sleep_until_error3" classname="ext/standard/misc.time_sleep_until_error3">
    </testcase>
  </testsuite>
  <testsuite name="ext/standard/network" tests="61" disabled="0" errors="0" failures="0" skipped="12">
    <testcase name="bug20134" classname="ext/standard/network.bug20134">
    </testcase>
    <testcase name="bug41347" classname="ext/standard/network.bug41347">
    </testcase>
    <testcase name="bug55472" classname="ext/standard/network.bug55472">
    </testcase>
    <testcase name="bug64330" classname="ext/standard/network.bug64330">
      <skipped message="" />
    </testcase>
    <testcase name="bug68925" classname="ext/standard/network.bug68925">
    </testcase>
    <testcase name="bug69523" classname="ext/standard/network.bug69523">
    </testcase>
    <testcase name="bug69948" classname="ext/standard/network.bug69948">
    </testcase>
    <testcase name="bug72071" classname="ext/standard/network.bug72071">
    </testcase>
    <testcase name="bug73594" classname="ext/standard/network.bug73594">
      <skipped message="" />
    </testcase>
    <testcase name="bug73594a" classname="ext/standard/network.bug73594a">
      <skipped message="" />
    </testcase>
    <testcase name="bug74764" classname="ext/standard/network.bug74764">
      <skipped message="" />
    </testcase>
    <testcase name="bug76755" classname="ext/standard/network.bug76755">
    </testcase>
    <testcase name="closelog_basic" classname="ext/standard/network.closelog_basic">
    </testcase>
    <testcase name="closelog_error" classname="ext/standard/network.closelog_error">
    </testcase>
    <testcase name="fsockopen_basic" classname="ext/standard/network.fsockopen_basic">
    </testcase>
    <testcase name="fsockopen_error" classname="ext/standard/network.fsockopen_error">
    </testcase>
    <testcase name="fsockopen_variation1" classname="ext/standard/network.fsockopen_variation1">
    </testcase>
    <testcase name="fsockopen_variation2" classname="ext/standard/network.fsockopen_variation2">
    </testcase>
    <testcase name="gethostbyaddr_basic1" classname="ext/standard/network.gethostbyaddr_basic1">
    </testcase>
    <testcase name="gethostbyaddr_error" classname="ext/standard/network.gethostbyaddr_error">
    </testcase>
    <testcase name="gethostbyname_basic001" classname="ext/standard/network.gethostbyname_basic001">
    </testcase>
    <testcase name="gethostbyname_basic003" classname="ext/standard/network.gethostbyname_basic003">
    </testcase>
    <testcase name="gethostbyname_error001" classname="ext/standard/network.gethostbyname_error001">
    </testcase>
    <testcase name="gethostbyname_error002" classname="ext/standard/network.gethostbyname_error002">
    </testcase>
    <testcase name="gethostbyname_error003" classname="ext/standard/network.gethostbyname_error003">
    </testcase>
    <testcase name="gethostbyname_error004" classname="ext/standard/network.gethostbyname_error004">
    </testcase>
    <testcase name="gethostbyname_error005" classname="ext/standard/network.gethostbyname_error005">
    </testcase>
    <testcase name="gethostbyname_error006" classname="ext/standard/network.gethostbyname_error006">
    </testcase>
    <testcase name="gethostbynamel_basic1" classname="ext/standard/network.gethostbynamel_basic1">
    </testcase>
    <testcase name="gethostbynamel_error" classname="ext/standard/network.gethostbynamel_error">
    </testcase>
    <testcase name="gethostname" classname="ext/standard/network.gethostname">
    </testcase>
    <testcase name="getmxrr" classname="ext/standard/network.getmxrr">
      <skipped message="" />
    </testcase>
    <testcase name="getprotobyname_basic" classname="ext/standard/network.getprotobyname_basic">
    </testcase>
    <testcase name="getprotobyname_error" classname="ext/standard/network.getprotobyname_error">
    </testcase>
    <testcase name="getprotobynumber_basic" classname="ext/standard/network.getprotobynumber_basic">
    </testcase>
    <testcase name="getprotobynumber_error" classname="ext/standard/network.getprotobynumber_error">
    </testcase>
    <testcase name="http-stream" classname="ext/standard/network.http-stream">
    </testcase>
    <testcase name="inet" classname="ext/standard/network.inet">
    </testcase>
    <testcase name="inet_ipv6" classname="ext/standard/network.inet_ipv6">
    </testcase>
    <testcase name="ip" classname="ext/standard/network.ip">
      <skipped message="" />
    </testcase>
    <testcase name="ip2long_error" classname="ext/standard/network.ip2long_error">
    </testcase>
    <testcase name="ip2long_variation1" classname="ext/standard/network.ip2long_variation1">
    </testcase>
    <testcase name="ip2long_variation2" classname="ext/standard/network.ip2long_variation2">
      <skipped message="" />
    </testcase>
    <testcase name="ip2long_variation2_x64" classname="ext/standard/network.ip2long_variation2_x64">
      <skipped message="" />
    </testcase>
    <testcase name="ip_x86_64" classname="ext/standard/network.ip_x86_64">
    </testcase>
    <testcase name="long2ip_error" classname="ext/standard/network.long2ip_error">
    </testcase>
    <testcase name="long2ip_variation1" classname="ext/standard/network.long2ip_variation1">
    </testcase>
    <testcase name="net_get_interfaces_001" classname="ext/standard/network.net_get_interfaces_001">
      <skipped message="" />
    </testcase>
    <testcase name="setcookie" classname="ext/standard/network.setcookie">
    </testcase>
    <testcase name="setcookie_error" classname="ext/standard/network.setcookie_error">
    </testcase>
    <testcase name="shutdown" classname="ext/standard/network.shutdown">
    </testcase>
    <testcase name="socket_bug74429" classname="ext/standard/network.socket_bug74429">
    </testcase>
    <testcase name="socket_get_status_basic" classname="ext/standard/network.socket_get_status_basic">
    </testcase>
    <testcase name="syslog_basic-win32" classname="ext/standard/network.syslog_basic-win32">
      <skipped message="" />
    </testcase>
    <testcase name="syslog_error" classname="ext/standard/network.syslog_error">
    </testcase>
    <testcase name="tcp4loop" classname="ext/standard/network.tcp4loop">
    </testcase>
    <testcase name="tcp6loop" classname="ext/standard/network.tcp6loop">
      <skipped message="" />
    </testcase>
    <testcase name="udgloop" classname="ext/standard/network.udgloop">
    </testcase>
    <testcase name="udp4loop" classname="ext/standard/network.udp4loop">
    </testcase>
    <testcase name="udp6loop" classname="ext/standard/network.udp6loop">
      <skipped message="" />
    </testcase>
    <testcase name="unixloop" classname="ext/standard/network.unixloop">
    </testcase>
  </testsuite>
  <testsuite name="ext/standard/password" tests="16" disabled="0" errors="0" failures="0" skipped="6">
    <testcase name="bug75221" classname="ext/standard/password.bug75221">
      <skipped message="" />
    </testcase>
    <testcase name="password_bcrypt_errors" classname="ext/standard/password.password_bcrypt_errors">
    </testcase>
    <testcase name="password_deprecated_salts" classname="ext/standard/password.password_deprecated_salts">
    </testcase>
    <testcase name="password_get_info" classname="ext/standard/password.password_get_info">
    </testcase>
    <testcase name="password_get_info_argon2" classname="ext/standard/password.password_get_info_argon2">
      <skipped message="" />
    </testcase>
    <testcase name="password_get_info_error" classname="ext/standard/password.password_get_info_error">
    </testcase>
    <testcase name="password_hash" classname="ext/standard/password.password_hash">
    </testcase>
    <testcase name="password_hash_argon2" classname="ext/standard/password.password_hash_argon2">
      <skipped message="" />
    </testcase>
    <testcase name="password_hash_error" classname="ext/standard/password.password_hash_error">
    </testcase>
    <testcase name="password_hash_error_argon2" classname="ext/standard/password.password_hash_error_argon2">
      <skipped message="" />
    </testcase>
    <testcase name="password_needs_rehash" classname="ext/standard/password.password_needs_rehash">
    </testcase>
    <testcase name="password_needs_rehash_argon2" classname="ext/standard/password.password_needs_rehash_argon2">
      <skipped message="" />
    </testcase>
    <testcase name="password_needs_rehash_error" classname="ext/standard/password.password_needs_rehash_error">
    </testcase>
    <testcase name="password_verify" classname="ext/standard/password.password_verify">
    </testcase>
    <testcase name="password_verify_argon2" classname="ext/standard/password.password_verify_argon2">
      <skipped message="" />
    </testcase>
    <testcase name="password_verify_error" classname="ext/standard/password.password_verify_error">
    </testcase>
  </testsuite>
  <testsuite name="ext/standard/random" tests="5" disabled="0" errors="0" failures="0" skipped="0">
    <testcase name="random_bytes" classname="ext/standard/random.random_bytes">
    </testcase>
    <testcase name="random_bytes_error" classname="ext/standard/random.random_bytes_error">
    </testcase>
    <testcase name="random_int" classname="ext/standard/random.random_int">
    </testcase>
    <testcase name="random_int_error" classname="ext/standard/random.random_int_error">
    </testcase>
    <testcase name="reflection" classname="ext/standard/random.reflection">
    </testcase>
  </testsuite>
  <testsuite name="ext/standard/serialize" tests="115" disabled="0" errors="0" failures="1" skipped="3">
    <testcase name="001" classname="ext/standard/serialize.001">
    </testcase>
    <testcase name="002" classname="ext/standard/serialize.002">
    </testcase>
    <testcase name="003" classname="ext/standard/serialize.003">
    </testcase>
    <testcase name="004" classname="ext/standard/serialize.004">
    </testcase>
    <testcase name="005" classname="ext/standard/serialize.005">
    </testcase>
    <testcase name="006" classname="ext/standard/serialize.006">
    </testcase>
    <testcase name="bug14293" classname="ext/standard/serialize.bug14293">
    </testcase>
    <testcase name="bug21957" classname="ext/standard/serialize.bug21957">
    </testcase>
    <testcase name="bug23298" classname="ext/standard/serialize.bug23298">
    </testcase>
    <testcase name="bug24063" classname="ext/standard/serialize.bug24063">
    </testcase>
    <testcase name="bug25378" classname="ext/standard/serialize.bug25378">
    </testcase>
    <testcase name="bug26762" classname="ext/standard/serialize.bug26762">
    </testcase>
    <testcase name="bug27469" classname="ext/standard/serialize.bug27469">
    </testcase>
    <testcase name="bug28325" classname="ext/standard/serialize.bug28325">
    </testcase>
    <testcase name="bug30234" classname="ext/standard/serialize.bug30234">
    </testcase>
    <testcase name="bug31402" classname="ext/standard/serialize.bug31402">
    </testcase>
    <testcase name="bug31442" classname="ext/standard/serialize.bug31442">
    </testcase>
    <testcase name="bug35895" classname="ext/standard/serialize.bug35895">
    </testcase>
    <testcase name="bug36424" classname="ext/standard/serialize.bug36424">
    </testcase>
    <testcase name="bug37947" classname="ext/standard/serialize.bug37947">
    </testcase>
    <testcase name="bug42919" classname="ext/standard/serialize.bug42919">
    </testcase>
    <testcase name="bug43614" classname="ext/standard/serialize.bug43614">
    </testcase>
    <testcase name="bug45706" classname="ext/standard/serialize.bug45706">
    </testcase>
    <testcase name="bug46882" classname="ext/standard/serialize.bug46882">
    </testcase>
    <testcase name="bug49649" classname="ext/standard/serialize.bug49649">
    </testcase>
    <testcase name="bug49649_1" classname="ext/standard/serialize.bug49649_1">
    </testcase>
    <testcase name="bug49649_2" classname="ext/standard/serialize.bug49649_2">
    </testcase>
    <testcase name="bug55798" classname="ext/standard/serialize.bug55798">
    </testcase>
    <testcase name="bug62373" classname="ext/standard/serialize.bug62373">
    </testcase>
    <testcase name="bug62836_1" classname="ext/standard/serialize.bug62836_1">
    </testcase>
    <testcase name="bug62836_2" classname="ext/standard/serialize.bug62836_2">
    </testcase>
    <testcase name="bug64146" classname="ext/standard/serialize.bug64146">
    </testcase>
    <testcase name="bug64354_1" classname="ext/standard/serialize.bug64354_1">
    </testcase>
    <testcase name="bug64354_2" classname="ext/standard/serialize.bug64354_2">
    </testcase>
    <testcase name="bug64354_3" classname="ext/standard/serialize.bug64354_3">
    </testcase>
    <testcase name="bug65481" classname="ext/standard/serialize.bug65481">
    </testcase>
    <testcase name="bug65806" classname="ext/standard/serialize.bug65806">
    </testcase>
    <testcase name="bug67072" classname="ext/standard/serialize.bug67072">
    </testcase>
    <testcase name="bug68044" classname="ext/standard/serialize.bug68044">
    </testcase>
    <testcase name="bug68545" classname="ext/standard/serialize.bug68545">
    </testcase>
    <testcase name="bug68594" classname="ext/standard/serialize.bug68594">
    </testcase>
    <testcase name="bug68976" classname="ext/standard/serialize.bug68976">
    </testcase>
    <testcase name="bug69139" classname="ext/standard/serialize.bug69139">
    </testcase>
    <testcase name="bug69152" classname="ext/standard/serialize.bug69152">
    </testcase>
    <testcase name="bug69210" classname="ext/standard/serialize.bug69210">
    </testcase>
    <testcase name="bug69425" classname="ext/standard/serialize.bug69425">
    </testcase>
    <testcase name="bug69793" classname="ext/standard/serialize.bug69793">
    </testcase>
    <testcase name="bug70172" classname="ext/standard/serialize.bug70172">
    </testcase>
    <testcase name="bug70172_2" classname="ext/standard/serialize.bug70172_2">
    </testcase>
    <testcase name="bug70213" classname="ext/standard/serialize.bug70213">
    </testcase>
    <testcase name="bug70219" classname="ext/standard/serialize.bug70219">
      <failure message="" />
    </testcase>
    <testcase name="bug70219_1" classname="ext/standard/serialize.bug70219_1">
    </testcase>
    <testcase name="bug70436" classname="ext/standard/serialize.bug70436">
    </testcase>
    <testcase name="bug70513" classname="ext/standard/serialize.bug70513">
      <skipped message="" />
    </testcase>
    <testcase name="bug70963" classname="ext/standard/serialize.bug70963">
    </testcase>
    <testcase name="bug71311" classname="ext/standard/serialize.bug71311">
    </testcase>
    <testcase name="bug71313" classname="ext/standard/serialize.bug71313">
    </testcase>
    <testcase name="bug71840" classname="ext/standard/serialize.bug71840">
    </testcase>
    <testcase name="bug71940" classname="ext/standard/serialize.bug71940">
    </testcase>
    <testcase name="bug71995" classname="ext/standard/serialize.bug71995">
    </testcase>
    <testcase name="bug72229" classname="ext/standard/serialize.bug72229">
    </testcase>
    <testcase name="bug72663" classname="ext/standard/serialize.bug72663">
    </testcase>
    <testcase name="bug72663_2" classname="ext/standard/serialize.bug72663_2">
    </testcase>
    <testcase name="bug72663_3" classname="ext/standard/serialize.bug72663_3">
    </testcase>
    <testcase name="bug72731" classname="ext/standard/serialize.bug72731">
    </testcase>
    <testcase name="bug72785" classname="ext/standard/serialize.bug72785">
    </testcase>
    <testcase name="bug73052" classname="ext/standard/serialize.bug73052">
    </testcase>
    <testcase name="bug73154" classname="ext/standard/serialize.bug73154">
    </testcase>
    <testcase name="bug73341" classname="ext/standard/serialize.bug73341">
    </testcase>
    <testcase name="bug73825" classname="ext/standard/serialize.bug73825">
    </testcase>
    <testcase name="bug74101" classname="ext/standard/serialize.bug74101">
    </testcase>
    <testcase name="bug74103" classname="ext/standard/serialize.bug74103">
    </testcase>
    <testcase name="bug74111" classname="ext/standard/serialize.bug74111">
    </testcase>
    <testcase name="bug74300" classname="ext/standard/serialize.bug74300">
    </testcase>
    <testcase name="bug74614" classname="ext/standard/serialize.bug74614">
    </testcase>
    <testcase name="bug75054" classname="ext/standard/serialize.bug75054">
    </testcase>
    <testcase name="bug76300" classname="ext/standard/serialize.bug76300">
    </testcase>
    <testcase name="counting_of_references" classname="ext/standard/serialize.counting_of_references">
    </testcase>
    <testcase name="incomplete_class" classname="ext/standard/serialize.incomplete_class">
    </testcase>
    <testcase name="invalid_signs_in_lengths" classname="ext/standard/serialize.invalid_signs_in_lengths">
    </testcase>
    <testcase name="precision" classname="ext/standard/serialize.precision">
      <skipped message="" />
    </testcase>
    <testcase name="ref_to_failed_serialize" classname="ext/standard/serialize.ref_to_failed_serialize">
    </testcase>
    <testcase name="serialization_arrays_001" classname="ext/standard/serialize.serialization_arrays_001">
    </testcase>
    <testcase name="serialization_arrays_002" classname="ext/standard/serialize.serialization_arrays_002">
    </testcase>
    <testcase name="serialization_arrays_003" classname="ext/standard/serialize.serialization_arrays_003">
    </testcase>
    <testcase name="serialization_arrays_004" classname="ext/standard/serialize.serialization_arrays_004">
    </testcase>
    <testcase name="serialization_arrays_005" classname="ext/standard/serialize.serialization_arrays_005">
    </testcase>
    <testcase name="serialization_error_001" classname="ext/standard/serialize.serialization_error_001">
    </testcase>
    <testcase name="serialization_error_002" classname="ext/standard/serialize.serialization_error_002">
    </testcase>
    <testcase name="serialization_miscTypes_001" classname="ext/standard/serialize.serialization_miscTypes_001">
      <skipped message="" />
    </testcase>
    <testcase name="serialization_objects_001" classname="ext/standard/serialize.serialization_objects_001">
    </testcase>
    <testcase name="serialization_objects_002" classname="ext/standard/serialize.serialization_objects_002">
    </testcase>
    <testcase name="serialization_objects_003" classname="ext/standard/serialize.serialization_objects_003">
    </testcase>
    <testcase name="serialization_objects_004" classname="ext/standard/serialize.serialization_objects_004">
    </testcase>
    <testcase name="serialization_objects_005" classname="ext/standard/serialize.serialization_objects_005">
    </testcase>
    <testcase name="serialization_objects_006" classname="ext/standard/serialize.serialization_objects_006">
    </testcase>
    <testcase name="serialization_objects_007" classname="ext/standard/serialize.serialization_objects_007">
    </testcase>
    <testcase name="serialization_objects_008" classname="ext/standard/serialize.serialization_objects_008">
    </testcase>
    <testcase name="serialization_objects_009" classname="ext/standard/serialize.serialization_objects_009">
    </testcase>
    <testcase name="serialization_objects_010" classname="ext/standard/serialize.serialization_objects_010">
    </testcase>
    <testcase name="serialization_objects_011" classname="ext/standard/serialize.serialization_objects_011">
    </testcase>
    <testcase name="serialization_objects_012" classname="ext/standard/serialize.serialization_objects_012">
    </testcase>
    <testcase name="serialization_objects_013" classname="ext/standard/serialize.serialization_objects_013">
    </testcase>
    <testcase name="serialization_objects_014" classname="ext/standard/serialize.serialization_objects_014">
    </testcase>
    <testcase name="serialization_objects_015" classname="ext/standard/serialize.serialization_objects_015">
    </testcase>
    <testcase name="serialization_precision_001" classname="ext/standard/serialize.serialization_precision_001">
    </testcase>
    <testcase name="serialization_precision_002" classname="ext/standard/serialize.serialization_precision_002">
    </testcase>
    <testcase name="serialization_resources_001" classname="ext/standard/serialize.serialization_resources_001">
    </testcase>
    <testcase name="serialize_globals_var_refs" classname="ext/standard/serialize.serialize_globals_var_refs">
    </testcase>
    <testcase name="sleep_undefined_declared_properties" classname="ext/standard/serialize.sleep_undefined_declared_properties">
    </testcase>
    <testcase name="unserializeS" classname="ext/standard/serialize.unserializeS">
    </testcase>
    <testcase name="unserialize_classes" classname="ext/standard/serialize.unserialize_classes">
    </testcase>
    <testcase name="unserialize_error_001" classname="ext/standard/serialize.unserialize_error_001">
    </testcase>
    <testcase name="unserialize_mem_leak" classname="ext/standard/serialize.unserialize_mem_leak">
    </testcase>
    <testcase name="unserialize_subclasses" classname="ext/standard/serialize.unserialize_subclasses">
    </testcase>
  </testsuite>
  <testsuite name="ext/standard/streams" tests="108" disabled="0" errors="0" failures="1" skipped="7">
    <testcase name="bug40459" classname="ext/standard/streams.bug40459">
    </testcase>
    <testcase name="bug44712" classname="ext/standard/streams.bug44712">
    </testcase>
    <testcase name="bug44818" classname="ext/standard/streams.bug44818">
    </testcase>
    <testcase name="bug46024" classname="ext/standard/streams.bug46024">
    </testcase>
    <testcase name="bug46426" classname="ext/standard/streams.bug46426">
    </testcase>
    <testcase name="bug47997" classname="ext/standard/streams.bug47997">
    </testcase>
    <testcase name="bug48309" classname="ext/standard/streams.bug48309">
    </testcase>
    <testcase name="bug49936" classname="ext/standard/streams.bug49936">
    </testcase>
    <testcase name="bug49936_win32" classname="ext/standard/streams.bug49936_win32">
      <skipped message="" />
    </testcase>
    <testcase name="bug53427" classname="ext/standard/streams.bug53427">
    </testcase>
    <testcase name="bug53903" classname="ext/standard/streams.bug53903">
    </testcase>
    <testcase name="bug54623" classname="ext/standard/streams.bug54623">
    </testcase>
    <testcase name="bug54946" classname="ext/standard/streams.bug54946">
    </testcase>
    <testcase name="bug60106" classname="ext/standard/streams.bug60106">
    </testcase>
    <testcase name="bug60455_01" classname="ext/standard/streams.bug60455_01">
    </testcase>
    <testcase name="bug60455_02" classname="ext/standard/streams.bug60455_02">
    </testcase>
    <testcase name="bug60455_03" classname="ext/standard/streams.bug60455_03">
    </testcase>
    <testcase name="bug60455_04" classname="ext/standard/streams.bug60455_04">
    </testcase>
    <testcase name="bug60602" classname="ext/standard/streams.bug60602">
    </testcase>
    <testcase name="bug60817" classname="ext/standard/streams.bug60817">
    </testcase>
    <testcase name="bug61019" classname="ext/standard/streams.bug61019">
    </testcase>
    <testcase name="bug61115-1" classname="ext/standard/streams.bug61115-1">
    </testcase>
    <testcase name="bug61115-2" classname="ext/standard/streams.bug61115-2">
    </testcase>
    <testcase name="bug61115" classname="ext/standard/streams.bug61115">
    </testcase>
    <testcase name="bug61371-win" classname="ext/standard/streams.bug61371-win">
      <skipped message="" />
    </testcase>
    <testcase name="bug61371" classname="ext/standard/streams.bug61371">
    </testcase>
    <testcase name="bug62922" classname="ext/standard/streams.bug62922">
    </testcase>
    <testcase name="bug63240" classname="ext/standard/streams.bug63240">
    </testcase>
    <testcase name="bug64166" classname="ext/standard/streams.bug64166">
    </testcase>
    <testcase name="bug64166_2" classname="ext/standard/streams.bug64166_2">
    </testcase>
    <testcase name="bug64166_3" classname="ext/standard/streams.bug64166_3">
    </testcase>
    <testcase name="bug64433" classname="ext/standard/streams.bug64433">
      <skipped message="" />
    </testcase>
    <testcase name="bug64770" classname="ext/standard/streams.bug64770">
    </testcase>
    <testcase name="bug65483" classname="ext/standard/streams.bug65483">
    </testcase>
    <testcase name="bug67626" classname="ext/standard/streams.bug67626">
    </testcase>
    <testcase name="bug68948" classname="ext/standard/streams.bug68948">
    </testcase>
    <testcase name="bug69521" classname="ext/standard/streams.bug69521">
    </testcase>
    <testcase name="bug70198" classname="ext/standard/streams.bug70198">
    </testcase>
    <testcase name="bug71245" classname="ext/standard/streams.bug71245">
    </testcase>
    <testcase name="bug71323" classname="ext/standard/streams.bug71323">
    </testcase>
    <testcase name="bug71884" classname="ext/standard/streams.bug71884">
    </testcase>
    <testcase name="bug72075" classname="ext/standard/streams.bug72075">
    </testcase>
    <testcase name="bug72221" classname="ext/standard/streams.bug72221">
    </testcase>
    <testcase name="bug72534" classname="ext/standard/streams.bug72534">
    </testcase>
    <testcase name="bug72771" classname="ext/standard/streams.bug72771">
    </testcase>
    <testcase name="bug72853" classname="ext/standard/streams.bug72853">
    </testcase>
    <testcase name="bug72857" classname="ext/standard/streams.bug72857">
    </testcase>
    <testcase name="bug73457" classname="ext/standard/streams.bug73457">
    </testcase>
    <testcase name="bug74090" classname="ext/standard/streams.bug74090">
    </testcase>
    <testcase name="bug74556" classname="ext/standard/streams.bug74556">
    </testcase>
    <testcase name="bug74951" classname="ext/standard/streams.bug74951">
    </testcase>
    <testcase name="bug75031" classname="ext/standard/streams.bug75031">
    </testcase>
    <testcase name="bug76136" classname="ext/standard/streams.bug76136">
      <skipped message="" />
    </testcase>
    <testcase name="bug77664" classname="ext/standard/streams.bug77664">
    </testcase>
    <testcase name="bug77680" classname="ext/standard/streams.bug77680">
    </testcase>
    <testcase name="bug77765" classname="ext/standard/streams.bug77765">
    </testcase>
    <testcase name="glob-wrapper" classname="ext/standard/streams.glob-wrapper">
    </testcase>
    <testcase name="opendir-001" classname="ext/standard/streams.opendir-001">
    </testcase>
    <testcase name="opendir-002" classname="ext/standard/streams.opendir-002">
    </testcase>
    <testcase name="opendir-003" classname="ext/standard/streams.opendir-003">
    </testcase>
    <testcase name="opendir-004" classname="ext/standard/streams.opendir-004">
    </testcase>
    <testcase name="proc_open_bug51800" classname="ext/standard/streams.proc_open_bug51800">
      <skipped message="" />
    </testcase>
    <testcase name="proc_open_bug51800_right" classname="ext/standard/streams.proc_open_bug51800_right">
    </testcase>
    <testcase name="proc_open_bug51800_right2" classname="ext/standard/streams.proc_open_bug51800_right2">
    </testcase>
    <testcase name="proc_open_bug60120" classname="ext/standard/streams.proc_open_bug60120">
      <skipped message="" />
    </testcase>
    <testcase name="proc_open_bug64438" classname="ext/standard/streams.proc_open_bug64438">
      <skipped message="" />
    </testcase>
    <testcase name="proc_open_bug69900" classname="ext/standard/streams.proc_open_bug69900">
    </testcase>
    <testcase name="set_file_buffer" classname="ext/standard/streams.set_file_buffer">
    </testcase>
    <testcase name="stream_context_get_params_001" classname="ext/standard/streams.stream_context_get_params_001">
    </testcase>
    <testcase name="stream_context_set_option_basic" classname="ext/standard/streams.stream_context_set_option_basic">
    </testcase>
    <testcase name="stream_context_set_option_error_001" classname="ext/standard/streams.stream_context_set_option_error_001">
    </testcase>
    <testcase name="stream_context_set_option_error_002" classname="ext/standard/streams.stream_context_set_option_error_002">
    </testcase>
    <testcase name="stream_context_tcp_nodelay" classname="ext/standard/streams.stream_context_tcp_nodelay">
    </testcase>
    <testcase name="stream_context_tcp_nodelay_fopen" classname="ext/standard/streams.stream_context_tcp_nodelay_fopen">
    </testcase>
    <testcase name="stream_context_tcp_nodelay_server" classname="ext/standard/streams.stream_context_tcp_nodelay_server">
    </testcase>
    <testcase name="stream_copy_to_stream_socket" classname="ext/standard/streams.stream_copy_to_stream_socket">
    </testcase>
    <testcase name="stream_get_contents_001" classname="ext/standard/streams.stream_get_contents_001">
    </testcase>
    <testcase name="stream_get_contents_002" classname="ext/standard/streams.stream_get_contents_002">
    </testcase>
    <testcase name="stream_get_line_NUL_delimiter" classname="ext/standard/streams.stream_get_line_NUL_delimiter">
    </testcase>
    <testcase name="stream_get_line_nb" classname="ext/standard/streams.stream_get_line_nb">
    </testcase>
    <testcase name="stream_get_meta_data_dir_basic" classname="ext/standard/streams.stream_get_meta_data_dir_basic">
    </testcase>
    <testcase name="stream_get_meta_data_file_basic" classname="ext/standard/streams.stream_get_meta_data_file_basic">
    </testcase>
    <testcase name="stream_get_meta_data_file_error" classname="ext/standard/streams.stream_get_meta_data_file_error">
    </testcase>
    <testcase name="stream_get_meta_data_file_variation1" classname="ext/standard/streams.stream_get_meta_data_file_variation1">
    </testcase>
    <testcase name="stream_get_meta_data_file_variation2" classname="ext/standard/streams.stream_get_meta_data_file_variation2">
    </testcase>
    <testcase name="stream_get_meta_data_file_variation4" classname="ext/standard/streams.stream_get_meta_data_file_variation4">
    </testcase>
    <testcase name="stream_get_meta_data_file_variation5" classname="ext/standard/streams.stream_get_meta_data_file_variation5">
    </testcase>
    <testcase name="stream_get_meta_data_process_basic" classname="ext/standard/streams.stream_get_meta_data_process_basic">
    </testcase>
    <testcase name="stream_get_meta_data_socket_basic" classname="ext/standard/streams.stream_get_meta_data_socket_basic">
    </testcase>
    <testcase name="stream_get_meta_data_socket_variation1" classname="ext/standard/streams.stream_get_meta_data_socket_variation1">
    </testcase>
    <testcase name="stream_get_meta_data_socket_variation2" classname="ext/standard/streams.stream_get_meta_data_socket_variation2">
    </testcase>
    <testcase name="stream_get_meta_data_socket_variation3" classname="ext/standard/streams.stream_get_meta_data_socket_variation3">
    </testcase>
    <testcase name="stream_get_meta_data_socket_variation4" classname="ext/standard/streams.stream_get_meta_data_socket_variation4">
    </testcase>
    <testcase name="stream_get_transports" classname="ext/standard/streams.stream_get_transports">
    </testcase>
    <testcase name="stream_get_wrappers" classname="ext/standard/streams.stream_get_wrappers">
    </testcase>
    <testcase name="stream_is_local" classname="ext/standard/streams.stream_is_local">
    </testcase>
    <testcase name="stream_multi_filters_close" classname="ext/standard/streams.stream_multi_filters_close">
    </testcase>
    <testcase name="stream_resolve_include_path" classname="ext/standard/streams.stream_resolve_include_path">
    </testcase>
    <testcase name="stream_select_preserve_keys" classname="ext/standard/streams.stream_select_preserve_keys">
    </testcase>
    <testcase name="stream_set_chunk_size" classname="ext/standard/streams.stream_set_chunk_size">
    </testcase>
    <testcase name="stream_set_timeout_error" classname="ext/standard/streams.stream_set_timeout_error">
    </testcase>
    <testcase name="stream_socket_enable_crypto" classname="ext/standard/streams.stream_socket_enable_crypto">
      <failure message="" />
    </testcase>
    <testcase name="stream_socket_get_name" classname="ext/standard/streams.stream_socket_get_name">
    </testcase>
    <testcase name="stream_socket_pair" classname="ext/standard/streams.stream_socket_pair">
    </testcase>
    <testcase name="stream_socket_recvfrom" classname="ext/standard/streams.stream_socket_recvfrom">
    </testcase>
    <testcase name="stream_socket_sendto" classname="ext/standard/streams.stream_socket_sendto">
    </testcase>
    <testcase name="user-stream-error" classname="ext/standard/streams.user-stream-error">
    </testcase>
    <testcase name="user_streams_consumed_bug" classname="ext/standard/streams.user_streams_consumed_bug">
    </testcase>
  </testsuite>
  <testsuite name="ext/standard/strings" tests="940" disabled="0" errors="0" failures="0" skipped="90">
    <testcase name="004" classname="ext/standard/strings.004">
    </testcase>
    <testcase name="005" classname="ext/standard/strings.005">
    </testcase>
    <testcase name="006" classname="ext/standard/strings.006">
    </testcase>
    <testcase name="007-win32" classname="ext/standard/strings.007-win32">
      <skipped message="" />
    </testcase>
    <testcase name="007" classname="ext/standard/strings.007">
    </testcase>
    <testcase name="add-and-stripcslashes" classname="ext/standard/strings.add-and-stripcslashes">
    </testcase>
    <testcase name="add-and-stripslashes" classname="ext/standard/strings.add-and-stripslashes">
    </testcase>
    <testcase name="addcslashes_001" classname="ext/standard/strings.addcslashes_001">
    </testcase>
    <testcase name="addcslashes_002" classname="ext/standard/strings.addcslashes_002">
    </testcase>
    <testcase name="addcslashes_003" classname="ext/standard/strings.addcslashes_003">
    </testcase>
    <testcase name="addcslashes_004" classname="ext/standard/strings.addcslashes_004">
    </testcase>
    <testcase name="addcslashes_005" classname="ext/standard/strings.addcslashes_005">
    </testcase>
    <testcase name="addslashes_basic" classname="ext/standard/strings.addslashes_basic">
    </testcase>
    <testcase name="addslashes_error" classname="ext/standard/strings.addslashes_error">
    </testcase>
    <testcase name="addslashes_variation1" classname="ext/standard/strings.addslashes_variation1">
    </testcase>
    <testcase name="addslashes_variation2" classname="ext/standard/strings.addslashes_variation2">
    </testcase>
    <testcase name="basename" classname="ext/standard/strings.basename">
    </testcase>
    <testcase name="basename_basic" classname="ext/standard/strings.basename_basic">
    </testcase>
    <testcase name="basename_error" classname="ext/standard/strings.basename_error">
    </testcase>
    <testcase name="basename_invalid_path" classname="ext/standard/strings.basename_invalid_path">
      <skipped message="" />
    </testcase>
    <testcase name="basename_invalid_path_win" classname="ext/standard/strings.basename_invalid_path_win">
      <skipped message="" />
    </testcase>
    <testcase name="basename_variation" classname="ext/standard/strings.basename_variation">
    </testcase>
    <testcase name="bin2hex" classname="ext/standard/strings.bin2hex">
    </testcase>
    <testcase name="bin2hex_001" classname="ext/standard/strings.bin2hex_001">
    </testcase>
    <testcase name="bin2hex_basic" classname="ext/standard/strings.bin2hex_basic">
    </testcase>
    <testcase name="bin2hex_error" classname="ext/standard/strings.bin2hex_error">
    </testcase>
    <testcase name="bin2hex_variation1" classname="ext/standard/strings.bin2hex_variation1">
    </testcase>
    <testcase name="bug20108" classname="ext/standard/strings.bug20108">
    </testcase>
    <testcase name="bug20169" classname="ext/standard/strings.bug20169">
    </testcase>
    <testcase name="bug20261" classname="ext/standard/strings.bug20261">
    </testcase>
    <testcase name="bug20927" classname="ext/standard/strings.bug20927">
    </testcase>
    <testcase name="bug20934" classname="ext/standard/strings.bug20934">
    </testcase>
    <testcase name="bug21338" classname="ext/standard/strings.bug21338">
    </testcase>
    <testcase name="bug21453" classname="ext/standard/strings.bug21453">
    </testcase>
    <testcase name="bug21730" classname="ext/standard/strings.bug21730">
    </testcase>
    <testcase name="bug21744" classname="ext/standard/strings.bug21744">
    </testcase>
    <testcase name="bug22008" classname="ext/standard/strings.bug22008">
    </testcase>
    <testcase name="bug22187" classname="ext/standard/strings.bug22187">
    </testcase>
    <testcase name="bug22207" classname="ext/standard/strings.bug22207">
    </testcase>
    <testcase name="bug22224" classname="ext/standard/strings.bug22224">
    </testcase>
    <testcase name="bug22227" classname="ext/standard/strings.bug22227">
    </testcase>
    <testcase name="bug23650" classname="ext/standard/strings.bug23650">
    </testcase>
    <testcase name="bug23894" classname="ext/standard/strings.bug23894">
    </testcase>
    <testcase name="bug24098" classname="ext/standard/strings.bug24098">
    </testcase>
    <testcase name="bug24208" classname="ext/standard/strings.bug24208">
    </testcase>
    <testcase name="bug24281" classname="ext/standard/strings.bug24281">
    </testcase>
    <testcase name="bug24312" classname="ext/standard/strings.bug24312">
    </testcase>
    <testcase name="bug25671" classname="ext/standard/strings.bug25671">
    </testcase>
    <testcase name="bug25707" classname="ext/standard/strings.bug25707">
    </testcase>
    <testcase name="bug26817" classname="ext/standard/strings.bug26817">
    </testcase>
    <testcase name="bug26819" classname="ext/standard/strings.bug26819">
    </testcase>
    <testcase name="bug26878" classname="ext/standard/strings.bug26878">
    </testcase>
    <testcase name="bug26973" classname="ext/standard/strings.bug26973">
    </testcase>
    <testcase name="bug27276" classname="ext/standard/strings.bug27276">
    </testcase>
    <testcase name="bug27278" classname="ext/standard/strings.bug27278">
    </testcase>
    <testcase name="bug27295" classname="ext/standard/strings.bug27295">
    </testcase>
    <testcase name="bug27457" classname="ext/standard/strings.bug27457">
    </testcase>
    <testcase name="bug27675" classname="ext/standard/strings.bug27675">
    </testcase>
    <testcase name="bug28386" classname="ext/standard/strings.bug28386">
    </testcase>
    <testcase name="bug28633" classname="ext/standard/strings.bug28633">
    </testcase>
    <testcase name="bug29075" classname="ext/standard/strings.bug29075">
    </testcase>
    <testcase name="bug29119" classname="ext/standard/strings.bug29119">
    </testcase>
    <testcase name="bug29538" classname="ext/standard/strings.bug29538">
    </testcase>
    <testcase name="bug33076" classname="ext/standard/strings.bug33076">
    </testcase>
    <testcase name="bug33605" classname="ext/standard/strings.bug33605">
    </testcase>
    <testcase name="bug34214" classname="ext/standard/strings.bug34214">
    </testcase>
    <testcase name="bug35817" classname="ext/standard/strings.bug35817">
    </testcase>
    <testcase name="bug36148" classname="ext/standard/strings.bug36148">
    </testcase>
    <testcase name="bug36306" classname="ext/standard/strings.bug36306">
    </testcase>
    <testcase name="bug36392" classname="ext/standard/strings.bug36392">
    </testcase>
    <testcase name="bug36944" classname="ext/standard/strings.bug36944">
    </testcase>
    <testcase name="bug37244" classname="ext/standard/strings.bug37244">
    </testcase>
    <testcase name="bug37262" classname="ext/standard/strings.bug37262">
    </testcase>
    <testcase name="bug38322" classname="ext/standard/strings.bug38322">
    </testcase>
    <testcase name="bug38770" classname="ext/standard/strings.bug38770">
    </testcase>
    <testcase name="bug39032" classname="ext/standard/strings.bug39032">
    </testcase>
    <testcase name="bug39350" classname="ext/standard/strings.bug39350">
    </testcase>
    <testcase name="bug39621" classname="ext/standard/strings.bug39621">
    </testcase>
    <testcase name="bug39873" classname="ext/standard/strings.bug39873">
      <skipped message="" />
    </testcase>
    <testcase name="bug40432" classname="ext/standard/strings.bug40432">
    </testcase>
    <testcase name="bug40637" classname="ext/standard/strings.bug40637">
    </testcase>
    <testcase name="bug40704" classname="ext/standard/strings.bug40704">
    </testcase>
    <testcase name="bug40754" classname="ext/standard/strings.bug40754">
    </testcase>
    <testcase name="bug40915" classname="ext/standard/strings.bug40915">
    </testcase>
    <testcase name="bug42107" classname="ext/standard/strings.bug42107">
    </testcase>
    <testcase name="bug42208" classname="ext/standard/strings.bug42208">
    </testcase>
    <testcase name="bug43927" classname="ext/standard/strings.bug43927">
    </testcase>
    <testcase name="bug43957" classname="ext/standard/strings.bug43957">
    </testcase>
    <testcase name="bug44242" classname="ext/standard/strings.bug44242">
    </testcase>
    <testcase name="bug44703" classname="ext/standard/strings.bug44703">
    </testcase>
    <testcase name="bug45166" classname="ext/standard/strings.bug45166">
    </testcase>
    <testcase name="bug45485" classname="ext/standard/strings.bug45485">
    </testcase>
    <testcase name="bug46578" classname="ext/standard/strings.bug46578">
    </testcase>
    <testcase name="bug47168" classname="ext/standard/strings.bug47168">
    </testcase>
    <testcase name="bug47322" classname="ext/standard/strings.bug47322">
    </testcase>
    <testcase name="bug47443" classname="ext/standard/strings.bug47443">
    </testcase>
    <testcase name="bug47481" classname="ext/standard/strings.bug47481">
    </testcase>
    <testcase name="bug47842" classname="ext/standard/strings.bug47842">
    </testcase>
    <testcase name="bug48709" classname="ext/standard/strings.bug48709">
    </testcase>
    <testcase name="bug49687" classname="ext/standard/strings.bug49687">
    </testcase>
    <testcase name="bug49785" classname="ext/standard/strings.bug49785">
    </testcase>
    <testcase name="bug50052" classname="ext/standard/strings.bug50052">
    </testcase>
    <testcase name="bug50847" classname="ext/standard/strings.bug50847">
    </testcase>
    <testcase name="bug51059" classname="ext/standard/strings.bug51059">
    </testcase>
    <testcase name="bug51899" classname="ext/standard/strings.bug51899">
    </testcase>
    <testcase name="bug53021" classname="ext/standard/strings.bug53021">
    </testcase>
    <testcase name="bug53319" classname="ext/standard/strings.bug53319">
    </testcase>
    <testcase name="bug54055" classname="ext/standard/strings.bug54055">
    </testcase>
    <testcase name="bug54238" classname="ext/standard/strings.bug54238">
    </testcase>
    <testcase name="bug54322" classname="ext/standard/strings.bug54322">
    </testcase>
    <testcase name="bug54332" classname="ext/standard/strings.bug54332">
    </testcase>
    <testcase name="bug54454" classname="ext/standard/strings.bug54454">
    </testcase>
    <testcase name="bug54721" classname="ext/standard/strings.bug54721">
    </testcase>
    <testcase name="bug55451" classname="ext/standard/strings.bug55451">
    </testcase>
    <testcase name="bug55674" classname="ext/standard/strings.bug55674">
    </testcase>
    <testcase name="bug55871" classname="ext/standard/strings.bug55871">
    </testcase>
    <testcase name="bug60801" classname="ext/standard/strings.bug60801">
    </testcase>
    <testcase name="bug60965" classname="ext/standard/strings.bug60965">
    </testcase>
    <testcase name="bug61038" classname="ext/standard/strings.bug61038">
    </testcase>
    <testcase name="bug61116" classname="ext/standard/strings.bug61116">
    </testcase>
    <testcase name="bug61374" classname="ext/standard/strings.bug61374">
    </testcase>
    <testcase name="bug61660" classname="ext/standard/strings.bug61660">
    </testcase>
    <testcase name="bug61764" classname="ext/standard/strings.bug61764">
    </testcase>
    <testcase name="bug62443" classname="ext/standard/strings.bug62443">
    </testcase>
    <testcase name="bug62462" classname="ext/standard/strings.bug62462">
    </testcase>
    <testcase name="bug63874" classname="ext/standard/strings.bug63874">
    </testcase>
    <testcase name="bug63943" classname="ext/standard/strings.bug63943">
    </testcase>
    <testcase name="bug64879" classname="ext/standard/strings.bug64879">
    </testcase>
    <testcase name="bug65230" classname="ext/standard/strings.bug65230">
      <skipped message="" />
    </testcase>
    <testcase name="bug65769" classname="ext/standard/strings.bug65769">
      <skipped message="" />
    </testcase>
    <testcase name="bug65947" classname="ext/standard/strings.bug65947">
      <skipped message="" />
    </testcase>
    <testcase name="bug67151" classname="ext/standard/strings.bug67151">
    </testcase>
    <testcase name="bug67249" classname="ext/standard/strings.bug67249">
    </testcase>
    <testcase name="bug67252" classname="ext/standard/strings.bug67252">
    </testcase>
    <testcase name="bug68636" classname="ext/standard/strings.bug68636">
      <skipped message="" />
    </testcase>
    <testcase name="bug68710" classname="ext/standard/strings.bug68710">
    </testcase>
    <testcase name="bug68996" classname="ext/standard/strings.bug68996">
      <skipped message="" />
    </testcase>
    <testcase name="bug69144" classname="ext/standard/strings.bug69144">
    </testcase>
    <testcase name="bug69522" classname="ext/standard/strings.bug69522">
    </testcase>
    <testcase name="bug70487" classname="ext/standard/strings.bug70487">
    </testcase>
    <testcase name="bug70667" classname="ext/standard/strings.bug70667">
    </testcase>
    <testcase name="bug70720" classname="ext/standard/strings.bug70720">
    </testcase>
    <testcase name="bug71188" classname="ext/standard/strings.bug71188">
    </testcase>
    <testcase name="bug71190" classname="ext/standard/strings.bug71190">
    </testcase>
    <testcase name="bug71806" classname="ext/standard/strings.bug71806">
    </testcase>
    <testcase name="bug71969" classname="ext/standard/strings.bug71969">
    </testcase>
    <testcase name="bug72100" classname="ext/standard/strings.bug72100">
    </testcase>
    <testcase name="bug72152" classname="ext/standard/strings.bug72152">
    </testcase>
    <testcase name="bug72263" classname="ext/standard/strings.bug72263">
    </testcase>
    <testcase name="bug72264" classname="ext/standard/strings.bug72264">
    </testcase>
    <testcase name="bug72433" classname="ext/standard/strings.bug72433">
    </testcase>
    <testcase name="bug72434" classname="ext/standard/strings.bug72434">
      <skipped message="" />
    </testcase>
    <testcase name="bug72663" classname="ext/standard/strings.bug72663">
    </testcase>
    <testcase name="bug72663_2" classname="ext/standard/strings.bug72663_2">
    </testcase>
    <testcase name="bug72663_3" classname="ext/standard/strings.bug72663_3">
    </testcase>
    <testcase name="bug72823" classname="ext/standard/strings.bug72823">
    </testcase>
    <testcase name="bug73058" classname="ext/standard/strings.bug73058">
    </testcase>
    <testcase name="bug73817" classname="ext/standard/strings.bug73817">
    </testcase>
    <testcase name="bug74041" classname="ext/standard/strings.bug74041">
    </testcase>
    <testcase name="bug75075" classname="ext/standard/strings.bug75075">
    </testcase>
    <testcase name="bug77439" classname="ext/standard/strings.bug77439">
    </testcase>
    <testcase name="bug77608" classname="ext/standard/strings.bug77608">
    </testcase>
    <testcase name="bug77853" classname="ext/standard/strings.bug77853">
    </testcase>
    <testcase name="chop_basic" classname="ext/standard/strings.chop_basic">
    </testcase>
    <testcase name="chop_error" classname="ext/standard/strings.chop_error">
    </testcase>
    <testcase name="chop_variation1" classname="ext/standard/strings.chop_variation1">
    </testcase>
    <testcase name="chop_variation2" classname="ext/standard/strings.chop_variation2">
    </testcase>
    <testcase name="chop_variation3" classname="ext/standard/strings.chop_variation3">
    </testcase>
    <testcase name="chop_variation4" classname="ext/standard/strings.chop_variation4">
    </testcase>
    <testcase name="chop_variation5" classname="ext/standard/strings.chop_variation5">
    </testcase>
    <testcase name="chr_basic" classname="ext/standard/strings.chr_basic">
    </testcase>
    <testcase name="chr_error" classname="ext/standard/strings.chr_error">
    </testcase>
    <testcase name="chr_ord" classname="ext/standard/strings.chr_ord">
    </testcase>
    <testcase name="chr_variation1" classname="ext/standard/strings.chr_variation1">
    </testcase>
    <testcase name="chunk_split" classname="ext/standard/strings.chunk_split">
    </testcase>
    <testcase name="chunk_split_basic" classname="ext/standard/strings.chunk_split_basic">
    </testcase>
    <testcase name="chunk_split_error" classname="ext/standard/strings.chunk_split_error">
    </testcase>
    <testcase name="chunk_split_variation1" classname="ext/standard/strings.chunk_split_variation1">
    </testcase>
    <testcase name="chunk_split_variation10" classname="ext/standard/strings.chunk_split_variation10">
    </testcase>
    <testcase name="chunk_split_variation11" classname="ext/standard/strings.chunk_split_variation11">
    </testcase>
    <testcase name="chunk_split_variation12" classname="ext/standard/strings.chunk_split_variation12">
    </testcase>
    <testcase name="chunk_split_variation13" classname="ext/standard/strings.chunk_split_variation13">
    </testcase>
    <testcase name="chunk_split_variation2" classname="ext/standard/strings.chunk_split_variation2">
    </testcase>
    <testcase name="chunk_split_variation3" classname="ext/standard/strings.chunk_split_variation3">
    </testcase>
    <testcase name="chunk_split_variation4" classname="ext/standard/strings.chunk_split_variation4">
    </testcase>
    <testcase name="chunk_split_variation5" classname="ext/standard/strings.chunk_split_variation5">
    </testcase>
    <testcase name="chunk_split_variation6" classname="ext/standard/strings.chunk_split_variation6">
    </testcase>
    <testcase name="chunk_split_variation7" classname="ext/standard/strings.chunk_split_variation7">
    </testcase>
    <testcase name="chunk_split_variation8" classname="ext/standard/strings.chunk_split_variation8">
    </testcase>
    <testcase name="chunk_split_variation9" classname="ext/standard/strings.chunk_split_variation9">
    </testcase>
    <testcase name="convert_cyr_string" classname="ext/standard/strings.convert_cyr_string">
    </testcase>
    <testcase name="convert_cyr_string_basic" classname="ext/standard/strings.convert_cyr_string_basic">
    </testcase>
    <testcase name="convert_cyr_string_error" classname="ext/standard/strings.convert_cyr_string_error">
    </testcase>
    <testcase name="convert_cyr_string_variation1" classname="ext/standard/strings.convert_cyr_string_variation1">
    </testcase>
    <testcase name="convert_uudecode_basic" classname="ext/standard/strings.convert_uudecode_basic">
    </testcase>
    <testcase name="convert_uudecode_error" classname="ext/standard/strings.convert_uudecode_error">
    </testcase>
    <testcase name="convert_uudecode_variation1" classname="ext/standard/strings.convert_uudecode_variation1">
    </testcase>
    <testcase name="convert_uuencode_basic" classname="ext/standard/strings.convert_uuencode_basic">
    </testcase>
    <testcase name="convert_uuencode_error" classname="ext/standard/strings.convert_uuencode_error">
    </testcase>
    <testcase name="convert_uuencode_variation1" classname="ext/standard/strings.convert_uuencode_variation1">
    </testcase>
    <testcase name="count_chars" classname="ext/standard/strings.count_chars">
    </testcase>
    <testcase name="count_chars_basic" classname="ext/standard/strings.count_chars_basic">
    </testcase>
    <testcase name="count_chars_error" classname="ext/standard/strings.count_chars_error">
    </testcase>
    <testcase name="count_chars_variation1" classname="ext/standard/strings.count_chars_variation1">
    </testcase>
    <testcase name="count_chars_variation2" classname="ext/standard/strings.count_chars_variation2">
    </testcase>
    <testcase name="crc32" classname="ext/standard/strings.crc32">
    </testcase>
    <testcase name="crc32_basic" classname="ext/standard/strings.crc32_basic">
    </testcase>
    <testcase name="crc32_error" classname="ext/standard/strings.crc32_error">
    </testcase>
    <testcase name="crc32_variation1" classname="ext/standard/strings.crc32_variation1">
      <skipped message="" />
    </testcase>
    <testcase name="crc32_variation2" classname="ext/standard/strings.crc32_variation2">
      <skipped message="" />
    </testcase>
    <testcase name="crc32_variation3" classname="ext/standard/strings.crc32_variation3">
      <skipped message="" />
    </testcase>
    <testcase name="crc32_variation4" classname="ext/standard/strings.crc32_variation4">
      <skipped message="" />
    </testcase>
    <testcase name="crypt" classname="ext/standard/strings.crypt">
    </testcase>
    <testcase name="crypt_blowfish" classname="ext/standard/strings.crypt_blowfish">
    </testcase>
    <testcase name="crypt_blowfish_variation1" classname="ext/standard/strings.crypt_blowfish_variation1">
    </testcase>
    <testcase name="crypt_blowfish_variation2" classname="ext/standard/strings.crypt_blowfish_variation2">
    </testcase>
    <testcase name="crypt_chars" classname="ext/standard/strings.crypt_chars">
    </testcase>
    <testcase name="crypt_des_error" classname="ext/standard/strings.crypt_des_error">
    </testcase>
    <testcase name="crypt_sha256" classname="ext/standard/strings.crypt_sha256">
    </testcase>
    <testcase name="crypt_sha512" classname="ext/standard/strings.crypt_sha512">
    </testcase>
    <testcase name="crypt_variation1" classname="ext/standard/strings.crypt_variation1">
    </testcase>
    <testcase name="default_charset" classname="ext/standard/strings.default_charset">
    </testcase>
    <testcase name="dirname_basic" classname="ext/standard/strings.dirname_basic">
    </testcase>
    <testcase name="dirname_error" classname="ext/standard/strings.dirname_error">
    </testcase>
    <testcase name="dirname_multi" classname="ext/standard/strings.dirname_multi">
    </testcase>
    <testcase name="dirname_multi_win" classname="ext/standard/strings.dirname_multi_win">
      <skipped message="" />
    </testcase>
    <testcase name="dirname_variation" classname="ext/standard/strings.dirname_variation">
    </testcase>
    <testcase name="explode" classname="ext/standard/strings.explode">
    </testcase>
    <testcase name="explode1" classname="ext/standard/strings.explode1">
    </testcase>
    <testcase name="explode_bug" classname="ext/standard/strings.explode_bug">
    </testcase>
    <testcase name="explode_error" classname="ext/standard/strings.explode_error">
    </testcase>
    <testcase name="explode_variation1" classname="ext/standard/strings.explode_variation1">
    </testcase>
    <testcase name="explode_variation2" classname="ext/standard/strings.explode_variation2">
    </testcase>
    <testcase name="explode_variation3" classname="ext/standard/strings.explode_variation3">
    </testcase>
    <testcase name="explode_variation4" classname="ext/standard/strings.explode_variation4">
    </testcase>
    <testcase name="explode_variation5" classname="ext/standard/strings.explode_variation5">
    </testcase>
    <testcase name="explode_variation6" classname="ext/standard/strings.explode_variation6">
    </testcase>
    <testcase name="explode_variation7" classname="ext/standard/strings.explode_variation7">
    </testcase>
    <testcase name="fprintf_error" classname="ext/standard/strings.fprintf_error">
    </testcase>
    <testcase name="fprintf_variation_001" classname="ext/standard/strings.fprintf_variation_001">
    </testcase>
    <testcase name="fprintf_variation_002" classname="ext/standard/strings.fprintf_variation_002">
    </testcase>
    <testcase name="fprintf_variation_003" classname="ext/standard/strings.fprintf_variation_003">
      <skipped message="" />
    </testcase>
    <testcase name="fprintf_variation_003_64bit" classname="ext/standard/strings.fprintf_variation_003_64bit">
    </testcase>
    <testcase name="fprintf_variation_004" classname="ext/standard/strings.fprintf_variation_004">
    </testcase>
    <testcase name="fprintf_variation_005" classname="ext/standard/strings.fprintf_variation_005">
    </testcase>
    <testcase name="fprintf_variation_006" classname="ext/standard/strings.fprintf_variation_006">
      <skipped message="" />
    </testcase>
    <testcase name="fprintf_variation_006_64bit" classname="ext/standard/strings.fprintf_variation_006_64bit">
    </testcase>
    <testcase name="fprintf_variation_007" classname="ext/standard/strings.fprintf_variation_007">
      <skipped message="" />
    </testcase>
    <testcase name="fprintf_variation_007_64bit" classname="ext/standard/strings.fprintf_variation_007_64bit">
    </testcase>
    <testcase name="fprintf_variation_008" classname="ext/standard/strings.fprintf_variation_008">
      <skipped message="" />
    </testcase>
    <testcase name="fprintf_variation_008_64bit" classname="ext/standard/strings.fprintf_variation_008_64bit">
    </testcase>
    <testcase name="fprintf_variation_009" classname="ext/standard/strings.fprintf_variation_009">
    </testcase>
    <testcase name="get_html_translation_table_basic1" classname="ext/standard/strings.get_html_translation_table_basic1">
    </testcase>
    <testcase name="get_html_translation_table_basic10" classname="ext/standard/strings.get_html_translation_table_basic10">
    </testcase>
    <testcase name="get_html_translation_table_basic2" classname="ext/standard/strings.get_html_translation_table_basic2">
    </testcase>
    <testcase name="get_html_translation_table_basic3" classname="ext/standard/strings.get_html_translation_table_basic3">
    </testcase>
    <testcase name="get_html_translation_table_basic4" classname="ext/standard/strings.get_html_translation_table_basic4">
    </testcase>
    <testcase name="get_html_translation_table_basic5" classname="ext/standard/strings.get_html_translation_table_basic5">
    </testcase>
    <testcase name="get_html_translation_table_basic6" classname="ext/standard/strings.get_html_translation_table_basic6">
    </testcase>
    <testcase name="get_html_translation_table_basic7" classname="ext/standard/strings.get_html_translation_table_basic7">
    </testcase>
    <testcase name="get_html_translation_table_basic8" classname="ext/standard/strings.get_html_translation_table_basic8">
    </testcase>
    <testcase name="get_html_translation_table_basic9" classname="ext/standard/strings.get_html_translation_table_basic9">
    </testcase>
    <testcase name="get_html_translation_table_error" classname="ext/standard/strings.get_html_translation_table_error">
    </testcase>
    <testcase name="get_html_translation_table_variation1" classname="ext/standard/strings.get_html_translation_table_variation1">
    </testcase>
    <testcase name="get_html_translation_table_variation2" classname="ext/standard/strings.get_html_translation_table_variation2">
    </testcase>
    <testcase name="get_meta_tags" classname="ext/standard/strings.get_meta_tags">
    </testcase>
    <testcase name="hebrev_basic" classname="ext/standard/strings.hebrev_basic">
    </testcase>
    <testcase name="hebrev_error" classname="ext/standard/strings.hebrev_error">
    </testcase>
    <testcase name="hebrev_variation1" classname="ext/standard/strings.hebrev_variation1">
      <skipped message="" />
    </testcase>
    <testcase name="hebrev_variation2" classname="ext/standard/strings.hebrev_variation2">
    </testcase>
    <testcase name="hebrevc_basic" classname="ext/standard/strings.hebrevc_basic">
      <skipped message="" />
    </testcase>
    <testcase name="hebrevc_error" classname="ext/standard/strings.hebrevc_error">
    </testcase>
    <testcase name="hebrevc_variation1" classname="ext/standard/strings.hebrevc_variation1">
    </testcase>
    <testcase name="hebrevc_variation2" classname="ext/standard/strings.hebrevc_variation2">
      <skipped message="" />
    </testcase>
    <testcase name="hex2bin_basic" classname="ext/standard/strings.hex2bin_basic">
    </testcase>
    <testcase name="hex2bin_error" classname="ext/standard/strings.hex2bin_error">
    </testcase>
    <testcase name="highlight_file" classname="ext/standard/strings.highlight_file">
    </testcase>
    <testcase name="html_entity_decode1" classname="ext/standard/strings.html_entity_decode1">
    </testcase>
    <testcase name="html_entity_decode2" classname="ext/standard/strings.html_entity_decode2">
    </testcase>
    <testcase name="html_entity_decode3" classname="ext/standard/strings.html_entity_decode3">
    </testcase>
    <testcase name="html_entity_decode_cp866" classname="ext/standard/strings.html_entity_decode_cp866">
    </testcase>
    <testcase name="html_entity_decode_html4" classname="ext/standard/strings.html_entity_decode_html4">
    </testcase>
    <testcase name="html_entity_decode_html5" classname="ext/standard/strings.html_entity_decode_html5">
    </testcase>
    <testcase name="html_entity_decode_iso8859-15" classname="ext/standard/strings.html_entity_decode_iso8859-15">
    </testcase>
    <testcase name="html_entity_decode_iso8859-5" classname="ext/standard/strings.html_entity_decode_iso8859-5">
    </testcase>
    <testcase name="html_entity_decode_koi8-r" classname="ext/standard/strings.html_entity_decode_koi8-r">
    </testcase>
    <testcase name="html_entity_decode_macroman" classname="ext/standard/strings.html_entity_decode_macroman">
    </testcase>
    <testcase name="html_entity_decode_win1251" classname="ext/standard/strings.html_entity_decode_win1251">
    </testcase>
    <testcase name="html_entity_decode_win1252" classname="ext/standard/strings.html_entity_decode_win1252">
    </testcase>
    <testcase name="htmlentities-utf-2" classname="ext/standard/strings.htmlentities-utf-2">
    </testcase>
    <testcase name="htmlentities-utf-3" classname="ext/standard/strings.htmlentities-utf-3">
    </testcase>
    <testcase name="htmlentities-utf" classname="ext/standard/strings.htmlentities-utf">
    </testcase>
    <testcase name="htmlentities" classname="ext/standard/strings.htmlentities">
    </testcase>
    <testcase name="htmlentities01" classname="ext/standard/strings.htmlentities01">
    </testcase>
    <testcase name="htmlentities02" classname="ext/standard/strings.htmlentities02">
      <skipped message="" />
    </testcase>
    <testcase name="htmlentities03" classname="ext/standard/strings.htmlentities03">
      <skipped message="" />
    </testcase>
    <testcase name="htmlentities04" classname="ext/standard/strings.htmlentities04">
      <skipped message="" />
    </testcase>
    <testcase name="htmlentities05" classname="ext/standard/strings.htmlentities05">
    </testcase>
    <testcase name="htmlentities06" classname="ext/standard/strings.htmlentities06">
    </testcase>
    <testcase name="htmlentities07" classname="ext/standard/strings.htmlentities07">
    </testcase>
    <testcase name="htmlentities08" classname="ext/standard/strings.htmlentities08">
    </testcase>
    <testcase name="htmlentities09" classname="ext/standard/strings.htmlentities09">
    </testcase>
    <testcase name="htmlentities10" classname="ext/standard/strings.htmlentities10">
    </testcase>
    <testcase name="htmlentities11" classname="ext/standard/strings.htmlentities11">
    </testcase>
    <testcase name="htmlentities12" classname="ext/standard/strings.htmlentities12">
    </testcase>
    <testcase name="htmlentities13" classname="ext/standard/strings.htmlentities13">
    </testcase>
    <testcase name="htmlentities14" classname="ext/standard/strings.htmlentities14">
    </testcase>
    <testcase name="htmlentities15" classname="ext/standard/strings.htmlentities15">
      <skipped message="" />
    </testcase>
    <testcase name="htmlentities16" classname="ext/standard/strings.htmlentities16">
    </testcase>
    <testcase name="htmlentities17" classname="ext/standard/strings.htmlentities17">
    </testcase>
    <testcase name="htmlentities18" classname="ext/standard/strings.htmlentities18">
    </testcase>
    <testcase name="htmlentities19" classname="ext/standard/strings.htmlentities19">
    </testcase>
    <testcase name="htmlentities20" classname="ext/standard/strings.htmlentities20">
    </testcase>
    <testcase name="htmlentities21" classname="ext/standard/strings.htmlentities21">
    </testcase>
    <testcase name="htmlentities22" classname="ext/standard/strings.htmlentities22">
    </testcase>
    <testcase name="htmlentities23" classname="ext/standard/strings.htmlentities23">
    </testcase>
    <testcase name="htmlentities24" classname="ext/standard/strings.htmlentities24">
    </testcase>
    <testcase name="htmlentities_html4" classname="ext/standard/strings.htmlentities_html4">
    </testcase>
    <testcase name="htmlentities_html5" classname="ext/standard/strings.htmlentities_html5">
    </testcase>
    <testcase name="htmlspecialchars" classname="ext/standard/strings.htmlspecialchars">
    </testcase>
    <testcase name="htmlspecialchars_basic" classname="ext/standard/strings.htmlspecialchars_basic">
    </testcase>
    <testcase name="htmlspecialchars_decode_basic" classname="ext/standard/strings.htmlspecialchars_decode_basic">
    </testcase>
    <testcase name="htmlspecialchars_decode_error" classname="ext/standard/strings.htmlspecialchars_decode_error">
    </testcase>
    <testcase name="htmlspecialchars_decode_variation1" classname="ext/standard/strings.htmlspecialchars_decode_variation1">
    </testcase>
    <testcase name="htmlspecialchars_decode_variation2" classname="ext/standard/strings.htmlspecialchars_decode_variation2">
    </testcase>
    <testcase name="htmlspecialchars_decode_variation3" classname="ext/standard/strings.htmlspecialchars_decode_variation3">
    </testcase>
    <testcase name="htmlspecialchars_decode_variation4" classname="ext/standard/strings.htmlspecialchars_decode_variation4">
    </testcase>
    <testcase name="htmlspecialchars_decode_variation5" classname="ext/standard/strings.htmlspecialchars_decode_variation5">
    </testcase>
    <testcase name="htmlspecialchars_decode_variation6" classname="ext/standard/strings.htmlspecialchars_decode_variation6">
    </testcase>
    <testcase name="htmlspecialchars_decode_variation7" classname="ext/standard/strings.htmlspecialchars_decode_variation7">
    </testcase>
    <testcase name="http_build_query" classname="ext/standard/strings.http_build_query">
    </testcase>
    <testcase name="http_build_query_error" classname="ext/standard/strings.http_build_query_error">
    </testcase>
    <testcase name="http_build_query_variation1" classname="ext/standard/strings.http_build_query_variation1">
    </testcase>
    <testcase name="http_build_query_variation2" classname="ext/standard/strings.http_build_query_variation2">
    </testcase>
    <testcase name="http_build_query_variation3" classname="ext/standard/strings.http_build_query_variation3">
    </testcase>
    <testcase name="implode" classname="ext/standard/strings.implode">
    </testcase>
    <testcase name="implode1" classname="ext/standard/strings.implode1">
    </testcase>
    <testcase name="join_basic" classname="ext/standard/strings.join_basic">
    </testcase>
    <testcase name="join_error" classname="ext/standard/strings.join_error">
    </testcase>
    <testcase name="join_variation1" classname="ext/standard/strings.join_variation1">
    </testcase>
    <testcase name="join_variation2" classname="ext/standard/strings.join_variation2">
    </testcase>
    <testcase name="join_variation3" classname="ext/standard/strings.join_variation3">
    </testcase>
    <testcase name="join_variation4" classname="ext/standard/strings.join_variation4">
    </testcase>
    <testcase name="join_variation5" classname="ext/standard/strings.join_variation5">
    </testcase>
    <testcase name="join_variation6" classname="ext/standard/strings.join_variation6">
    </testcase>
    <testcase name="lcfirst" classname="ext/standard/strings.lcfirst">
    </testcase>
    <testcase name="levenshtein" classname="ext/standard/strings.levenshtein">
    </testcase>
    <testcase name="ltrim" classname="ext/standard/strings.ltrim">
    </testcase>
    <testcase name="ltrim_basic" classname="ext/standard/strings.ltrim_basic">
    </testcase>
    <testcase name="ltrim_error" classname="ext/standard/strings.ltrim_error">
    </testcase>
    <testcase name="ltrim_variation1" classname="ext/standard/strings.ltrim_variation1">
    </testcase>
    <testcase name="ltrim_variation2" classname="ext/standard/strings.ltrim_variation2">
    </testcase>
    <testcase name="md5" classname="ext/standard/strings.md5">
    </testcase>
    <testcase name="md5_basic1" classname="ext/standard/strings.md5_basic1">
    </testcase>
    <testcase name="md5_basic2" classname="ext/standard/strings.md5_basic2">
    </testcase>
    <testcase name="md5_error" classname="ext/standard/strings.md5_error">
    </testcase>
    <testcase name="md5_file" classname="ext/standard/strings.md5_file">
    </testcase>
    <testcase name="md5raw" classname="ext/standard/strings.md5raw">
    </testcase>
    <testcase name="metaphone" classname="ext/standard/strings.metaphone">
    </testcase>
    <testcase name="money_format_basic1" classname="ext/standard/strings.money_format_basic1">
    </testcase>
    <testcase name="money_format_error" classname="ext/standard/strings.money_format_error">
    </testcase>
    <testcase name="money_format_variation1" classname="ext/standard/strings.money_format_variation1">
    </testcase>
    <testcase name="money_format_variation2" classname="ext/standard/strings.money_format_variation2">
    </testcase>
    <testcase name="moneyformat" classname="ext/standard/strings.moneyformat">
    </testcase>
    <testcase name="nl2br" classname="ext/standard/strings.nl2br">
    </testcase>
    <testcase name="nl2br_error" classname="ext/standard/strings.nl2br_error">
    </testcase>
    <testcase name="nl2br_variation1" classname="ext/standard/strings.nl2br_variation1">
    </testcase>
    <testcase name="nl2br_variation2" classname="ext/standard/strings.nl2br_variation2">
    </testcase>
    <testcase name="nl2br_variation3" classname="ext/standard/strings.nl2br_variation3">
    </testcase>
    <testcase name="nl2br_variation4" classname="ext/standard/strings.nl2br_variation4">
    </testcase>
    <testcase name="nl2br_variation5" classname="ext/standard/strings.nl2br_variation5">
    </testcase>
    <testcase name="nl_langinfo_basic" classname="ext/standard/strings.nl_langinfo_basic">
    </testcase>
    <testcase name="nl_langinfo_error1" classname="ext/standard/strings.nl_langinfo_error1">
    </testcase>
    <testcase name="nl_langinfo_variation1" classname="ext/standard/strings.nl_langinfo_variation1">
    </testcase>
    <testcase name="number_format_basic" classname="ext/standard/strings.number_format_basic">
    </testcase>
    <testcase name="number_format_error" classname="ext/standard/strings.number_format_error">
    </testcase>
    <testcase name="ord_basic" classname="ext/standard/strings.ord_basic">
    </testcase>
    <testcase name="ord_error" classname="ext/standard/strings.ord_error">
    </testcase>
    <testcase name="ord_variation1" classname="ext/standard/strings.ord_variation1">
    </testcase>
    <testcase name="pack" classname="ext/standard/strings.pack">
      <skipped message="" />
    </testcase>
    <testcase name="pack64" classname="ext/standard/strings.pack64">
    </testcase>
    <testcase name="pack64_32" classname="ext/standard/strings.pack64_32">
      <skipped message="" />
    </testcase>
    <testcase name="pack_A" classname="ext/standard/strings.pack_A">
    </testcase>
    <testcase name="pack_Z" classname="ext/standard/strings.pack_Z">
    </testcase>
    <testcase name="pack_float" classname="ext/standard/strings.pack_float">
    </testcase>
    <testcase name="parse_str_basic1" classname="ext/standard/strings.parse_str_basic1">
    </testcase>
    <testcase name="parse_str_basic2" classname="ext/standard/strings.parse_str_basic2">
    </testcase>
    <testcase name="parse_str_basic3" classname="ext/standard/strings.parse_str_basic3">
    </testcase>
    <testcase name="parse_str_basic4" classname="ext/standard/strings.parse_str_basic4">
    </testcase>
    <testcase name="parse_str_error1" classname="ext/standard/strings.parse_str_error1">
    </testcase>
    <testcase name="parse_str_memory_error" classname="ext/standard/strings.parse_str_memory_error">
    </testcase>
    <testcase name="pathinfo" classname="ext/standard/strings.pathinfo">
    </testcase>
    <testcase name="php_strip_whitespace" classname="ext/standard/strings.php_strip_whitespace">
    </testcase>
    <testcase name="print_basic" classname="ext/standard/strings.print_basic">
    </testcase>
    <testcase name="print_variation1" classname="ext/standard/strings.print_variation1">
    </testcase>
    <testcase name="printf" classname="ext/standard/strings.printf">
      <skipped message="" />
    </testcase>
    <testcase name="printf_64bit" classname="ext/standard/strings.printf_64bit">
    </testcase>
    <testcase name="printf_basic1" classname="ext/standard/strings.printf_basic1">
    </testcase>
    <testcase name="printf_basic2" classname="ext/standard/strings.printf_basic2">
    </testcase>
    <testcase name="printf_basic3" classname="ext/standard/strings.printf_basic3">
    </testcase>
    <testcase name="printf_basic4" classname="ext/standard/strings.printf_basic4">
    </testcase>
    <testcase name="printf_basic5" classname="ext/standard/strings.printf_basic5">
    </testcase>
    <testcase name="printf_basic6" classname="ext/standard/strings.printf_basic6">
    </testcase>
    <testcase name="printf_basic7" classname="ext/standard/strings.printf_basic7">
      <skipped message="" />
    </testcase>
    <testcase name="printf_basic8" classname="ext/standard/strings.printf_basic8">
      <skipped message="" />
    </testcase>
    <testcase name="printf_basic9" classname="ext/standard/strings.printf_basic9">
    </testcase>
    <testcase name="printf_error" classname="ext/standard/strings.printf_error">
    </testcase>
    <testcase name="printf_variation1" classname="ext/standard/strings.printf_variation1">
    </testcase>
    <testcase name="printf_variation2" classname="ext/standard/strings.printf_variation2">
    </testcase>
    <testcase name="quoted_printable_decode_basic" classname="ext/standard/strings.quoted_printable_decode_basic">
    </testcase>
    <testcase name="quoted_printable_decode_error" classname="ext/standard/strings.quoted_printable_decode_error">
    </testcase>
    <testcase name="quoted_printable_decode_variation1" classname="ext/standard/strings.quoted_printable_decode_variation1">
    </testcase>
    <testcase name="quoted_printable_encode_001" classname="ext/standard/strings.quoted_printable_encode_001">
    </testcase>
    <testcase name="quoted_printable_encode_002" classname="ext/standard/strings.quoted_printable_encode_002">
    </testcase>
    <testcase name="quotemeta_basic" classname="ext/standard/strings.quotemeta_basic">
    </testcase>
    <testcase name="quotemeta_error" classname="ext/standard/strings.quotemeta_error">
    </testcase>
    <testcase name="rtrim" classname="ext/standard/strings.rtrim">
    </testcase>
    <testcase name="rtrim_basic" classname="ext/standard/strings.rtrim_basic">
    </testcase>
    <testcase name="rtrim_error" classname="ext/standard/strings.rtrim_error">
    </testcase>
    <testcase name="rtrim_variation1" classname="ext/standard/strings.rtrim_variation1">
    </testcase>
    <testcase name="rtrim_variation2" classname="ext/standard/strings.rtrim_variation2">
    </testcase>
    <testcase name="setlocale_basic1" classname="ext/standard/strings.setlocale_basic1">
      <skipped message="" />
    </testcase>
    <testcase name="setlocale_basic2" classname="ext/standard/strings.setlocale_basic2">
      <skipped message="" />
    </testcase>
    <testcase name="setlocale_basic3" classname="ext/standard/strings.setlocale_basic3">
      <skipped message="" />
    </testcase>
    <testcase name="setlocale_error" classname="ext/standard/strings.setlocale_error">
    </testcase>
    <testcase name="setlocale_variation1" classname="ext/standard/strings.setlocale_variation1">
      <skipped message="" />
    </testcase>
    <testcase name="setlocale_variation2" classname="ext/standard/strings.setlocale_variation2">
      <skipped message="" />
    </testcase>
    <testcase name="setlocale_variation3" classname="ext/standard/strings.setlocale_variation3">
      <skipped message="" />
    </testcase>
    <testcase name="setlocale_variation4" classname="ext/standard/strings.setlocale_variation4">
      <skipped message="" />
    </testcase>
    <testcase name="setlocale_variation5" classname="ext/standard/strings.setlocale_variation5">
      <skipped message="" />
    </testcase>
    <testcase name="sha1" classname="ext/standard/strings.sha1">
    </testcase>
    <testcase name="sha1_basic" classname="ext/standard/strings.sha1_basic">
    </testcase>
    <testcase name="sha1_error" classname="ext/standard/strings.sha1_error">
    </testcase>
    <testcase name="sha1_file" classname="ext/standard/strings.sha1_file">
    </testcase>
    <testcase name="sha1_variation1" classname="ext/standard/strings.sha1_variation1">
    </testcase>
    <testcase name="sha1_variation2" classname="ext/standard/strings.sha1_variation2">
    </testcase>
    <testcase name="sha1raw" classname="ext/standard/strings.sha1raw">
    </testcase>
    <testcase name="show_source_basic" classname="ext/standard/strings.show_source_basic">
    </testcase>
    <testcase name="show_source_variation1" classname="ext/standard/strings.show_source_variation1">
    </testcase>
    <testcase name="show_source_variation2" classname="ext/standard/strings.show_source_variation2">
    </testcase>
    <testcase name="similar_text_basic" classname="ext/standard/strings.similar_text_basic">
    </testcase>
    <testcase name="similar_text_error" classname="ext/standard/strings.similar_text_error">
    </testcase>
    <testcase name="soundex" classname="ext/standard/strings.soundex">
    </testcase>
    <testcase name="soundex_basic" classname="ext/standard/strings.soundex_basic">
    </testcase>
    <testcase name="soundex_error" classname="ext/standard/strings.soundex_error">
    </testcase>
    <testcase name="sprintf_basic1" classname="ext/standard/strings.sprintf_basic1">
    </testcase>
    <testcase name="sprintf_basic2" classname="ext/standard/strings.sprintf_basic2">
    </testcase>
    <testcase name="sprintf_basic3" classname="ext/standard/strings.sprintf_basic3">
    </testcase>
    <testcase name="sprintf_basic4" classname="ext/standard/strings.sprintf_basic4">
    </testcase>
    <testcase name="sprintf_basic5" classname="ext/standard/strings.sprintf_basic5">
    </testcase>
    <testcase name="sprintf_basic6" classname="ext/standard/strings.sprintf_basic6">
    </testcase>
    <testcase name="sprintf_basic7" classname="ext/standard/strings.sprintf_basic7">
      <skipped message="" />
    </testcase>
    <testcase name="sprintf_basic7_64bit" classname="ext/standard/strings.sprintf_basic7_64bit">
    </testcase>
    <testcase name="sprintf_basic8" classname="ext/standard/strings.sprintf_basic8">
      <skipped message="" />
    </testcase>
    <testcase name="sprintf_basic8_64bit" classname="ext/standard/strings.sprintf_basic8_64bit">
    </testcase>
    <testcase name="sprintf_basic9" classname="ext/standard/strings.sprintf_basic9">
    </testcase>
    <testcase name="sprintf_error" classname="ext/standard/strings.sprintf_error">
    </testcase>
    <testcase name="sprintf_f" classname="ext/standard/strings.sprintf_f">
    </testcase>
    <testcase name="sprintf_f_2" classname="ext/standard/strings.sprintf_f_2">
    </testcase>
    <testcase name="sprintf_f_3" classname="ext/standard/strings.sprintf_f_3">
      <skipped message="" />
    </testcase>
    <testcase name="sprintf_variation1" classname="ext/standard/strings.sprintf_variation1">
    </testcase>
    <testcase name="sprintf_variation10" classname="ext/standard/strings.sprintf_variation10">
    </testcase>
    <testcase name="sprintf_variation11" classname="ext/standard/strings.sprintf_variation11">
    </testcase>
    <testcase name="sprintf_variation12" classname="ext/standard/strings.sprintf_variation12">
    </testcase>
    <testcase name="sprintf_variation13" classname="ext/standard/strings.sprintf_variation13">
    </testcase>
    <testcase name="sprintf_variation14" classname="ext/standard/strings.sprintf_variation14">
    </testcase>
    <testcase name="sprintf_variation15" classname="ext/standard/strings.sprintf_variation15">
    </testcase>
    <testcase name="sprintf_variation16" classname="ext/standard/strings.sprintf_variation16">
    </testcase>
    <testcase name="sprintf_variation17" classname="ext/standard/strings.sprintf_variation17">
    </testcase>
    <testcase name="sprintf_variation18" classname="ext/standard/strings.sprintf_variation18">
    </testcase>
    <testcase name="sprintf_variation19" classname="ext/standard/strings.sprintf_variation19">
    </testcase>
    <testcase name="sprintf_variation2" classname="ext/standard/strings.sprintf_variation2">
    </testcase>
    <testcase name="sprintf_variation20" classname="ext/standard/strings.sprintf_variation20">
    </testcase>
    <testcase name="sprintf_variation21" classname="ext/standard/strings.sprintf_variation21">
    </testcase>
    <testcase name="sprintf_variation22" classname="ext/standard/strings.sprintf_variation22">
    </testcase>
    <testcase name="sprintf_variation23" classname="ext/standard/strings.sprintf_variation23">
    </testcase>
    <testcase name="sprintf_variation24" classname="ext/standard/strings.sprintf_variation24">
    </testcase>
    <testcase name="sprintf_variation25" classname="ext/standard/strings.sprintf_variation25">
    </testcase>
    <testcase name="sprintf_variation26" classname="ext/standard/strings.sprintf_variation26">
    </testcase>
    <testcase name="sprintf_variation27" classname="ext/standard/strings.sprintf_variation27">
    </testcase>
    <testcase name="sprintf_variation28" classname="ext/standard/strings.sprintf_variation28">
      <skipped message="" />
    </testcase>
    <testcase name="sprintf_variation28_64bit" classname="ext/standard/strings.sprintf_variation28_64bit">
    </testcase>
    <testcase name="sprintf_variation29" classname="ext/standard/strings.sprintf_variation29">
      <skipped message="" />
    </testcase>
    <testcase name="sprintf_variation29_64bit" classname="ext/standard/strings.sprintf_variation29_64bit">
    </testcase>
    <testcase name="sprintf_variation3" classname="ext/standard/strings.sprintf_variation3">
    </testcase>
    <testcase name="sprintf_variation30" classname="ext/standard/strings.sprintf_variation30">
    </testcase>
    <testcase name="sprintf_variation31" classname="ext/standard/strings.sprintf_variation31">
    </testcase>
    <testcase name="sprintf_variation32" classname="ext/standard/strings.sprintf_variation32">
    </testcase>
    <testcase name="sprintf_variation33" classname="ext/standard/strings.sprintf_variation33">
    </testcase>
    <testcase name="sprintf_variation34" classname="ext/standard/strings.sprintf_variation34">
      <skipped message="" />
    </testcase>
    <testcase name="sprintf_variation34_64bit" classname="ext/standard/strings.sprintf_variation34_64bit">
    </testcase>
    <testcase name="sprintf_variation35" classname="ext/standard/strings.sprintf_variation35">
      <skipped message="" />
    </testcase>
    <testcase name="sprintf_variation35_64bit" classname="ext/standard/strings.sprintf_variation35_64bit">
    </testcase>
    <testcase name="sprintf_variation36" classname="ext/standard/strings.sprintf_variation36">
    </testcase>
    <testcase name="sprintf_variation37" classname="ext/standard/strings.sprintf_variation37">
    </testcase>
    <testcase name="sprintf_variation38" classname="ext/standard/strings.sprintf_variation38">
    </testcase>
    <testcase name="sprintf_variation39" classname="ext/standard/strings.sprintf_variation39">
    </testcase>
    <testcase name="sprintf_variation4" classname="ext/standard/strings.sprintf_variation4">
      <skipped message="" />
    </testcase>
    <testcase name="sprintf_variation40" classname="ext/standard/strings.sprintf_variation40">
      <skipped message="" />
    </testcase>
    <testcase name="sprintf_variation40_64bit" classname="ext/standard/strings.sprintf_variation40_64bit">
    </testcase>
    <testcase name="sprintf_variation41" classname="ext/standard/strings.sprintf_variation41">
      <skipped message="" />
    </testcase>
    <testcase name="sprintf_variation41_64bit" classname="ext/standard/strings.sprintf_variation41_64bit">
    </testcase>
    <testcase name="sprintf_variation42" classname="ext/standard/strings.sprintf_variation42">
    </testcase>
    <testcase name="sprintf_variation43" classname="ext/standard/strings.sprintf_variation43">
    </testcase>
    <testcase name="sprintf_variation44" classname="ext/standard/strings.sprintf_variation44">
      <skipped message="" />
    </testcase>
    <testcase name="sprintf_variation44_64bit" classname="ext/standard/strings.sprintf_variation44_64bit">
    </testcase>
    <testcase name="sprintf_variation45" classname="ext/standard/strings.sprintf_variation45">
    </testcase>
    <testcase name="sprintf_variation46" classname="ext/standard/strings.sprintf_variation46">
    </testcase>
    <testcase name="sprintf_variation47" classname="ext/standard/strings.sprintf_variation47">
    </testcase>
    <testcase name="sprintf_variation48" classname="ext/standard/strings.sprintf_variation48">
    </testcase>
    <testcase name="sprintf_variation49" classname="ext/standard/strings.sprintf_variation49">
    </testcase>
    <testcase name="sprintf_variation4_64bit" classname="ext/standard/strings.sprintf_variation4_64bit">
    </testcase>
    <testcase name="sprintf_variation5" classname="ext/standard/strings.sprintf_variation5">
    </testcase>
    <testcase name="sprintf_variation50" classname="ext/standard/strings.sprintf_variation50">
    </testcase>
    <testcase name="sprintf_variation51" classname="ext/standard/strings.sprintf_variation51">
    </testcase>
    <testcase name="sprintf_variation52" classname="ext/standard/strings.sprintf_variation52">
    </testcase>
    <testcase name="sprintf_variation53" classname="ext/standard/strings.sprintf_variation53">
    </testcase>
    <testcase name="sprintf_variation6" classname="ext/standard/strings.sprintf_variation6">
    </testcase>
    <testcase name="sprintf_variation7" classname="ext/standard/strings.sprintf_variation7">
    </testcase>
    <testcase name="sprintf_variation8" classname="ext/standard/strings.sprintf_variation8">
    </testcase>
    <testcase name="sprintf_variation9" classname="ext/standard/strings.sprintf_variation9">
    </testcase>
    <testcase name="sscanf_basic1" classname="ext/standard/strings.sscanf_basic1">
    </testcase>
    <testcase name="sscanf_basic2" classname="ext/standard/strings.sscanf_basic2">
    </testcase>
    <testcase name="sscanf_basic3" classname="ext/standard/strings.sscanf_basic3">
    </testcase>
    <testcase name="sscanf_basic4" classname="ext/standard/strings.sscanf_basic4">
    </testcase>
    <testcase name="sscanf_basic5" classname="ext/standard/strings.sscanf_basic5">
    </testcase>
    <testcase name="sscanf_basic6" classname="ext/standard/strings.sscanf_basic6">
      <skipped message="" />
    </testcase>
    <testcase name="sscanf_basic7" classname="ext/standard/strings.sscanf_basic7">
    </testcase>
    <testcase name="sscanf_basic8" classname="ext/standard/strings.sscanf_basic8">
    </testcase>
    <testcase name="sscanf_error" classname="ext/standard/strings.sscanf_error">
    </testcase>
    <testcase name="sscanf_variation1" classname="ext/standard/strings.sscanf_variation1">
    </testcase>
    <testcase name="sscanf_variation2" classname="ext/standard/strings.sscanf_variation2">
    </testcase>
    <testcase name="str_getcsv_001" classname="ext/standard/strings.str_getcsv_001">
    </testcase>
    <testcase name="str_ireplace" classname="ext/standard/strings.str_ireplace">
    </testcase>
    <testcase name="str_pad" classname="ext/standard/strings.str_pad">
    </testcase>
    <testcase name="str_pad_variation1" classname="ext/standard/strings.str_pad_variation1">
    </testcase>
    <testcase name="str_pad_variation2" classname="ext/standard/strings.str_pad_variation2">
    </testcase>
    <testcase name="str_pad_variation3" classname="ext/standard/strings.str_pad_variation3">
    </testcase>
    <testcase name="str_pad_variation4" classname="ext/standard/strings.str_pad_variation4">
    </testcase>
    <testcase name="str_pad_variation5" classname="ext/standard/strings.str_pad_variation5">
      <skipped message="" />
    </testcase>
    <testcase name="str_repeat" classname="ext/standard/strings.str_repeat">
    </testcase>
    <testcase name="str_replace" classname="ext/standard/strings.str_replace">
    </testcase>
    <testcase name="str_replace_array_refs" classname="ext/standard/strings.str_replace_array_refs">
    </testcase>
    <testcase name="str_replace_array_refs2" classname="ext/standard/strings.str_replace_array_refs2">
    </testcase>
    <testcase name="str_replace_basic" classname="ext/standard/strings.str_replace_basic">
    </testcase>
    <testcase name="str_replace_error" classname="ext/standard/strings.str_replace_error">
    </testcase>
    <testcase name="str_replace_variation1" classname="ext/standard/strings.str_replace_variation1">
    </testcase>
    <testcase name="str_replace_variation2" classname="ext/standard/strings.str_replace_variation2">
    </testcase>
    <testcase name="str_replace_variation3" classname="ext/standard/strings.str_replace_variation3">
    </testcase>
    <testcase name="str_rot13_basic" classname="ext/standard/strings.str_rot13_basic">
    </testcase>
    <testcase name="str_rot13_error" classname="ext/standard/strings.str_rot13_error">
    </testcase>
    <testcase name="str_shuffle" classname="ext/standard/strings.str_shuffle">
    </testcase>
    <testcase name="str_shuffle_basic" classname="ext/standard/strings.str_shuffle_basic">
    </testcase>
    <testcase name="str_shuffle_error" classname="ext/standard/strings.str_shuffle_error">
    </testcase>
    <testcase name="str_shuffle_variation1" classname="ext/standard/strings.str_shuffle_variation1">
    </testcase>
    <testcase name="str_split_basic" classname="ext/standard/strings.str_split_basic">
    </testcase>
    <testcase name="str_split_error" classname="ext/standard/strings.str_split_error">
    </testcase>
    <testcase name="str_split_variation1" classname="ext/standard/strings.str_split_variation1">
    </testcase>
    <testcase name="str_split_variation2" classname="ext/standard/strings.str_split_variation2">
      <skipped message="" />
    </testcase>
    <testcase name="str_split_variation2_64bit" classname="ext/standard/strings.str_split_variation2_64bit">
    </testcase>
    <testcase name="str_split_variation3" classname="ext/standard/strings.str_split_variation3">
    </testcase>
    <testcase name="str_split_variation4" classname="ext/standard/strings.str_split_variation4">
    </testcase>
    <testcase name="str_split_variation5" classname="ext/standard/strings.str_split_variation5">
    </testcase>
    <testcase name="str_split_variation6" classname="ext/standard/strings.str_split_variation6">
      <skipped message="" />
    </testcase>
    <testcase name="str_split_variation6_64bit" classname="ext/standard/strings.str_split_variation6_64bit">
    </testcase>
    <testcase name="str_split_variation7" classname="ext/standard/strings.str_split_variation7">
      <skipped message="" />
    </testcase>
    <testcase name="str_split_variation7_64bit" classname="ext/standard/strings.str_split_variation7_64bit">
    </testcase>
    <testcase name="str_word_count" classname="ext/standard/strings.str_word_count">
    </testcase>
    <testcase name="str_word_count1" classname="ext/standard/strings.str_word_count1">
    </testcase>
    <testcase name="strcasecmp" classname="ext/standard/strings.strcasecmp">
    </testcase>
    <testcase name="strcmp" classname="ext/standard/strings.strcmp">
    </testcase>
    <testcase name="strcmp_unterminated" classname="ext/standard/strings.strcmp_unterminated">
      <skipped message="" />
    </testcase>
    <testcase name="strcoll" classname="ext/standard/strings.strcoll">
    </testcase>
    <testcase name="strcoll_error" classname="ext/standard/strings.strcoll_error">
    </testcase>
    <testcase name="strcspn" classname="ext/standard/strings.strcspn">
    </testcase>
    <testcase name="strcspn_basic" classname="ext/standard/strings.strcspn_basic">
    </testcase>
    <testcase name="strcspn_error" classname="ext/standard/strings.strcspn_error">
    </testcase>
    <testcase name="strcspn_variation1" classname="ext/standard/strings.strcspn_variation1">
    </testcase>
    <testcase name="strcspn_variation10" classname="ext/standard/strings.strcspn_variation10">
    </testcase>
    <testcase name="strcspn_variation11" classname="ext/standard/strings.strcspn_variation11">
    </testcase>
    <testcase name="strcspn_variation12" classname="ext/standard/strings.strcspn_variation12">
    </testcase>
    <testcase name="strcspn_variation2" classname="ext/standard/strings.strcspn_variation2">
    </testcase>
    <testcase name="strcspn_variation3" classname="ext/standard/strings.strcspn_variation3">
    </testcase>
    <testcase name="strcspn_variation4" classname="ext/standard/strings.strcspn_variation4">
    </testcase>
    <testcase name="strcspn_variation5" classname="ext/standard/strings.strcspn_variation5">
    </testcase>
    <testcase name="strcspn_variation6" classname="ext/standard/strings.strcspn_variation6">
    </testcase>
    <testcase name="strcspn_variation7" classname="ext/standard/strings.strcspn_variation7">
    </testcase>
    <testcase name="strcspn_variation8" classname="ext/standard/strings.strcspn_variation8">
    </testcase>
    <testcase name="strcspn_variation9" classname="ext/standard/strings.strcspn_variation9">
    </testcase>
    <testcase name="strings001" classname="ext/standard/strings.strings001">
    </testcase>
    <testcase name="strip_tags" classname="ext/standard/strings.strip_tags">
    </testcase>
    <testcase name="strip_tags_basic1" classname="ext/standard/strings.strip_tags_basic1">
    </testcase>
    <testcase name="strip_tags_basic2" classname="ext/standard/strings.strip_tags_basic2">
    </testcase>
    <testcase name="strip_tags_error" classname="ext/standard/strings.strip_tags_error">
    </testcase>
    <testcase name="strip_tags_variation1" classname="ext/standard/strings.strip_tags_variation1">
    </testcase>
    <testcase name="strip_tags_variation10" classname="ext/standard/strings.strip_tags_variation10">
    </testcase>
    <testcase name="strip_tags_variation11" classname="ext/standard/strings.strip_tags_variation11">
    </testcase>
    <testcase name="strip_tags_variation2" classname="ext/standard/strings.strip_tags_variation2">
    </testcase>
    <testcase name="strip_tags_variation3" classname="ext/standard/strings.strip_tags_variation3">
    </testcase>
    <testcase name="strip_tags_variation4" classname="ext/standard/strings.strip_tags_variation4">
    </testcase>
    <testcase name="strip_tags_variation5" classname="ext/standard/strings.strip_tags_variation5">
    </testcase>
    <testcase name="strip_tags_variation6" classname="ext/standard/strings.strip_tags_variation6">
    </testcase>
    <testcase name="strip_tags_variation7" classname="ext/standard/strings.strip_tags_variation7">
    </testcase>
    <testcase name="strip_tags_variation8" classname="ext/standard/strings.strip_tags_variation8">
    </testcase>
    <testcase name="strip_tags_variation9" classname="ext/standard/strings.strip_tags_variation9">
    </testcase>
    <testcase name="stripcslashes_basic" classname="ext/standard/strings.stripcslashes_basic">
    </testcase>
    <testcase name="stripcslashes_error" classname="ext/standard/strings.stripcslashes_error">
    </testcase>
    <testcase name="stripcslashes_variation1" classname="ext/standard/strings.stripcslashes_variation1">
    </testcase>
    <testcase name="stripos" classname="ext/standard/strings.stripos">
    </testcase>
    <testcase name="stripos_basic1" classname="ext/standard/strings.stripos_basic1">
    </testcase>
    <testcase name="stripos_basic2" classname="ext/standard/strings.stripos_basic2">
    </testcase>
    <testcase name="stripos_error" classname="ext/standard/strings.stripos_error">
    </testcase>
    <testcase name="stripos_variation1" classname="ext/standard/strings.stripos_variation1">
    </testcase>
    <testcase name="stripos_variation10" classname="ext/standard/strings.stripos_variation10">
    </testcase>
    <testcase name="stripos_variation11" classname="ext/standard/strings.stripos_variation11">
    </testcase>
    <testcase name="stripos_variation12" classname="ext/standard/strings.stripos_variation12">
    </testcase>
    <testcase name="stripos_variation13" classname="ext/standard/strings.stripos_variation13">
    </testcase>
    <testcase name="stripos_variation14" classname="ext/standard/strings.stripos_variation14">
    </testcase>
    <testcase name="stripos_variation15" classname="ext/standard/strings.stripos_variation15">
    </testcase>
    <testcase name="stripos_variation2" classname="ext/standard/strings.stripos_variation2">
    </testcase>
    <testcase name="stripos_variation3" classname="ext/standard/strings.stripos_variation3">
    </testcase>
    <testcase name="stripos_variation4" classname="ext/standard/strings.stripos_variation4">
    </testcase>
    <testcase name="stripos_variation5" classname="ext/standard/strings.stripos_variation5">
    </testcase>
    <testcase name="stripos_variation6" classname="ext/standard/strings.stripos_variation6">
    </testcase>
    <testcase name="stripos_variation7" classname="ext/standard/strings.stripos_variation7">
    </testcase>
    <testcase name="stripos_variation8" classname="ext/standard/strings.stripos_variation8">
    </testcase>
    <testcase name="stripos_variation9" classname="ext/standard/strings.stripos_variation9">
    </testcase>
    <testcase name="stripslashes_basic" classname="ext/standard/strings.stripslashes_basic">
    </testcase>
    <testcase name="stripslashes_error" classname="ext/standard/strings.stripslashes_error">
    </testcase>
    <testcase name="stripslashes_variation1" classname="ext/standard/strings.stripslashes_variation1">
    </testcase>
    <testcase name="stripslashes_variation2" classname="ext/standard/strings.stripslashes_variation2">
    </testcase>
    <testcase name="stripslashes_variation3" classname="ext/standard/strings.stripslashes_variation3">
    </testcase>
    <testcase name="stripslashes_variation4" classname="ext/standard/strings.stripslashes_variation4">
    </testcase>
    <testcase name="stristr" classname="ext/standard/strings.stristr">
    </testcase>
    <testcase name="stristr2" classname="ext/standard/strings.stristr2">
    </testcase>
    <testcase name="stristr_basic" classname="ext/standard/strings.stristr_basic">
    </testcase>
    <testcase name="stristr_error" classname="ext/standard/strings.stristr_error">
    </testcase>
    <testcase name="stristr_variation1" classname="ext/standard/strings.stristr_variation1">
    </testcase>
    <testcase name="stristr_variation2" classname="ext/standard/strings.stristr_variation2">
    </testcase>
    <testcase name="strlen" classname="ext/standard/strings.strlen">
    </testcase>
    <testcase name="strlen_basic" classname="ext/standard/strings.strlen_basic">
    </testcase>
    <testcase name="strlen_error" classname="ext/standard/strings.strlen_error">
    </testcase>
    <testcase name="strlen_variation1" classname="ext/standard/strings.strlen_variation1">
    </testcase>
    <testcase name="strnatcasecmp_basic" classname="ext/standard/strings.strnatcasecmp_basic">
    </testcase>
    <testcase name="strnatcasecmp_error" classname="ext/standard/strings.strnatcasecmp_error">
    </testcase>
    <testcase name="strnatcasecmp_variation1" classname="ext/standard/strings.strnatcasecmp_variation1">
    </testcase>
    <testcase name="strnatcmp_basic" classname="ext/standard/strings.strnatcmp_basic">
    </testcase>
    <testcase name="strnatcmp_error" classname="ext/standard/strings.strnatcmp_error">
    </testcase>
    <testcase name="strnatcmp_leftalign" classname="ext/standard/strings.strnatcmp_leftalign">
    </testcase>
    <testcase name="strncasecmp_basic" classname="ext/standard/strings.strncasecmp_basic">
    </testcase>
    <testcase name="strncasecmp_error" classname="ext/standard/strings.strncasecmp_error">
    </testcase>
    <testcase name="strncasecmp_variation1" classname="ext/standard/strings.strncasecmp_variation1">
    </testcase>
    <testcase name="strncasecmp_variation10" classname="ext/standard/strings.strncasecmp_variation10">
    </testcase>
    <testcase name="strncasecmp_variation11" classname="ext/standard/strings.strncasecmp_variation11">
    </testcase>
    <testcase name="strncasecmp_variation2" classname="ext/standard/strings.strncasecmp_variation2">
    </testcase>
    <testcase name="strncasecmp_variation3" classname="ext/standard/strings.strncasecmp_variation3">
    </testcase>
    <testcase name="strncasecmp_variation4" classname="ext/standard/strings.strncasecmp_variation4">
    </testcase>
    <testcase name="strncasecmp_variation5" classname="ext/standard/strings.strncasecmp_variation5">
    </testcase>
    <testcase name="strncasecmp_variation6" classname="ext/standard/strings.strncasecmp_variation6">
    </testcase>
    <testcase name="strncasecmp_variation7" classname="ext/standard/strings.strncasecmp_variation7">
    </testcase>
    <testcase name="strncasecmp_variation8" classname="ext/standard/strings.strncasecmp_variation8">
    </testcase>
    <testcase name="strncasecmp_variation9" classname="ext/standard/strings.strncasecmp_variation9">
    </testcase>
    <testcase name="strncmp_basic" classname="ext/standard/strings.strncmp_basic">
    </testcase>
    <testcase name="strncmp_error" classname="ext/standard/strings.strncmp_error">
    </testcase>
    <testcase name="strncmp_variation1" classname="ext/standard/strings.strncmp_variation1">
    </testcase>
    <testcase name="strncmp_variation2" classname="ext/standard/strings.strncmp_variation2">
    </testcase>
    <testcase name="strncmp_variation3" classname="ext/standard/strings.strncmp_variation3">
    </testcase>
    <testcase name="strncmp_variation4" classname="ext/standard/strings.strncmp_variation4">
    </testcase>
    <testcase name="strncmp_variation5" classname="ext/standard/strings.strncmp_variation5">
    </testcase>
    <testcase name="strncmp_variation6" classname="ext/standard/strings.strncmp_variation6">
    </testcase>
    <testcase name="strncmp_variation7" classname="ext/standard/strings.strncmp_variation7">
    </testcase>
    <testcase name="strncmp_variation8" classname="ext/standard/strings.strncmp_variation8">
    </testcase>
    <testcase name="strncmp_variation9" classname="ext/standard/strings.strncmp_variation9">
    </testcase>
    <testcase name="strpbrk_basic" classname="ext/standard/strings.strpbrk_basic">
    </testcase>
    <testcase name="strpbrk_error" classname="ext/standard/strings.strpbrk_error">
    </testcase>
    <testcase name="strpos" classname="ext/standard/strings.strpos">
    </testcase>
    <testcase name="strpos_number" classname="ext/standard/strings.strpos_number">
    </testcase>
    <testcase name="strrchr" classname="ext/standard/strings.strrchr">
    </testcase>
    <testcase name="strrchr_basic" classname="ext/standard/strings.strrchr_basic">
    </testcase>
    <testcase name="strrchr_error" classname="ext/standard/strings.strrchr_error">
    </testcase>
    <testcase name="strrchr_variation1" classname="ext/standard/strings.strrchr_variation1">
    </testcase>
    <testcase name="strrchr_variation10" classname="ext/standard/strings.strrchr_variation10">
    </testcase>
    <testcase name="strrchr_variation11" classname="ext/standard/strings.strrchr_variation11">
    </testcase>
    <testcase name="strrchr_variation12" classname="ext/standard/strings.strrchr_variation12">
    </testcase>
    <testcase name="strrchr_variation2" classname="ext/standard/strings.strrchr_variation2">
    </testcase>
    <testcase name="strrchr_variation3" classname="ext/standard/strings.strrchr_variation3">
    </testcase>
    <testcase name="strrchr_variation4" classname="ext/standard/strings.strrchr_variation4">
    </testcase>
    <testcase name="strrchr_variation5" classname="ext/standard/strings.strrchr_variation5">
    </testcase>
    <testcase name="strrchr_variation6" classname="ext/standard/strings.strrchr_variation6">
    </testcase>
    <testcase name="strrchr_variation7" classname="ext/standard/strings.strrchr_variation7">
    </testcase>
    <testcase name="strrchr_variation8" classname="ext/standard/strings.strrchr_variation8">
    </testcase>
    <testcase name="strrchr_variation9" classname="ext/standard/strings.strrchr_variation9">
    </testcase>
    <testcase name="strrev" classname="ext/standard/strings.strrev">
    </testcase>
    <testcase name="strrev_basic" classname="ext/standard/strings.strrev_basic">
    </testcase>
    <testcase name="strrev_error" classname="ext/standard/strings.strrev_error">
    </testcase>
    <testcase name="strrev_variation1" classname="ext/standard/strings.strrev_variation1">
    </testcase>
    <testcase name="strrev_variation2" classname="ext/standard/strings.strrev_variation2">
    </testcase>
    <testcase name="strrev_variation3" classname="ext/standard/strings.strrev_variation3">
    </testcase>
    <testcase name="strrev_variation4" classname="ext/standard/strings.strrev_variation4">
    </testcase>
    <testcase name="strripos" classname="ext/standard/strings.strripos">
    </testcase>
    <testcase name="strripos_basic1" classname="ext/standard/strings.strripos_basic1">
    </testcase>
    <testcase name="strripos_basic2" classname="ext/standard/strings.strripos_basic2">
    </testcase>
    <testcase name="strripos_error" classname="ext/standard/strings.strripos_error">
    </testcase>
    <testcase name="strripos_offset" classname="ext/standard/strings.strripos_offset">
    </testcase>
    <testcase name="strripos_variation1" classname="ext/standard/strings.strripos_variation1">
    </testcase>
    <testcase name="strripos_variation2" classname="ext/standard/strings.strripos_variation2">
    </testcase>
    <testcase name="strripos_variation3" classname="ext/standard/strings.strripos_variation3">
    </testcase>
    <testcase name="strripos_variation4" classname="ext/standard/strings.strripos_variation4">
    </testcase>
    <testcase name="strripos_variation5" classname="ext/standard/strings.strripos_variation5">
    </testcase>
    <testcase name="strrpos" classname="ext/standard/strings.strrpos">
    </testcase>
    <testcase name="strrpos_basic1" classname="ext/standard/strings.strrpos_basic1">
    </testcase>
    <testcase name="strrpos_basic2" classname="ext/standard/strings.strrpos_basic2">
    </testcase>
    <testcase name="strrpos_error" classname="ext/standard/strings.strrpos_error">
    </testcase>
    <testcase name="strrpos_negative_offset" classname="ext/standard/strings.strrpos_negative_offset">
    </testcase>
    <testcase name="strrpos_offset" classname="ext/standard/strings.strrpos_offset">
    </testcase>
    <testcase name="strrpos_variation1" classname="ext/standard/strings.strrpos_variation1">
    </testcase>
    <testcase name="strrpos_variation10" classname="ext/standard/strings.strrpos_variation10">
    </testcase>
    <testcase name="strrpos_variation11" classname="ext/standard/strings.strrpos_variation11">
    </testcase>
    <testcase name="strrpos_variation12" classname="ext/standard/strings.strrpos_variation12">
    </testcase>
    <testcase name="strrpos_variation13" classname="ext/standard/strings.strrpos_variation13">
    </testcase>
    <testcase name="strrpos_variation14" classname="ext/standard/strings.strrpos_variation14">
      <skipped message="" />
    </testcase>
    <testcase name="strrpos_variation15" classname="ext/standard/strings.strrpos_variation15">
      <skipped message="" />
    </testcase>
    <testcase name="strrpos_variation2" classname="ext/standard/strings.strrpos_variation2">
    </testcase>
    <testcase name="strrpos_variation3" classname="ext/standard/strings.strrpos_variation3">
    </testcase>
    <testcase name="strrpos_variation4" classname="ext/standard/strings.strrpos_variation4">
    </testcase>
    <testcase name="strrpos_variation5" classname="ext/standard/strings.strrpos_variation5">
    </testcase>
    <testcase name="strrpos_variation6" classname="ext/standard/strings.strrpos_variation6">
    </testcase>
    <testcase name="strrpos_variation7" classname="ext/standard/strings.strrpos_variation7">
    </testcase>
    <testcase name="strrpos_variation8" classname="ext/standard/strings.strrpos_variation8">
    </testcase>
    <testcase name="strrpos_variation9" classname="ext/standard/strings.strrpos_variation9">
    </testcase>
    <testcase name="strspn" classname="ext/standard/strings.strspn">
    </testcase>
    <testcase name="strspn_basic" classname="ext/standard/strings.strspn_basic">
    </testcase>
    <testcase name="strspn_error" classname="ext/standard/strings.strspn_error">
    </testcase>
    <testcase name="strspn_variation1" classname="ext/standard/strings.strspn_variation1">
    </testcase>
    <testcase name="strspn_variation10" classname="ext/standard/strings.strspn_variation10">
    </testcase>
    <testcase name="strspn_variation11" classname="ext/standard/strings.strspn_variation11">
    </testcase>
    <testcase name="strspn_variation12" classname="ext/standard/strings.strspn_variation12">
    </testcase>
    <testcase name="strspn_variation2" classname="ext/standard/strings.strspn_variation2">
    </testcase>
    <testcase name="strspn_variation3" classname="ext/standard/strings.strspn_variation3">
    </testcase>
    <testcase name="strspn_variation4" classname="ext/standard/strings.strspn_variation4">
    </testcase>
    <testcase name="strspn_variation5" classname="ext/standard/strings.strspn_variation5">
    </testcase>
    <testcase name="strspn_variation6" classname="ext/standard/strings.strspn_variation6">
    </testcase>
    <testcase name="strspn_variation7" classname="ext/standard/strings.strspn_variation7">
    </testcase>
    <testcase name="strspn_variation8" classname="ext/standard/strings.strspn_variation8">
    </testcase>
    <testcase name="strspn_variation9" classname="ext/standard/strings.strspn_variation9">
    </testcase>
    <testcase name="strstr" classname="ext/standard/strings.strstr">
    </testcase>
    <testcase name="strstr2" classname="ext/standard/strings.strstr2">
    </testcase>
    <testcase name="strtok_basic" classname="ext/standard/strings.strtok_basic">
    </testcase>
    <testcase name="strtok_error" classname="ext/standard/strings.strtok_error">
    </testcase>
    <testcase name="strtok_variation1" classname="ext/standard/strings.strtok_variation1">
    </testcase>
    <testcase name="strtok_variation2" classname="ext/standard/strings.strtok_variation2">
    </testcase>
    <testcase name="strtok_variation3" classname="ext/standard/strings.strtok_variation3">
    </testcase>
    <testcase name="strtok_variation4" classname="ext/standard/strings.strtok_variation4">
    </testcase>
    <testcase name="strtok_variation5" classname="ext/standard/strings.strtok_variation5">
    </testcase>
    <testcase name="strtok_variation6" classname="ext/standard/strings.strtok_variation6">
    </testcase>
    <testcase name="strtok_variation7" classname="ext/standard/strings.strtok_variation7">
    </testcase>
    <testcase name="strtolower-win32" classname="ext/standard/strings.strtolower-win32">
      <skipped message="" />
    </testcase>
    <testcase name="strtolower" classname="ext/standard/strings.strtolower">
      <skipped message="" />
    </testcase>
    <testcase name="strtoupper" classname="ext/standard/strings.strtoupper">
      <skipped message="" />
    </testcase>
    <testcase name="strtoupper1-win32" classname="ext/standard/strings.strtoupper1-win32">
      <skipped message="" />
    </testcase>
    <testcase name="strtoupper1" classname="ext/standard/strings.strtoupper1">
      <skipped message="" />
    </testcase>
    <testcase name="strtr" classname="ext/standard/strings.strtr">
    </testcase>
    <testcase name="strtr_basic" classname="ext/standard/strings.strtr_basic">
    </testcase>
    <testcase name="strtr_error" classname="ext/standard/strings.strtr_error">
    </testcase>
    <testcase name="strtr_variation1" classname="ext/standard/strings.strtr_variation1">
    </testcase>
    <testcase name="strtr_variation2" classname="ext/standard/strings.strtr_variation2">
    </testcase>
    <testcase name="strtr_variation3" classname="ext/standard/strings.strtr_variation3">
    </testcase>
    <testcase name="strtr_variation4" classname="ext/standard/strings.strtr_variation4">
    </testcase>
    <testcase name="strtr_variation5" classname="ext/standard/strings.strtr_variation5">
    </testcase>
    <testcase name="strtr_variation6" classname="ext/standard/strings.strtr_variation6">
    </testcase>
    <testcase name="strtr_variation7" classname="ext/standard/strings.strtr_variation7">
    </testcase>
    <testcase name="strtr_variation8" classname="ext/standard/strings.strtr_variation8">
    </testcase>
    <testcase name="strtr_variation9" classname="ext/standard/strings.strtr_variation9">
    </testcase>
    <testcase name="strtr_with_reference" classname="ext/standard/strings.strtr_with_reference">
    </testcase>
    <testcase name="strval" classname="ext/standard/strings.strval">
    </testcase>
    <testcase name="strval_basic" classname="ext/standard/strings.strval_basic">
    </testcase>
    <testcase name="strval_error" classname="ext/standard/strings.strval_error">
    </testcase>
    <testcase name="strval_variation1" classname="ext/standard/strings.strval_variation1">
    </testcase>
    <testcase name="strval_variation2" classname="ext/standard/strings.strval_variation2">
    </testcase>
    <testcase name="substr" classname="ext/standard/strings.substr">
    </testcase>
    <testcase name="substr_compare" classname="ext/standard/strings.substr_compare">
    </testcase>
    <testcase name="substr_count_basic" classname="ext/standard/strings.substr_count_basic">
    </testcase>
    <testcase name="substr_count_error" classname="ext/standard/strings.substr_count_error">
    </testcase>
    <testcase name="substr_count_variation_001" classname="ext/standard/strings.substr_count_variation_001">
    </testcase>
    <testcase name="substr_count_variation_002" classname="ext/standard/strings.substr_count_variation_002">
    </testcase>
    <testcase name="substr_replace" classname="ext/standard/strings.substr_replace">
    </testcase>
    <testcase name="substr_replace_array" classname="ext/standard/strings.substr_replace_array">
    </testcase>
    <testcase name="substr_replace_error" classname="ext/standard/strings.substr_replace_error">
    </testcase>
    <testcase name="trim" classname="ext/standard/strings.trim">
    </testcase>
    <testcase name="trim1" classname="ext/standard/strings.trim1">
    </testcase>
    <testcase name="trim_basic" classname="ext/standard/strings.trim_basic">
    </testcase>
    <testcase name="trim_error" classname="ext/standard/strings.trim_error">
    </testcase>
    <testcase name="trim_variation1" classname="ext/standard/strings.trim_variation1">
    </testcase>
    <testcase name="trim_variation2" classname="ext/standard/strings.trim_variation2">
    </testcase>
    <testcase name="ucfirst" classname="ext/standard/strings.ucfirst">
    </testcase>
    <testcase name="ucwords_basic" classname="ext/standard/strings.ucwords_basic">
    </testcase>
    <testcase name="ucwords_error" classname="ext/standard/strings.ucwords_error">
    </testcase>
    <testcase name="ucwords_variation1" classname="ext/standard/strings.ucwords_variation1">
    </testcase>
    <testcase name="ucwords_variation2" classname="ext/standard/strings.ucwords_variation2">
    </testcase>
    <testcase name="ucwords_variation3" classname="ext/standard/strings.ucwords_variation3">
    </testcase>
    <testcase name="ucwords_variation4" classname="ext/standard/strings.ucwords_variation4">
    </testcase>
    <testcase name="ucwords_variation5" classname="ext/standard/strings.ucwords_variation5">
    </testcase>
    <testcase name="unpack" classname="ext/standard/strings.unpack">
    </testcase>
    <testcase name="unpack_bug68225" classname="ext/standard/strings.unpack_bug68225">
    </testcase>
    <testcase name="unpack_error" classname="ext/standard/strings.unpack_error">
    </testcase>
    <testcase name="unpack_offset" classname="ext/standard/strings.unpack_offset">
    </testcase>
    <testcase name="url_t" classname="ext/standard/strings.url_t">
    </testcase>
    <testcase name="utf8" classname="ext/standard/strings.utf8">
    </testcase>
    <testcase name="utf8_decode_error" classname="ext/standard/strings.utf8_decode_error">
    </testcase>
    <testcase name="utf8_decode_variation1" classname="ext/standard/strings.utf8_decode_variation1">
    </testcase>
    <testcase name="utf8_encode_error" classname="ext/standard/strings.utf8_encode_error">
    </testcase>
    <testcase name="utf8_encode_variation1" classname="ext/standard/strings.utf8_encode_variation1">
    </testcase>
    <testcase name="uuencode" classname="ext/standard/strings.uuencode">
    </testcase>
    <testcase name="vfprintf_basic" classname="ext/standard/strings.vfprintf_basic">
    </testcase>
    <testcase name="vfprintf_basic1" classname="ext/standard/strings.vfprintf_basic1">
    </testcase>
    <testcase name="vfprintf_basic2" classname="ext/standard/strings.vfprintf_basic2">
    </testcase>
    <testcase name="vfprintf_basic3" classname="ext/standard/strings.vfprintf_basic3">
    </testcase>
    <testcase name="vfprintf_basic4" classname="ext/standard/strings.vfprintf_basic4">
    </testcase>
    <testcase name="vfprintf_basic5" classname="ext/standard/strings.vfprintf_basic5">
    </testcase>
    <testcase name="vfprintf_basic6" classname="ext/standard/strings.vfprintf_basic6">
    </testcase>
    <testcase name="vfprintf_basic7" classname="ext/standard/strings.vfprintf_basic7">
      <skipped message="" />
    </testcase>
    <testcase name="vfprintf_basic7_64bit" classname="ext/standard/strings.vfprintf_basic7_64bit">
    </testcase>
    <testcase name="vfprintf_basic8" classname="ext/standard/strings.vfprintf_basic8">
    </testcase>
    <testcase name="vfprintf_basic9" classname="ext/standard/strings.vfprintf_basic9">
    </testcase>
    <testcase name="vfprintf_error1" classname="ext/standard/strings.vfprintf_error1">
    </testcase>
    <testcase name="vfprintf_error2" classname="ext/standard/strings.vfprintf_error2">
    </testcase>
    <testcase name="vfprintf_error3" classname="ext/standard/strings.vfprintf_error3">
    </testcase>
    <testcase name="vfprintf_error4" classname="ext/standard/strings.vfprintf_error4">
    </testcase>
    <testcase name="vfprintf_variation1" classname="ext/standard/strings.vfprintf_variation1">
    </testcase>
    <testcase name="vfprintf_variation10" classname="ext/standard/strings.vfprintf_variation10">
    </testcase>
    <testcase name="vfprintf_variation11" classname="ext/standard/strings.vfprintf_variation11">
      <skipped message="" />
    </testcase>
    <testcase name="vfprintf_variation11_64bit" classname="ext/standard/strings.vfprintf_variation11_64bit">
    </testcase>
    <testcase name="vfprintf_variation12" classname="ext/standard/strings.vfprintf_variation12">
      <skipped message="" />
    </testcase>
    <testcase name="vfprintf_variation12_64bit" classname="ext/standard/strings.vfprintf_variation12_64bit">
    </testcase>
    <testcase name="vfprintf_variation13" classname="ext/standard/strings.vfprintf_variation13">
      <skipped message="" />
    </testcase>
    <testcase name="vfprintf_variation13_64bit" classname="ext/standard/strings.vfprintf_variation13_64bit">
    </testcase>
    <testcase name="vfprintf_variation14" classname="ext/standard/strings.vfprintf_variation14">
      <skipped message="" />
    </testcase>
    <testcase name="vfprintf_variation14_64bit" classname="ext/standard/strings.vfprintf_variation14_64bit">
    </testcase>
    <testcase name="vfprintf_variation15" classname="ext/standard/strings.vfprintf_variation15">
      <skipped message="" />
    </testcase>
    <testcase name="vfprintf_variation15_64bit" classname="ext/standard/strings.vfprintf_variation15_64bit">
    </testcase>
    <testcase name="vfprintf_variation16" classname="ext/standard/strings.vfprintf_variation16">
      <skipped message="" />
    </testcase>
    <testcase name="vfprintf_variation16_64bit" classname="ext/standard/strings.vfprintf_variation16_64bit">
    </testcase>
    <testcase name="vfprintf_variation17" classname="ext/standard/strings.vfprintf_variation17">
    </testcase>
    <testcase name="vfprintf_variation18" classname="ext/standard/strings.vfprintf_variation18">
    </testcase>
    <testcase name="vfprintf_variation19" classname="ext/standard/strings.vfprintf_variation19">
      <skipped message="" />
    </testcase>
    <testcase name="vfprintf_variation19_64bit" classname="ext/standard/strings.vfprintf_variation19_64bit">
    </testcase>
    <testcase name="vfprintf_variation20" classname="ext/standard/strings.vfprintf_variation20">
    </testcase>
    <testcase name="vfprintf_variation21" classname="ext/standard/strings.vfprintf_variation21">
    </testcase>
    <testcase name="vfprintf_variation3" classname="ext/standard/strings.vfprintf_variation3">
    </testcase>
    <testcase name="vfprintf_variation4" classname="ext/standard/strings.vfprintf_variation4">
      <skipped message="" />
    </testcase>
    <testcase name="vfprintf_variation4_64bit" classname="ext/standard/strings.vfprintf_variation4_64bit">
    </testcase>
    <testcase name="vfprintf_variation5" classname="ext/standard/strings.vfprintf_variation5">
    </testcase>
    <testcase name="vfprintf_variation6" classname="ext/standard/strings.vfprintf_variation6">
    </testcase>
    <testcase name="vfprintf_variation7" classname="ext/standard/strings.vfprintf_variation7">
    </testcase>
    <testcase name="vfprintf_variation8" classname="ext/standard/strings.vfprintf_variation8">
    </testcase>
    <testcase name="vfprintf_variation9" classname="ext/standard/strings.vfprintf_variation9">
    </testcase>
    <testcase name="vprintf_basic1" classname="ext/standard/strings.vprintf_basic1">
    </testcase>
    <testcase name="vprintf_basic2" classname="ext/standard/strings.vprintf_basic2">
    </testcase>
    <testcase name="vprintf_basic3" classname="ext/standard/strings.vprintf_basic3">
    </testcase>
    <testcase name="vprintf_basic4" classname="ext/standard/strings.vprintf_basic4">
    </testcase>
    <testcase name="vprintf_basic5" classname="ext/standard/strings.vprintf_basic5">
    </testcase>
    <testcase name="vprintf_basic6" classname="ext/standard/strings.vprintf_basic6">
    </testcase>
    <testcase name="vprintf_basic7" classname="ext/standard/strings.vprintf_basic7">
      <skipped message="" />
    </testcase>
    <testcase name="vprintf_basic7_64bit" classname="ext/standard/strings.vprintf_basic7_64bit">
    </testcase>
    <testcase name="vprintf_basic8" classname="ext/standard/strings.vprintf_basic8">
    </testcase>
    <testcase name="vprintf_basic9" classname="ext/standard/strings.vprintf_basic9">
    </testcase>
    <testcase name="vprintf_error" classname="ext/standard/strings.vprintf_error">
    </testcase>
    <testcase name="vprintf_variation1" classname="ext/standard/strings.vprintf_variation1">
    </testcase>
    <testcase name="vprintf_variation10" classname="ext/standard/strings.vprintf_variation10">
    </testcase>
    <testcase name="vprintf_variation11" classname="ext/standard/strings.vprintf_variation11">
      <skipped message="" />
    </testcase>
    <testcase name="vprintf_variation11_64bit" classname="ext/standard/strings.vprintf_variation11_64bit">
    </testcase>
    <testcase name="vprintf_variation12" classname="ext/standard/strings.vprintf_variation12">
      <skipped message="" />
    </testcase>
    <testcase name="vprintf_variation12_64bit" classname="ext/standard/strings.vprintf_variation12_64bit">
    </testcase>
    <testcase name="vprintf_variation13" classname="ext/standard/strings.vprintf_variation13">
      <skipped message="" />
    </testcase>
    <testcase name="vprintf_variation13_64bit" classname="ext/standard/strings.vprintf_variation13_64bit">
    </testcase>
    <testcase name="vprintf_variation14" classname="ext/standard/strings.vprintf_variation14">
      <skipped message="" />
    </testcase>
    <testcase name="vprintf_variation14_64bit" classname="ext/standard/strings.vprintf_variation14_64bit">
    </testcase>
    <testcase name="vprintf_variation15" classname="ext/standard/strings.vprintf_variation15">
      <skipped message="" />
    </testcase>
    <testcase name="vprintf_variation15_64bit" classname="ext/standard/strings.vprintf_variation15_64bit">
    </testcase>
    <testcase name="vprintf_variation16" classname="ext/standard/strings.vprintf_variation16">
      <skipped message="" />
    </testcase>
    <testcase name="vprintf_variation16_64bit" classname="ext/standard/strings.vprintf_variation16_64bit">
    </testcase>
    <testcase name="vprintf_variation17" classname="ext/standard/strings.vprintf_variation17">
    </testcase>
    <testcase name="vprintf_variation18" classname="ext/standard/strings.vprintf_variation18">
    </testcase>
    <testcase name="vprintf_variation19" classname="ext/standard/strings.vprintf_variation19">
      <skipped message="" />
    </testcase>
    <testcase name="vprintf_variation19_64bit" classname="ext/standard/strings.vprintf_variation19_64bit">
    </testcase>
    <testcase name="vprintf_variation2" classname="ext/standard/strings.vprintf_variation2">
    </testcase>
    <testcase name="vprintf_variation3" classname="ext/standard/strings.vprintf_variation3">
    </testcase>
    <testcase name="vprintf_variation4" classname="ext/standard/strings.vprintf_variation4">
      <skipped message="" />
    </testcase>
    <testcase name="vprintf_variation4_64bit" classname="ext/standard/strings.vprintf_variation4_64bit">
    </testcase>
    <testcase name="vprintf_variation5" classname="ext/standard/strings.vprintf_variation5">
    </testcase>
    <testcase name="vprintf_variation6" classname="ext/standard/strings.vprintf_variation6">
    </testcase>
    <testcase name="vprintf_variation7" classname="ext/standard/strings.vprintf_variation7">
    </testcase>
    <testcase name="vprintf_variation8" classname="ext/standard/strings.vprintf_variation8">
    </testcase>
    <testcase name="vprintf_variation9" classname="ext/standard/strings.vprintf_variation9">
    </testcase>
    <testcase name="vsprintf_basic1" classname="ext/standard/strings.vsprintf_basic1">
    </testcase>
    <testcase name="vsprintf_basic2" classname="ext/standard/strings.vsprintf_basic2">
    </testcase>
    <testcase name="vsprintf_basic3" classname="ext/standard/strings.vsprintf_basic3">
    </testcase>
    <testcase name="vsprintf_basic4" classname="ext/standard/strings.vsprintf_basic4">
    </testcase>
    <testcase name="vsprintf_basic5" classname="ext/standard/strings.vsprintf_basic5">
    </testcase>
    <testcase name="vsprintf_basic6" classname="ext/standard/strings.vsprintf_basic6">
    </testcase>
    <testcase name="vsprintf_basic7" classname="ext/standard/strings.vsprintf_basic7">
      <skipped message="" />
    </testcase>
    <testcase name="vsprintf_basic7_64bit" classname="ext/standard/strings.vsprintf_basic7_64bit">
    </testcase>
    <testcase name="vsprintf_basic8" classname="ext/standard/strings.vsprintf_basic8">
    </testcase>
    <testcase name="vsprintf_basic9" classname="ext/standard/strings.vsprintf_basic9">
    </testcase>
    <testcase name="vsprintf_error" classname="ext/standard/strings.vsprintf_error">
    </testcase>
    <testcase name="vsprintf_variation1" classname="ext/standard/strings.vsprintf_variation1">
    </testcase>
    <testcase name="vsprintf_variation10" classname="ext/standard/strings.vsprintf_variation10">
    </testcase>
    <testcase name="vsprintf_variation11" classname="ext/standard/strings.vsprintf_variation11">
      <skipped message="" />
    </testcase>
    <testcase name="vsprintf_variation11_64bit" classname="ext/standard/strings.vsprintf_variation11_64bit">
    </testcase>
    <testcase name="vsprintf_variation12" classname="ext/standard/strings.vsprintf_variation12">
      <skipped message="" />
    </testcase>
    <testcase name="vsprintf_variation12_64bit" classname="ext/standard/strings.vsprintf_variation12_64bit">
    </testcase>
    <testcase name="vsprintf_variation13" classname="ext/standard/strings.vsprintf_variation13">
      <skipped message="" />
    </testcase>
    <testcase name="vsprintf_variation13_64bit" classname="ext/standard/strings.vsprintf_variation13_64bit">
    </testcase>
    <testcase name="vsprintf_variation14" classname="ext/standard/strings.vsprintf_variation14">
      <skipped message="" />
    </testcase>
    <testcase name="vsprintf_variation14_64bit" classname="ext/standard/strings.vsprintf_variation14_64bit">
    </testcase>
    <testcase name="vsprintf_variation15" classname="ext/standard/strings.vsprintf_variation15">
      <skipped message="" />
    </testcase>
    <testcase name="vsprintf_variation15_64bit" classname="ext/standard/strings.vsprintf_variation15_64bit">
    </testcase>
    <testcase name="vsprintf_variation16" classname="ext/standard/strings.vsprintf_variation16">
      <skipped message="" />
    </testcase>
    <testcase name="vsprintf_variation16_64bit" classname="ext/standard/strings.vsprintf_variation16_64bit">
    </testcase>
    <testcase name="vsprintf_variation17" classname="ext/standard/strings.vsprintf_variation17">
    </testcase>
    <testcase name="vsprintf_variation18" classname="ext/standard/strings.vsprintf_variation18">
    </testcase>
    <testcase name="vsprintf_variation19" classname="ext/standard/strings.vsprintf_variation19">
      <skipped message="" />
    </testcase>
    <testcase name="vsprintf_variation19_64bit" classname="ext/standard/strings.vsprintf_variation19_64bit">
    </testcase>
    <testcase name="vsprintf_variation2" classname="ext/standard/strings.vsprintf_variation2">
    </testcase>
    <testcase name="vsprintf_variation3" classname="ext/standard/strings.vsprintf_variation3">
    </testcase>
    <testcase name="vsprintf_variation4" classname="ext/standard/strings.vsprintf_variation4">
      <skipped message="" />
    </testcase>
    <testcase name="vsprintf_variation4_64bit" classname="ext/standard/strings.vsprintf_variation4_64bit">
    </testcase>
    <testcase name="vsprintf_variation5" classname="ext/standard/strings.vsprintf_variation5">
    </testcase>
    <testcase name="vsprintf_variation6" classname="ext/standard/strings.vsprintf_variation6">
    </testcase>
    <testcase name="vsprintf_variation7" classname="ext/standard/strings.vsprintf_variation7">
    </testcase>
    <testcase name="vsprintf_variation8" classname="ext/standard/strings.vsprintf_variation8">
    </testcase>
    <testcase name="vsprintf_variation9" classname="ext/standard/strings.vsprintf_variation9">
    </testcase>
    <testcase name="wordwrap" classname="ext/standard/strings.wordwrap">
    </testcase>
    <testcase name="wordwrap_basic" classname="ext/standard/strings.wordwrap_basic">
    </testcase>
    <testcase name="wordwrap_error" classname="ext/standard/strings.wordwrap_error">
    </testcase>
    <testcase name="wordwrap_variation1" classname="ext/standard/strings.wordwrap_variation1">
    </testcase>
    <testcase name="wordwrap_variation2" classname="ext/standard/strings.wordwrap_variation2">
    </testcase>
    <testcase name="wordwrap_variation3" classname="ext/standard/strings.wordwrap_variation3">
    </testcase>
    <testcase name="wordwrap_variation4" classname="ext/standard/strings.wordwrap_variation4">
    </testcase>
    <testcase name="wordwrap_variation5" classname="ext/standard/strings.wordwrap_variation5">
    </testcase>
  </testsuite>
  <testsuite name="ext/standard/time" tests="7" disabled="0" errors="0" failures="0" skipped="1">
    <testcase name="001" classname="ext/standard/time.001">
    </testcase>
    <testcase name="bug38524" classname="ext/standard/time.bug38524">
    </testcase>
    <testcase name="bug60222" classname="ext/standard/time.bug60222">
    </testcase>
    <testcase name="idate" classname="ext/standard/time.idate">
    </testcase>
    <testcase name="strptime_basic" classname="ext/standard/time.strptime_basic">
      <skipped message="" />
    </testcase>
    <testcase name="strptime_error" classname="ext/standard/time.strptime_error">
    </testcase>
    <testcase name="strptime_parts" classname="ext/standard/time.strptime_parts">
    </testcase>
  </testsuite>
  <testsuite name="ext/standard/url" tests="49" disabled="0" errors="0" failures="0" skipped="2">
    <testcase name="base64_decode_basic_001" classname="ext/standard/url.base64_decode_basic_001">
    </testcase>
    <testcase name="base64_decode_basic_002" classname="ext/standard/url.base64_decode_basic_002">
    </testcase>
    <testcase name="base64_decode_basic_003" classname="ext/standard/url.base64_decode_basic_003">
    </testcase>
    <testcase name="base64_decode_error_001" classname="ext/standard/url.base64_decode_error_001">
    </testcase>
    <testcase name="base64_decode_variation_001" classname="ext/standard/url.base64_decode_variation_001">
    </testcase>
    <testcase name="base64_decode_variation_002" classname="ext/standard/url.base64_decode_variation_002">
    </testcase>
    <testcase name="base64_encode_basic_001" classname="ext/standard/url.base64_encode_basic_001">
    </testcase>
    <testcase name="base64_encode_basic_002" classname="ext/standard/url.base64_encode_basic_002">
    </testcase>
    <testcase name="base64_encode_error_001" classname="ext/standard/url.base64_encode_error_001">
    </testcase>
    <testcase name="base64_encode_variation_001" classname="ext/standard/url.base64_encode_variation_001">
    </testcase>
    <testcase name="bug47174" classname="ext/standard/url.bug47174">
    </testcase>
    <testcase name="bug52327" classname="ext/standard/url.bug52327">
    </testcase>
    <testcase name="bug53248" classname="ext/standard/url.bug53248">
    </testcase>
    <testcase name="bug54180" classname="ext/standard/url.bug54180">
    </testcase>
    <testcase name="bug55273" classname="ext/standard/url.bug55273">
    </testcase>
    <testcase name="bug55399" classname="ext/standard/url.bug55399">
    </testcase>
    <testcase name="bug63162" classname="ext/standard/url.bug63162">
    </testcase>
    <testcase name="bug68917" classname="ext/standard/url.bug68917">
    </testcase>
    <testcase name="bug69976" classname="ext/standard/url.bug69976">
    </testcase>
    <testcase name="bug73192" classname="ext/standard/url.bug73192">
    </testcase>
    <testcase name="bug74780" classname="ext/standard/url.bug74780">
    </testcase>
    <testcase name="get_headers_error_001" classname="ext/standard/url.get_headers_error_001">
    </testcase>
    <testcase name="get_headers_error_002" classname="ext/standard/url.get_headers_error_002">
    </testcase>
    <testcase name="get_headers_error_003" classname="ext/standard/url.get_headers_error_003">
    </testcase>
    <testcase name="parse_url_basic_001" classname="ext/standard/url.parse_url_basic_001">
    </testcase>
    <testcase name="parse_url_basic_002" classname="ext/standard/url.parse_url_basic_002">
    </testcase>
    <testcase name="parse_url_basic_003" classname="ext/standard/url.parse_url_basic_003">
    </testcase>
    <testcase name="parse_url_basic_004" classname="ext/standard/url.parse_url_basic_004">
    </testcase>
    <testcase name="parse_url_basic_005" classname="ext/standard/url.parse_url_basic_005">
    </testcase>
    <testcase name="parse_url_basic_006" classname="ext/standard/url.parse_url_basic_006">
    </testcase>
    <testcase name="parse_url_basic_007" classname="ext/standard/url.parse_url_basic_007">
    </testcase>
    <testcase name="parse_url_basic_008" classname="ext/standard/url.parse_url_basic_008">
    </testcase>
    <testcase name="parse_url_basic_009" classname="ext/standard/url.parse_url_basic_009">
    </testcase>
    <testcase name="parse_url_basic_010" classname="ext/standard/url.parse_url_basic_010">
    </testcase>
    <testcase name="parse_url_error_001" classname="ext/standard/url.parse_url_error_001">
    </testcase>
    <testcase name="parse_url_error_002" classname="ext/standard/url.parse_url_error_002">
    </testcase>
    <testcase name="parse_url_relative_scheme" classname="ext/standard/url.parse_url_relative_scheme">
    </testcase>
    <testcase name="parse_url_unterminated" classname="ext/standard/url.parse_url_unterminated">
      <skipped message="" />
    </testcase>
    <testcase name="parse_url_variation_001" classname="ext/standard/url.parse_url_variation_001">
    </testcase>
    <testcase name="parse_url_variation_002_32bit" classname="ext/standard/url.parse_url_variation_002_32bit">
      <skipped message="" />
    </testcase>
    <testcase name="parse_url_variation_002_64bit" classname="ext/standard/url.parse_url_variation_002_64bit">
    </testcase>
    <testcase name="rawurldecode_error_001" classname="ext/standard/url.rawurldecode_error_001">
    </testcase>
    <testcase name="rawurldecode_variation_001" classname="ext/standard/url.rawurldecode_variation_001">
    </testcase>
    <testcase name="rawurlencode_error_001" classname="ext/standard/url.rawurlencode_error_001">
    </testcase>
    <testcase name="rawurlencode_variation_001" classname="ext/standard/url.rawurlencode_variation_001">
    </testcase>
    <testcase name="urldecode_error_001" classname="ext/standard/url.urldecode_error_001">
    </testcase>
    <testcase name="urldecode_variation_001" classname="ext/standard/url.urldecode_variation_001">
    </testcase>
    <testcase name="urlencode_error_001" classname="ext/standard/url.urlencode_error_001">
    </testcase>
    <testcase name="urlencode_variation_001" classname="ext/standard/url.urlencode_variation_001">
    </testcase>
  </testsuite>
  <testsuite name="ext/standard/versioning" tests="4" disabled="0" errors="0" failures="0" skipped="0">
    <testcase name="php_sapi_name" classname="ext/standard/versioning.php_sapi_name">
    </testcase>
    <testcase name="php_sapi_name_variation001" classname="ext/standard/versioning.php_sapi_name_variation001">
    </testcase>
    <testcase name="phpversion" classname="ext/standard/versioning.phpversion">
    </testcase>
    <testcase name="version_compare" classname="ext/standard/versioning.version_compare">
    </testcase>
  </testsuite>
  <testsuite name="ext/sysvmsg" tests="6" disabled="0" errors="0" failures="0" skipped="1">
    <testcase name="001" classname="ext/sysvmsg.001">
      <skipped message="" />
    </testcase>
    <testcase name="002" classname="ext/sysvmsg.002">
    </testcase>
    <testcase name="003" classname="ext/sysvmsg.003">
    </testcase>
    <testcase name="004" classname="ext/sysvmsg.004">
    </testcase>
    <testcase name="005" classname="ext/sysvmsg.005">
    </testcase>
    <testcase name="006" classname="ext/sysvmsg.006">
    </testcase>
  </testsuite>
  <testsuite name="ext/sysvsem" tests="2" disabled="0" errors="0" failures="0" skipped="0">
    <testcase name="nowait" classname="ext/sysvsem.nowait">
    </testcase>
    <testcase name="sysv" classname="ext/sysvsem.sysv">
    </testcase>
  </testsuite>
  <testsuite name="ext/sysvshm" tests="9" disabled="0" errors="0" failures="0" skipped="1">
    <testcase name="001" classname="ext/sysvshm.001">
    </testcase>
    <testcase name="002" classname="ext/sysvshm.002">
    </testcase>
    <testcase name="003" classname="ext/sysvshm.003">
    </testcase>
    <testcase name="004" classname="ext/sysvshm.004">
    </testcase>
    <testcase name="005" classname="ext/sysvshm.005">
    </testcase>
    <testcase name="006" classname="ext/sysvshm.006">
    </testcase>
    <testcase name="007" classname="ext/sysvshm.007">
    </testcase>
    <testcase name="bug72858" classname="ext/sysvshm.bug72858">
      <skipped message="" />
    </testcase>
    <testcase name="shutdown_crash_0" classname="ext/sysvshm.shutdown_crash_0">
    </testcase>
  </testsuite>
  <testsuite name="ext/tokenizer" tests="35" disabled="0" errors="0" failures="0" skipped="0">
    <testcase name="001" classname="ext/tokenizer.001">
    </testcase>
    <testcase name="002" classname="ext/tokenizer.002">
    </testcase>
    <testcase name="003" classname="ext/tokenizer.003">
    </testcase>
    <testcase name="bug26463" classname="ext/tokenizer.bug26463">
    </testcase>
    <testcase name="bug54089" classname="ext/tokenizer.bug54089">
    </testcase>
    <testcase name="bug60097" classname="ext/tokenizer.bug60097">
    </testcase>
    <testcase name="bug67395" classname="ext/tokenizer.bug67395">
    </testcase>
    <testcase name="bug76437" classname="ext/tokenizer.bug76437">
    </testcase>
    <testcase name="bug76991" classname="ext/tokenizer.bug76991">
    </testcase>
    <testcase name="parse_errors" classname="ext/tokenizer.parse_errors">
    </testcase>
    <testcase name="token_get_all_TOKEN_PARSE_000" classname="ext/tokenizer.token_get_all_TOKEN_PARSE_000">
    </testcase>
    <testcase name="token_get_all_TOKEN_PARSE_001" classname="ext/tokenizer.token_get_all_TOKEN_PARSE_001">
    </testcase>
    <testcase name="token_get_all_TOKEN_PARSE_002" classname="ext/tokenizer.token_get_all_TOKEN_PARSE_002">
    </testcase>
    <testcase name="token_get_all_basic" classname="ext/tokenizer.token_get_all_basic">
    </testcase>
    <testcase name="token_get_all_error" classname="ext/tokenizer.token_get_all_error">
    </testcase>
    <testcase name="token_get_all_heredoc_nowdoc" classname="ext/tokenizer.token_get_all_heredoc_nowdoc">
    </testcase>
    <testcase name="token_get_all_variation1" classname="ext/tokenizer.token_get_all_variation1">
    </testcase>
    <testcase name="token_get_all_variation10" classname="ext/tokenizer.token_get_all_variation10">
    </testcase>
    <testcase name="token_get_all_variation11" classname="ext/tokenizer.token_get_all_variation11">
    </testcase>
    <testcase name="token_get_all_variation12" classname="ext/tokenizer.token_get_all_variation12">
    </testcase>
    <testcase name="token_get_all_variation13" classname="ext/tokenizer.token_get_all_variation13">
    </testcase>
    <testcase name="token_get_all_variation14" classname="ext/tokenizer.token_get_all_variation14">
    </testcase>
    <testcase name="token_get_all_variation15" classname="ext/tokenizer.token_get_all_variation15">
    </testcase>
    <testcase name="token_get_all_variation16" classname="ext/tokenizer.token_get_all_variation16">
    </testcase>
    <testcase name="token_get_all_variation17" classname="ext/tokenizer.token_get_all_variation17">
    </testcase>
    <testcase name="token_get_all_variation18" classname="ext/tokenizer.token_get_all_variation18">
    </testcase>
    <testcase name="token_get_all_variation19" classname="ext/tokenizer.token_get_all_variation19">
    </testcase>
    <testcase name="token_get_all_variation2" classname="ext/tokenizer.token_get_all_variation2">
    </testcase>
    <testcase name="token_get_all_variation3" classname="ext/tokenizer.token_get_all_variation3">
    </testcase>
    <testcase name="token_get_all_variation4" classname="ext/tokenizer.token_get_all_variation4">
    </testcase>
    <testcase name="token_get_all_variation5" classname="ext/tokenizer.token_get_all_variation5">
    </testcase>
    <testcase name="token_get_all_variation6" classname="ext/tokenizer.token_get_all_variation6">
    </testcase>
    <testcase name="token_get_all_variation7" classname="ext/tokenizer.token_get_all_variation7">
    </testcase>
    <testcase name="token_get_all_variation8" classname="ext/tokenizer.token_get_all_variation8">
    </testcase>
    <testcase name="token_get_all_variation9" classname="ext/tokenizer.token_get_all_variation9">
    </testcase>
  </testsuite>
  <testsuite name="ext/xml" tests="81" disabled="0" errors="0" failures="0" skipped="6">
    <testcase name="bug25666" classname="ext/xml.bug25666">
    </testcase>
    <testcase name="bug26528" classname="ext/xml.bug26528">
    </testcase>
    <testcase name="bug26614" classname="ext/xml.bug26614">
      <skipped message="" />
    </testcase>
    <testcase name="bug26614_libxml" classname="ext/xml.bug26614_libxml">
    </testcase>
    <testcase name="bug27908" classname="ext/xml.bug27908">
    </testcase>
    <testcase name="bug30266" classname="ext/xml.bug30266">
    </testcase>
    <testcase name="bug30875" classname="ext/xml.bug30875">
    </testcase>
    <testcase name="bug32001" classname="ext/xml.bug32001">
    </testcase>
    <testcase name="bug32001b" classname="ext/xml.bug32001b">
      <skipped message="" />
    </testcase>
    <testcase name="bug35447" classname="ext/xml.bug35447">
    </testcase>
    <testcase name="bug46699" classname="ext/xml.bug46699">
    </testcase>
    <testcase name="bug50576" classname="ext/xml.bug50576">
    </testcase>
    <testcase name="bug65236" classname="ext/xml.bug65236">
    </testcase>
    <testcase name="bug71592" classname="ext/xml.bug71592">
    </testcase>
    <testcase name="bug72085" classname="ext/xml.bug72085">
    </testcase>
    <testcase name="bug72099" classname="ext/xml.bug72099">
    </testcase>
    <testcase name="bug72714" classname="ext/xml.bug72714">
    </testcase>
    <testcase name="bug73135" classname="ext/xml.bug73135">
    </testcase>
    <testcase name="xml001" classname="ext/xml.xml001">
      <skipped message="" />
    </testcase>
    <testcase name="xml002" classname="ext/xml.xml002">
      <skipped message="" />
    </testcase>
    <testcase name="xml003" classname="ext/xml.xml003">
      <skipped message="" />
    </testcase>
    <testcase name="xml004" classname="ext/xml.xml004">
    </testcase>
    <testcase name="xml007" classname="ext/xml.xml007">
      <skipped message="" />
    </testcase>
    <testcase name="xml009" classname="ext/xml.xml009">
    </testcase>
    <testcase name="xml010" classname="ext/xml.xml010">
    </testcase>
    <testcase name="xml011" classname="ext/xml.xml011">
    </testcase>
    <testcase name="xml_closures_001" classname="ext/xml.xml_closures_001">
    </testcase>
    <testcase name="xml_error_string_error" classname="ext/xml.xml_error_string_error">
    </testcase>
    <testcase name="xml_error_string_variation1" classname="ext/xml.xml_error_string_variation1">
    </testcase>
    <testcase name="xml_get_current_byte_index_error" classname="ext/xml.xml_get_current_byte_index_error">
    </testcase>
    <testcase name="xml_get_current_byte_index_variation1" classname="ext/xml.xml_get_current_byte_index_variation1">
    </testcase>
    <testcase name="xml_get_current_column_number_error" classname="ext/xml.xml_get_current_column_number_error">
    </testcase>
    <testcase name="xml_get_current_column_number_variation1" classname="ext/xml.xml_get_current_column_number_variation1">
    </testcase>
    <testcase name="xml_get_current_line_number_error" classname="ext/xml.xml_get_current_line_number_error">
    </testcase>
    <testcase name="xml_get_current_line_number_variation1" classname="ext/xml.xml_get_current_line_number_variation1">
    </testcase>
    <testcase name="xml_get_error_code_error" classname="ext/xml.xml_get_error_code_error">
    </testcase>
    <testcase name="xml_get_error_code_variation1" classname="ext/xml.xml_get_error_code_variation1">
    </testcase>
    <testcase name="xml_parse_error" classname="ext/xml.xml_parse_error">
    </testcase>
    <testcase name="xml_parse_into_struct_error" classname="ext/xml.xml_parse_into_struct_error">
    </testcase>
    <testcase name="xml_parse_into_struct_variation" classname="ext/xml.xml_parse_into_struct_variation">
    </testcase>
    <testcase name="xml_parse_into_struct_variation1" classname="ext/xml.xml_parse_into_struct_variation1">
    </testcase>
    <testcase name="xml_parse_variation1" classname="ext/xml.xml_parse_variation1">
    </testcase>
    <testcase name="xml_parser_create_error" classname="ext/xml.xml_parser_create_error">
    </testcase>
    <testcase name="xml_parser_create_ns_error" classname="ext/xml.xml_parser_create_ns_error">
    </testcase>
    <testcase name="xml_parser_create_ns_variation1" classname="ext/xml.xml_parser_create_ns_variation1">
    </testcase>
    <testcase name="xml_parser_create_variation1" classname="ext/xml.xml_parser_create_variation1">
    </testcase>
    <testcase name="xml_parser_free_error" classname="ext/xml.xml_parser_free_error">
    </testcase>
    <testcase name="xml_parser_free_variation1" classname="ext/xml.xml_parser_free_variation1">
    </testcase>
    <testcase name="xml_parser_get_option_error" classname="ext/xml.xml_parser_get_option_error">
    </testcase>
    <testcase name="xml_parser_get_option_variation1" classname="ext/xml.xml_parser_get_option_variation1">
    </testcase>
    <testcase name="xml_parser_get_option_variation2" classname="ext/xml.xml_parser_get_option_variation2">
    </testcase>
    <testcase name="xml_parser_get_option_variation3" classname="ext/xml.xml_parser_get_option_variation3">
    </testcase>
    <testcase name="xml_parser_set_option_basic" classname="ext/xml.xml_parser_set_option_basic">
    </testcase>
    <testcase name="xml_parser_set_option_error" classname="ext/xml.xml_parser_set_option_error">
    </testcase>
    <testcase name="xml_parser_set_option_variation1" classname="ext/xml.xml_parser_set_option_variation1">
    </testcase>
    <testcase name="xml_parser_set_option_variation2" classname="ext/xml.xml_parser_set_option_variation2">
    </testcase>
    <testcase name="xml_parser_set_option_variation3" classname="ext/xml.xml_parser_set_option_variation3">
    </testcase>
    <testcase name="xml_set_character_data_handler_error" classname="ext/xml.xml_set_character_data_handler_error">
    </testcase>
    <testcase name="xml_set_character_data_handler_variation1" classname="ext/xml.xml_set_character_data_handler_variation1">
    </testcase>
    <testcase name="xml_set_default_handler_error" classname="ext/xml.xml_set_default_handler_error">
    </testcase>
    <testcase name="xml_set_default_handler_variation1" classname="ext/xml.xml_set_default_handler_variation1">
    </testcase>
    <testcase name="xml_set_element_handler_error" classname="ext/xml.xml_set_element_handler_error">
    </testcase>
    <testcase name="xml_set_element_handler_variation1" classname="ext/xml.xml_set_element_handler_variation1">
    </testcase>
    <testcase name="xml_set_end_namespace_decl_handler_error" classname="ext/xml.xml_set_end_namespace_decl_handler_error">
    </testcase>
    <testcase name="xml_set_end_namespace_decl_handler_variation1" classname="ext/xml.xml_set_end_namespace_decl_handler_variation1">
    </testcase>
    <testcase name="xml_set_external_entity_ref_handler_error" classname="ext/xml.xml_set_external_entity_ref_handler_error">
    </testcase>
    <testcase name="xml_set_external_entity_ref_handler_variation1" classname="ext/xml.xml_set_external_entity_ref_handler_variation1">
    </testcase>
    <testcase name="xml_set_notation_decl_handler_basic" classname="ext/xml.xml_set_notation_decl_handler_basic">
    </testcase>
    <testcase name="xml_set_notation_decl_handler_error" classname="ext/xml.xml_set_notation_decl_handler_error">
    </testcase>
    <testcase name="xml_set_notation_decl_handler_variation1" classname="ext/xml.xml_set_notation_decl_handler_variation1">
    </testcase>
    <testcase name="xml_set_object_error" classname="ext/xml.xml_set_object_error">
    </testcase>
    <testcase name="xml_set_object_variation1" classname="ext/xml.xml_set_object_variation1">
    </testcase>
    <testcase name="xml_set_object_variation2" classname="ext/xml.xml_set_object_variation2">
    </testcase>
    <testcase name="xml_set_processing_instruction_handler_basic" classname="ext/xml.xml_set_processing_instruction_handler_basic">
    </testcase>
    <testcase name="xml_set_processing_instruction_handler_error" classname="ext/xml.xml_set_processing_instruction_handler_error">
    </testcase>
    <testcase name="xml_set_processing_instruction_handler_variation1" classname="ext/xml.xml_set_processing_instruction_handler_variation1">
    </testcase>
    <testcase name="xml_set_start_namespace_decl_handler_basic" classname="ext/xml.xml_set_start_namespace_decl_handler_basic">
    </testcase>
    <testcase name="xml_set_start_namespace_decl_handler_error" classname="ext/xml.xml_set_start_namespace_decl_handler_error">
    </testcase>
    <testcase name="xml_set_start_namespace_decl_handler_variation1" classname="ext/xml.xml_set_start_namespace_decl_handler_variation1">
    </testcase>
    <testcase name="xml_set_unparsed_entity_decl_handler_error" classname="ext/xml.xml_set_unparsed_entity_decl_handler_error">
    </testcase>
    <testcase name="xml_set_unparsed_entity_decl_handler_variation1" classname="ext/xml.xml_set_unparsed_entity_decl_handler_variation1">
    </testcase>
  </testsuite>
  <testsuite name="ext/xmlreader" tests="24" disabled="0" errors="0" failures="0" skipped="2">
    <testcase name="001" classname="ext/xmlreader.001">
    </testcase>
    <testcase name="002" classname="ext/xmlreader.002">
    </testcase>
    <testcase name="003-mb" classname="ext/xmlreader.003-mb">
    </testcase>
    <testcase name="003" classname="ext/xmlreader.003">
    </testcase>
    <testcase name="004" classname="ext/xmlreader.004">
    </testcase>
    <testcase name="005" classname="ext/xmlreader.005">
    </testcase>
    <testcase name="006" classname="ext/xmlreader.006">
    </testcase>
    <testcase name="007" classname="ext/xmlreader.007">
    </testcase>
    <testcase name="008" classname="ext/xmlreader.008">
    </testcase>
    <testcase name="009" classname="ext/xmlreader.009">
    </testcase>
    <testcase name="010" classname="ext/xmlreader.010">
    </testcase>
    <testcase name="011" classname="ext/xmlreader.011">
    </testcase>
    <testcase name="012" classname="ext/xmlreader.012">
    </testcase>
    <testcase name="013" classname="ext/xmlreader.013">
    </testcase>
    <testcase name="bug36743" classname="ext/xmlreader.bug36743">
    </testcase>
    <testcase name="bug42139" classname="ext/xmlreader.bug42139">
    </testcase>
    <testcase name="bug51936" classname="ext/xmlreader.bug51936">
    </testcase>
    <testcase name="bug64230" classname="ext/xmlreader.bug64230">
    </testcase>
    <testcase name="bug70309" classname="ext/xmlreader.bug70309">
      <skipped message="" />
    </testcase>
    <testcase name="bug71805" classname="ext/xmlreader.bug71805">
    </testcase>
    <testcase name="bug73053" classname="ext/xmlreader.bug73053">
      <skipped message="" />
    </testcase>
    <testcase name="bug74457" classname="ext/xmlreader.bug74457">
    </testcase>
    <testcase name="expand" classname="ext/xmlreader.expand">
    </testcase>
    <testcase name="expand_error" classname="ext/xmlreader.expand_error">
    </testcase>
  </testsuite>
  <testsuite name="ext/xmlwriter" tests="39" disabled="0" errors="0" failures="0" skipped="0">
    <testcase name="001" classname="ext/xmlwriter.001">
    </testcase>
    <testcase name="002" classname="ext/xmlwriter.002">
    </testcase>
    <testcase name="003" classname="ext/xmlwriter.003">
    </testcase>
    <testcase name="004" classname="ext/xmlwriter.004">
    </testcase>
    <testcase name="005-mb" classname="ext/xmlwriter.005-mb">
    </testcase>
    <testcase name="005" classname="ext/xmlwriter.005">
    </testcase>
    <testcase name="006" classname="ext/xmlwriter.006">
    </testcase>
    <testcase name="007" classname="ext/xmlwriter.007">
    </testcase>
    <testcase name="008" classname="ext/xmlwriter.008">
    </testcase>
    <testcase name="009" classname="ext/xmlwriter.009">
    </testcase>
    <testcase name="010" classname="ext/xmlwriter.010">
    </testcase>
    <testcase name="011" classname="ext/xmlwriter.011">
    </testcase>
    <testcase name="012" classname="ext/xmlwriter.012">
    </testcase>
    <testcase name="OO_001" classname="ext/xmlwriter.OO_001">
    </testcase>
    <testcase name="OO_002" classname="ext/xmlwriter.OO_002">
    </testcase>
    <testcase name="OO_003" classname="ext/xmlwriter.OO_003">
    </testcase>
    <testcase name="OO_004" classname="ext/xmlwriter.OO_004">
    </testcase>
    <testcase name="OO_005" classname="ext/xmlwriter.OO_005">
    </testcase>
    <testcase name="OO_006" classname="ext/xmlwriter.OO_006">
    </testcase>
    <testcase name="OO_007" classname="ext/xmlwriter.OO_007">
    </testcase>
    <testcase name="OO_008" classname="ext/xmlwriter.OO_008">
    </testcase>
    <testcase name="OO_009" classname="ext/xmlwriter.OO_009">
    </testcase>
    <testcase name="OO_010" classname="ext/xmlwriter.OO_010">
    </testcase>
    <testcase name="OO_011" classname="ext/xmlwriter.OO_011">
    </testcase>
    <testcase name="bug39504" classname="ext/xmlwriter.bug39504">
    </testcase>
    <testcase name="bug41287" classname="ext/xmlwriter.bug41287">
    </testcase>
    <testcase name="bug41326" classname="ext/xmlwriter.bug41326">
    </testcase>
    <testcase name="bug48204" classname="ext/xmlwriter.bug48204">
    </testcase>
    <testcase name="xmlwriter_open_uri_error_001" classname="ext/xmlwriter.xmlwriter_open_uri_error_001">
    </testcase>
    <testcase name="xmlwriter_open_uri_error_002" classname="ext/xmlwriter.xmlwriter_open_uri_error_002">
    </testcase>
    <testcase name="xmlwriter_open_uri_error_003" classname="ext/xmlwriter.xmlwriter_open_uri_error_003">
    </testcase>
    <testcase name="xmlwriter_open_uri_error_004" classname="ext/xmlwriter.xmlwriter_open_uri_error_004">
    </testcase>
    <testcase name="xmlwriter_open_uri_error_005" classname="ext/xmlwriter.xmlwriter_open_uri_error_005">
    </testcase>
    <testcase name="xmlwriter_set_indent_string_basic_001" classname="ext/xmlwriter.xmlwriter_set_indent_string_basic_001">
    </testcase>
    <testcase name="xmlwriter_set_indent_string_error_001" classname="ext/xmlwriter.xmlwriter_set_indent_string_error_001">
    </testcase>
    <testcase name="xmlwriter_write_attribute_ns_basic_001" classname="ext/xmlwriter.xmlwriter_write_attribute_ns_basic_001">
    </testcase>
    <testcase name="xmlwriter_write_attribute_ns_error_001" classname="ext/xmlwriter.xmlwriter_write_attribute_ns_error_001">
    </testcase>
    <testcase name="xmlwriter_write_dtd_basic_001" classname="ext/xmlwriter.xmlwriter_write_dtd_basic_001">
    </testcase>
    <testcase name="xmlwriter_write_dtd_error_001" classname="ext/xmlwriter.xmlwriter_write_dtd_error_001">
    </testcase>
  </testsuite>
  <testsuite name="ext/xsl" tests="62" disabled="0" errors="0" failures="0" skipped="2">
    <testcase name="bug26384" classname="ext/xsl.bug26384">
    </testcase>
    <testcase name="bug33853" classname="ext/xsl.bug33853">
    </testcase>
    <testcase name="bug48221" classname="ext/xsl.bug48221">
    </testcase>
    <testcase name="bug49634" classname="ext/xsl.bug49634">
    </testcase>
    <testcase name="bug53965" classname="ext/xsl.bug53965">
    </testcase>
    <testcase name="bug54446" classname="ext/xsl.bug54446">
    </testcase>
    <testcase name="bug54446_with_ini" classname="ext/xsl.bug54446_with_ini">
    </testcase>
    <testcase name="bug70535" classname="ext/xsl.bug70535">
    </testcase>
    <testcase name="bug71540" classname="ext/xsl.bug71540">
      <skipped message="" />
    </testcase>
    <testcase name="xsl-phpinfo" classname="ext/xsl.xsl-phpinfo">
    </testcase>
    <testcase name="xslt001" classname="ext/xsl.xslt001">
    </testcase>
    <testcase name="xslt002" classname="ext/xsl.xslt002">
    </testcase>
    <testcase name="xslt003" classname="ext/xsl.xslt003">
    </testcase>
    <testcase name="xslt004" classname="ext/xsl.xslt004">
    </testcase>
    <testcase name="xslt005" classname="ext/xsl.xslt005">
    </testcase>
    <testcase name="xslt006" classname="ext/xsl.xslt006">
    </testcase>
    <testcase name="xslt007" classname="ext/xsl.xslt007">
    </testcase>
    <testcase name="xslt008-mb" classname="ext/xsl.xslt008-mb">
    </testcase>
    <testcase name="xslt008" classname="ext/xsl.xslt008">
    </testcase>
    <testcase name="xslt009" classname="ext/xsl.xslt009">
    </testcase>
    <testcase name="xslt010" classname="ext/xsl.xslt010">
    </testcase>
    <testcase name="xslt010_gt10129" classname="ext/xsl.xslt010_gt10129">
      <skipped message="" />
    </testcase>
    <testcase name="xslt011" classname="ext/xsl.xslt011">
    </testcase>
    <testcase name="xslt012" classname="ext/xsl.xslt012">
    </testcase>
    <testcase name="xsltprocessor_getParameter-invalidparam" classname="ext/xsl.xsltprocessor_getParameter-invalidparam">
    </testcase>
    <testcase name="xsltprocessor_getParameter-wrongparam" classname="ext/xsl.xsltprocessor_getParameter-wrongparam">
    </testcase>
    <testcase name="xsltprocessor_getParameter" classname="ext/xsl.xsltprocessor_getParameter">
    </testcase>
    <testcase name="xsltprocessor_hasExsltSupport" classname="ext/xsl.xsltprocessor_hasExsltSupport">
    </testcase>
    <testcase name="xsltprocessor_hasExsltSupport_wrongparam_001" classname="ext/xsl.xsltprocessor_hasExsltSupport_wrongparam_001">
    </testcase>
    <testcase name="xsltprocessor_registerPHPFunctions-allfuncs" classname="ext/xsl.xsltprocessor_registerPHPFunctions-allfuncs">
    </testcase>
    <testcase name="xsltprocessor_registerPHPFunctions-array-multiple" classname="ext/xsl.xsltprocessor_registerPHPFunctions-array-multiple">
    </testcase>
    <testcase name="xsltprocessor_registerPHPFunctions-array-notallowed" classname="ext/xsl.xsltprocessor_registerPHPFunctions-array-notallowed">
    </testcase>
    <testcase name="xsltprocessor_registerPHPFunctions-array" classname="ext/xsl.xsltprocessor_registerPHPFunctions-array">
    </testcase>
    <testcase name="xsltprocessor_registerPHPFunctions-funcnostring" classname="ext/xsl.xsltprocessor_registerPHPFunctions-funcnostring">
    </testcase>
    <testcase name="xsltprocessor_registerPHPFunctions-funcundef" classname="ext/xsl.xsltprocessor_registerPHPFunctions-funcundef">
    </testcase>
    <testcase name="xsltprocessor_registerPHPFunctions-null" classname="ext/xsl.xsltprocessor_registerPHPFunctions-null">
    </testcase>
    <testcase name="xsltprocessor_registerPHPFunctions-string-multiple" classname="ext/xsl.xsltprocessor_registerPHPFunctions-string-multiple">
    </testcase>
    <testcase name="xsltprocessor_registerPHPFunctions-string-notallowed" classname="ext/xsl.xsltprocessor_registerPHPFunctions-string-notallowed">
    </testcase>
    <testcase name="xsltprocessor_registerPHPFunctions-string" classname="ext/xsl.xsltprocessor_registerPHPFunctions-string">
    </testcase>
    <testcase name="xsltprocessor_removeParameter-invalidparam" classname="ext/xsl.xsltprocessor_removeParameter-invalidparam">
    </testcase>
    <testcase name="xsltprocessor_removeParameter-wrongparams" classname="ext/xsl.xsltprocessor_removeParameter-wrongparams">
    </testcase>
    <testcase name="xsltprocessor_removeParameter" classname="ext/xsl.xsltprocessor_removeParameter">
    </testcase>
    <testcase name="xsltprocessor_setparameter-errorquote" classname="ext/xsl.xsltprocessor_setparameter-errorquote">
    </testcase>
    <testcase name="xsltprocessor_setparameter-nostring" classname="ext/xsl.xsltprocessor_setparameter-nostring">
    </testcase>
    <testcase name="xsltprocessor_transformToDoc" classname="ext/xsl.xsltprocessor_transformToDoc">
    </testcase>
    <testcase name="xsltprocessor_transformToDoc_nullparam" classname="ext/xsl.xsltprocessor_transformToDoc_nullparam">
    </testcase>
    <testcase name="xsltprocessor_transformToDoc_wrongparam_001" classname="ext/xsl.xsltprocessor_transformToDoc_wrongparam_001">
    </testcase>
    <testcase name="xsltprocessor_transformToDoc_wrongparam_002" classname="ext/xsl.xsltprocessor_transformToDoc_wrongparam_002">
    </testcase>
    <testcase name="xsltprocessor_transformToDoc_wrongparam_003" classname="ext/xsl.xsltprocessor_transformToDoc_wrongparam_003">
    </testcase>
    <testcase name="xsltprocessor_transformToDoc_wrongparam_004" classname="ext/xsl.xsltprocessor_transformToDoc_wrongparam_004">
    </testcase>
    <testcase name="xsltprocessor_transformToURI" classname="ext/xsl.xsltprocessor_transformToURI">
    </testcase>
    <testcase name="xsltprocessor_transformToURI_nullparam" classname="ext/xsl.xsltprocessor_transformToURI_nullparam">
    </testcase>
    <testcase name="xsltprocessor_transformToURI_wrongparam_001" classname="ext/xsl.xsltprocessor_transformToURI_wrongparam_001">
    </testcase>
    <testcase name="xsltprocessor_transformToURI_wrongparam_002" classname="ext/xsl.xsltprocessor_transformToURI_wrongparam_002">
    </testcase>
    <testcase name="xsltprocessor_transformToURI_wrongparam_003" classname="ext/xsl.xsltprocessor_transformToURI_wrongparam_003">
    </testcase>
    <testcase name="xsltprocessor_transformToURI_wrongparam_004" classname="ext/xsl.xsltprocessor_transformToURI_wrongparam_004">
    </testcase>
    <testcase name="xsltprocessor_transformToXML" classname="ext/xsl.xsltprocessor_transformToXML">
    </testcase>
    <testcase name="xsltprocessor_transformToXML_nullparam" classname="ext/xsl.xsltprocessor_transformToXML_nullparam">
    </testcase>
    <testcase name="xsltprocessor_transformToXML_wrongparam_001" classname="ext/xsl.xsltprocessor_transformToXML_wrongparam_001">
    </testcase>
    <testcase name="xsltprocessor_transformToXML_wrongparam_002" classname="ext/xsl.xsltprocessor_transformToXML_wrongparam_002">
    </testcase>
    <testcase name="xsltprocessor_transformToXML_wrongparam_003" classname="ext/xsl.xsltprocessor_transformToXML_wrongparam_003">
    </testcase>
    <testcase name="xsltprocessor_transformToXML_wrongparam_004" classname="ext/xsl.xsltprocessor_transformToXML_wrongparam_004">
    </testcase>
  </testsuite>
  <testsuite name="ext/zlib" tests="181" disabled="0" errors="0" failures="0" skipped="5">
    <testcase name="001" classname="ext/zlib.001">
    </testcase>
    <testcase name="002" classname="ext/zlib.002">
    </testcase>
    <testcase name="003" classname="ext/zlib.003">
    </testcase>
    <testcase name="004-mb" classname="ext/zlib.004-mb">
    </testcase>
    <testcase name="004" classname="ext/zlib.004">
    </testcase>
    <testcase name="005" classname="ext/zlib.005">
    </testcase>
    <testcase name="006" classname="ext/zlib.006">
    </testcase>
    <testcase name="007" classname="ext/zlib.007">
    </testcase>
    <testcase name="008" classname="ext/zlib.008">
    </testcase>
    <testcase name="bug51269" classname="ext/zlib.bug51269">
    </testcase>
    <testcase name="bug55544-win" classname="ext/zlib.bug55544-win">
      <skipped message="" />
    </testcase>
    <testcase name="bug55544" classname="ext/zlib.bug55544">
    </testcase>
    <testcase name="bug60761" classname="ext/zlib.bug60761">
    </testcase>
    <testcase name="bug61139" classname="ext/zlib.bug61139">
    </testcase>
    <testcase name="bug61287" classname="ext/zlib.bug61287">
    </testcase>
    <testcase name="bug61443" classname="ext/zlib.bug61443">
    </testcase>
    <testcase name="bug61820" classname="ext/zlib.bug61820">
    </testcase>
    <testcase name="bug65391" classname="ext/zlib.bug65391">
    </testcase>
    <testcase name="bug67724" classname="ext/zlib.bug67724">
    </testcase>
    <testcase name="bug73944" classname="ext/zlib.bug73944">
    </testcase>
    <testcase name="bug74240" classname="ext/zlib.bug74240">
    </testcase>
    <testcase name="bug75273" classname="ext/zlib.bug75273">
    </testcase>
    <testcase name="bug75299" classname="ext/zlib.bug75299">
    </testcase>
    <testcase name="bug_34821" classname="ext/zlib.bug_34821">
    </testcase>
    <testcase name="bug_40189" classname="ext/zlib.bug_40189">
    </testcase>
    <testcase name="bug_52944" classname="ext/zlib.bug_52944">
    </testcase>
    <testcase name="compress_zlib_wrapper" classname="ext/zlib.compress_zlib_wrapper">
    </testcase>
    <testcase name="deflate_add_basic" classname="ext/zlib.deflate_add_basic">
    </testcase>
    <testcase name="deflate_add_block_v123" classname="ext/zlib.deflate_add_block_v123">
      <skipped message="" />
    </testcase>
    <testcase name="deflate_add_buffer_full" classname="ext/zlib.deflate_add_buffer_full">
    </testcase>
    <testcase name="deflate_add_error" classname="ext/zlib.deflate_add_error">
    </testcase>
    <testcase name="deflate_init_error" classname="ext/zlib.deflate_init_error">
    </testcase>
    <testcase name="deflate_init_reuse" classname="ext/zlib.deflate_init_reuse">
    </testcase>
    <testcase name="dictionary_usage" classname="ext/zlib.dictionary_usage">
    </testcase>
    <testcase name="gzclose_basic" classname="ext/zlib.gzclose_basic">
    </testcase>
    <testcase name="gzclose_error" classname="ext/zlib.gzclose_error">
    </testcase>
    <testcase name="gzcompress_basic1" classname="ext/zlib.gzcompress_basic1">
    </testcase>
    <testcase name="gzcompress_error1" classname="ext/zlib.gzcompress_error1">
    </testcase>
    <testcase name="gzcompress_variation1" classname="ext/zlib.gzcompress_variation1">
    </testcase>
    <testcase name="gzdeflate_basic1" classname="ext/zlib.gzdeflate_basic1">
    </testcase>
    <testcase name="gzdeflate_error1" classname="ext/zlib.gzdeflate_error1">
    </testcase>
    <testcase name="gzdeflate_variation1" classname="ext/zlib.gzdeflate_variation1">
    </testcase>
    <testcase name="gzencode_basic1" classname="ext/zlib.gzencode_basic1">
    </testcase>
    <testcase name="gzencode_error1" classname="ext/zlib.gzencode_error1">
    </testcase>
    <testcase name="gzencode_variation1-win32" classname="ext/zlib.gzencode_variation1-win32">
      <skipped message="" />
    </testcase>
    <testcase name="gzencode_variation1" classname="ext/zlib.gzencode_variation1">
    </testcase>
    <testcase name="gzencode_variation2-win32" classname="ext/zlib.gzencode_variation2-win32">
      <skipped message="" />
    </testcase>
    <testcase name="gzencode_variation2" classname="ext/zlib.gzencode_variation2">
    </testcase>
    <testcase name="gzeof_basic" classname="ext/zlib.gzeof_basic">
    </testcase>
    <testcase name="gzeof_error" classname="ext/zlib.gzeof_error">
    </testcase>
    <testcase name="gzeof_variation1" classname="ext/zlib.gzeof_variation1">
    </testcase>
    <testcase name="gzfile_basic" classname="ext/zlib.gzfile_basic">
    </testcase>
    <testcase name="gzfile_basic2" classname="ext/zlib.gzfile_basic2">
    </testcase>
    <testcase name="gzfile_error" classname="ext/zlib.gzfile_error">
    </testcase>
    <testcase name="gzfile_variation1" classname="ext/zlib.gzfile_variation1">
    </testcase>
    <testcase name="gzfile_variation10" classname="ext/zlib.gzfile_variation10">
    </testcase>
    <testcase name="gzfile_variation11" classname="ext/zlib.gzfile_variation11">
    </testcase>
    <testcase name="gzfile_variation12" classname="ext/zlib.gzfile_variation12">
    </testcase>
    <testcase name="gzfile_variation13" classname="ext/zlib.gzfile_variation13">
    </testcase>
    <testcase name="gzfile_variation14" classname="ext/zlib.gzfile_variation14">
    </testcase>
    <testcase name="gzfile_variation15" classname="ext/zlib.gzfile_variation15">
    </testcase>
    <testcase name="gzfile_variation2" classname="ext/zlib.gzfile_variation2">
    </testcase>
    <testcase name="gzfile_variation3" classname="ext/zlib.gzfile_variation3">
    </testcase>
    <testcase name="gzfile_variation4" classname="ext/zlib.gzfile_variation4">
    </testcase>
    <testcase name="gzfile_variation5" classname="ext/zlib.gzfile_variation5">
    </testcase>
    <testcase name="gzfile_variation6" classname="ext/zlib.gzfile_variation6">
    </testcase>
    <testcase name="gzfile_variation7" classname="ext/zlib.gzfile_variation7">
    </testcase>
    <testcase name="gzfile_variation8" classname="ext/zlib.gzfile_variation8">
    </testcase>
    <testcase name="gzfile_variation9" classname="ext/zlib.gzfile_variation9">
    </testcase>
    <testcase name="gzfilegzreadfile" classname="ext/zlib.gzfilegzreadfile">
    </testcase>
    <testcase name="gzgetc_basic" classname="ext/zlib.gzgetc_basic">
      <skipped message="" />
    </testcase>
    <testcase name="gzgetc_basic_1" classname="ext/zlib.gzgetc_basic_1">
    </testcase>
    <testcase name="gzgetc_error" classname="ext/zlib.gzgetc_error">
    </testcase>
    <testcase name="gzgets_basic" classname="ext/zlib.gzgets_basic">
    </testcase>
    <testcase name="gzgets_error" classname="ext/zlib.gzgets_error">
    </testcase>
    <testcase name="gzgetss" classname="ext/zlib.gzgetss">
    </testcase>
    <testcase name="gzinflate-bug42663" classname="ext/zlib.gzinflate-bug42663">
    </testcase>
    <testcase name="gzinflate_error1" classname="ext/zlib.gzinflate_error1">
    </testcase>
    <testcase name="gzinflate_length" classname="ext/zlib.gzinflate_length">
    </testcase>
    <testcase name="gzopen_basic" classname="ext/zlib.gzopen_basic">
    </testcase>
    <testcase name="gzopen_basic2" classname="ext/zlib.gzopen_basic2">
    </testcase>
    <testcase name="gzopen_error" classname="ext/zlib.gzopen_error">
    </testcase>
    <testcase name="gzopen_variation1" classname="ext/zlib.gzopen_variation1">
    </testcase>
    <testcase name="gzopen_variation2" classname="ext/zlib.gzopen_variation2">
    </testcase>
    <testcase name="gzopen_variation3" classname="ext/zlib.gzopen_variation3">
    </testcase>
    <testcase name="gzopen_variation4" classname="ext/zlib.gzopen_variation4">
    </testcase>
    <testcase name="gzopen_variation5" classname="ext/zlib.gzopen_variation5">
    </testcase>
    <testcase name="gzopen_variation6" classname="ext/zlib.gzopen_variation6">
    </testcase>
    <testcase name="gzopen_variation7" classname="ext/zlib.gzopen_variation7">
    </testcase>
    <testcase name="gzopen_variation8" classname="ext/zlib.gzopen_variation8">
    </testcase>
    <testcase name="gzopen_variation9" classname="ext/zlib.gzopen_variation9">
    </testcase>
    <testcase name="gzpassthru_basic" classname="ext/zlib.gzpassthru_basic">
    </testcase>
    <testcase name="gzpassthru_error" classname="ext/zlib.gzpassthru_error">
    </testcase>
    <testcase name="gzputs_basic" classname="ext/zlib.gzputs_basic">
    </testcase>
    <testcase name="gzread_basic" classname="ext/zlib.gzread_basic">
    </testcase>
    <testcase name="gzread_error" classname="ext/zlib.gzread_error">
    </testcase>
    <testcase name="gzread_error2" classname="ext/zlib.gzread_error2">
    </testcase>
    <testcase name="gzread_variation1" classname="ext/zlib.gzread_variation1">
    </testcase>
    <testcase name="gzreadgzwrite" classname="ext/zlib.gzreadgzwrite">
    </testcase>
    <testcase name="gzreadgzwriteplain" classname="ext/zlib.gzreadgzwriteplain">
    </testcase>
    <testcase name="gzrewind_basic" classname="ext/zlib.gzrewind_basic">
    </testcase>
    <testcase name="gzrewind_basic2" classname="ext/zlib.gzrewind_basic2">
    </testcase>
    <testcase name="gzrewind_error" classname="ext/zlib.gzrewind_error">
    </testcase>
    <testcase name="gzrewind_variation1" classname="ext/zlib.gzrewind_variation1">
    </testcase>
    <testcase name="gzseek_basic" classname="ext/zlib.gzseek_basic">
    </testcase>
    <testcase name="gzseek_basic2" classname="ext/zlib.gzseek_basic2">
    </testcase>
    <testcase name="gzseek_error" classname="ext/zlib.gzseek_error">
    </testcase>
    <testcase name="gzseek_variation1" classname="ext/zlib.gzseek_variation1">
    </testcase>
    <testcase name="gzseek_variation2" classname="ext/zlib.gzseek_variation2">
    </testcase>
    <testcase name="gzseek_variation3" classname="ext/zlib.gzseek_variation3">
    </testcase>
    <testcase name="gzseek_variation4" classname="ext/zlib.gzseek_variation4">
    </testcase>
    <testcase name="gzseek_variation5" classname="ext/zlib.gzseek_variation5">
    </testcase>
    <testcase name="gzseek_variation6" classname="ext/zlib.gzseek_variation6">
    </testcase>
    <testcase name="gzseek_variation7" classname="ext/zlib.gzseek_variation7">
    </testcase>
    <testcase name="gztell_basic" classname="ext/zlib.gztell_basic">
    </testcase>
    <testcase name="gztell_basic2" classname="ext/zlib.gztell_basic2">
    </testcase>
    <testcase name="gztell_error" classname="ext/zlib.gztell_error">
    </testcase>
    <testcase name="gzuncompress_basic1" classname="ext/zlib.gzuncompress_basic1">
    </testcase>
    <testcase name="gzuncompress_error1" classname="ext/zlib.gzuncompress_error1">
    </testcase>
    <testcase name="gzwrite_basic" classname="ext/zlib.gzwrite_basic">
    </testcase>
    <testcase name="gzwrite_error" classname="ext/zlib.gzwrite_error">
    </testcase>
    <testcase name="gzwrite_error2" classname="ext/zlib.gzwrite_error2">
    </testcase>
    <testcase name="gzwrite_variation1" classname="ext/zlib.gzwrite_variation1">
    </testcase>
    <testcase name="inflate_add_basic" classname="ext/zlib.inflate_add_basic">
    </testcase>
    <testcase name="inflate_add_error" classname="ext/zlib.inflate_add_error">
    </testcase>
    <testcase name="inflate_get_read_len" classname="ext/zlib.inflate_get_read_len">
    </testcase>
    <testcase name="inflate_get_status" classname="ext/zlib.inflate_get_status">
    </testcase>
    <testcase name="inflate_init_error" classname="ext/zlib.inflate_init_error">
    </testcase>
    <testcase name="inflate_init_reuse" classname="ext/zlib.inflate_init_reuse">
    </testcase>
    <testcase name="ob_001" classname="ext/zlib.ob_001">
    </testcase>
    <testcase name="ob_002" classname="ext/zlib.ob_002">
    </testcase>
    <testcase name="ob_003" classname="ext/zlib.ob_003">
    </testcase>
    <testcase name="ob_004" classname="ext/zlib.ob_004">
    </testcase>
    <testcase name="ob_005" classname="ext/zlib.ob_005">
    </testcase>
    <testcase name="ob_gzhandler_legacy_002" classname="ext/zlib.ob_gzhandler_legacy_002">
    </testcase>
    <testcase name="readgzfile_basic" classname="ext/zlib.readgzfile_basic">
    </testcase>
    <testcase name="readgzfile_basic2" classname="ext/zlib.readgzfile_basic2">
    </testcase>
    <testcase name="readgzfile_error" classname="ext/zlib.readgzfile_error">
    </testcase>
    <testcase name="readgzfile_variation1" classname="ext/zlib.readgzfile_variation1">
    </testcase>
    <testcase name="readgzfile_variation10" classname="ext/zlib.readgzfile_variation10">
    </testcase>
    <testcase name="readgzfile_variation11" classname="ext/zlib.readgzfile_variation11">
    </testcase>
    <testcase name="readgzfile_variation12" classname="ext/zlib.readgzfile_variation12">
    </testcase>
    <testcase name="readgzfile_variation13" classname="ext/zlib.readgzfile_variation13">
    </testcase>
    <testcase name="readgzfile_variation14" classname="ext/zlib.readgzfile_variation14">
    </testcase>
    <testcase name="readgzfile_variation15" classname="ext/zlib.readgzfile_variation15">
    </testcase>
    <testcase name="readgzfile_variation2" classname="ext/zlib.readgzfile_variation2">
    </testcase>
    <testcase name="readgzfile_variation3" classname="ext/zlib.readgzfile_variation3">
    </testcase>
    <testcase name="readgzfile_variation4" classname="ext/zlib.readgzfile_variation4">
    </testcase>
    <testcase name="readgzfile_variation5" classname="ext/zlib.readgzfile_variation5">
    </testcase>
    <testcase name="readgzfile_variation6" classname="ext/zlib.readgzfile_variation6">
    </testcase>
    <testcase name="readgzfile_variation7" classname="ext/zlib.readgzfile_variation7">
    </testcase>
    <testcase name="readgzfile_variation8" classname="ext/zlib.readgzfile_variation8">
    </testcase>
    <testcase name="readgzfile_variation9" classname="ext/zlib.readgzfile_variation9">
    </testcase>
    <testcase name="zlib_filter_deflate" classname="ext/zlib.zlib_filter_deflate">
    </testcase>
    <testcase name="zlib_filter_deflate2" classname="ext/zlib.zlib_filter_deflate2">
    </testcase>
    <testcase name="zlib_filter_inflate" classname="ext/zlib.zlib_filter_inflate">
    </testcase>
    <testcase name="zlib_filter_inflate2" classname="ext/zlib.zlib_filter_inflate2">
    </testcase>
    <testcase name="zlib_get_coding_type_basic" classname="ext/zlib.zlib_get_coding_type_basic">
    </testcase>
    <testcase name="zlib_get_coding_type_br" classname="ext/zlib.zlib_get_coding_type_br">
    </testcase>
    <testcase name="zlib_get_coding_type_deflate" classname="ext/zlib.zlib_get_coding_type_deflate">
    </testcase>
    <testcase name="zlib_get_coding_type_gzip" classname="ext/zlib.zlib_get_coding_type_gzip">
    </testcase>
    <testcase name="zlib_scheme_copy_basic" classname="ext/zlib.zlib_scheme_copy_basic">
    </testcase>
    <testcase name="zlib_scheme_copy_variation1" classname="ext/zlib.zlib_scheme_copy_variation1">
    </testcase>
    <testcase name="zlib_scheme_copy_variation2" classname="ext/zlib.zlib_scheme_copy_variation2">
    </testcase>
    <testcase name="zlib_scheme_dir_basic" classname="ext/zlib.zlib_scheme_dir_basic">
    </testcase>
    <testcase name="zlib_scheme_file_basic" classname="ext/zlib.zlib_scheme_file_basic">
    </testcase>
    <testcase name="zlib_scheme_file_get_contents_basic" classname="ext/zlib.zlib_scheme_file_get_contents_basic">
    </testcase>
    <testcase name="zlib_scheme_file_put_contents_basic" classname="ext/zlib.zlib_scheme_file_put_contents_basic">
    </testcase>
    <testcase name="zlib_scheme_file_read_file_basic" classname="ext/zlib.zlib_scheme_file_read_file_basic">
    </testcase>
    <testcase name="zlib_scheme_fopen_basic" classname="ext/zlib.zlib_scheme_fopen_basic">
    </testcase>
    <testcase name="zlib_scheme_fopen_variation1" classname="ext/zlib.zlib_scheme_fopen_variation1">
    </testcase>
    <testcase name="zlib_scheme_rename_basic" classname="ext/zlib.zlib_scheme_rename_basic">
    </testcase>
    <testcase name="zlib_scheme_stat_basic" classname="ext/zlib.zlib_scheme_stat_basic">
    </testcase>
    <testcase name="zlib_scheme_stat_basic2" classname="ext/zlib.zlib_scheme_stat_basic2">
    </testcase>
    <testcase name="zlib_scheme_unlink_basic" classname="ext/zlib.zlib_scheme_unlink_basic">
    </testcase>
    <testcase name="zlib_wrapper_fflush_basic" classname="ext/zlib.zlib_wrapper_fflush_basic">
    </testcase>
    <testcase name="zlib_wrapper_flock_basic" classname="ext/zlib.zlib_wrapper_flock_basic">
    </testcase>
    <testcase name="zlib_wrapper_fstat_basic" classname="ext/zlib.zlib_wrapper_fstat_basic">
    </testcase>
    <testcase name="zlib_wrapper_ftruncate_basic" classname="ext/zlib.zlib_wrapper_ftruncate_basic">
    </testcase>
    <testcase name="zlib_wrapper_level" classname="ext/zlib.zlib_wrapper_level">
    </testcase>
    <testcase name="zlib_wrapper_meta_data_basic" classname="ext/zlib.zlib_wrapper_meta_data_basic">
    </testcase>
  </testsuite>
  <testsuite name="sapi/cgi" tests="16" disabled="0" errors="0" failures="0" skipped="2">
    <testcase name="001" classname="sapi/cgi.001">
    </testcase>
    <testcase name="002" classname="sapi/cgi.002">
    </testcase>
    <testcase name="003" classname="sapi/cgi.003">
    </testcase>
    <testcase name="004" classname="sapi/cgi.004">
    </testcase>
    <testcase name="005-win32" classname="sapi/cgi.005-win32">
      <skipped message="" />
    </testcase>
    <testcase name="005" classname="sapi/cgi.005">
    </testcase>
    <testcase name="006" classname="sapi/cgi.006">
    </testcase>
    <testcase name="007" classname="sapi/cgi.007">
    </testcase>
    <testcase name="008" classname="sapi/cgi.008">
    </testcase>
    <testcase name="009" classname="sapi/cgi.009">
    </testcase>
    <testcase name="010" classname="sapi/cgi.010">
    </testcase>
    <testcase name="011" classname="sapi/cgi.011">
    </testcase>
    <testcase name="apache_request_headers" classname="sapi/cgi.apache_request_headers">
    </testcase>
    <testcase name="apache_response_headers" classname="sapi/cgi.apache_response_headers">
    </testcase>
    <testcase name="bug61605" classname="sapi/cgi.bug61605">
    </testcase>
    <testcase name="bug75574_utf8_win" classname="sapi/cgi.bug75574_utf8_win">
      <skipped message="" />
    </testcase>
  </testsuite>
  <testsuite name="sapi/cli" tests="83" disabled="0" errors="0" failures="0" skipped="9">
    <testcase name="001" classname="sapi/cli.001">
    </testcase>
    <testcase name="002-win32" classname="sapi/cli.002-win32">
      <skipped message="" />
    </testcase>
    <testcase name="002" classname="sapi/cli.002">
    </testcase>
    <testcase name="003-2" classname="sapi/cli.003-2">
    </testcase>
    <testcase name="003" classname="sapi/cli.003">
    </testcase>
    <testcase name="004" classname="sapi/cli.004">
    </testcase>
    <testcase name="005" classname="sapi/cli.005">
    </testcase>
    <testcase name="006" classname="sapi/cli.006">
    </testcase>
    <testcase name="007" classname="sapi/cli.007">
    </testcase>
    <testcase name="008" classname="sapi/cli.008">
    </testcase>
    <testcase name="009" classname="sapi/cli.009">
    </testcase>
    <testcase name="010-2" classname="sapi/cli.010-2">
    </testcase>
    <testcase name="010" classname="sapi/cli.010">
    </testcase>
    <testcase name="011" classname="sapi/cli.011">
    </testcase>
    <testcase name="012-2" classname="sapi/cli.012-2">
    </testcase>
    <testcase name="012" classname="sapi/cli.012">
    </testcase>
    <testcase name="013" classname="sapi/cli.013">
    </testcase>
    <testcase name="014" classname="sapi/cli.014">
    </testcase>
    <testcase name="015" classname="sapi/cli.015">
    </testcase>
    <testcase name="016" classname="sapi/cli.016">
      <skipped message="" />
    </testcase>
    <testcase name="017" classname="sapi/cli.017">
      <skipped message="" />
    </testcase>
    <testcase name="018" classname="sapi/cli.018">
    </testcase>
    <testcase name="019" classname="sapi/cli.019">
    </testcase>
    <testcase name="020" classname="sapi/cli.020">
    </testcase>
    <testcase name="021" classname="sapi/cli.021">
    </testcase>
    <testcase name="022" classname="sapi/cli.022">
    </testcase>
    <testcase name="023" classname="sapi/cli.023">
    </testcase>
    <testcase name="argv_mb" classname="sapi/cli.argv_mb">
      <skipped message="" />
    </testcase>
    <testcase name="argv_mb_bug77111" classname="sapi/cli.argv_mb_bug77111">
      <skipped message="" />
    </testcase>
    <testcase name="bug43177" classname="sapi/cli.bug43177">
    </testcase>
    <testcase name="bug44564" classname="sapi/cli.bug44564">
      <skipped message="" />
    </testcase>
    <testcase name="bug61546" classname="sapi/cli.bug61546">
    </testcase>
    <testcase name="bug61679" classname="sapi/cli.bug61679">
    </testcase>
    <testcase name="bug61977" classname="sapi/cli.bug61977">
    </testcase>
    <testcase name="bug64529" classname="sapi/cli.bug64529">
      <skipped message="" />
    </testcase>
    <testcase name="bug64544" classname="sapi/cli.bug64544">
    </testcase>
    <testcase name="bug64878" classname="sapi/cli.bug64878">
    </testcase>
    <testcase name="bug65066_100" classname="sapi/cli.bug65066_100">
    </testcase>
    <testcase name="bug65066_422" classname="sapi/cli.bug65066_422">
    </testcase>
    <testcase name="bug65066_511" classname="sapi/cli.bug65066_511">
    </testcase>
    <testcase name="bug65633" classname="sapi/cli.bug65633">
    </testcase>
    <testcase name="bug66606_1" classname="sapi/cli.bug66606_1">
    </testcase>
    <testcase name="bug66606_2" classname="sapi/cli.bug66606_2">
    </testcase>
    <testcase name="bug66830" classname="sapi/cli.bug66830">
    </testcase>
    <testcase name="bug67429" classname="sapi/cli.bug67429">
    </testcase>
    <testcase name="bug67741" classname="sapi/cli.bug67741">
    </testcase>
    <testcase name="bug68291" classname="sapi/cli.bug68291">
    </testcase>
    <testcase name="bug68745" classname="sapi/cli.bug68745">
    </testcase>
    <testcase name="bug69655" classname="sapi/cli.bug69655">
    </testcase>
    <testcase name="bug69953" classname="sapi/cli.bug69953">
    </testcase>
    <testcase name="bug70006" classname="sapi/cli.bug70006">
    </testcase>
    <testcase name="bug70264" classname="sapi/cli.bug70264">
    </testcase>
    <testcase name="bug70470" classname="sapi/cli.bug70470">
    </testcase>
    <testcase name="bug71005" classname="sapi/cli.bug71005">
    </testcase>
    <testcase name="bug71624" classname="sapi/cli.bug71624">
    </testcase>
    <testcase name="bug74600" classname="sapi/cli.bug74600">
    </testcase>
    <testcase name="cli_get_process_title_basic" classname="sapi/cli.cli_get_process_title_basic">
    </testcase>
    <testcase name="cli_get_process_title_error" classname="sapi/cli.cli_get_process_title_error">
    </testcase>
    <testcase name="cli_process_title_unix" classname="sapi/cli.cli_process_title_unix">
    </testcase>
    <testcase name="cli_process_title_windows" classname="sapi/cli.cli_process_title_windows">
      <skipped message="" />
    </testcase>
    <testcase name="cli_set_process_title_basic" classname="sapi/cli.cli_set_process_title_basic">
    </testcase>
    <testcase name="cli_set_process_title_error" classname="sapi/cli.cli_set_process_title_error">
    </testcase>
    <testcase name="emptyheader" classname="sapi/cli.emptyheader">
    </testcase>
    <testcase name="php_cli_server_001" classname="sapi/cli.php_cli_server_001">
    </testcase>
    <testcase name="php_cli_server_002" classname="sapi/cli.php_cli_server_002">
    </testcase>
    <testcase name="php_cli_server_003" classname="sapi/cli.php_cli_server_003">
    </testcase>
    <testcase name="php_cli_server_004" classname="sapi/cli.php_cli_server_004">
    </testcase>
    <testcase name="php_cli_server_005" classname="sapi/cli.php_cli_server_005">
    </testcase>
    <testcase name="php_cli_server_006" classname="sapi/cli.php_cli_server_006">
    </testcase>
    <testcase name="php_cli_server_007" classname="sapi/cli.php_cli_server_007">
    </testcase>
    <testcase name="php_cli_server_008" classname="sapi/cli.php_cli_server_008">
    </testcase>
    <testcase name="php_cli_server_009" classname="sapi/cli.php_cli_server_009">
    </testcase>
    <testcase name="php_cli_server_010" classname="sapi/cli.php_cli_server_010">
    </testcase>
    <testcase name="php_cli_server_012" classname="sapi/cli.php_cli_server_012">
    </testcase>
    <testcase name="php_cli_server_013" classname="sapi/cli.php_cli_server_013">
    </testcase>
    <testcase name="php_cli_server_014" classname="sapi/cli.php_cli_server_014">
    </testcase>
    <testcase name="php_cli_server_015" classname="sapi/cli.php_cli_server_015">
    </testcase>
    <testcase name="php_cli_server_016" classname="sapi/cli.php_cli_server_016">
    </testcase>
    <testcase name="php_cli_server_017" classname="sapi/cli.php_cli_server_017">
    </testcase>
    <testcase name="php_cli_server_018" classname="sapi/cli.php_cli_server_018">
    </testcase>
    <testcase name="php_cli_server_019" classname="sapi/cli.php_cli_server_019">
    </testcase>
    <testcase name="php_cli_server_020" classname="sapi/cli.php_cli_server_020">
    </testcase>
    <testcase name="upload_2G" classname="sapi/cli.upload_2G">
      <skipped message="" />
    </testcase>
  </testsuite>
  <testsuite name="sapi/fpm" tests="43" disabled="0" errors="0" failures="0" skipped="12">
    <testcase name="bug68381-log-level-warning" classname="sapi/fpm.bug68381-log-level-warning">
    </testcase>
    <testcase name="bug68391-conf-include-order" classname="sapi/fpm.bug68391-conf-include-order">
    </testcase>
    <testcase name="bug68420-ipv4-all-addresses" classname="sapi/fpm.bug68420-ipv4-all-addresses">
    </testcase>
    <testcase name="bug68421-ipv6-access-log" classname="sapi/fpm.bug68421-ipv6-access-log">
      <skipped message="" />
    </testcase>
    <testcase name="bug68423-multi-pool-all-pms" classname="sapi/fpm.bug68423-multi-pool-all-pms">
      <skipped message="" />
    </testcase>
    <testcase name="bug68428-ipv6-allowed-clients" classname="sapi/fpm.bug68428-ipv6-allowed-clients">
      <skipped message="" />
    </testcase>
    <testcase name="bug68442-signal-reload" classname="sapi/fpm.bug68442-signal-reload">
    </testcase>
    <testcase name="bug68458-pm-no-start-server" classname="sapi/fpm.bug68458-pm-no-start-server">
    </testcase>
    <testcase name="bug72573-http-proxy" classname="sapi/fpm.bug72573-http-proxy">
    </testcase>
    <testcase name="bug73342-nonblocking-stdio" classname="sapi/fpm.bug73342-nonblocking-stdio">
    </testcase>
    <testcase name="bug75212-php-value-in-user-ini" classname="sapi/fpm.bug75212-php-value-in-user-ini">
    </testcase>
    <testcase name="fastcgi_finish_request_basic" classname="sapi/fpm.fastcgi_finish_request_basic">
    </testcase>
    <testcase name="fpm_get_status_basic" classname="sapi/fpm.fpm_get_status_basic">
    </testcase>
    <testcase name="getallheaders" classname="sapi/fpm.getallheaders">
    </testcase>
    <testcase name="log-bm-limit-1024-msg-80" classname="sapi/fpm.log-bm-limit-1024-msg-80">
    </testcase>
    <testcase name="log-bm-limit-2048-msg-4000" classname="sapi/fpm.log-bm-limit-2048-msg-4000">
    </testcase>
    <testcase name="log-bwd-limit-1050-msg-2048" classname="sapi/fpm.log-bwd-limit-1050-msg-2048">
    </testcase>
    <testcase name="log-bwd-limit-1050-msg-2900" classname="sapi/fpm.log-bwd-limit-1050-msg-2900">
    </testcase>
    <testcase name="log-bwd-limit-64-too-low-error" classname="sapi/fpm.log-bwd-limit-64-too-low-error">
    </testcase>
    <testcase name="log-bwd-limit-8000-msg-4096" classname="sapi/fpm.log-bwd-limit-8000-msg-4096">
    </testcase>
    <testcase name="log-bwd-msg-with-nl" classname="sapi/fpm.log-bwd-msg-with-nl">
    </testcase>
    <testcase name="log-bwd-multiple-msgs" classname="sapi/fpm.log-bwd-multiple-msgs">
    </testcase>
    <testcase name="log-bwp-limit-1024-msg-120" classname="sapi/fpm.log-bwp-limit-1024-msg-120">
    </testcase>
    <testcase name="log-bwp-limit-1500-msg-3300" classname="sapi/fpm.log-bwp-limit-1500-msg-3300">
    </testcase>
    <testcase name="log-dwd-limit-1050-msg-2048" classname="sapi/fpm.log-dwd-limit-1050-msg-2048">
    </testcase>
    <testcase name="log-dwd-limit-1050-msg-2900" classname="sapi/fpm.log-dwd-limit-1050-msg-2900">
    </testcase>
    <testcase name="log-dwd-limit-8000-msg-4096" classname="sapi/fpm.log-dwd-limit-8000-msg-4096">
    </testcase>
    <testcase name="log-dwp-limit-1000-msg-2000" classname="sapi/fpm.log-dwp-limit-1000-msg-2000">
    </testcase>
    <testcase name="main-global-prefix" classname="sapi/fpm.main-global-prefix">
      <skipped message="" />
    </testcase>
    <testcase name="main-version" classname="sapi/fpm.main-version">
    </testcase>
    <testcase name="pool-apparmor-basic" classname="sapi/fpm.pool-apparmor-basic">
      <skipped message="" />
    </testcase>
    <testcase name="pool-prefix" classname="sapi/fpm.pool-prefix">
      <skipped message="" />
    </testcase>
    <testcase name="proc-no-start-server" classname="sapi/fpm.proc-no-start-server">
    </testcase>
    <testcase name="proc-user-ignored" classname="sapi/fpm.proc-user-ignored">
    </testcase>
    <testcase name="socket-invalid-allowed-clients" classname="sapi/fpm.socket-invalid-allowed-clients">
    </testcase>
    <testcase name="socket-ipv4-allowed-clients" classname="sapi/fpm.socket-ipv4-allowed-clients">
      <skipped message="" />
    </testcase>
    <testcase name="socket-ipv4-basic" classname="sapi/fpm.socket-ipv4-basic">
    </testcase>
    <testcase name="socket-ipv4-fallback" classname="sapi/fpm.socket-ipv4-fallback">
      <skipped message="" />
    </testcase>
    <testcase name="socket-ipv6-any" classname="sapi/fpm.socket-ipv6-any">
      <skipped message="" />
    </testcase>
    <testcase name="socket-ipv6-basic" classname="sapi/fpm.socket-ipv6-basic">
      <skipped message="" />
    </testcase>
    <testcase name="socket-uds-acl" classname="sapi/fpm.socket-uds-acl">
      <skipped message="" />
    </testcase>
    <testcase name="socket-uds-basic" classname="sapi/fpm.socket-uds-basic">
    </testcase>
    <testcase name="status-basic" classname="sapi/fpm.status-basic">
      <skipped message="" />
    </testcase>
  </testsuite>
  <testsuite name="sapi/phpdbg" tests="44" disabled="0" errors="0" failures="0" skipped="44">
    <testcase name="basic_run" classname="sapi/phpdbg.basic_run">
      <skipped message="" />
    </testcase>
    <testcase name="breakpoints_001" classname="sapi/phpdbg.breakpoints_001">
      <skipped message="" />
    </testcase>
    <testcase name="breakpoints_002" classname="sapi/phpdbg.breakpoints_002">
      <skipped message="" />
    </testcase>
    <testcase name="breakpoints_003" classname="sapi/phpdbg.breakpoints_003">
      <skipped message="" />
    </testcase>
    <testcase name="breakpoints_004" classname="sapi/phpdbg.breakpoints_004">
      <skipped message="" />
    </testcase>
    <testcase name="breakpoints_005" classname="sapi/phpdbg.breakpoints_005">
      <skipped message="" />
    </testcase>
    <testcase name="breakpoints_006" classname="sapi/phpdbg.breakpoints_006">
      <skipped message="" />
    </testcase>
    <testcase name="breakpoints_007" classname="sapi/phpdbg.breakpoints_007">
      <skipped message="" />
    </testcase>
    <testcase name="breakpoints_008" classname="sapi/phpdbg.breakpoints_008">
      <skipped message="" />
    </testcase>
    <testcase name="bug73615" classname="sapi/phpdbg.bug73615">
      <skipped message="" />
    </testcase>
    <testcase name="bug73704" classname="sapi/phpdbg.bug73704">
      <skipped message="" />
    </testcase>
    <testcase name="bug73794" classname="sapi/phpdbg.bug73794">
      <skipped message="" />
    </testcase>
    <testcase name="bug76801" classname="sapi/phpdbg.bug76801">
      <skipped message="" />
    </testcase>
    <testcase name="clean_001" classname="sapi/phpdbg.clean_001">
      <skipped message="" />
    </testcase>
    <testcase name="clear_001" classname="sapi/phpdbg.clear_001">
      <skipped message="" />
    </testcase>
    <testcase name="delimiter" classname="sapi/phpdbg.delimiter">
      <skipped message="" />
    </testcase>
    <testcase name="exceptions_001" classname="sapi/phpdbg.exceptions_001">
      <skipped message="" />
    </testcase>
    <testcase name="exceptions_002" classname="sapi/phpdbg.exceptions_002">
      <skipped message="" />
    </testcase>
    <testcase name="exceptions_003" classname="sapi/phpdbg.exceptions_003">
      <skipped message="" />
    </testcase>
    <testcase name="finish_leave_001" classname="sapi/phpdbg.finish_leave_001">
      <skipped message="" />
    </testcase>
    <testcase name="generator_run" classname="sapi/phpdbg.generator_run">
      <skipped message="" />
    </testcase>
    <testcase name="include_once_001" classname="sapi/phpdbg.include_once_001">
      <skipped message="" />
    </testcase>
    <testcase name="include_once_002" classname="sapi/phpdbg.include_once_002">
      <skipped message="" />
    </testcase>
    <testcase name="info_001" classname="sapi/phpdbg.info_001">
      <skipped message="" />
    </testcase>
    <testcase name="info_002" classname="sapi/phpdbg.info_002">
      <skipped message="" />
    </testcase>
    <testcase name="next_001" classname="sapi/phpdbg.next_001">
      <skipped message="" />
    </testcase>
    <testcase name="normal_exit" classname="sapi/phpdbg.normal_exit">
      <skipped message="" />
    </testcase>
    <testcase name="phpdbg_break_next" classname="sapi/phpdbg.phpdbg_break_next">
      <skipped message="" />
    </testcase>
    <testcase name="phpdbg_get_executable_stream_wrapper" classname="sapi/phpdbg.phpdbg_get_executable_stream_wrapper">
      <skipped message="" />
    </testcase>
    <testcase name="phpdbg_oplog_001" classname="sapi/phpdbg.phpdbg_oplog_001">
      <skipped message="" />
    </testcase>
    <testcase name="phpdbg_oplog_002" classname="sapi/phpdbg.phpdbg_oplog_002">
      <skipped message="" />
    </testcase>
    <testcase name="print_001" classname="sapi/phpdbg.print_001">
      <skipped message="" />
    </testcase>
    <testcase name="print_002" classname="sapi/phpdbg.print_002">
      <skipped message="" />
    </testcase>
    <testcase name="run_001" classname="sapi/phpdbg.run_001">
      <skipped message="" />
    </testcase>
    <testcase name="run_002" classname="sapi/phpdbg.run_002">
      <skipped message="" />
    </testcase>
    <testcase name="set_exception_handler" classname="sapi/phpdbg.set_exception_handler">
      <skipped message="" />
    </testcase>
    <testcase name="stdin_001" classname="sapi/phpdbg.stdin_001">
      <skipped message="" />
    </testcase>
    <testcase name="stepping_001" classname="sapi/phpdbg.stepping_001">
      <skipped message="" />
    </testcase>
    <testcase name="watch_001" classname="sapi/phpdbg.watch_001">
      <skipped message="" />
    </testcase>
    <testcase name="watch_002" classname="sapi/phpdbg.watch_002">
      <skipped message="" />
    </testcase>
    <testcase name="watch_003" classname="sapi/phpdbg.watch_003">
      <skipped message="" />
    </testcase>
    <testcase name="watch_004" classname="sapi/phpdbg.watch_004">
      <skipped message="" />
    </testcase>
    <testcase name="watch_005" classname="sapi/phpdbg.watch_005">
      <skipped message="" />
    </testcase>
    <testcase name="watch_006" classname="sapi/phpdbg.watch_006">
      <skipped message="" />
    </testcase>
  </testsuite>
  <testsuite name="sapi" tests="8" disabled="0" errors="0" failures="0" skipped="0">
    <testcase name="bug69487" classname="sapi.bug69487">
    </testcase>
    <testcase name="test001" classname="sapi.test001">
    </testcase>
    <testcase name="test002" classname="sapi.test002">
    </testcase>
    <testcase name="test003" classname="sapi.test003">
    </testcase>
    <testcase name="test004" classname="sapi.test004">
    </testcase>
    <testcase name="test005" classname="sapi.test005">
    </testcase>
    <testcase name="test006" classname="sapi.test006">
    </testcase>
    <testcase name="test007" classname="sapi.test007">
    </testcase>
  </testsuite>
</testsuites>
